<!doctype html public "-//w3c//dtd html 4.0 transitional//en">
<html><head>
<title>Static Call Graph - [.\obj\CH57x.axf]</title></head>
<body><HR>
<H1>Static Call Graph for image .\obj\CH57x.axf</H1><HR>
<BR><P>#&#060CALLGRAPH&#062# ARM Linker, 5060750: Last Updated: Mon Dec 12 00:47:10 2022
<BR><P>
<H3>Maximum Stack Usage =          0 bytes + Unknown(Cycles, Untraceable Function Pointers)</H3><H3>
Call chain for Maximum Stack Depth:</H3>

<P>
<H3>
Mutually Recursive functions
</H3> <LI><a href="#[3]">SVC_Handler</a>&nbsp;&nbsp;&nbsp;&rArr;&nbsp;&nbsp;&nbsp;<a href="#[3]">SVC_Handler</a><BR>
 <LI><a href="#[4]">PendSV_Handler</a>&nbsp;&nbsp;&nbsp;&rArr;&nbsp;&nbsp;&nbsp;<a href="#[4]">PendSV_Handler</a><BR>
 <LI><a href="#[5]">SysTick_Handler</a>&nbsp;&nbsp;&nbsp;&rArr;&nbsp;&nbsp;&nbsp;<a href="#[5]">SysTick_Handler</a><BR>
 <LI><a href="#[13]">ADC_IRQHandler</a>&nbsp;&nbsp;&nbsp;&rArr;&nbsp;&nbsp;&nbsp;<a href="#[13]">ADC_IRQHandler</a><BR>
</UL>
<P>
<H3>
Function Pointers
</H3><UL>
 <LI><a href="#[13]">ADC_IRQHandler</a> from startup_armcm0.o(.text) referenced from startup_armcm0.o(RESET)
 <LI><a href="#[a]">BB_IRQHandler</a> from startup_armcm0.o(.text) referenced from startup_armcm0.o(RESET)
 <LI><a href="#[d]">ETH_IRQHandler</a> from startup_armcm0.o(.text) referenced from startup_armcm0.o(RESET)
 <LI><a href="#[7]">GPIO_IRQHandler</a> from startup_armcm0.o(.text) referenced from startup_armcm0.o(RESET)
 <LI><a href="#[2]">HardFault_Handler</a> from startup_armcm0.o(.text) referenced from startup_armcm0.o(RESET)
 <LI><a href="#[15]">LED_IRQHandler</a> from startup_armcm0.o(.text) referenced from startup_armcm0.o(RESET)
 <LI><a href="#[b]">LLE_IRQHandler</a> from startup_armcm0.o(.text) referenced from startup_armcm0.o(RESET)
 <LI><a href="#[1]">NMI_Handler</a> from ch57x_int.o(.text) referenced from startup_armcm0.o(RESET)
 <LI><a href="#[4]">PendSV_Handler</a> from startup_armcm0.o(.text) referenced from startup_armcm0.o(RESET)
 <LI><a href="#[12]">RTC_IRQHandler</a> from startup_armcm0.o(.text) referenced from startup_armcm0.o(RESET)
 <LI><a href="#[0]">Reset_Handler</a> from startup_armcm0.o(.text) referenced from startup_armcm0.o(RESET)
 <LI><a href="#[8]">SLAVE_IRQHandler</a> from startup_armcm0.o(.text) referenced from startup_armcm0.o(RESET)
 <LI><a href="#[9]">SPI0_IRQHandler</a> from startup_armcm0.o(.text) referenced from startup_armcm0.o(RESET)
 <LI><a href="#[14]">SPI1_IRQHandler</a> from startup_armcm0.o(.text) referenced from startup_armcm0.o(RESET)
 <LI><a href="#[3]">SVC_Handler</a> from startup_armcm0.o(.text) referenced from startup_armcm0.o(RESET)
 <LI><a href="#[5]">SysTick_Handler</a> from startup_armcm0.o(.text) referenced from startup_armcm0.o(RESET)
 <LI><a href="#[1b]">SystemInit</a> from ch57x_clk.o(.text) referenced from startup_armcm0.o(.text)
 <LI><a href="#[6]">TMR0_IRQHandler</a> from startup_armcm0.o(.text) referenced from startup_armcm0.o(RESET)
 <LI><a href="#[e]">TMR1_IRQHandler</a> from startup_armcm0.o(.text) referenced from startup_armcm0.o(RESET)
 <LI><a href="#[f]">TMR2_IRQHandler</a> from startup_armcm0.o(.text) referenced from startup_armcm0.o(RESET)
 <LI><a href="#[16]">TMR3_IRQHandler</a> from startup_armcm0.o(.text) referenced from startup_armcm0.o(RESET)
 <LI><a href="#[10]">UART0_IRQHandler</a> from startup_armcm0.o(.text) referenced from startup_armcm0.o(RESET)
 <LI><a href="#[11]">UART1_IRQHandler</a> from startup_armcm0.o(.text) referenced from startup_armcm0.o(RESET)
 <LI><a href="#[17]">UART2_IRQHandler</a> from startup_armcm0.o(.text) referenced from startup_armcm0.o(RESET)
 <LI><a href="#[18]">UART3_IRQHandler</a> from startup_armcm0.o(.text) referenced from startup_armcm0.o(RESET)
 <LI><a href="#[c]">USB_IRQHandler</a> from startup_armcm0.o(.text) referenced from startup_armcm0.o(RESET)
 <LI><a href="#[19]">WDT_IRQHandler</a> from startup_armcm0.o(.text) referenced from startup_armcm0.o(RESET)
 <LI><a href="#[1c]">__main</a> from entry.o(.ARM.Collect$$$$00000000) referenced from startup_armcm0.o(.text)
 <LI><a href="#[1e]">_sputc</a> from printf8.o(i._sputc) referenced from printf8.o(i.__0sprintf$8)
 <LI><a href="#[1d]">fputc</a> from ch57x_sys.o(.text) referenced from printf8.o(i.__0printf$8)
 <LI><a href="#[1a]">main</a> from exam1.o(.text) referenced from entry9a.o(.ARM.Collect$$$$0000000B)
</UL>
<P>
<H3>
Global Symbols
</H3>
<P><STRONG><a name="[1c]"></a>__main</STRONG> (Thumb, 0 bytes, Stack size 0 bytes, entry.o(.ARM.Collect$$$$00000000))
<BR>[Address Reference Count : 1]<UL><LI> startup_armcm0.o(.text)
</UL>
<P><STRONG><a name="[1f]"></a>_main_scatterload</STRONG> (Thumb, 0 bytes, Stack size 0 bytes, entry5.o(.ARM.Collect$$$$00000004))
<BR><BR>[Calls]<UL><LI><a href="#[20]">&gt;&gt;</a>&nbsp;&nbsp;&nbsp;__scatterload
</UL>

<P><STRONG><a name="[7d]"></a>__main_after_scatterload</STRONG> (Thumb, 0 bytes, Stack size 0 bytes, entry5.o(.ARM.Collect$$$$00000004))
<BR><BR>[Called By]<UL><LI><a href="#[20]">&gt;&gt;</a>&nbsp;&nbsp;&nbsp;__scatterload
</UL>

<P><STRONG><a name="[21]"></a>mStopIfError</STRONG> (Thumb, 18 bytes, Stack size 0 bytes, exam1.o(.text))
<BR><BR>[Calls]<UL><LI><a href="#[22]">&gt;&gt;</a>&nbsp;&nbsp;&nbsp;__2printf
</UL>
<BR>[Called By]<UL><LI><a href="#[1a]">&gt;&gt;</a>&nbsp;&nbsp;&nbsp;main
</UL>

<P><STRONG><a name="[1a]"></a>main</STRONG> (Thumb, 302 bytes, Stack size 0 bytes, exam1.o(.text))
<BR><BR>[Calls]<UL><LI><a href="#[2f]">&gt;&gt;</a>&nbsp;&nbsp;&nbsp;__2sprintf
<LI><a href="#[22]">&gt;&gt;</a>&nbsp;&nbsp;&nbsp;__2printf
<LI><a href="#[2d]">&gt;&gt;</a>&nbsp;&nbsp;&nbsp;strcpy
<LI><a href="#[25]">&gt;&gt;</a>&nbsp;&nbsp;&nbsp;mDelaymS
<LI><a href="#[28]">&gt;&gt;</a>&nbsp;&nbsp;&nbsp;USB_HostInit
<LI><a href="#[27]">&gt;&gt;</a>&nbsp;&nbsp;&nbsp;UART1_DefInit
<LI><a href="#[32]">&gt;&gt;</a>&nbsp;&nbsp;&nbsp;SetUsbSpeed
<LI><a href="#[23]">&gt;&gt;</a>&nbsp;&nbsp;&nbsp;SetSysClock
<LI><a href="#[24]">&gt;&gt;</a>&nbsp;&nbsp;&nbsp;PWR_UnitModCfg
<LI><a href="#[2b]">&gt;&gt;</a>&nbsp;&nbsp;&nbsp;InitRootDevice
<LI><a href="#[26]">&gt;&gt;</a>&nbsp;&nbsp;&nbsp;GPIOA_ModeCfg
<LI><a href="#[29]">&gt;&gt;</a>&nbsp;&nbsp;&nbsp;CH579LibInit
<LI><a href="#[2e]">&gt;&gt;</a>&nbsp;&nbsp;&nbsp;CH579FileCreate
<LI><a href="#[31]">&gt;&gt;</a>&nbsp;&nbsp;&nbsp;CH579FileClose
<LI><a href="#[2c]">&gt;&gt;</a>&nbsp;&nbsp;&nbsp;CH579DiskReady
<LI><a href="#[30]">&gt;&gt;</a>&nbsp;&nbsp;&nbsp;CH579ByteWrite
<LI><a href="#[2a]">&gt;&gt;</a>&nbsp;&nbsp;&nbsp;AnalyzeRootHub
<LI><a href="#[21]">&gt;&gt;</a>&nbsp;&nbsp;&nbsp;mStopIfError
</UL>
<BR>[Address Reference Count : 1]<UL><LI> entry9a.o(.ARM.Collect$$$$0000000B)
</UL>
<P><STRONG><a name="[33]"></a>CH579ReadSector</STRONG> (Thumb, 124 bytes, Stack size 0 bytes, ch579ufi.o(.text))
<BR><BR>[Calls]<UL><LI><a href="#[34]">&gt;&gt;</a>&nbsp;&nbsp;&nbsp;__aeabi_uwrite4
<LI><a href="#[35]">&gt;&gt;</a>&nbsp;&nbsp;&nbsp;CH579BulkOnlyCmd
<LI><a href="#[36]">&gt;&gt;</a>&nbsp;&nbsp;&nbsp;CH579AnalyzeError
</UL>
<BR>[Called By]<UL><LI><a href="#[79]">&gt;&gt;</a>&nbsp;&nbsp;&nbsp;CH579ByteRead
<LI><a href="#[5c]">&gt;&gt;</a>&nbsp;&nbsp;&nbsp;mReadSectorFDT
<LI><a href="#[5a]">&gt;&gt;</a>&nbsp;&nbsp;&nbsp;mReadSectorFAT
</UL>

<P><STRONG><a name="[37]"></a>CH579WriteSector</STRONG> (Thumb, 132 bytes, Stack size 0 bytes, ch579ufi.o(.text))
<BR><BR>[Calls]<UL><LI><a href="#[34]">&gt;&gt;</a>&nbsp;&nbsp;&nbsp;__aeabi_uwrite4
<LI><a href="#[38]">&gt;&gt;</a>&nbsp;&nbsp;&nbsp;mDelayuS
<LI><a href="#[35]">&gt;&gt;</a>&nbsp;&nbsp;&nbsp;CH579BulkOnlyCmd
<LI><a href="#[36]">&gt;&gt;</a>&nbsp;&nbsp;&nbsp;CH579AnalyzeError
</UL>
<BR>[Called By]<UL><LI><a href="#[5f]">&gt;&gt;</a>&nbsp;&nbsp;&nbsp;mSaveFatSector
<LI><a href="#[5e]">&gt;&gt;</a>&nbsp;&nbsp;&nbsp;mWriteSectorFDT
<LI><a href="#[5d]">&gt;&gt;</a>&nbsp;&nbsp;&nbsp;mWriteSectorFAT
<LI><a href="#[30]">&gt;&gt;</a>&nbsp;&nbsp;&nbsp;CH579ByteWrite
</UL>

<P><STRONG><a name="[39]"></a>CH579DiskConnect</STRONG> (Thumb, 206 bytes, Stack size 0 bytes, ch579ufi.o(.text))
<BR><BR>[Calls]<UL><LI><a href="#[3a]">&gt;&gt;</a>&nbsp;&nbsp;&nbsp;HubGetPortStatus
<LI><a href="#[3b]">&gt;&gt;</a>&nbsp;&nbsp;&nbsp;HubClearPortFeature
</UL>
<BR>[Called By]<UL><LI><a href="#[63]">&gt;&gt;</a>&nbsp;&nbsp;&nbsp;mUpdateStatus
<LI><a href="#[6a]">&gt;&gt;</a>&nbsp;&nbsp;&nbsp;CH579s10
<LI><a href="#[64]">&gt;&gt;</a>&nbsp;&nbsp;&nbsp;mBulkOnlyReset
<LI><a href="#[2c]">&gt;&gt;</a>&nbsp;&nbsp;&nbsp;CH579DiskReady
</UL>

<P><STRONG><a name="[6d]"></a>xFileNameEnumer</STRONG> (Thumb, 2 bytes, Stack size 0 bytes, ch579ufi.o(.text))
<BR><BR>[Called By]<UL><LI><a href="#[6c]">&gt;&gt;</a>&nbsp;&nbsp;&nbsp;CH579FileOpen
</UL>

<P><STRONG><a name="[29]"></a>CH579LibInit</STRONG> (Thumb, 40 bytes, Stack size 0 bytes, ch579ufi.o(.text))
<BR><BR>[Calls]<UL><LI><a href="#[3c]">&gt;&gt;</a>&nbsp;&nbsp;&nbsp;CH579GetVer
</UL>
<BR>[Called By]<UL><LI><a href="#[1a]">&gt;&gt;</a>&nbsp;&nbsp;&nbsp;main
</UL>

<P><STRONG><a name="[1b]"></a>SystemInit</STRONG> (Thumb, 38 bytes, Stack size 0 bytes, ch57x_clk.o(.text))
<BR><BR>[Calls]<UL><LI><a href="#[3d]">&gt;&gt;</a>&nbsp;&nbsp;&nbsp;PowerMonitor
<LI><a href="#[38]">&gt;&gt;</a>&nbsp;&nbsp;&nbsp;mDelayuS
</UL>
<BR>[Address Reference Count : 1]<UL><LI> startup_armcm0.o(.text)
</UL>
<P><STRONG><a name="[23]"></a>SetSysClock</STRONG> (Thumb, 174 bytes, Stack size 0 bytes, ch57x_clk.o(.text))
<BR><BR>[Calls]<UL><LI><a href="#[3e]">&gt;&gt;</a>&nbsp;&nbsp;&nbsp;__ARM_common_switch8
</UL>
<BR>[Called By]<UL><LI><a href="#[1a]">&gt;&gt;</a>&nbsp;&nbsp;&nbsp;main
</UL>

<P><STRONG><a name="[3f]"></a>GetSysClock</STRONG> (Thumb, 52 bytes, Stack size 0 bytes, ch57x_clk.o(.text))
<BR><BR>[Calls]<UL><LI><a href="#[40]">&gt;&gt;</a>&nbsp;&nbsp;&nbsp;__aeabi_uidivmod
</UL>
<BR>[Called By]<UL><LI><a href="#[58]">&gt;&gt;</a>&nbsp;&nbsp;&nbsp;UART1_BaudRateCfg
</UL>

<P><STRONG><a name="[41]"></a>Calibration_LSI</STRONG> (Thumb, 322 bytes, Stack size 0 bytes, ch57x_clk.o(.text), UNUSED)
<BR><BR>[Calls]<UL><LI><a href="#[42]">&gt;&gt;</a>&nbsp;&nbsp;&nbsp;__aeabi_idivmod
<LI><a href="#[40]">&gt;&gt;</a>&nbsp;&nbsp;&nbsp;__aeabi_uidivmod
</UL>

<P><STRONG><a name="[43]"></a>RTC_InitTime</STRONG> (Thumb, 286 bytes, Stack size 0 bytes, ch57x_clk.o(.text), UNUSED)
<BR><BR>[Calls]<UL><LI><a href="#[42]">&gt;&gt;</a>&nbsp;&nbsp;&nbsp;__aeabi_idivmod
<LI><a href="#[40]">&gt;&gt;</a>&nbsp;&nbsp;&nbsp;__aeabi_uidivmod
</UL>

<P><STRONG><a name="[44]"></a>RTC_GetTime</STRONG> (Thumb, 350 bytes, Stack size 0 bytes, ch57x_clk.o(.text), UNUSED)
<BR><BR>[Calls]<UL><LI><a href="#[40]">&gt;&gt;</a>&nbsp;&nbsp;&nbsp;__aeabi_uidivmod
</UL>

<P><STRONG><a name="[46]"></a>RTC_GetCycle32k</STRONG> (Thumb, 12 bytes, Stack size 0 bytes, ch57x_clk.o(.text), UNUSED)
<BR><BR>[Called By]<UL><LI><a href="#[45]">&gt;&gt;</a>&nbsp;&nbsp;&nbsp;RTC_TRIGFunCfg
</UL>

<P><STRONG><a name="[45]"></a>RTC_TRIGFunCfg</STRONG> (Thumb, 66 bytes, Stack size 0 bytes, ch57x_clk.o(.text), UNUSED)
<BR><BR>[Calls]<UL><LI><a href="#[46]">&gt;&gt;</a>&nbsp;&nbsp;&nbsp;RTC_GetCycle32k
</UL>

<P><STRONG><a name="[26]"></a>GPIOA_ModeCfg</STRONG> (Thumb, 74 bytes, Stack size 0 bytes, ch57x_gpio.o(.text))
<BR><BR>[Calls]<UL><LI><a href="#[3e]">&gt;&gt;</a>&nbsp;&nbsp;&nbsp;__ARM_common_switch8
</UL>
<BR>[Called By]<UL><LI><a href="#[1a]">&gt;&gt;</a>&nbsp;&nbsp;&nbsp;main
</UL>

<P><STRONG><a name="[47]"></a>GPIOB_ModeCfg</STRONG> (Thumb, 76 bytes, Stack size 0 bytes, ch57x_gpio.o(.text), UNUSED)
<BR><BR>[Calls]<UL><LI><a href="#[3e]">&gt;&gt;</a>&nbsp;&nbsp;&nbsp;__ARM_common_switch8
</UL>

<P><STRONG><a name="[38]"></a>mDelayuS</STRONG> (Thumb, 32 bytes, Stack size 0 bytes, ch57x_sys.o(.text))
<BR><BR>[Called By]<UL><LI><a href="#[59]">&gt;&gt;</a>&nbsp;&nbsp;&nbsp;PWR_DCDCCfg
<LI><a href="#[4c]">&gt;&gt;</a>&nbsp;&nbsp;&nbsp;HostCtrlTransfer
<LI><a href="#[4b]">&gt;&gt;</a>&nbsp;&nbsp;&nbsp;USBHostTransact
<LI><a href="#[49]">&gt;&gt;</a>&nbsp;&nbsp;&nbsp;ResetRootHubPort
<LI><a href="#[3d]">&gt;&gt;</a>&nbsp;&nbsp;&nbsp;PowerMonitor
<LI><a href="#[1b]">&gt;&gt;</a>&nbsp;&nbsp;&nbsp;SystemInit
<LI><a href="#[37]">&gt;&gt;</a>&nbsp;&nbsp;&nbsp;CH579WriteSector
<LI><a href="#[25]">&gt;&gt;</a>&nbsp;&nbsp;&nbsp;mDelaymS
</UL>

<P><STRONG><a name="[25]"></a>mDelaymS</STRONG> (Thumb, 28 bytes, Stack size 0 bytes, ch57x_sys.o(.text))
<BR><BR>[Calls]<UL><LI><a href="#[38]">&gt;&gt;</a>&nbsp;&nbsp;&nbsp;mDelayuS
</UL>
<BR>[Called By]<UL><LI><a href="#[6a]">&gt;&gt;</a>&nbsp;&nbsp;&nbsp;CH579s10
<LI><a href="#[69]">&gt;&gt;</a>&nbsp;&nbsp;&nbsp;mGetDiskSize
<LI><a href="#[67]">&gt;&gt;</a>&nbsp;&nbsp;&nbsp;mReqDiskSense
<LI><a href="#[64]">&gt;&gt;</a>&nbsp;&nbsp;&nbsp;mBulkOnlyReset
<LI><a href="#[50]">&gt;&gt;</a>&nbsp;&nbsp;&nbsp;CtrlSetUsbAddress
<LI><a href="#[49]">&gt;&gt;</a>&nbsp;&nbsp;&nbsp;ResetRootHubPort
<LI><a href="#[36]">&gt;&gt;</a>&nbsp;&nbsp;&nbsp;CH579AnalyzeError
<LI><a href="#[2b]">&gt;&gt;</a>&nbsp;&nbsp;&nbsp;InitRootDevice
<LI><a href="#[2c]">&gt;&gt;</a>&nbsp;&nbsp;&nbsp;CH579DiskReady
<LI><a href="#[1a]">&gt;&gt;</a>&nbsp;&nbsp;&nbsp;main
</UL>

<P><STRONG><a name="[1d]"></a>fputc</STRONG> (Thumb, 12 bytes, Stack size 0 bytes, ch57x_sys.o(.text))
<BR>[Address Reference Count : 1]<UL><LI> printf8.o(i.__0printf$8)
</UL>
<P><STRONG><a name="[48]"></a>DisableRootHubPort</STRONG> (Thumb, 10 bytes, Stack size 0 bytes, ch57x_usbhostbase.o(.text))
<BR><BR>[Called By]<UL><LI><a href="#[28]">&gt;&gt;</a>&nbsp;&nbsp;&nbsp;USB_HostInit
<LI><a href="#[2b]">&gt;&gt;</a>&nbsp;&nbsp;&nbsp;InitRootDevice
<LI><a href="#[2a]">&gt;&gt;</a>&nbsp;&nbsp;&nbsp;AnalyzeRootHub
</UL>

<P><STRONG><a name="[2a]"></a>AnalyzeRootHub</STRONG> (Thumb, 72 bytes, Stack size 0 bytes, ch57x_usbhostbase.o(.text))
<BR><BR>[Calls]<UL><LI><a href="#[22]">&gt;&gt;</a>&nbsp;&nbsp;&nbsp;__2printf
<LI><a href="#[48]">&gt;&gt;</a>&nbsp;&nbsp;&nbsp;DisableRootHubPort
</UL>
<BR>[Called By]<UL><LI><a href="#[4b]">&gt;&gt;</a>&nbsp;&nbsp;&nbsp;USBHostTransact
<LI><a href="#[1a]">&gt;&gt;</a>&nbsp;&nbsp;&nbsp;main
</UL>

<P><STRONG><a name="[4a]"></a>SetHostUsbAddr</STRONG> (Thumb, 18 bytes, Stack size 0 bytes, ch57x_usbhostbase.o(.text))
<BR><BR>[Called By]<UL><LI><a href="#[50]">&gt;&gt;</a>&nbsp;&nbsp;&nbsp;CtrlSetUsbAddress
<LI><a href="#[49]">&gt;&gt;</a>&nbsp;&nbsp;&nbsp;ResetRootHubPort
</UL>

<P><STRONG><a name="[32]"></a>SetUsbSpeed</STRONG> (Thumb, 36 bytes, Stack size 0 bytes, ch57x_usbhostbase.o(.text))
<BR><BR>[Called By]<UL><LI><a href="#[49]">&gt;&gt;</a>&nbsp;&nbsp;&nbsp;ResetRootHubPort
<LI><a href="#[2b]">&gt;&gt;</a>&nbsp;&nbsp;&nbsp;InitRootDevice
<LI><a href="#[1a]">&gt;&gt;</a>&nbsp;&nbsp;&nbsp;main
</UL>

<P><STRONG><a name="[49]"></a>ResetRootHubPort</STRONG> (Thumb, 68 bytes, Stack size 0 bytes, ch57x_usbhostbase.o(.text))
<BR><BR>[Calls]<UL><LI><a href="#[4a]">&gt;&gt;</a>&nbsp;&nbsp;&nbsp;SetHostUsbAddr
<LI><a href="#[38]">&gt;&gt;</a>&nbsp;&nbsp;&nbsp;mDelayuS
<LI><a href="#[25]">&gt;&gt;</a>&nbsp;&nbsp;&nbsp;mDelaymS
<LI><a href="#[32]">&gt;&gt;</a>&nbsp;&nbsp;&nbsp;SetUsbSpeed
</UL>
<BR>[Called By]<UL><LI><a href="#[2b]">&gt;&gt;</a>&nbsp;&nbsp;&nbsp;InitRootDevice
</UL>

<P><STRONG><a name="[55]"></a>EnableRootHubPort</STRONG> (Thumb, 60 bytes, Stack size 0 bytes, ch57x_usbhostbase.o(.text))
<BR><BR>[Called By]<UL><LI><a href="#[2b]">&gt;&gt;</a>&nbsp;&nbsp;&nbsp;InitRootDevice
</UL>

<P><STRONG><a name="[4b]"></a>USBHostTransact</STRONG> (Thumb, 222 bytes, Stack size 0 bytes, ch57x_usbhostbase.o(.text))
<BR><BR>[Calls]<UL><LI><a href="#[38]">&gt;&gt;</a>&nbsp;&nbsp;&nbsp;mDelayuS
<LI><a href="#[2a]">&gt;&gt;</a>&nbsp;&nbsp;&nbsp;AnalyzeRootHub
</UL>
<BR>[Called By]<UL><LI><a href="#[4c]">&gt;&gt;</a>&nbsp;&nbsp;&nbsp;HostCtrlTransfer
<LI><a href="#[35]">&gt;&gt;</a>&nbsp;&nbsp;&nbsp;CH579BulkOnlyCmd
</UL>

<P><STRONG><a name="[4c]"></a>HostCtrlTransfer</STRONG> (Thumb, 318 bytes, Stack size 0 bytes, ch57x_usbhostbase.o(.text))
<BR><BR>[Calls]<UL><LI><a href="#[4b]">&gt;&gt;</a>&nbsp;&nbsp;&nbsp;USBHostTransact
<LI><a href="#[38]">&gt;&gt;</a>&nbsp;&nbsp;&nbsp;mDelayuS
</UL>
<BR>[Called By]<UL><LI><a href="#[6a]">&gt;&gt;</a>&nbsp;&nbsp;&nbsp;CH579s10
<LI><a href="#[64]">&gt;&gt;</a>&nbsp;&nbsp;&nbsp;mBulkOnlyReset
<LI><a href="#[57]">&gt;&gt;</a>&nbsp;&nbsp;&nbsp;HubSetPortFeature
<LI><a href="#[56]">&gt;&gt;</a>&nbsp;&nbsp;&nbsp;CtrlGetHIDDeviceReport
<LI><a href="#[54]">&gt;&gt;</a>&nbsp;&nbsp;&nbsp;CtrlGetHubDescr
<LI><a href="#[53]">&gt;&gt;</a>&nbsp;&nbsp;&nbsp;CtrlSetUsbIntercace
<LI><a href="#[52]">&gt;&gt;</a>&nbsp;&nbsp;&nbsp;CtrlClearEndpStall
<LI><a href="#[51]">&gt;&gt;</a>&nbsp;&nbsp;&nbsp;CtrlSetUsbConfig
<LI><a href="#[50]">&gt;&gt;</a>&nbsp;&nbsp;&nbsp;CtrlSetUsbAddress
<LI><a href="#[4f]">&gt;&gt;</a>&nbsp;&nbsp;&nbsp;CtrlGetConfigDescr
<LI><a href="#[4d]">&gt;&gt;</a>&nbsp;&nbsp;&nbsp;CtrlGetDeviceDescr
<LI><a href="#[3a]">&gt;&gt;</a>&nbsp;&nbsp;&nbsp;HubGetPortStatus
<LI><a href="#[3b]">&gt;&gt;</a>&nbsp;&nbsp;&nbsp;HubClearPortFeature
</UL>

<P><STRONG><a name="[4e]"></a>CopySetupReqPkg</STRONG> (Thumb, 22 bytes, Stack size 0 bytes, ch57x_usbhostbase.o(.text))
<BR><BR>[Called By]<UL><LI><a href="#[6a]">&gt;&gt;</a>&nbsp;&nbsp;&nbsp;CH579s10
<LI><a href="#[64]">&gt;&gt;</a>&nbsp;&nbsp;&nbsp;mBulkOnlyReset
<LI><a href="#[56]">&gt;&gt;</a>&nbsp;&nbsp;&nbsp;CtrlGetHIDDeviceReport
<LI><a href="#[54]">&gt;&gt;</a>&nbsp;&nbsp;&nbsp;CtrlGetHubDescr
<LI><a href="#[53]">&gt;&gt;</a>&nbsp;&nbsp;&nbsp;CtrlSetUsbIntercace
<LI><a href="#[52]">&gt;&gt;</a>&nbsp;&nbsp;&nbsp;CtrlClearEndpStall
<LI><a href="#[51]">&gt;&gt;</a>&nbsp;&nbsp;&nbsp;CtrlSetUsbConfig
<LI><a href="#[50]">&gt;&gt;</a>&nbsp;&nbsp;&nbsp;CtrlSetUsbAddress
<LI><a href="#[4f]">&gt;&gt;</a>&nbsp;&nbsp;&nbsp;CtrlGetConfigDescr
<LI><a href="#[4d]">&gt;&gt;</a>&nbsp;&nbsp;&nbsp;CtrlGetDeviceDescr
</UL>

<P><STRONG><a name="[4d]"></a>CtrlGetDeviceDescr</STRONG> (Thumb, 52 bytes, Stack size 0 bytes, ch57x_usbhostbase.o(.text))
<BR><BR>[Calls]<UL><LI><a href="#[4e]">&gt;&gt;</a>&nbsp;&nbsp;&nbsp;CopySetupReqPkg
<LI><a href="#[4c]">&gt;&gt;</a>&nbsp;&nbsp;&nbsp;HostCtrlTransfer
</UL>
<BR>[Called By]<UL><LI><a href="#[2b]">&gt;&gt;</a>&nbsp;&nbsp;&nbsp;InitRootDevice
</UL>

<P><STRONG><a name="[4f]"></a>CtrlGetConfigDescr</STRONG> (Thumb, 138 bytes, Stack size 0 bytes, ch57x_usbhostbase.o(.text))
<BR><BR>[Calls]<UL><LI><a href="#[4e]">&gt;&gt;</a>&nbsp;&nbsp;&nbsp;CopySetupReqPkg
<LI><a href="#[4c]">&gt;&gt;</a>&nbsp;&nbsp;&nbsp;HostCtrlTransfer
</UL>
<BR>[Called By]<UL><LI><a href="#[6a]">&gt;&gt;</a>&nbsp;&nbsp;&nbsp;CH579s10
<LI><a href="#[2b]">&gt;&gt;</a>&nbsp;&nbsp;&nbsp;InitRootDevice
</UL>

<P><STRONG><a name="[50]"></a>CtrlSetUsbAddress</STRONG> (Thumb, 48 bytes, Stack size 0 bytes, ch57x_usbhostbase.o(.text))
<BR><BR>[Calls]<UL><LI><a href="#[4e]">&gt;&gt;</a>&nbsp;&nbsp;&nbsp;CopySetupReqPkg
<LI><a href="#[4c]">&gt;&gt;</a>&nbsp;&nbsp;&nbsp;HostCtrlTransfer
<LI><a href="#[4a]">&gt;&gt;</a>&nbsp;&nbsp;&nbsp;SetHostUsbAddr
<LI><a href="#[25]">&gt;&gt;</a>&nbsp;&nbsp;&nbsp;mDelaymS
</UL>
<BR>[Called By]<UL><LI><a href="#[2b]">&gt;&gt;</a>&nbsp;&nbsp;&nbsp;InitRootDevice
</UL>

<P><STRONG><a name="[51]"></a>CtrlSetUsbConfig</STRONG> (Thumb, 32 bytes, Stack size 0 bytes, ch57x_usbhostbase.o(.text))
<BR><BR>[Calls]<UL><LI><a href="#[4e]">&gt;&gt;</a>&nbsp;&nbsp;&nbsp;CopySetupReqPkg
<LI><a href="#[4c]">&gt;&gt;</a>&nbsp;&nbsp;&nbsp;HostCtrlTransfer
</UL>
<BR>[Called By]<UL><LI><a href="#[6a]">&gt;&gt;</a>&nbsp;&nbsp;&nbsp;CH579s10
<LI><a href="#[2b]">&gt;&gt;</a>&nbsp;&nbsp;&nbsp;InitRootDevice
</UL>

<P><STRONG><a name="[52]"></a>CtrlClearEndpStall</STRONG> (Thumb, 32 bytes, Stack size 0 bytes, ch57x_usbhostbase.o(.text))
<BR><BR>[Calls]<UL><LI><a href="#[4e]">&gt;&gt;</a>&nbsp;&nbsp;&nbsp;CopySetupReqPkg
<LI><a href="#[4c]">&gt;&gt;</a>&nbsp;&nbsp;&nbsp;HostCtrlTransfer
</UL>
<BR>[Called By]<UL><LI><a href="#[6a]">&gt;&gt;</a>&nbsp;&nbsp;&nbsp;CH579s10
<LI><a href="#[64]">&gt;&gt;</a>&nbsp;&nbsp;&nbsp;mBulkOnlyReset
<LI><a href="#[35]">&gt;&gt;</a>&nbsp;&nbsp;&nbsp;CH579BulkOnlyCmd
</UL>

<P><STRONG><a name="[53]"></a>CtrlSetUsbIntercace</STRONG> (Thumb, 32 bytes, Stack size 0 bytes, ch57x_usbhostbase.o(.text), UNUSED)
<BR><BR>[Calls]<UL><LI><a href="#[4e]">&gt;&gt;</a>&nbsp;&nbsp;&nbsp;CopySetupReqPkg
<LI><a href="#[4c]">&gt;&gt;</a>&nbsp;&nbsp;&nbsp;HostCtrlTransfer
</UL>

<P><STRONG><a name="[28]"></a>USB_HostInit</STRONG> (Thumb, 60 bytes, Stack size 0 bytes, ch57x_usbhostbase.o(.text))
<BR><BR>[Calls]<UL><LI><a href="#[48]">&gt;&gt;</a>&nbsp;&nbsp;&nbsp;DisableRootHubPort
</UL>
<BR>[Called By]<UL><LI><a href="#[1a]">&gt;&gt;</a>&nbsp;&nbsp;&nbsp;main
</UL>

<P><STRONG><a name="[54]"></a>CtrlGetHubDescr</STRONG> (Thumb, 40 bytes, Stack size 0 bytes, ch57x_usbhostclass.o(.text))
<BR><BR>[Calls]<UL><LI><a href="#[4e]">&gt;&gt;</a>&nbsp;&nbsp;&nbsp;CopySetupReqPkg
<LI><a href="#[4c]">&gt;&gt;</a>&nbsp;&nbsp;&nbsp;HostCtrlTransfer
</UL>
<BR>[Called By]<UL><LI><a href="#[2b]">&gt;&gt;</a>&nbsp;&nbsp;&nbsp;InitRootDevice
</UL>

<P><STRONG><a name="[2b]"></a>InitRootDevice</STRONG> (Thumb, 432 bytes, Stack size 0 bytes, ch57x_usbhostclass.o(.text))
<BR><BR>[Calls]<UL><LI><a href="#[22]">&gt;&gt;</a>&nbsp;&nbsp;&nbsp;__2printf
<LI><a href="#[54]">&gt;&gt;</a>&nbsp;&nbsp;&nbsp;CtrlGetHubDescr
<LI><a href="#[51]">&gt;&gt;</a>&nbsp;&nbsp;&nbsp;CtrlSetUsbConfig
<LI><a href="#[50]">&gt;&gt;</a>&nbsp;&nbsp;&nbsp;CtrlSetUsbAddress
<LI><a href="#[4f]">&gt;&gt;</a>&nbsp;&nbsp;&nbsp;CtrlGetConfigDescr
<LI><a href="#[4d]">&gt;&gt;</a>&nbsp;&nbsp;&nbsp;CtrlGetDeviceDescr
<LI><a href="#[55]">&gt;&gt;</a>&nbsp;&nbsp;&nbsp;EnableRootHubPort
<LI><a href="#[49]">&gt;&gt;</a>&nbsp;&nbsp;&nbsp;ResetRootHubPort
<LI><a href="#[48]">&gt;&gt;</a>&nbsp;&nbsp;&nbsp;DisableRootHubPort
<LI><a href="#[25]">&gt;&gt;</a>&nbsp;&nbsp;&nbsp;mDelaymS
<LI><a href="#[32]">&gt;&gt;</a>&nbsp;&nbsp;&nbsp;SetUsbSpeed
</UL>
<BR>[Called By]<UL><LI><a href="#[1a]">&gt;&gt;</a>&nbsp;&nbsp;&nbsp;main
</UL>

<P><STRONG><a name="[56]"></a>CtrlGetHIDDeviceReport</STRONG> (Thumb, 60 bytes, Stack size 0 bytes, ch57x_usbhostclass.o(.text), UNUSED)
<BR><BR>[Calls]<UL><LI><a href="#[4e]">&gt;&gt;</a>&nbsp;&nbsp;&nbsp;CopySetupReqPkg
<LI><a href="#[4c]">&gt;&gt;</a>&nbsp;&nbsp;&nbsp;HostCtrlTransfer
</UL>

<P><STRONG><a name="[3a]"></a>HubGetPortStatus</STRONG> (Thumb, 58 bytes, Stack size 0 bytes, ch57x_usbhostclass.o(.text))
<BR><BR>[Calls]<UL><LI><a href="#[4c]">&gt;&gt;</a>&nbsp;&nbsp;&nbsp;HostCtrlTransfer
</UL>
<BR>[Called By]<UL><LI><a href="#[39]">&gt;&gt;</a>&nbsp;&nbsp;&nbsp;CH579DiskConnect
</UL>

<P><STRONG><a name="[57]"></a>HubSetPortFeature</STRONG> (Thumb, 40 bytes, Stack size 0 bytes, ch57x_usbhostclass.o(.text), UNUSED)
<BR><BR>[Calls]<UL><LI><a href="#[4c]">&gt;&gt;</a>&nbsp;&nbsp;&nbsp;HostCtrlTransfer
</UL>

<P><STRONG><a name="[3b]"></a>HubClearPortFeature</STRONG> (Thumb, 40 bytes, Stack size 0 bytes, ch57x_usbhostclass.o(.text))
<BR><BR>[Calls]<UL><LI><a href="#[4c]">&gt;&gt;</a>&nbsp;&nbsp;&nbsp;HostCtrlTransfer
</UL>
<BR>[Called By]<UL><LI><a href="#[39]">&gt;&gt;</a>&nbsp;&nbsp;&nbsp;CH579DiskConnect
</UL>

<P><STRONG><a name="[58]"></a>UART1_BaudRateCfg</STRONG> (Thumb, 34 bytes, Stack size 0 bytes, ch57x_uart1.o(.text))
<BR><BR>[Calls]<UL><LI><a href="#[40]">&gt;&gt;</a>&nbsp;&nbsp;&nbsp;__aeabi_uidivmod
<LI><a href="#[3f]">&gt;&gt;</a>&nbsp;&nbsp;&nbsp;GetSysClock
</UL>
<BR>[Called By]<UL><LI><a href="#[27]">&gt;&gt;</a>&nbsp;&nbsp;&nbsp;UART1_DefInit
</UL>

<P><STRONG><a name="[27]"></a>UART1_DefInit</STRONG> (Thumb, 30 bytes, Stack size 0 bytes, ch57x_uart1.o(.text))
<BR><BR>[Calls]<UL><LI><a href="#[58]">&gt;&gt;</a>&nbsp;&nbsp;&nbsp;UART1_BaudRateCfg
</UL>
<BR>[Called By]<UL><LI><a href="#[1a]">&gt;&gt;</a>&nbsp;&nbsp;&nbsp;main
</UL>

<P><STRONG><a name="[59]"></a>PWR_DCDCCfg</STRONG> (Thumb, 60 bytes, Stack size 0 bytes, ch57x_pwr.o(.text), UNUSED)
<BR><BR>[Calls]<UL><LI><a href="#[38]">&gt;&gt;</a>&nbsp;&nbsp;&nbsp;mDelayuS
</UL>

<P><STRONG><a name="[24]"></a>PWR_UnitModCfg</STRONG> (Thumb, 90 bytes, Stack size 0 bytes, ch57x_pwr.o(.text))
<BR><BR>[Called By]<UL><LI><a href="#[1a]">&gt;&gt;</a>&nbsp;&nbsp;&nbsp;main
</UL>

<P><STRONG><a name="[3d]"></a>PowerMonitor</STRONG> (Thumb, 58 bytes, Stack size 0 bytes, ch57x_pwr.o(.text))
<BR><BR>[Calls]<UL><LI><a href="#[38]">&gt;&gt;</a>&nbsp;&nbsp;&nbsp;mDelayuS
</UL>
<BR>[Called By]<UL><LI><a href="#[83]">&gt;&gt;</a>&nbsp;&nbsp;&nbsp;LowPower_Halt_1 (via Veneer)
<LI><a href="#[1b]">&gt;&gt;</a>&nbsp;&nbsp;&nbsp;SystemInit
</UL>

<P><STRONG><a name="[0]"></a>Reset_Handler</STRONG> (Thumb, 8 bytes, Stack size 0 bytes, startup_armcm0.o(.text))
<BR>[Address Reference Count : 1]<UL><LI> startup_armcm0.o(RESET)
</UL>
<P><STRONG><a name="[2]"></a>HardFault_Handler</STRONG> (Thumb, 0 bytes, Stack size 0 bytes, startup_armcm0.o(.text))
<BR>[Address Reference Count : 1]<UL><LI> startup_armcm0.o(RESET)
</UL>
<P><STRONG><a name="[3]"></a>SVC_Handler</STRONG> (Thumb, 2 bytes, Stack size 0 bytes, startup_armcm0.o(.text))
<BR><BR>[Calls]<UL><LI><a href="#[3]">&gt;&gt;</a>&nbsp;&nbsp;&nbsp;SVC_Handler
</UL>
<BR>[Called By]<UL><LI><a href="#[3]">&gt;&gt;</a>&nbsp;&nbsp;&nbsp;SVC_Handler
</UL>
<BR>[Address Reference Count : 1]<UL><LI> startup_armcm0.o(RESET)
</UL>
<P><STRONG><a name="[4]"></a>PendSV_Handler</STRONG> (Thumb, 2 bytes, Stack size 0 bytes, startup_armcm0.o(.text))
<BR><BR>[Calls]<UL><LI><a href="#[4]">&gt;&gt;</a>&nbsp;&nbsp;&nbsp;PendSV_Handler
</UL>
<BR>[Called By]<UL><LI><a href="#[4]">&gt;&gt;</a>&nbsp;&nbsp;&nbsp;PendSV_Handler
</UL>
<BR>[Address Reference Count : 1]<UL><LI> startup_armcm0.o(RESET)
</UL>
<P><STRONG><a name="[5]"></a>SysTick_Handler</STRONG> (Thumb, 2 bytes, Stack size 0 bytes, startup_armcm0.o(.text))
<BR><BR>[Calls]<UL><LI><a href="#[5]">&gt;&gt;</a>&nbsp;&nbsp;&nbsp;SysTick_Handler
</UL>
<BR>[Called By]<UL><LI><a href="#[5]">&gt;&gt;</a>&nbsp;&nbsp;&nbsp;SysTick_Handler
</UL>
<BR>[Address Reference Count : 1]<UL><LI> startup_armcm0.o(RESET)
</UL>
<P><STRONG><a name="[13]"></a>ADC_IRQHandler</STRONG> (Thumb, 0 bytes, Stack size 0 bytes, startup_armcm0.o(.text))
<BR><BR>[Calls]<UL><LI><a href="#[13]">&gt;&gt;</a>&nbsp;&nbsp;&nbsp;ADC_IRQHandler
</UL>
<BR>[Called By]<UL><LI><a href="#[13]">&gt;&gt;</a>&nbsp;&nbsp;&nbsp;ADC_IRQHandler
</UL>
<BR>[Address Reference Count : 1]<UL><LI> startup_armcm0.o(RESET)
</UL>
<P><STRONG><a name="[a]"></a>BB_IRQHandler</STRONG> (Thumb, 0 bytes, Stack size 0 bytes, startup_armcm0.o(.text))
<BR>[Address Reference Count : 1]<UL><LI> startup_armcm0.o(RESET)
</UL>
<P><STRONG><a name="[d]"></a>ETH_IRQHandler</STRONG> (Thumb, 0 bytes, Stack size 0 bytes, startup_armcm0.o(.text))
<BR>[Address Reference Count : 1]<UL><LI> startup_armcm0.o(RESET)
</UL>
<P><STRONG><a name="[7]"></a>GPIO_IRQHandler</STRONG> (Thumb, 0 bytes, Stack size 0 bytes, startup_armcm0.o(.text))
<BR>[Address Reference Count : 1]<UL><LI> startup_armcm0.o(RESET)
</UL>
<P><STRONG><a name="[15]"></a>LED_IRQHandler</STRONG> (Thumb, 0 bytes, Stack size 0 bytes, startup_armcm0.o(.text))
<BR>[Address Reference Count : 1]<UL><LI> startup_armcm0.o(RESET)
</UL>
<P><STRONG><a name="[b]"></a>LLE_IRQHandler</STRONG> (Thumb, 0 bytes, Stack size 0 bytes, startup_armcm0.o(.text))
<BR>[Address Reference Count : 1]<UL><LI> startup_armcm0.o(RESET)
</UL>
<P><STRONG><a name="[12]"></a>RTC_IRQHandler</STRONG> (Thumb, 0 bytes, Stack size 0 bytes, startup_armcm0.o(.text))
<BR>[Address Reference Count : 1]<UL><LI> startup_armcm0.o(RESET)
</UL>
<P><STRONG><a name="[8]"></a>SLAVE_IRQHandler</STRONG> (Thumb, 0 bytes, Stack size 0 bytes, startup_armcm0.o(.text))
<BR>[Address Reference Count : 1]<UL><LI> startup_armcm0.o(RESET)
</UL>
<P><STRONG><a name="[9]"></a>SPI0_IRQHandler</STRONG> (Thumb, 0 bytes, Stack size 0 bytes, startup_armcm0.o(.text))
<BR>[Address Reference Count : 1]<UL><LI> startup_armcm0.o(RESET)
</UL>
<P><STRONG><a name="[14]"></a>SPI1_IRQHandler</STRONG> (Thumb, 0 bytes, Stack size 0 bytes, startup_armcm0.o(.text))
<BR>[Address Reference Count : 1]<UL><LI> startup_armcm0.o(RESET)
</UL>
<P><STRONG><a name="[6]"></a>TMR0_IRQHandler</STRONG> (Thumb, 0 bytes, Stack size 0 bytes, startup_armcm0.o(.text))
<BR>[Address Reference Count : 1]<UL><LI> startup_armcm0.o(RESET)
</UL>
<P><STRONG><a name="[e]"></a>TMR1_IRQHandler</STRONG> (Thumb, 0 bytes, Stack size 0 bytes, startup_armcm0.o(.text))
<BR>[Address Reference Count : 1]<UL><LI> startup_armcm0.o(RESET)
</UL>
<P><STRONG><a name="[f]"></a>TMR2_IRQHandler</STRONG> (Thumb, 0 bytes, Stack size 0 bytes, startup_armcm0.o(.text))
<BR>[Address Reference Count : 1]<UL><LI> startup_armcm0.o(RESET)
</UL>
<P><STRONG><a name="[16]"></a>TMR3_IRQHandler</STRONG> (Thumb, 0 bytes, Stack size 0 bytes, startup_armcm0.o(.text))
<BR>[Address Reference Count : 1]<UL><LI> startup_armcm0.o(RESET)
</UL>
<P><STRONG><a name="[10]"></a>UART0_IRQHandler</STRONG> (Thumb, 0 bytes, Stack size 0 bytes, startup_armcm0.o(.text))
<BR>[Address Reference Count : 1]<UL><LI> startup_armcm0.o(RESET)
</UL>
<P><STRONG><a name="[11]"></a>UART1_IRQHandler</STRONG> (Thumb, 0 bytes, Stack size 0 bytes, startup_armcm0.o(.text))
<BR>[Address Reference Count : 1]<UL><LI> startup_armcm0.o(RESET)
</UL>
<P><STRONG><a name="[17]"></a>UART2_IRQHandler</STRONG> (Thumb, 0 bytes, Stack size 0 bytes, startup_armcm0.o(.text))
<BR>[Address Reference Count : 1]<UL><LI> startup_armcm0.o(RESET)
</UL>
<P><STRONG><a name="[18]"></a>UART3_IRQHandler</STRONG> (Thumb, 0 bytes, Stack size 0 bytes, startup_armcm0.o(.text))
<BR>[Address Reference Count : 1]<UL><LI> startup_armcm0.o(RESET)
</UL>
<P><STRONG><a name="[c]"></a>USB_IRQHandler</STRONG> (Thumb, 0 bytes, Stack size 0 bytes, startup_armcm0.o(.text))
<BR>[Address Reference Count : 1]<UL><LI> startup_armcm0.o(RESET)
</UL>
<P><STRONG><a name="[19]"></a>WDT_IRQHandler</STRONG> (Thumb, 0 bytes, Stack size 0 bytes, startup_armcm0.o(.text))
<BR>[Address Reference Count : 1]<UL><LI> startup_armcm0.o(RESET)
</UL>
<P><STRONG><a name="[5b]"></a>CH579DirtyBuffer</STRONG> (Thumb, 16 bytes, Stack size 0 bytes, CH579MAI.o(.text))
<BR><BR>[Called By]<UL><LI><a href="#[6b]">&gt;&gt;</a>&nbsp;&nbsp;&nbsp;CH579s11
<LI><a href="#[5f]">&gt;&gt;</a>&nbsp;&nbsp;&nbsp;mSaveFatSector
<LI><a href="#[5e]">&gt;&gt;</a>&nbsp;&nbsp;&nbsp;mWriteSectorFDT
<LI><a href="#[5d]">&gt;&gt;</a>&nbsp;&nbsp;&nbsp;mWriteSectorFAT
<LI><a href="#[5c]">&gt;&gt;</a>&nbsp;&nbsp;&nbsp;mReadSectorFDT
<LI><a href="#[5a]">&gt;&gt;</a>&nbsp;&nbsp;&nbsp;mReadSectorFAT
<LI><a href="#[6a]">&gt;&gt;</a>&nbsp;&nbsp;&nbsp;CH579s10
</UL>

<P><STRONG><a name="[5a]"></a>mReadSectorFAT</STRONG> (Thumb, 48 bytes, Stack size 0 bytes, CH579MAI.o(.text))
<BR><BR>[Calls]<UL><LI><a href="#[5b]">&gt;&gt;</a>&nbsp;&nbsp;&nbsp;CH579DirtyBuffer
<LI><a href="#[33]">&gt;&gt;</a>&nbsp;&nbsp;&nbsp;CH579ReadSector
</UL>
<BR>[Called By]<UL><LI><a href="#[60]">&gt;&gt;</a>&nbsp;&nbsp;&nbsp;CH579s20
</UL>

<P><STRONG><a name="[5c]"></a>mReadSectorFDT</STRONG> (Thumb, 48 bytes, Stack size 0 bytes, CH579MAI.o(.text))
<BR><BR>[Calls]<UL><LI><a href="#[5b]">&gt;&gt;</a>&nbsp;&nbsp;&nbsp;CH579DirtyBuffer
<LI><a href="#[33]">&gt;&gt;</a>&nbsp;&nbsp;&nbsp;CH579ReadSector
</UL>
<BR>[Called By]<UL><LI><a href="#[79]">&gt;&gt;</a>&nbsp;&nbsp;&nbsp;CH579ByteRead
<LI><a href="#[75]">&gt;&gt;</a>&nbsp;&nbsp;&nbsp;CH579FileModify
<LI><a href="#[73]">&gt;&gt;</a>&nbsp;&nbsp;&nbsp;CH579FileErase
<LI><a href="#[72]">&gt;&gt;</a>&nbsp;&nbsp;&nbsp;mModifyFileSize
<LI><a href="#[71]">&gt;&gt;</a>&nbsp;&nbsp;&nbsp;mModifyInfoFree
<LI><a href="#[70]">&gt;&gt;</a>&nbsp;&nbsp;&nbsp;CH579s13
<LI><a href="#[6c]">&gt;&gt;</a>&nbsp;&nbsp;&nbsp;CH579FileOpen
<LI><a href="#[6b]">&gt;&gt;</a>&nbsp;&nbsp;&nbsp;CH579s11
<LI><a href="#[2e]">&gt;&gt;</a>&nbsp;&nbsp;&nbsp;CH579FileCreate
<LI><a href="#[30]">&gt;&gt;</a>&nbsp;&nbsp;&nbsp;CH579ByteWrite
</UL>

<P><STRONG><a name="[5d]"></a>mWriteSectorFAT</STRONG> (Thumb, 38 bytes, Stack size 0 bytes, CH579MAI.o(.text))
<BR><BR>[Calls]<UL><LI><a href="#[5b]">&gt;&gt;</a>&nbsp;&nbsp;&nbsp;CH579DirtyBuffer
<LI><a href="#[37]">&gt;&gt;</a>&nbsp;&nbsp;&nbsp;CH579WriteSector
</UL>
<BR>[Called By]<UL><LI><a href="#[5f]">&gt;&gt;</a>&nbsp;&nbsp;&nbsp;mSaveFatSector
</UL>

<P><STRONG><a name="[5e]"></a>mWriteSectorFDT</STRONG> (Thumb, 38 bytes, Stack size 0 bytes, CH579MAI.o(.text))
<BR><BR>[Calls]<UL><LI><a href="#[5b]">&gt;&gt;</a>&nbsp;&nbsp;&nbsp;CH579DirtyBuffer
<LI><a href="#[37]">&gt;&gt;</a>&nbsp;&nbsp;&nbsp;CH579WriteSector
</UL>
<BR>[Called By]<UL><LI><a href="#[75]">&gt;&gt;</a>&nbsp;&nbsp;&nbsp;CH579FileModify
<LI><a href="#[73]">&gt;&gt;</a>&nbsp;&nbsp;&nbsp;CH579FileErase
<LI><a href="#[72]">&gt;&gt;</a>&nbsp;&nbsp;&nbsp;mModifyFileSize
<LI><a href="#[71]">&gt;&gt;</a>&nbsp;&nbsp;&nbsp;mModifyInfoFree
<LI><a href="#[70]">&gt;&gt;</a>&nbsp;&nbsp;&nbsp;CH579s13
<LI><a href="#[2e]">&gt;&gt;</a>&nbsp;&nbsp;&nbsp;CH579FileCreate
<LI><a href="#[30]">&gt;&gt;</a>&nbsp;&nbsp;&nbsp;CH579ByteWrite
</UL>

<P><STRONG><a name="[5f]"></a>mSaveFatSector</STRONG> (Thumb, 66 bytes, Stack size 0 bytes, CH579MAI.o(.text))
<BR><BR>[Calls]<UL><LI><a href="#[5d]">&gt;&gt;</a>&nbsp;&nbsp;&nbsp;mWriteSectorFAT
<LI><a href="#[5b]">&gt;&gt;</a>&nbsp;&nbsp;&nbsp;CH579DirtyBuffer
<LI><a href="#[37]">&gt;&gt;</a>&nbsp;&nbsp;&nbsp;CH579WriteSector
</UL>
<BR>[Called By]<UL><LI><a href="#[74]">&gt;&gt;</a>&nbsp;&nbsp;&nbsp;CH579FileAlloc
<LI><a href="#[73]">&gt;&gt;</a>&nbsp;&nbsp;&nbsp;CH579FileErase
<LI><a href="#[70]">&gt;&gt;</a>&nbsp;&nbsp;&nbsp;CH579s13
<LI><a href="#[60]">&gt;&gt;</a>&nbsp;&nbsp;&nbsp;CH579s20
<LI><a href="#[2e]">&gt;&gt;</a>&nbsp;&nbsp;&nbsp;CH579FileCreate
<LI><a href="#[30]">&gt;&gt;</a>&nbsp;&nbsp;&nbsp;CH579ByteWrite
</UL>

<P><STRONG><a name="[60]"></a>CH579s20</STRONG> (Thumb, 444 bytes, Stack size 0 bytes, CH579MAI.o(.text))
<BR><BR>[Calls]<UL><LI><a href="#[5f]">&gt;&gt;</a>&nbsp;&nbsp;&nbsp;mSaveFatSector
<LI><a href="#[5a]">&gt;&gt;</a>&nbsp;&nbsp;&nbsp;mReadSectorFAT
</UL>
<BR>[Called By]<UL><LI><a href="#[79]">&gt;&gt;</a>&nbsp;&nbsp;&nbsp;CH579ByteRead
<LI><a href="#[74]">&gt;&gt;</a>&nbsp;&nbsp;&nbsp;CH579FileAlloc
<LI><a href="#[73]">&gt;&gt;</a>&nbsp;&nbsp;&nbsp;CH579FileErase
<LI><a href="#[6e]">&gt;&gt;</a>&nbsp;&nbsp;&nbsp;mSectorLocate
<LI><a href="#[6c]">&gt;&gt;</a>&nbsp;&nbsp;&nbsp;CH579FileOpen
<LI><a href="#[61]">&gt;&gt;</a>&nbsp;&nbsp;&nbsp;CH579s21
<LI><a href="#[2e]">&gt;&gt;</a>&nbsp;&nbsp;&nbsp;CH579FileCreate
<LI><a href="#[30]">&gt;&gt;</a>&nbsp;&nbsp;&nbsp;CH579ByteWrite
</UL>

<P><STRONG><a name="[61]"></a>CH579s21</STRONG> (Thumb, 208 bytes, Stack size 0 bytes, CH579MAI.o(.text))
<BR><BR>[Calls]<UL><LI><a href="#[60]">&gt;&gt;</a>&nbsp;&nbsp;&nbsp;CH579s20
</UL>
<BR>[Called By]<UL><LI><a href="#[70]">&gt;&gt;</a>&nbsp;&nbsp;&nbsp;CH579s13
<LI><a href="#[62]">&gt;&gt;</a>&nbsp;&nbsp;&nbsp;CH579s22
</UL>

<P><STRONG><a name="[62]"></a>CH579s22</STRONG> (Thumb, 22 bytes, Stack size 0 bytes, CH579MAI.o(.text))
<BR><BR>[Calls]<UL><LI><a href="#[61]">&gt;&gt;</a>&nbsp;&nbsp;&nbsp;CH579s21
</UL>
<BR>[Called By]<UL><LI><a href="#[74]">&gt;&gt;</a>&nbsp;&nbsp;&nbsp;CH579FileAlloc
<LI><a href="#[2e]">&gt;&gt;</a>&nbsp;&nbsp;&nbsp;CH579FileCreate
<LI><a href="#[30]">&gt;&gt;</a>&nbsp;&nbsp;&nbsp;CH579ByteWrite
</UL>

<P><STRONG><a name="[63]"></a>mUpdateStatus</STRONG> (Thumb, 38 bytes, Stack size 0 bytes, CH579MAI.o(.text))
<BR><BR>[Calls]<UL><LI><a href="#[39]">&gt;&gt;</a>&nbsp;&nbsp;&nbsp;CH579DiskConnect
</UL>
<BR>[Called By]<UL><LI><a href="#[77]">&gt;&gt;</a>&nbsp;&nbsp;&nbsp;CH579s25
<LI><a href="#[73]">&gt;&gt;</a>&nbsp;&nbsp;&nbsp;CH579FileErase
<LI><a href="#[6c]">&gt;&gt;</a>&nbsp;&nbsp;&nbsp;CH579FileOpen
<LI><a href="#[6b]">&gt;&gt;</a>&nbsp;&nbsp;&nbsp;CH579s11
<LI><a href="#[6a]">&gt;&gt;</a>&nbsp;&nbsp;&nbsp;CH579s10
<LI><a href="#[2e]">&gt;&gt;</a>&nbsp;&nbsp;&nbsp;CH579FileCreate
<LI><a href="#[31]">&gt;&gt;</a>&nbsp;&nbsp;&nbsp;CH579FileClose
</UL>

<P><STRONG><a name="[35]"></a>CH579BulkOnlyCmd</STRONG> (Thumb, 466 bytes, Stack size 0 bytes, CH579MAI.o(.text))
<BR><BR>[Calls]<UL><LI><a href="#[34]">&gt;&gt;</a>&nbsp;&nbsp;&nbsp;__aeabi_uwrite4
<LI><a href="#[65]">&gt;&gt;</a>&nbsp;&nbsp;&nbsp;__aeabi_uread4
<LI><a href="#[64]">&gt;&gt;</a>&nbsp;&nbsp;&nbsp;mBulkOnlyReset
<LI><a href="#[52]">&gt;&gt;</a>&nbsp;&nbsp;&nbsp;CtrlClearEndpStall
<LI><a href="#[4b]">&gt;&gt;</a>&nbsp;&nbsp;&nbsp;USBHostTransact
</UL>
<BR>[Called By]<UL><LI><a href="#[6a]">&gt;&gt;</a>&nbsp;&nbsp;&nbsp;CH579s10
<LI><a href="#[69]">&gt;&gt;</a>&nbsp;&nbsp;&nbsp;mGetDiskSize
<LI><a href="#[67]">&gt;&gt;</a>&nbsp;&nbsp;&nbsp;mReqDiskSense
<LI><a href="#[37]">&gt;&gt;</a>&nbsp;&nbsp;&nbsp;CH579WriteSector
<LI><a href="#[33]">&gt;&gt;</a>&nbsp;&nbsp;&nbsp;CH579ReadSector
<LI><a href="#[2c]">&gt;&gt;</a>&nbsp;&nbsp;&nbsp;CH579DiskReady
</UL>

<P><STRONG><a name="[36]"></a>CH579AnalyzeError</STRONG> (Thumb, 112 bytes, Stack size 0 bytes, CH579MAI.o(.text))
<BR><BR>[Calls]<UL><LI><a href="#[67]">&gt;&gt;</a>&nbsp;&nbsp;&nbsp;mReqDiskSense
<LI><a href="#[68]">&gt;&gt;</a>&nbsp;&nbsp;&nbsp;mReturnConnect
<LI><a href="#[25]">&gt;&gt;</a>&nbsp;&nbsp;&nbsp;mDelaymS
</UL>
<BR>[Called By]<UL><LI><a href="#[6a]">&gt;&gt;</a>&nbsp;&nbsp;&nbsp;CH579s10
<LI><a href="#[37]">&gt;&gt;</a>&nbsp;&nbsp;&nbsp;CH579WriteSector
<LI><a href="#[33]">&gt;&gt;</a>&nbsp;&nbsp;&nbsp;CH579ReadSector
</UL>

<P><STRONG><a name="[6b]"></a>CH579s11</STRONG> (Thumb, 554 bytes, Stack size 0 bytes, CH579MAI.o(.text))
<BR><BR>[Calls]<UL><LI><a href="#[63]">&gt;&gt;</a>&nbsp;&nbsp;&nbsp;mUpdateStatus
<LI><a href="#[5c]">&gt;&gt;</a>&nbsp;&nbsp;&nbsp;mReadSectorFDT
<LI><a href="#[5b]">&gt;&gt;</a>&nbsp;&nbsp;&nbsp;CH579DirtyBuffer
<LI><a href="#[6a]">&gt;&gt;</a>&nbsp;&nbsp;&nbsp;CH579s10
<LI><a href="#[69]">&gt;&gt;</a>&nbsp;&nbsp;&nbsp;mGetDiskSize
<LI><a href="#[64]">&gt;&gt;</a>&nbsp;&nbsp;&nbsp;mBulkOnlyReset
</UL>
<BR>[Called By]<UL><LI><a href="#[6c]">&gt;&gt;</a>&nbsp;&nbsp;&nbsp;CH579FileOpen
</UL>

<P><STRONG><a name="[6c]"></a>CH579FileOpen</STRONG> (Thumb, 726 bytes, Stack size 0 bytes, CH579MAI.o(.text))
<BR><BR>[Calls]<UL><LI><a href="#[6b]">&gt;&gt;</a>&nbsp;&nbsp;&nbsp;CH579s11
<LI><a href="#[63]">&gt;&gt;</a>&nbsp;&nbsp;&nbsp;mUpdateStatus
<LI><a href="#[60]">&gt;&gt;</a>&nbsp;&nbsp;&nbsp;CH579s20
<LI><a href="#[5c]">&gt;&gt;</a>&nbsp;&nbsp;&nbsp;mReadSectorFDT
<LI><a href="#[6d]">&gt;&gt;</a>&nbsp;&nbsp;&nbsp;xFileNameEnumer
</UL>
<BR>[Called By]<UL><LI><a href="#[73]">&gt;&gt;</a>&nbsp;&nbsp;&nbsp;CH579FileErase
<LI><a href="#[2e]">&gt;&gt;</a>&nbsp;&nbsp;&nbsp;CH579FileCreate
</UL>

<P><STRONG><a name="[6f]"></a>mClusterToLba</STRONG> (Thumb, 22 bytes, Stack size 0 bytes, CH579MAI.o(.text))
<BR><BR>[Called By]<UL><LI><a href="#[79]">&gt;&gt;</a>&nbsp;&nbsp;&nbsp;CH579ByteRead
<LI><a href="#[6e]">&gt;&gt;</a>&nbsp;&nbsp;&nbsp;mSectorLocate
<LI><a href="#[2e]">&gt;&gt;</a>&nbsp;&nbsp;&nbsp;CH579FileCreate
<LI><a href="#[30]">&gt;&gt;</a>&nbsp;&nbsp;&nbsp;CH579ByteWrite
</UL>

<P><STRONG><a name="[6e]"></a>mSectorLocate</STRONG> (Thumb, 96 bytes, Stack size 0 bytes, CH579MAI.o(.text), UNUSED)
<BR><BR>[Calls]<UL><LI><a href="#[6f]">&gt;&gt;</a>&nbsp;&nbsp;&nbsp;mClusterToLba
<LI><a href="#[60]">&gt;&gt;</a>&nbsp;&nbsp;&nbsp;CH579s20
</UL>
<BR>[Called By]<UL><LI><a href="#[78]">&gt;&gt;</a>&nbsp;&nbsp;&nbsp;CH579ByteLocate
</UL>

<P><STRONG><a name="[3c]"></a>CH579GetVer</STRONG> (Thumb, 4 bytes, Stack size 0 bytes, CH579MAI.o(.text))
<BR><BR>[Called By]<UL><LI><a href="#[29]">&gt;&gt;</a>&nbsp;&nbsp;&nbsp;CH579LibInit
</UL>

<P><STRONG><a name="[2c]"></a>CH579DiskReady</STRONG> (Thumb, 104 bytes, Stack size 0 bytes, CH579MAI.o(.text))
<BR><BR>[Calls]<UL><LI><a href="#[6a]">&gt;&gt;</a>&nbsp;&nbsp;&nbsp;CH579s10
<LI><a href="#[69]">&gt;&gt;</a>&nbsp;&nbsp;&nbsp;mGetDiskSize
<LI><a href="#[67]">&gt;&gt;</a>&nbsp;&nbsp;&nbsp;mReqDiskSense
<LI><a href="#[66]">&gt;&gt;</a>&nbsp;&nbsp;&nbsp;mBulkOnlyCmdPre
<LI><a href="#[35]">&gt;&gt;</a>&nbsp;&nbsp;&nbsp;CH579BulkOnlyCmd
<LI><a href="#[39]">&gt;&gt;</a>&nbsp;&nbsp;&nbsp;CH579DiskConnect
<LI><a href="#[25]">&gt;&gt;</a>&nbsp;&nbsp;&nbsp;mDelaymS
</UL>
<BR>[Called By]<UL><LI><a href="#[1a]">&gt;&gt;</a>&nbsp;&nbsp;&nbsp;main
</UL>

<P><STRONG><a name="[70]"></a>CH579s13</STRONG> (Thumb, 84 bytes, Stack size 0 bytes, CH579MAI.o(.text))
<BR><BR>[Calls]<UL><LI><a href="#[61]">&gt;&gt;</a>&nbsp;&nbsp;&nbsp;CH579s21
<LI><a href="#[5f]">&gt;&gt;</a>&nbsp;&nbsp;&nbsp;mSaveFatSector
<LI><a href="#[5e]">&gt;&gt;</a>&nbsp;&nbsp;&nbsp;mWriteSectorFDT
<LI><a href="#[5c]">&gt;&gt;</a>&nbsp;&nbsp;&nbsp;mReadSectorFDT
</UL>
<BR>[Called By]<UL><LI><a href="#[74]">&gt;&gt;</a>&nbsp;&nbsp;&nbsp;CH579FileAlloc
<LI><a href="#[30]">&gt;&gt;</a>&nbsp;&nbsp;&nbsp;CH579ByteWrite
</UL>

<P><STRONG><a name="[71]"></a>mModifyInfoFree</STRONG> (Thumb, 50 bytes, Stack size 0 bytes, CH579MAI.o(.text))
<BR><BR>[Calls]<UL><LI><a href="#[5e]">&gt;&gt;</a>&nbsp;&nbsp;&nbsp;mWriteSectorFDT
<LI><a href="#[5c]">&gt;&gt;</a>&nbsp;&nbsp;&nbsp;mReadSectorFDT
</UL>
<BR>[Called By]<UL><LI><a href="#[74]">&gt;&gt;</a>&nbsp;&nbsp;&nbsp;CH579FileAlloc
<LI><a href="#[73]">&gt;&gt;</a>&nbsp;&nbsp;&nbsp;CH579FileErase
<LI><a href="#[2e]">&gt;&gt;</a>&nbsp;&nbsp;&nbsp;CH579FileCreate
<LI><a href="#[30]">&gt;&gt;</a>&nbsp;&nbsp;&nbsp;CH579ByteWrite
</UL>

<P><STRONG><a name="[72]"></a>mModifyFileSize</STRONG> (Thumb, 54 bytes, Stack size 0 bytes, CH579MAI.o(.text))
<BR><BR>[Calls]<UL><LI><a href="#[5e]">&gt;&gt;</a>&nbsp;&nbsp;&nbsp;mWriteSectorFDT
<LI><a href="#[5c]">&gt;&gt;</a>&nbsp;&nbsp;&nbsp;mReadSectorFDT
</UL>
<BR>[Called By]<UL><LI><a href="#[31]">&gt;&gt;</a>&nbsp;&nbsp;&nbsp;CH579FileClose
<LI><a href="#[30]">&gt;&gt;</a>&nbsp;&nbsp;&nbsp;CH579ByteWrite
</UL>

<P><STRONG><a name="[31]"></a>CH579FileClose</STRONG> (Thumb, 90 bytes, Stack size 0 bytes, CH579MAI.o(.text))
<BR><BR>[Calls]<UL><LI><a href="#[72]">&gt;&gt;</a>&nbsp;&nbsp;&nbsp;mModifyFileSize
<LI><a href="#[63]">&gt;&gt;</a>&nbsp;&nbsp;&nbsp;mUpdateStatus
</UL>
<BR>[Called By]<UL><LI><a href="#[1a]">&gt;&gt;</a>&nbsp;&nbsp;&nbsp;main
</UL>

<P><STRONG><a name="[73]"></a>CH579FileErase</STRONG> (Thumb, 120 bytes, Stack size 0 bytes, CH579MAI.o(.text))
<BR><BR>[Calls]<UL><LI><a href="#[71]">&gt;&gt;</a>&nbsp;&nbsp;&nbsp;mModifyInfoFree
<LI><a href="#[6c]">&gt;&gt;</a>&nbsp;&nbsp;&nbsp;CH579FileOpen
<LI><a href="#[63]">&gt;&gt;</a>&nbsp;&nbsp;&nbsp;mUpdateStatus
<LI><a href="#[60]">&gt;&gt;</a>&nbsp;&nbsp;&nbsp;CH579s20
<LI><a href="#[5f]">&gt;&gt;</a>&nbsp;&nbsp;&nbsp;mSaveFatSector
<LI><a href="#[5e]">&gt;&gt;</a>&nbsp;&nbsp;&nbsp;mWriteSectorFDT
<LI><a href="#[5c]">&gt;&gt;</a>&nbsp;&nbsp;&nbsp;mReadSectorFDT
</UL>
<BR>[Called By]<UL><LI><a href="#[2e]">&gt;&gt;</a>&nbsp;&nbsp;&nbsp;CH579FileCreate
</UL>

<P><STRONG><a name="[2e]"></a>CH579FileCreate</STRONG> (Thumb, 418 bytes, Stack size 0 bytes, CH579MAI.o(.text))
<BR><BR>[Calls]<UL><LI><a href="#[73]">&gt;&gt;</a>&nbsp;&nbsp;&nbsp;CH579FileErase
<LI><a href="#[71]">&gt;&gt;</a>&nbsp;&nbsp;&nbsp;mModifyInfoFree
<LI><a href="#[6f]">&gt;&gt;</a>&nbsp;&nbsp;&nbsp;mClusterToLba
<LI><a href="#[6c]">&gt;&gt;</a>&nbsp;&nbsp;&nbsp;CH579FileOpen
<LI><a href="#[63]">&gt;&gt;</a>&nbsp;&nbsp;&nbsp;mUpdateStatus
<LI><a href="#[62]">&gt;&gt;</a>&nbsp;&nbsp;&nbsp;CH579s22
<LI><a href="#[60]">&gt;&gt;</a>&nbsp;&nbsp;&nbsp;CH579s20
<LI><a href="#[5f]">&gt;&gt;</a>&nbsp;&nbsp;&nbsp;mSaveFatSector
<LI><a href="#[5e]">&gt;&gt;</a>&nbsp;&nbsp;&nbsp;mWriteSectorFDT
<LI><a href="#[5c]">&gt;&gt;</a>&nbsp;&nbsp;&nbsp;mReadSectorFDT
</UL>
<BR>[Called By]<UL><LI><a href="#[1a]">&gt;&gt;</a>&nbsp;&nbsp;&nbsp;main
</UL>

<P><STRONG><a name="[74]"></a>CH579FileAlloc</STRONG> (Thumb, 224 bytes, Stack size 0 bytes, CH579MAI.o(.text), UNUSED)
<BR><BR>[Calls]<UL><LI><a href="#[71]">&gt;&gt;</a>&nbsp;&nbsp;&nbsp;mModifyInfoFree
<LI><a href="#[70]">&gt;&gt;</a>&nbsp;&nbsp;&nbsp;CH579s13
<LI><a href="#[62]">&gt;&gt;</a>&nbsp;&nbsp;&nbsp;CH579s22
<LI><a href="#[60]">&gt;&gt;</a>&nbsp;&nbsp;&nbsp;CH579s20
<LI><a href="#[5f]">&gt;&gt;</a>&nbsp;&nbsp;&nbsp;mSaveFatSector
</UL>

<P><STRONG><a name="[75]"></a>CH579FileModify</STRONG> (Thumb, 126 bytes, Stack size 0 bytes, CH579MAI.o(.text), UNUSED)
<BR><BR>[Calls]<UL><LI><a href="#[5e]">&gt;&gt;</a>&nbsp;&nbsp;&nbsp;mWriteSectorFDT
<LI><a href="#[5c]">&gt;&gt;</a>&nbsp;&nbsp;&nbsp;mReadSectorFDT
</UL>
<BR>[Called By]<UL><LI><a href="#[76]">&gt;&gt;</a>&nbsp;&nbsp;&nbsp;CH579FileQuery
</UL>

<P><STRONG><a name="[76]"></a>CH579FileQuery</STRONG> (Thumb, 18 bytes, Stack size 0 bytes, CH579MAI.o(.text), UNUSED)
<BR><BR>[Calls]<UL><LI><a href="#[75]">&gt;&gt;</a>&nbsp;&nbsp;&nbsp;CH579FileModify
</UL>

<P><STRONG><a name="[78]"></a>CH579ByteLocate</STRONG> (Thumb, 58 bytes, Stack size 0 bytes, CH579BYT.o(.text), UNUSED)
<BR><BR>[Calls]<UL><LI><a href="#[77]">&gt;&gt;</a>&nbsp;&nbsp;&nbsp;CH579s25
<LI><a href="#[6e]">&gt;&gt;</a>&nbsp;&nbsp;&nbsp;mSectorLocate
</UL>

<P><STRONG><a name="[79]"></a>CH579ByteRead</STRONG> (Thumb, 342 bytes, Stack size 0 bytes, CH579BYT.o(.text), UNUSED)
<BR><BR>[Calls]<UL><LI><a href="#[77]">&gt;&gt;</a>&nbsp;&nbsp;&nbsp;CH579s25
<LI><a href="#[6f]">&gt;&gt;</a>&nbsp;&nbsp;&nbsp;mClusterToLba
<LI><a href="#[60]">&gt;&gt;</a>&nbsp;&nbsp;&nbsp;CH579s20
<LI><a href="#[5c]">&gt;&gt;</a>&nbsp;&nbsp;&nbsp;mReadSectorFDT
<LI><a href="#[33]">&gt;&gt;</a>&nbsp;&nbsp;&nbsp;CH579ReadSector
</UL>

<P><STRONG><a name="[30]"></a>CH579ByteWrite</STRONG> (Thumb, 504 bytes, Stack size 0 bytes, CH579BYT.o(.text))
<BR><BR>[Calls]<UL><LI><a href="#[77]">&gt;&gt;</a>&nbsp;&nbsp;&nbsp;CH579s25
<LI><a href="#[72]">&gt;&gt;</a>&nbsp;&nbsp;&nbsp;mModifyFileSize
<LI><a href="#[71]">&gt;&gt;</a>&nbsp;&nbsp;&nbsp;mModifyInfoFree
<LI><a href="#[70]">&gt;&gt;</a>&nbsp;&nbsp;&nbsp;CH579s13
<LI><a href="#[6f]">&gt;&gt;</a>&nbsp;&nbsp;&nbsp;mClusterToLba
<LI><a href="#[62]">&gt;&gt;</a>&nbsp;&nbsp;&nbsp;CH579s22
<LI><a href="#[60]">&gt;&gt;</a>&nbsp;&nbsp;&nbsp;CH579s20
<LI><a href="#[5f]">&gt;&gt;</a>&nbsp;&nbsp;&nbsp;mSaveFatSector
<LI><a href="#[5e]">&gt;&gt;</a>&nbsp;&nbsp;&nbsp;mWriteSectorFDT
<LI><a href="#[5c]">&gt;&gt;</a>&nbsp;&nbsp;&nbsp;mReadSectorFDT
<LI><a href="#[37]">&gt;&gt;</a>&nbsp;&nbsp;&nbsp;CH579WriteSector
</UL>
<BR>[Called By]<UL><LI><a href="#[1a]">&gt;&gt;</a>&nbsp;&nbsp;&nbsp;main
</UL>

<P><STRONG><a name="[40]"></a>__aeabi_uidivmod</STRONG> (Thumb, 44 bytes, Stack size 0 bytes, uidiv.o(.text))
<BR><BR>[Called By]<UL><LI><a href="#[42]">&gt;&gt;</a>&nbsp;&nbsp;&nbsp;__aeabi_idivmod
<LI><a href="#[58]">&gt;&gt;</a>&nbsp;&nbsp;&nbsp;UART1_BaudRateCfg
<LI><a href="#[44]">&gt;&gt;</a>&nbsp;&nbsp;&nbsp;RTC_GetTime
<LI><a href="#[43]">&gt;&gt;</a>&nbsp;&nbsp;&nbsp;RTC_InitTime
<LI><a href="#[41]">&gt;&gt;</a>&nbsp;&nbsp;&nbsp;Calibration_LSI
<LI><a href="#[3f]">&gt;&gt;</a>&nbsp;&nbsp;&nbsp;GetSysClock
</UL>

<P><STRONG><a name="[42]"></a>__aeabi_idivmod</STRONG> (Thumb, 40 bytes, Stack size 0 bytes, idiv.o(.text), UNUSED)
<BR><BR>[Calls]<UL><LI><a href="#[40]">&gt;&gt;</a>&nbsp;&nbsp;&nbsp;__aeabi_uidivmod
</UL>
<BR>[Called By]<UL><LI><a href="#[43]">&gt;&gt;</a>&nbsp;&nbsp;&nbsp;RTC_InitTime
<LI><a href="#[41]">&gt;&gt;</a>&nbsp;&nbsp;&nbsp;Calibration_LSI
</UL>

<P><STRONG><a name="[2d]"></a>strcpy</STRONG> (Thumb, 18 bytes, Stack size 0 bytes, strcpy.o(.text))
<BR><BR>[Called By]<UL><LI><a href="#[1a]">&gt;&gt;</a>&nbsp;&nbsp;&nbsp;main
</UL>

<P><STRONG><a name="[65]"></a>__aeabi_uread4</STRONG> (Thumb, 20 bytes, Stack size 0 bytes, uread4.o(.text))
<BR><BR>[Called By]<UL><LI><a href="#[35]">&gt;&gt;</a>&nbsp;&nbsp;&nbsp;CH579BulkOnlyCmd
</UL>

<P><STRONG><a name="[34]"></a>__aeabi_uwrite4</STRONG> (Thumb, 18 bytes, Stack size 0 bytes, uwrite4.o(.text))
<BR><BR>[Called By]<UL><LI><a href="#[66]">&gt;&gt;</a>&nbsp;&nbsp;&nbsp;mBulkOnlyCmdPre
<LI><a href="#[35]">&gt;&gt;</a>&nbsp;&nbsp;&nbsp;CH579BulkOnlyCmd
<LI><a href="#[37]">&gt;&gt;</a>&nbsp;&nbsp;&nbsp;CH579WriteSector
<LI><a href="#[33]">&gt;&gt;</a>&nbsp;&nbsp;&nbsp;CH579ReadSector
</UL>

<P><STRONG><a name="[7a]"></a>__aeabi_uldivmod</STRONG> (Thumb, 96 bytes, Stack size 0 bytes, uldiv.o(.text), UNUSED)
<BR><BR>[Calls]<UL><LI><a href="#[7b]">&gt;&gt;</a>&nbsp;&nbsp;&nbsp;__aeabi_llsr
<LI><a href="#[7c]">&gt;&gt;</a>&nbsp;&nbsp;&nbsp;__aeabi_llsl
</UL>
<BR>[Called By]<UL><LI><a href="#[7f]">&gt;&gt;</a>&nbsp;&nbsp;&nbsp;_printf_core
</UL>

<P><STRONG><a name="[20]"></a>__scatterload</STRONG> (Thumb, 28 bytes, Stack size 0 bytes, init.o(.text))
<BR><BR>[Calls]<UL><LI><a href="#[7d]">&gt;&gt;</a>&nbsp;&nbsp;&nbsp;__main_after_scatterload
</UL>
<BR>[Called By]<UL><LI><a href="#[1f]">&gt;&gt;</a>&nbsp;&nbsp;&nbsp;_main_scatterload
</UL>

<P><STRONG><a name="[7c]"></a>__aeabi_llsl</STRONG> (Thumb, 32 bytes, Stack size 0 bytes, llshl.o(.text), UNUSED)
<BR><BR>[Called By]<UL><LI><a href="#[7a]">&gt;&gt;</a>&nbsp;&nbsp;&nbsp;__aeabi_uldivmod
</UL>

<P><STRONG><a name="[7b]"></a>__aeabi_llsr</STRONG> (Thumb, 34 bytes, Stack size 0 bytes, llushr.o(.text), UNUSED)
<BR><BR>[Called By]<UL><LI><a href="#[7a]">&gt;&gt;</a>&nbsp;&nbsp;&nbsp;__aeabi_uldivmod
</UL>

<P><STRONG><a name="[7e]"></a>__0printf$8</STRONG> (Thumb, 24 bytes, Stack size 0 bytes, printf8.o(i.__0printf$8), UNUSED)
<BR><BR>[Calls]<UL><LI><a href="#[7f]">&gt;&gt;</a>&nbsp;&nbsp;&nbsp;_printf_core
</UL>

<P><STRONG><a name="[22]"></a>__2printf</STRONG> (Thumb, 0 bytes, Stack size 0 bytes, printf8.o(i.__0printf$8))
<BR><BR>[Called By]<UL><LI><a href="#[2b]">&gt;&gt;</a>&nbsp;&nbsp;&nbsp;InitRootDevice
<LI><a href="#[2a]">&gt;&gt;</a>&nbsp;&nbsp;&nbsp;AnalyzeRootHub
<LI><a href="#[1a]">&gt;&gt;</a>&nbsp;&nbsp;&nbsp;main
<LI><a href="#[21]">&gt;&gt;</a>&nbsp;&nbsp;&nbsp;mStopIfError
</UL>

<P><STRONG><a name="[80]"></a>__0sprintf$8</STRONG> (Thumb, 36 bytes, Stack size 0 bytes, printf8.o(i.__0sprintf$8), UNUSED)
<BR><BR>[Calls]<UL><LI><a href="#[1e]">&gt;&gt;</a>&nbsp;&nbsp;&nbsp;_sputc
<LI><a href="#[7f]">&gt;&gt;</a>&nbsp;&nbsp;&nbsp;_printf_core
</UL>

<P><STRONG><a name="[2f]"></a>__2sprintf</STRONG> (Thumb, 0 bytes, Stack size 0 bytes, printf8.o(i.__0sprintf$8))
<BR><BR>[Called By]<UL><LI><a href="#[1a]">&gt;&gt;</a>&nbsp;&nbsp;&nbsp;main
</UL>

<P><STRONG><a name="[3e]"></a>__ARM_common_switch8</STRONG> (Thumb, 26 bytes, Stack size 0 bytes, ch57x_clk.o(i.__ARM_common_switch8))
<BR><BR>[Called By]<UL><LI><a href="#[47]">&gt;&gt;</a>&nbsp;&nbsp;&nbsp;GPIOB_ModeCfg
<LI><a href="#[23]">&gt;&gt;</a>&nbsp;&nbsp;&nbsp;SetSysClock
<LI><a href="#[26]">&gt;&gt;</a>&nbsp;&nbsp;&nbsp;GPIOA_ModeCfg
</UL>

<P><STRONG><a name="[1]"></a>NMI_Handler</STRONG> (Thumb, 98 bytes, Stack size 0 bytes, ch57x_int.o(.text))
<BR>[Address Reference Count : 1]<UL><LI> startup_armcm0.o(RESET)
</UL>
<P><STRONG><a name="[83]"></a>LowPower_Halt_1</STRONG> (Thumb, 86 bytes, Stack size 0 bytes, ch57x_int.o(.text), UNUSED)
<BR><BR>[Calls]<UL><LI><a href="#[3d]">&gt;&gt;</a>&nbsp;&nbsp;&nbsp;PowerMonitor (via Veneer)
</UL>
<P>
<H3>
Local Symbols
</H3>
<P><STRONG><a name="[68]"></a>mReturnConnect</STRONG> (Thumb, 50 bytes, Stack size 0 bytes, CH579MAI.o(.text))
<BR><BR>[Called By]<UL><LI><a href="#[67]">&gt;&gt;</a>&nbsp;&nbsp;&nbsp;mReqDiskSense
<LI><a href="#[36]">&gt;&gt;</a>&nbsp;&nbsp;&nbsp;CH579AnalyzeError
</UL>

<P><STRONG><a name="[64]"></a>mBulkOnlyReset</STRONG> (Thumb, 90 bytes, Stack size 0 bytes, CH579MAI.o(.text))
<BR><BR>[Calls]<UL><LI><a href="#[52]">&gt;&gt;</a>&nbsp;&nbsp;&nbsp;CtrlClearEndpStall
<LI><a href="#[4e]">&gt;&gt;</a>&nbsp;&nbsp;&nbsp;CopySetupReqPkg
<LI><a href="#[4c]">&gt;&gt;</a>&nbsp;&nbsp;&nbsp;HostCtrlTransfer
<LI><a href="#[39]">&gt;&gt;</a>&nbsp;&nbsp;&nbsp;CH579DiskConnect
<LI><a href="#[25]">&gt;&gt;</a>&nbsp;&nbsp;&nbsp;mDelaymS
</UL>
<BR>[Called By]<UL><LI><a href="#[6b]">&gt;&gt;</a>&nbsp;&nbsp;&nbsp;CH579s11
<LI><a href="#[35]">&gt;&gt;</a>&nbsp;&nbsp;&nbsp;CH579BulkOnlyCmd
</UL>

<P><STRONG><a name="[66]"></a>mBulkOnlyCmdPre</STRONG> (Thumb, 64 bytes, Stack size 0 bytes, CH579MAI.o(.text))
<BR><BR>[Calls]<UL><LI><a href="#[34]">&gt;&gt;</a>&nbsp;&nbsp;&nbsp;__aeabi_uwrite4
</UL>
<BR>[Called By]<UL><LI><a href="#[6a]">&gt;&gt;</a>&nbsp;&nbsp;&nbsp;CH579s10
<LI><a href="#[69]">&gt;&gt;</a>&nbsp;&nbsp;&nbsp;mGetDiskSize
<LI><a href="#[67]">&gt;&gt;</a>&nbsp;&nbsp;&nbsp;mReqDiskSense
<LI><a href="#[2c]">&gt;&gt;</a>&nbsp;&nbsp;&nbsp;CH579DiskReady
</UL>

<P><STRONG><a name="[67]"></a>mReqDiskSense</STRONG> (Thumb, 44 bytes, Stack size 0 bytes, CH579MAI.o(.text))
<BR><BR>[Calls]<UL><LI><a href="#[66]">&gt;&gt;</a>&nbsp;&nbsp;&nbsp;mBulkOnlyCmdPre
<LI><a href="#[68]">&gt;&gt;</a>&nbsp;&nbsp;&nbsp;mReturnConnect
<LI><a href="#[35]">&gt;&gt;</a>&nbsp;&nbsp;&nbsp;CH579BulkOnlyCmd
<LI><a href="#[25]">&gt;&gt;</a>&nbsp;&nbsp;&nbsp;mDelaymS
</UL>
<BR>[Called By]<UL><LI><a href="#[69]">&gt;&gt;</a>&nbsp;&nbsp;&nbsp;mGetDiskSize
<LI><a href="#[36]">&gt;&gt;</a>&nbsp;&nbsp;&nbsp;CH579AnalyzeError
<LI><a href="#[2c]">&gt;&gt;</a>&nbsp;&nbsp;&nbsp;CH579DiskReady
</UL>

<P><STRONG><a name="[69]"></a>mGetDiskSize</STRONG> (Thumb, 146 bytes, Stack size 0 bytes, CH579MAI.o(.text))
<BR><BR>[Calls]<UL><LI><a href="#[67]">&gt;&gt;</a>&nbsp;&nbsp;&nbsp;mReqDiskSense
<LI><a href="#[66]">&gt;&gt;</a>&nbsp;&nbsp;&nbsp;mBulkOnlyCmdPre
<LI><a href="#[35]">&gt;&gt;</a>&nbsp;&nbsp;&nbsp;CH579BulkOnlyCmd
<LI><a href="#[25]">&gt;&gt;</a>&nbsp;&nbsp;&nbsp;mDelaymS
</UL>
<BR>[Called By]<UL><LI><a href="#[6b]">&gt;&gt;</a>&nbsp;&nbsp;&nbsp;CH579s11
<LI><a href="#[2c]">&gt;&gt;</a>&nbsp;&nbsp;&nbsp;CH579DiskReady
</UL>

<P><STRONG><a name="[6a]"></a>CH579s10</STRONG> (Thumb, 348 bytes, Stack size 0 bytes, CH579MAI.o(.text))
<BR><BR>[Calls]<UL><LI><a href="#[63]">&gt;&gt;</a>&nbsp;&nbsp;&nbsp;mUpdateStatus
<LI><a href="#[5b]">&gt;&gt;</a>&nbsp;&nbsp;&nbsp;CH579DirtyBuffer
<LI><a href="#[66]">&gt;&gt;</a>&nbsp;&nbsp;&nbsp;mBulkOnlyCmdPre
<LI><a href="#[52]">&gt;&gt;</a>&nbsp;&nbsp;&nbsp;CtrlClearEndpStall
<LI><a href="#[51]">&gt;&gt;</a>&nbsp;&nbsp;&nbsp;CtrlSetUsbConfig
<LI><a href="#[4f]">&gt;&gt;</a>&nbsp;&nbsp;&nbsp;CtrlGetConfigDescr
<LI><a href="#[4e]">&gt;&gt;</a>&nbsp;&nbsp;&nbsp;CopySetupReqPkg
<LI><a href="#[4c]">&gt;&gt;</a>&nbsp;&nbsp;&nbsp;HostCtrlTransfer
<LI><a href="#[35]">&gt;&gt;</a>&nbsp;&nbsp;&nbsp;CH579BulkOnlyCmd
<LI><a href="#[36]">&gt;&gt;</a>&nbsp;&nbsp;&nbsp;CH579AnalyzeError
<LI><a href="#[39]">&gt;&gt;</a>&nbsp;&nbsp;&nbsp;CH579DiskConnect
<LI><a href="#[25]">&gt;&gt;</a>&nbsp;&nbsp;&nbsp;mDelaymS
</UL>
<BR>[Called By]<UL><LI><a href="#[6b]">&gt;&gt;</a>&nbsp;&nbsp;&nbsp;CH579s11
<LI><a href="#[2c]">&gt;&gt;</a>&nbsp;&nbsp;&nbsp;CH579DiskReady
</UL>

<P><STRONG><a name="[77]"></a>CH579s25</STRONG> (Thumb, 52 bytes, Stack size 0 bytes, CH579BYT.o(.text))
<BR><BR>[Calls]<UL><LI><a href="#[63]">&gt;&gt;</a>&nbsp;&nbsp;&nbsp;mUpdateStatus
</UL>
<BR>[Called By]<UL><LI><a href="#[79]">&gt;&gt;</a>&nbsp;&nbsp;&nbsp;CH579ByteRead
<LI><a href="#[78]">&gt;&gt;</a>&nbsp;&nbsp;&nbsp;CH579ByteLocate
<LI><a href="#[30]">&gt;&gt;</a>&nbsp;&nbsp;&nbsp;CH579ByteWrite
</UL>

<P><STRONG><a name="[7f]"></a>_printf_core</STRONG> (Thumb, 1020 bytes, Stack size 0 bytes, printf8.o(i._printf_core), UNUSED)
<BR><BR>[Calls]<UL><LI><a href="#[7a]">&gt;&gt;</a>&nbsp;&nbsp;&nbsp;__aeabi_uldivmod
<LI><a href="#[81]">&gt;&gt;</a>&nbsp;&nbsp;&nbsp;_printf_pre_padding
<LI><a href="#[82]">&gt;&gt;</a>&nbsp;&nbsp;&nbsp;_printf_post_padding
</UL>
<BR>[Called By]<UL><LI><a href="#[80]">&gt;&gt;</a>&nbsp;&nbsp;&nbsp;__0sprintf$8
<LI><a href="#[7e]">&gt;&gt;</a>&nbsp;&nbsp;&nbsp;__0printf$8
</UL>

<P><STRONG><a name="[82]"></a>_printf_post_padding</STRONG> (Thumb, 32 bytes, Stack size 0 bytes, printf8.o(i._printf_post_padding), UNUSED)
<BR><BR>[Called By]<UL><LI><a href="#[7f]">&gt;&gt;</a>&nbsp;&nbsp;&nbsp;_printf_core
</UL>

<P><STRONG><a name="[81]"></a>_printf_pre_padding</STRONG> (Thumb, 44 bytes, Stack size 0 bytes, printf8.o(i._printf_pre_padding), UNUSED)
<BR><BR>[Called By]<UL><LI><a href="#[7f]">&gt;&gt;</a>&nbsp;&nbsp;&nbsp;_printf_core
</UL>

<P><STRONG><a name="[1e]"></a>_sputc</STRONG> (Thumb, 10 bytes, Stack size 0 bytes, printf8.o(i._sputc))
<BR><BR>[Called By]<UL><LI><a href="#[80]">&gt;&gt;</a>&nbsp;&nbsp;&nbsp;__0sprintf$8
</UL>
<BR>[Address Reference Count : 1]<UL><LI> printf8.o(i.__0sprintf$8)
</UL><P>
<H3>
Undefined Global Symbols
</H3><HR></body></html>
