Archive member included to satisfy reference by file (symbol)

c:/toolchain/gcc-arm-none-eabi-9-2019-q4-major-win32/bin/../lib/gcc/arm-none-eabi/9.2.1/thumb/v6-m/nofp\libgcc.a(_thumb1_case_sqi.o)
                              ./app/ch57x_usb_device_msc.o (__gnu_thumb1_case_sqi)
c:/toolchain/gcc-arm-none-eabi-9-2019-q4-major-win32/bin/../lib/gcc/arm-none-eabi/9.2.1/thumb/v6-m/nofp\libgcc.a(_thumb1_case_uqi.o)
                              ./app/ch57x_usb_device_msc.o (__gnu_thumb1_case_uqi)
c:/toolchain/gcc-arm-none-eabi-9-2019-q4-major-win32/bin/../lib/gcc/arm-none-eabi/9.2.1/thumb/v6-m/nofp\libgcc.a(_thumb1_case_shi.o)
                              ./app/ff.o (__gnu_thumb1_case_shi)
c:/toolchain/gcc-arm-none-eabi-9-2019-q4-major-win32/bin/../lib/gcc/arm-none-eabi/9.2.1/thumb/v6-m/nofp\libgcc.a(_udivsi3.o)
                              ./app/ff.o (__aeabi_uidiv)
c:/toolchain/gcc-arm-none-eabi-9-2019-q4-major-win32/bin/../lib/gcc/arm-none-eabi/9.2.1/thumb/v6-m/nofp\libgcc.a(_divsi3.o)
                              ./StdPeriphDriver/CH57x_adc.o (__aeabi_idiv)
c:/toolchain/gcc-arm-none-eabi-9-2019-q4-major-win32/bin/../lib/gcc/arm-none-eabi/9.2.1/thumb/v6-m/nofp\libgcc.a(_dvmd_tls.o)
                              c:/toolchain/gcc-arm-none-eabi-9-2019-q4-major-win32/bin/../lib/gcc/arm-none-eabi/9.2.1/thumb/v6-m/nofp\libgcc.a(_udivsi3.o) (__aeabi_idiv0)
c:/toolchain/gcc-arm-none-eabi-9-2019-q4-major-win32/bin/../lib/gcc/arm-none-eabi/9.2.1/../../../../arm-none-eabi/lib/thumb/v6-m/nofp\libg_nano.a(lib_a-malloc.o)
                              ./hal/hal_led.o (malloc)
c:/toolchain/gcc-arm-none-eabi-9-2019-q4-major-win32/bin/../lib/gcc/arm-none-eabi/9.2.1/../../../../arm-none-eabi/lib/thumb/v6-m/nofp\libg_nano.a(lib_a-memcpy-stub.o)
                              ./hal/hal_led.o (memcpy)
c:/toolchain/gcc-arm-none-eabi-9-2019-q4-major-win32/bin/../lib/gcc/arm-none-eabi/9.2.1/../../../../arm-none-eabi/lib/thumb/v6-m/nofp\libg_nano.a(lib_a-memset.o)
                              ./app/peripheral_main.o (memset)
c:/toolchain/gcc-arm-none-eabi-9-2019-q4-major-win32/bin/../lib/gcc/arm-none-eabi/9.2.1/../../../../arm-none-eabi/lib/thumb/v6-m/nofp\libg_nano.a(lib_a-nano-freer.o)
                              c:/toolchain/gcc-arm-none-eabi-9-2019-q4-major-win32/bin/../lib/gcc/arm-none-eabi/9.2.1/../../../../arm-none-eabi/lib/thumb/v6-m/nofp\libg_nano.a(lib_a-malloc.o) (_free_r)
c:/toolchain/gcc-arm-none-eabi-9-2019-q4-major-win32/bin/../lib/gcc/arm-none-eabi/9.2.1/../../../../arm-none-eabi/lib/thumb/v6-m/nofp\libg_nano.a(lib_a-nano-mallocr.o)
                              c:/toolchain/gcc-arm-none-eabi-9-2019-q4-major-win32/bin/../lib/gcc/arm-none-eabi/9.2.1/../../../../arm-none-eabi/lib/thumb/v6-m/nofp\libg_nano.a(lib_a-malloc.o) (_malloc_r)
c:/toolchain/gcc-arm-none-eabi-9-2019-q4-major-win32/bin/../lib/gcc/arm-none-eabi/9.2.1/../../../../arm-none-eabi/lib/thumb/v6-m/nofp\libg_nano.a(lib_a-sbrkr.o)
                              c:/toolchain/gcc-arm-none-eabi-9-2019-q4-major-win32/bin/../lib/gcc/arm-none-eabi/9.2.1/../../../../arm-none-eabi/lib/thumb/v6-m/nofp\libg_nano.a(lib_a-nano-mallocr.o) (_sbrk_r)
c:/toolchain/gcc-arm-none-eabi-9-2019-q4-major-win32/bin/../lib/gcc/arm-none-eabi/9.2.1/../../../../arm-none-eabi/lib/thumb/v6-m/nofp\libg_nano.a(lib_a-strcmp.o)
                              ./hal/hal_led.o (strcmp)
c:/toolchain/gcc-arm-none-eabi-9-2019-q4-major-win32/bin/../lib/gcc/arm-none-eabi/9.2.1/../../../../arm-none-eabi/lib/thumb/v6-m/nofp\libg_nano.a(lib_a-vprintf.o)
                              ./bsp/bsp_log.o (vprintf)
c:/toolchain/gcc-arm-none-eabi-9-2019-q4-major-win32/bin/../lib/gcc/arm-none-eabi/9.2.1/../../../../arm-none-eabi/lib/thumb/v6-m/nofp\libg_nano.a(lib_a-findfp.o)
                              c:/toolchain/gcc-arm-none-eabi-9-2019-q4-major-win32/bin/../lib/gcc/arm-none-eabi/9.2.1/../../../../arm-none-eabi/lib/thumb/v6-m/nofp\libg_nano.a(lib_a-vprintf.o) (__sinit)
c:/toolchain/gcc-arm-none-eabi-9-2019-q4-major-win32/bin/../lib/gcc/arm-none-eabi/9.2.1/../../../../arm-none-eabi/lib/thumb/v6-m/nofp\libg_nano.a(lib_a-fwalk.o)
                              c:/toolchain/gcc-arm-none-eabi-9-2019-q4-major-win32/bin/../lib/gcc/arm-none-eabi/9.2.1/../../../../arm-none-eabi/lib/thumb/v6-m/nofp\libg_nano.a(lib_a-findfp.o) (_fwalk)
c:/toolchain/gcc-arm-none-eabi-9-2019-q4-major-win32/bin/../lib/gcc/arm-none-eabi/9.2.1/../../../../arm-none-eabi/lib/thumb/v6-m/nofp\libg_nano.a(lib_a-impure.o)
                              c:/toolchain/gcc-arm-none-eabi-9-2019-q4-major-win32/bin/../lib/gcc/arm-none-eabi/9.2.1/../../../../arm-none-eabi/lib/thumb/v6-m/nofp\libg_nano.a(lib_a-findfp.o) (_global_impure_ptr)
c:/toolchain/gcc-arm-none-eabi-9-2019-q4-major-win32/bin/../lib/gcc/arm-none-eabi/9.2.1/../../../../arm-none-eabi/lib/thumb/v6-m/nofp\libg_nano.a(lib_a-lock.o)
[...]
Memory Configuration

Name             Origin             Length             Attributes
FLASH            0x00000000         0x0003e800         xr
XRAM             0x20003800         0x00001fff         xrw
RAM              0x20004000         0x00004000         xrw
*default*        0x00000000         0xffffffff

Linker script and memory map

LOAD ./hal/hal_led.o
LOAD ./hal/hal_key.o
LOAD ./hal/hal_log.o
LOAD ./hal/hal_spi.o
LOAD ./hal/hal_device.o
LOAD ./hal/hal_uart.o
LOAD ./bsp/bsp_device.o
LOAD ./bsp/bsp_led.o
LOAD ./bsp/bsp_key.o
LOAD ./bsp/bsp_log.o
LOAD ./bsp/bsp_spi.o
LOAD ./bsp/bsp_uart.o
LOAD ./app/app_flash.o
LOAD ./app/app_led.o
LOAD ./app/app_key.o
LOAD ./app/app_uart.o
LOAD ./app/ch57x_code_flash.o
LOAD ./app/ch57x_usb_device_msc.o
LOAD ./app/diskio.o
LOAD ./app/ff.o
LOAD ./app/ffsystem.o
LOAD ./app/ffunicode.o
LOAD ./app/peripheral_main.o
LOAD ./StdPeriphDriver/CH57x_adc.o
LOAD ./StdPeriphDriver/CH57x_clk.o
LOAD ./StdPeriphDriver/CH57x_flash.o
LOAD ./StdPeriphDriver/CH57x_gpio.o
LOAD ./StdPeriphDriver/CH57x_int.o
LOAD ./StdPeriphDriver/CH57x_lcd.o
LOAD ./StdPeriphDriver/CH57x_pwm.o
LOAD ./StdPeriphDriver/CH57x_pwr.o
LOAD ./StdPeriphDriver/CH57x_spi0.o
LOAD ./StdPeriphDriver/CH57x_spi1.o
LOAD ./StdPeriphDriver/CH57x_sys.o
LOAD ./StdPeriphDriver/CH57x_timer0.o
LOAD ./StdPeriphDriver/CH57x_timer1.o
LOAD ./StdPeriphDriver/CH57x_timer2.o
LOAD ./StdPeriphDriver/CH57x_timer3.o
LOAD ./StdPeriphDriver/CH57x_uart0.o
LOAD ./StdPeriphDriver/CH57x_uart1.o
LOAD ./StdPeriphDriver/CH57x_uart2.o
LOAD ./StdPeriphDriver/CH57x_uart3.o
LOAD ./StdPeriphDriver/CH57x_usbdev.o
LOAD ./Startup/startup_ch579.o
START GROUP
LOAD c:/toolchain/gcc-arm-none-eabi-9-2019-q4-major-win32/bin/../lib/gcc/arm-none-eabi/9.2.1/thumb/v6-m/nofp\libgcc.a
LOAD c:/toolchain/gcc-arm-none-eabi-9-2019-q4-major-win32/bin/../lib/gcc/arm-none-eabi/9.2.1/../../../../arm-none-eabi/lib/thumb/v6-m/nofp\libg_nano.a
LOAD c:/toolchain/gcc-arm-none-eabi-9-2019-q4-major-win32/bin/../lib/gcc/arm-none-eabi/9.2.1/../../../../arm-none-eabi/lib/thumb/v6-m/nofp\libc_nano.a
END GROUP
START GROUP
LOAD c:/toolchain/gcc-arm-none-eabi-9-2019-q4-major-win32/bin/../lib/gcc/arm-none-eabi/9.2.1/thumb/v6-m/nofp\libgcc.a
LOAD c:/toolchain/gcc-arm-none-eabi-9-2019-q4-major-win32/bin/../lib/gcc/arm-none-eabi/9.2.1/../../../../arm-none-eabi/lib/thumb/v6-m/nofp\libc_nano.a
LOAD c:/toolchain/gcc-arm-none-eabi-9-2019-q4-major-win32/bin/../lib/gcc/arm-none-eabi/9.2.1/../../../../arm-none-eabi/lib/thumb/v6-m/nofp\libnosys.a
END GROUP
START GROUP
LOAD c:/toolchain/gcc-arm-none-eabi-9-2019-q4-major-win32/bin/../lib/gcc/arm-none-eabi/9.2.1/thumb/v6-m/nofp\libgcc.a
LOAD c:/toolchain/gcc-arm-none-eabi-9-2019-q4-major-win32/bin/../lib/gcc/arm-none-eabi/9.2.1/../../../../arm-none-eabi/lib/thumb/v6-m/nofp\libc_nano.a
LOAD c:/toolchain/gcc-arm-none-eabi-9-2019-q4-major-win32/bin/../lib/gcc/arm-none-eabi/9.2.1/../../../../arm-none-eabi/lib/thumb/v6-m/nofp\libnosys.a
END GROUP
                0x20008000                _estack = 0x20008000
                0x00000400                _Min_Heap_Size = 0x400
                0x00000400                _Min_Stack_Size = 0x400

.stack_data

.isr_vector     0x00000000       0x90
                0x00000000                . = ALIGN (0x4)
 *(.isr_vector)
 .isr_vector    0x00000000       0x90 ./Startup/startup_ch579.o
                0x00000000                g_pfnVectors
                0x00000090                . = ALIGN (0x4)

.text           0x00000090     0x574c
                0x00000090                . = ALIGN (0x4)
 *(.text)
 .text          0x00000090       0x14 c:/toolchain/gcc-arm-none-eabi-9-2019-q4-major-win32/bin/../lib/gcc/arm-none-eabi/9.2.1/thumb/v6-m/nofp\libgcc.a(_thumb1_case_sqi.o)
                0x00000090                __gnu_thumb1_case_sqi
 .text          0x000000a4       0x14 c:/toolchain/gcc-arm-none-eabi-9-2019-q4-major-win32/bin/../lib/gcc/arm-none-eabi/9.2.1/thumb/v6-m/nofp\libgcc.a(_thumb1_case_uqi.o)
                0x000000a4                __gnu_thumb1_case_uqi
 .text          0x000000b8       0x14 c:/toolchain/gcc-arm-none-eabi-9-2019-q4-major-win32/bin/../lib/gcc/arm-none-eabi/9.2.1/thumb/v6-m/nofp\libgcc.a(_thumb1_case_shi.o)
                0x000000b8                __gnu_thumb1_case_shi
 .text          0x000000cc      0x114 c:/toolchain/gcc-arm-none-eabi-9-2019-q4-major-win32/bin/../lib/gcc/arm-none-eabi/9.2.1/thumb/v6-m/nofp\libgcc.a(_udivsi3.o)
                0x000000cc                __aeabi_uidiv
                0x000000cc                __udivsi3
                0x000001d8                __aeabi_uidivmod
 .text          0x000001e0      0x1d4 c:/toolchain/gcc-arm-none-eabi-9-2019-q4-major-win32/bin/../lib/gcc/arm-none-eabi/9.2.1/thumb/v6-m/nofp\libgcc.a(_divsi3.o)
                0x000001e0                __divsi3
                0x000001e0                __aeabi_idiv
                0x000003ac                __aeabi_idivmod
 .text          0x000003b4        0x4 c:/toolchain/gcc-arm-none-eabi-9-2019-q4-major-win32/bin/../lib/gcc/arm-none-eabi/9.2.1/thumb/v6-m/nofp\libgcc.a(_dvmd_tls.o)
                0x000003b4                __aeabi_idiv0
                0x000003b4                __aeabi_ldiv0
 .text          0x000003b8       0x14 c:/toolchain/gcc-arm-none-eabi-9-2019-q4-major-win32/bin/../lib/gcc/arm-none-eabi/9.2.1/../../../../arm-none-eabi/lib/thumb/v6-m/nofp\libg_nano.a(lib_a-strcmp.o)
                0x000003b8                strcmp
 *(.text*)
 .text.hal_led_write
                0x000003cc       0x30 ./hal/hal_led.o
                0x000003cc                hal_led_write
 .text.hal_led_read
                0x000003fc       0x2c ./hal/hal_led.o
                0x000003fc                hal_led_read
 .text.hal_led_close
                0x00000428       0x2c ./hal/hal_led.o
                0x00000428                hal_led_close
 .text.hal_led_open
                0x00000454       0x48 ./hal/hal_led.o
                0x00000454                hal_led_open
 .text.hal_led_init
                0x0000049c       0xb8 ./hal/hal_led.o
                0x0000049c                hal_led_init
 .text.hal_key_write
                0x00000554       0x24 ./hal/hal_key.o
                0x00000554                hal_key_write
 .text.hal_key_read
                0x00000578       0x20 ./hal/hal_key.o
                0x00000578                hal_key_read
 .text.hal_key_close
                0x00000598       0x20 ./hal/hal_key.o
                0x00000598                hal_key_close
 .text.hal_key_open
                0x000005b8       0x28 ./hal/hal_key.o
                0x000005b8                hal_key_open
 .text.hal_key_init
                0x000005e0       0x9c ./hal/hal_key.o
                0x000005e0                hal_key_init
 .text.hal_spi_write
                0x0000067c       0x2c ./hal/hal_spi.o
                0x0000067c                hal_spi_write
 .text.hal_spi_read
                0x000006a8       0x2c ./hal/hal_spi.o
                0x000006a8                hal_spi_read
 .text.hal_spi_close
                0x000006d4       0x20 ./hal/hal_spi.o
                0x000006d4                hal_spi_close
 .text.hal_spi_open
                0x000006f4       0x28 ./hal/hal_spi.o
                0x000006f4                hal_spi_open
 .text.hal_spi_init
                0x0000071c       0x9c ./hal/hal_spi.o
                0x0000071c                hal_spi_init
 .text.hal_device_find
                0x000007b8       0x2c ./hal/hal_device.o
                0x000007b8                hal_device_find
 .text.hal_uart_write
                0x000007e4       0x34 ./hal/hal_uart.o
                0x000007e4                hal_uart_write
 .text.hal_uart_read
                0x00000818       0x34 ./hal/hal_uart.o
                0x00000818                hal_uart_read
 .text.hal_uart_close
                0x0000084c       0x2c ./hal/hal_uart.o
                0x0000084c                hal_uart_close
 .text.hal_uart_open
                0x00000878       0x48 ./hal/hal_uart.o
                0x00000878                hal_uart_open
 .text.hal_uart_init
                0x000008c0       0xa0 ./hal/hal_uart.o
                0x000008c0                hal_uart_init
 .text.bsp_device_find
                0x00000960       0x2c ./bsp/bsp_device.o
 .text.bsp_device_register
                0x0000098c       0x24 ./bsp/bsp_device.o
                0x0000098c                bsp_device_register
 .text.bsp_device_open
                0x000009b0       0x24 ./bsp/bsp_device.o
                0x000009b0                bsp_device_open
 .text.bsp_device_write
                0x000009d4       0x14 ./bsp/bsp_device.o
                0x000009d4                bsp_device_write
 .text.bsp_device_read
                0x000009e8       0x14 ./bsp/bsp_device.o
                0x000009e8                bsp_device_read
 .text.__bsp_led1_init
                0x000009fc        0xe ./bsp/bsp_led.o
                0x000009fc                __bsp_led1_init
 .text.__bsp_led1_deinit
                0x00000a0a        0x4 ./bsp/bsp_led.o
                0x00000a0a                __bsp_led1_deinit
 *fill*         0x00000a0e        0x2 
 .text.__bsp_led1_write
                0x00000a10       0x30 ./bsp/bsp_led.o
                0x00000a10                __bsp_led1_write
 .text.__bsp_led1_read
                0x00000a40       0x10 ./bsp/bsp_led.o
                0x00000a40                __bsp_led1_read
 .text.__bsp_key1_init
                0x00000a50       0x24 ./bsp/bsp_key.o
                0x00000a50                __bsp_key1_init
 .text.__bsp_key1_deinit
                0x00000a74        0x4 ./bsp/bsp_key.o
                0x00000a74                __bsp_key1_deinit
 .text.__bsp_key1_write
                0x00000a78       0x34 ./bsp/bsp_key.o
                0x00000a78                __bsp_key1_write
 .text.__bsp_key1_read
                0x00000aac       0x10 ./bsp/bsp_key.o
                0x00000aac                __bsp_key1_read
 .text.bsp_log_send_write
                0x00000abc       0x16 ./bsp/bsp_log.o
                0x00000abc                bsp_log_send_write
 *fill*         0x00000ad2        0x2 
 .text.__bsp_spi0_init
                0x00000ad4       0x3c ./bsp/bsp_spi.o
                0x00000ad4                __bsp_spi0_init
 .text.__bsp_spi0_deinit
                0x00000b10        0x2 ./bsp/bsp_spi.o
                0x00000b10                __bsp_spi0_deinit
 *fill*         0x00000b12        0x2 
 .text.__bsp_spi0_read
                0x00000b14       0x54 ./bsp/bsp_spi.o
                0x00000b14                __bsp_spi0_read
 .text.__bsp_spi0_write
                0x00000b68       0x5c ./bsp/bsp_spi.o
                0x00000b68                __bsp_spi0_write
 .text.bsp_uart0_init
                0x00000bc4       0x48 ./bsp/bsp_uart.o
                0x00000bc4                bsp_uart0_init
 .text.bsp_uart0_write
                0x00000c0c        0x8 ./bsp/bsp_uart.o
                0x00000c0c                bsp_uart0_write
 .text.bsp_uart0_read
                0x00000c14        0x8 ./bsp/bsp_uart.o
                0x00000c14                bsp_uart0_read
 .text.bsp_uart0_deinit
                0x00000c1c        0x4 ./bsp/bsp_uart.o
                0x00000c1c                bsp_uart0_deinit
 .text.app_flash_read_status_reg
                0x00000c20       0x2c ./app/app_flash.o
                0x00000c20                app_flash_read_status_reg
 .text.app_flash_wait_busy
                0x00000c4c        0xe ./app/app_flash.o
                0x00000c4c                app_flash_wait_busy
 *fill*         0x00000c5a        0x2 
 .text.app_flash_write_enable
                0x00000c5c       0x24 ./app/app_flash.o
                0x00000c5c                app_flash_write_enable
 .text.app_flash_erase_4k_flash
                0x00000c80       0x34 ./app/app_flash.o
                0x00000c80                app_flash_erase_4k_flash
 .text.app_flash_erase_all_flash
                0x00000cb4       0x30 ./app/app_flash.o
                0x00000cb4                app_flash_erase_all_flash
 .text.app_flash_write
                0x00000ce4       0x64 ./app/app_flash.o
                0x00000ce4                app_flash_write
 .text.app_flash_read
                0x00000d48       0x60 ./app/app_flash.o
                0x00000d48                app_flash_read
 .text.app_flash_read_flashID
                0x00000da8       0x34 ./app/app_flash.o
                0x00000da8                app_flash_read_flashID
 .text.app_flash_init
                0x00000ddc       0x80 ./app/app_flash.o
                0x00000ddc                app_flash_init
 .text.app_led1_init
                0x00000e5c       0x90 ./app/app_led.o
                0x00000e5c                app_led1_init
 .text.app_key1_init
                0x00000eec       0x7c ./app/app_key.o
                0x00000eec                app_key1_init
 .text.app_uart_init
                0x00000f68       0x58 ./app/app_uart.o
                0x00000f68                app_uart_init
 .text.BulkThirteen
                0x00000fc0       0x74 ./app/ch57x_usb_device_msc.o
                0x00000fc0                BulkThirteen
 .text.UFI_modeSense.part.0
                0x00001034       0x34 ./app/ch57x_usb_device_msc.o
 .text.UFI_readCapacity
                0x00001068       0x3c ./app/ch57x_usb_device_msc.o
                0x00001068                UFI_readCapacity
 .text.UFI_inquiry
                0x000010a4       0x3c ./app/ch57x_usb_device_msc.o
                0x000010a4                UFI_inquiry
 .text.UFI_read10
                0x000010e0       0x5c ./app/ch57x_usb_device_msc.o
                0x000010e0                UFI_read10
 .text.UFI_modeSense
                0x0000113c       0x50 ./app/ch57x_usb_device_msc.o
                0x0000113c                UFI_modeSense
 .text.UFI_requestSense
                0x0000118c       0x6c ./app/ch57x_usb_device_msc.o
                0x0000118c                UFI_requestSense
 .text.UFI_testUnit
                0x000011f8       0x2c ./app/ch57x_usb_device_msc.o
                0x000011f8                UFI_testUnit
 .text.UFI_perOrMed
                0x00001224       0x1c ./app/ch57x_usb_device_msc.o
                0x00001224                UFI_perOrMed
 .text.UFI_write
                0x00001240       0x6c ./app/ch57x_usb_device_msc.o
                0x00001240                UFI_write
 .text.UFI_modeSense5
                0x000012ac       0x50 ./app/ch57x_usb_device_msc.o
                0x000012ac                UFI_modeSense5
 .text.UFI_Hunding
                0x000012fc       0xa8 ./app/ch57x_usb_device_msc.o
                0x000012fc                UFI_Hunding
 .text.mCH375BulkOnly
                0x000013a4       0x80 ./app/ch57x_usb_device_msc.o
                0x000013a4                mCH375BulkOnly
 .text.mCH375UpCsw
                0x00001424       0x88 ./app/ch57x_usb_device_msc.o
                0x00001424                mCH375UpCsw
 .text.CH375bulkUpData
                0x000014ac       0x88 ./app/ch57x_usb_device_msc.o
                0x000014ac                CH375bulkUpData
 .text.mCH375BulkDownData
                0x00001534       0x58 ./app/ch57x_usb_device_msc.o
                0x00001534                mCH375BulkDownData
 .text.USB_DevTransProcess
                0x0000158c      0x368 ./app/ch57x_usb_device_msc.o
                0x0000158c                USB_DevTransProcess
 .text.USB_IRQHandler
                0x000018f4        0x8 ./app/ch57x_usb_device_msc.o
                0x000018f4                USB_IRQHandler
 .text.disk_status
                0x000018fc       0x20 ./app/diskio.o
                0x000018fc                disk_status
 .text.disk_initialize
                0x0000191c       0x24 ./app/diskio.o
                0x0000191c                disk_initialize
 .text.disk_read
                0x00001940       0x1e ./app/diskio.o
                0x00001940                disk_read
 .text.disk_ioctl
                0x0000195e       0x28 ./app/diskio.o
                0x0000195e                disk_ioctl
 .text.spi_disk_write
                0x00001986       0x16 ./app/diskio.o
                0x00001986                spi_disk_write
 .text.disk_write
                0x0000199c       0x28 ./app/diskio.o
                0x0000199c                disk_write
 .text.ld_dword
                0x000019c4       0x16 ./app/ff.o
 .text.st_dword
                0x000019da       0x10 ./app/ff.o
 .text.mem_set  0x000019ea        0xc ./app/ff.o
 .text.mem_cmp  0x000019f6       0x1a ./app/ff.o
 .text.clst2sect
                0x00001a10       0x18 ./app/ff.o
 .text.sum_sfn  0x00001a28       0x1c ./app/ff.o
 .text.get_ldnumber
                0x00001a44       0x34 ./app/ff.o
 .text.validate
                0x00001a78       0x3c ./app/ff.o
 .text.mem_cpy.part.0
                0x00001ab4       0x10 ./app/ff.o
 .text.ld_clust.isra.0
                0x00001ac4       0x1e ./app/ff.o
 .text.st_clust.isra.0
                0x00001ae2       0x18 ./app/ff.o
 .text.sync_window
                0x00001afa       0x4a ./app/ff.o
 .text.move_window
                0x00001b44       0x34 ./app/ff.o
 .text.check_fs
                0x00001b78       0x80 ./app/ff.o
 .text.find_volume
                0x00001bf8      0x2f8 ./app/ff.o
 .text.put_fat  0x00001ef0      0x114 ./app/ff.o
 .text.get_fat.isra.0
                0x00002004       0xc4 ./app/ff.o
 .text.dir_sdi  0x000020c8       0x8e ./app/ff.o
 .text.create_chain
                0x00002156       0xec ./app/ff.o
 .text.remove_chain
                0x00002242       0x72 ./app/ff.o
 .text.dir_clear
                0x000022b4       0x54 ./app/ff.o
 .text.dir_next
                0x00002308       0xac ./app/ff.o
 .text.dir_find
                0x000023b4      0x170 ./app/ff.o
 .text.dir_register
                0x00002524      0x258 ./app/ff.o
 .text.sync_fs  0x0000277c       0xb0 ./app/ff.o
 .text.follow_path
                0x0000282c      0x2e8 ./app/ff.o
 .text.f_mount  0x00002b14       0x4c ./app/ff.o
                0x00002b14                f_mount
 .text.f_open   0x00002b60      0x1b4 ./app/ff.o
                0x00002b60                f_open
 .text.f_read   0x00002d14      0x146 ./app/ff.o
                0x00002d14                f_read
 .text.f_write  0x00002e5a      0x190 ./app/ff.o
                0x00002e5a                f_write
 .text.putc_bfd
                0x00002fea       0x36 ./app/ff.o
 .text.putc_flush
                0x00003020       0x2c ./app/ff.o
 .text.f_sync   0x0000304c       0x6a ./app/ff.o
                0x0000304c                f_sync
 .text.f_close  0x000030b6       0x1c ./app/ff.o
                0x000030b6                f_close
 *fill*         0x000030d2        0x2 
 .text.f_mkfs   0x000030d4      0x5d8 ./app/ff.o
                0x000030d4                f_mkfs
 .text.f_printf
                0x000036ac      0x244 ./app/ff.o
                0x000036ac                f_printf
 .text.ff_uni2oem
                0x000038f0       0x38 ./app/ffunicode.o
                0x000038f0                ff_uni2oem
 .text.ff_oem2uni
                0x00003928       0x28 ./app/ffunicode.o
                0x00003928                ff_oem2uni
 .text.ff_wtoupper
                0x00003950       0x94 ./app/ffunicode.o
                0x00003950                ff_wtoupper
 .text.startup.main
                0x000039e4      0x444 ./app/peripheral_main.o
                0x000039e4                main
 .text.UART0_IRQHandler
                0x00003e28       0x6c ./app/peripheral_main.o
                0x00003e28                UART0_IRQHandler
 .text.SYS_IsClkXT32MPon
                0x00003e94       0x10 ./StdPeriphDriver/CH57x_clk.o
 .text.SystemInit
                0x00003ea4       0x3c ./StdPeriphDriver/CH57x_clk.o
                0x00003ea4                SystemInit
 .text.SYS_ClkXT32MPon
                0x00003ee0       0x34 ./StdPeriphDriver/CH57x_clk.o
                0x00003ee0                SYS_ClkXT32MPon
 .text.SYS_ClkINT32MPon
                0x00003f14       0x2c ./StdPeriphDriver/CH57x_clk.o
                0x00003f14                SYS_ClkINT32MPon
 .text.SYS_PLLPon
                0x00003f40       0x38 ./StdPeriphDriver/CH57x_clk.o
                0x00003f40                SYS_PLLPon
 .text.GetSysClock
                0x00003f78       0x44 ./StdPeriphDriver/CH57x_clk.o
                0x00003f78                GetSysClock
 .text.LClk32k_Power
                0x00003fbc       0x90 ./StdPeriphDriver/CH57x_clk.o
                0x00003fbc                LClk32k_Power
 .text.LClk32K_Select
                0x0000404c       0x38 ./StdPeriphDriver/CH57x_clk.o
                0x0000404c                LClk32K_Select
 .text.SetSysClock
                0x00004084      0x1a4 ./StdPeriphDriver/CH57x_clk.o
                0x00004084                SetSysClock
 .text.GPIOA_ModeCfg
                0x00004228       0x64 ./StdPeriphDriver/CH57x_gpio.o
                0x00004228                GPIOA_ModeCfg
 .text.GPIOB_ModeCfg
                0x0000428c       0x64 ./StdPeriphDriver/CH57x_gpio.o
                0x0000428c                GPIOB_ModeCfg
 .text.NMI_Handler
                0x000042f0       0x88 ./StdPeriphDriver/CH57x_int.o
                0x000042f0                NMI_Handler
 .text.PWR_UnitModCfg
                0x00004378       0x70 ./StdPeriphDriver/CH57x_pwr.o
                0x00004378                PWR_UnitModCfg
 .text.PowerMonitor
                0x000043e8       0x44 ./StdPeriphDriver/CH57x_pwr.o
                0x000043e8                PowerMonitor
 .text.SPI0_MasterDefInit
                0x0000442c       0x30 ./StdPeriphDriver/CH57x_spi0.o
                0x0000442c                SPI0_MasterDefInit
 .text.SPI0_CLKCfg
                0x0000445c       0x24 ./StdPeriphDriver/CH57x_spi0.o
                0x0000445c                SPI0_CLKCfg
 .text.SPI0_DataMode
                0x00004480       0x4c ./StdPeriphDriver/CH57x_spi0.o
                0x00004480                SPI0_DataMode
 .text.SPI0_MasterSendByte
                0x000044cc       0x28 ./StdPeriphDriver/CH57x_spi0.o
                0x000044cc                SPI0_MasterSendByte
 .text.SPI0_MasterRecv
                0x000044f4       0x44 ./StdPeriphDriver/CH57x_spi0.o
                0x000044f4                SPI0_MasterRecv
 .text.mDelayuS
                0x00004538       0x58 ./StdPeriphDriver/CH57x_sys.o
                0x00004538                mDelayuS
 .text.mDelaymS
                0x00004590       0x1c ./StdPeriphDriver/CH57x_sys.o
                0x00004590                mDelaymS
 .text._write   0x000045ac       0x28 ./StdPeriphDriver/CH57x_sys.o
                0x000045ac                _write
 .text.UART0_BaudRateCfg
                0x000045d4       0x28 ./StdPeriphDriver/CH57x_uart0.o
                0x000045d4                UART0_BaudRateCfg
 .text.UART0_DefInit
                0x000045fc       0x34 ./StdPeriphDriver/CH57x_uart0.o
                0x000045fc                UART0_DefInit
 .text.UART0_ByteTrigCfg
                0x00004630       0x18 ./StdPeriphDriver/CH57x_uart0.o
                0x00004630                UART0_ByteTrigCfg
 .text.UART0_INTCfg
                0x00004648       0x28 ./StdPeriphDriver/CH57x_uart0.o
                0x00004648                UART0_INTCfg
 .text.UART0_SendString
                0x00004670       0x24 ./StdPeriphDriver/CH57x_uart0.o
                0x00004670                UART0_SendString
 .text.UART0_RecvString
                0x00004694       0x24 ./StdPeriphDriver/CH57x_uart0.o
                0x00004694                UART0_RecvString
 .text.USB_DeviceInit
                0x000046b8       0xcc ./StdPeriphDriver/CH57x_usbdev.o
                0x000046b8                USB_DeviceInit
 .text.Reset_Handler
                0x00004784       0x7c ./Startup/startup_ch579.o
                0x00004784                Reset_Handler
 .text.Default_Handler
                0x00004800        0x2 ./Startup/startup_ch579.o
                0x00004800                GPIO_IRQHandler
                0x00004800                HardFault_Handler
                0x00004800                SysTick_Handler
                0x00004800                PendSV_Handler
                0x00004800                UART1_IRQHandler
                0x00004800                BB_IRQHandler
                0x00004800                SPI1_IRQHandler
                0x00004800                TMR0_IRQHandler
                0x00004800                RTC_IRQHandler
                0x00004800                LED_IRQHandler
                0x00004800                UART2_IRQHandler
                0x00004800                Default_Handler
                0x00004800                ADC_IRQHandler
                0x00004800                TMR2_IRQHandler
                0x00004800                SLAVE_IRQHandler
                0x00004800                WDT_IRQHandler
                0x00004800                SVC_Handler
                0x00004800                LLE_IRQHandler
                0x00004800                ETH_IRQHandler
                0x00004800                TMR3_IRQHandler
                0x00004800                SPI0_IRQHandler
                0x00004800                UART3_IRQHandler
                0x00004800                TMR1_IRQHandler
 *fill*         0x00004802        0x2 
 .text.malloc   0x00004804       0x14 c:/toolchain/gcc-arm-none-eabi-9-2019-q4-major-win32/bin/../lib/gcc/arm-none-eabi/9.2.1/../../../../arm-none-eabi/lib/thumb/v6-m/nofp\libg_nano.a(lib_a-malloc.o)
                0x00004804                malloc
 .text.memcpy   0x00004818       0x12 c:/toolchain/gcc-arm-none-eabi-9-2019-q4-major-win32/bin/../lib/gcc/arm-none-eabi/9.2.1/../../../../arm-none-eabi/lib/thumb/v6-m/nofp\libg_nano.a(lib_a-memcpy-stub.o)
                0x00004818                memcpy
 .text.memset   0x0000482a       0x10 c:/toolchain/gcc-arm-none-eabi-9-2019-q4-major-win32/bin/../lib/gcc/arm-none-eabi/9.2.1/../../../../arm-none-eabi/lib/thumb/v6-m/nofp\libg_nano.a(lib_a-memset.o)
                0x0000482a                memset
 *fill*         0x0000483a        0x2 
 .text._free_r  0x0000483c       0x94 c:/toolchain/gcc-arm-none-eabi-9-2019-q4-major-win32/bin/../lib/gcc/arm-none-eabi/9.2.1/../../../../arm-none-eabi/lib/thumb/v6-m/nofp\libg_nano.a(lib_a-nano-freer.o)
                0x0000483c                _free_r
 .text._malloc_r
                0x000048d0       0xbc c:/toolchain/gcc-arm-none-eabi-9-2019-q4-major-win32/bin/../lib/gcc/arm-none-eabi/9.2.1/../../../../arm-none-eabi/lib/thumb/v6-m/nofp\libg_nano.a(lib_a-nano-mallocr.o)
                0x000048d0                _malloc_r
 .text._sbrk_r  0x0000498c       0x24 c:/toolchain/gcc-arm-none-eabi-9-2019-q4-major-win32/bin/../lib/gcc/arm-none-eabi/9.2.1/../../../../arm-none-eabi/lib/thumb/v6-m/nofp\libg_nano.a(lib_a-sbrkr.o)
                0x0000498c                _sbrk_r
 .text.vprintf  0x000049b0       0x2c c:/toolchain/gcc-arm-none-eabi-9-2019-q4-major-win32/bin/../lib/gcc/arm-none-eabi/9.2.1/../../../../arm-none-eabi/lib/thumb/v6-m/nofp\libg_nano.a(lib_a-vprintf.o)
                0x000049b0                viprintf
                0x000049b0                vprintf
 .text.std      0x000049dc       0x48 c:/toolchain/gcc-arm-none-eabi-9-2019-q4-major-win32/bin/../lib/gcc/arm-none-eabi/9.2.1/../../../../arm-none-eabi/lib/thumb/v6-m/nofp\libg_nano.a(lib_a-findfp.o)
 .text._cleanup_r
                0x00004a24       0x10 c:/toolchain/gcc-arm-none-eabi-9-2019-q4-major-win32/bin/../lib/gcc/arm-none-eabi/9.2.1/../../../../arm-none-eabi/lib/thumb/v6-m/nofp\libg_nano.a(lib_a-findfp.o)
                0x00004a24                _cleanup_r
 .text.__sfmoreglue
                0x00004a34       0x2c c:/toolchain/gcc-arm-none-eabi-9-2019-q4-major-win32/bin/../lib/gcc/arm-none-eabi/9.2.1/../../../../arm-none-eabi/lib/thumb/v6-m/nofp\libg_nano.a(lib_a-findfp.o)
                0x00004a34                __sfmoreglue
 .text.__sfp_lock_acquire
                0x00004a60       0x10 c:/toolchain/gcc-arm-none-eabi-9-2019-q4-major-win32/bin/../lib/gcc/arm-none-eabi/9.2.1/../../../../arm-none-eabi/lib/thumb/v6-m/nofp\libg_nano.a(lib_a-findfp.o)
                0x00004a60                __sfp_lock_acquire
 .text.__sfp_lock_release
                0x00004a70       0x10 c:/toolchain/gcc-arm-none-eabi-9-2019-q4-major-win32/bin/../lib/gcc/arm-none-eabi/9.2.1/../../../../arm-none-eabi/lib/thumb/v6-m/nofp\libg_nano.a(lib_a-findfp.o)
                0x00004a70                __sfp_lock_release
 .text.__sinit_lock_acquire
                0x00004a80       0x10 c:/toolchain/gcc-arm-none-eabi-9-2019-q4-major-win32/bin/../lib/gcc/arm-none-eabi/9.2.1/../../../../arm-none-eabi/lib/thumb/v6-m/nofp\libg_nano.a(lib_a-findfp.o)
                0x00004a80                __sinit_lock_acquire
 .text.__sinit_lock_release
                0x00004a90       0x10 c:/toolchain/gcc-arm-none-eabi-9-2019-q4-major-win32/bin/../lib/gcc/arm-none-eabi/9.2.1/../../../../arm-none-eabi/lib/thumb/v6-m/nofp\libg_nano.a(lib_a-findfp.o)
                0x00004a90                __sinit_lock_release
 .text.__sinit  0x00004aa0       0x70 c:/toolchain/gcc-arm-none-eabi-9-2019-q4-major-win32/bin/../lib/gcc/arm-none-eabi/9.2.1/../../../../arm-none-eabi/lib/thumb/v6-m/nofp\libg_nano.a(lib_a-findfp.o)
                0x00004aa0                __sinit
 .text.__sfp    0x00004b10       0x90 c:/toolchain/gcc-arm-none-eabi-9-2019-q4-major-win32/bin/../lib/gcc/arm-none-eabi/9.2.1/../../../../arm-none-eabi/lib/thumb/v6-m/nofp\libg_nano.a(lib_a-findfp.o)
                0x00004b10                __sfp
 .text._fwalk_reent
                0x00004ba0       0x40 c:/toolchain/gcc-arm-none-eabi-9-2019-q4-major-win32/bin/../lib/gcc/arm-none-eabi/9.2.1/../../../../arm-none-eabi/lib/thumb/v6-m/nofp\libg_nano.a(lib_a-fwalk.o)
                0x00004ba0                _fwalk_reent
 .text.__retarget_lock_init_recursive
                0x00004be0        0x2 c:/toolchain/gcc-arm-none-eabi-9-2019-q4-major-win32/bin/../lib/gcc/arm-none-eabi/9.2.1/../../../../arm-none-eabi/lib/thumb/v6-m/nofp\libg_nano.a(lib_a-lock.o)
                0x00004be0                __retarget_lock_init_recursive
 .text.__retarget_lock_acquire_recursive
                0x00004be2        0x2 c:/toolchain/gcc-arm-none-eabi-9-2019-q4-major-win32/bin/../lib/gcc/arm-none-eabi/9.2.1/../../../../arm-none-eabi/lib/thumb/v6-m/nofp\libg_nano.a(lib_a-lock.o)
                0x00004be2                __retarget_lock_acquire_recursive
 .text.__retarget_lock_release_recursive
                0x00004be4        0x2 c:/toolchain/gcc-arm-none-eabi-9-2019-q4-major-win32/bin/../lib/gcc/arm-none-eabi/9.2.1/../../../../arm-none-eabi/lib/thumb/v6-m/nofp\libg_nano.a(lib_a-lock.o)
                0x00004be4                __retarget_lock_release_recursive
 *fill*         0x00004be6        0x2 
 .text.__malloc_lock
                0x00004be8       0x10 c:/toolchain/gcc-arm-none-eabi-9-2019-q4-major-win32/bin/../lib/gcc/arm-none-eabi/9.2.1/../../../../arm-none-eabi/lib/thumb/v6-m/nofp\libg_nano.a(lib_a-mlock.o)
                0x00004be8                __malloc_lock
 .text.__malloc_unlock
                0x00004bf8       0x10 c:/toolchain/gcc-arm-none-eabi-9-2019-q4-major-win32/bin/../lib/gcc/arm-none-eabi/9.2.1/../../../../arm-none-eabi/lib/thumb/v6-m/nofp\libg_nano.a(lib_a-mlock.o)
                0x00004bf8                __malloc_unlock
 .text.__sfputc_r
                0x00004c08       0x2a c:/toolchain/gcc-arm-none-eabi-9-2019-q4-major-win32/bin/../lib/gcc/arm-none-eabi/9.2.1/../../../../arm-none-eabi/lib/thumb/v6-m/nofp\libg_nano.a(lib_a-nano-vfprintf.o)
 .text.__sfputs_r
                0x00004c32       0x24 c:/toolchain/gcc-arm-none-eabi-9-2019-q4-major-win32/bin/../lib/gcc/arm-none-eabi/9.2.1/../../../../arm-none-eabi/lib/thumb/v6-m/nofp\libg_nano.a(lib_a-nano-vfprintf.o)
                0x00004c32                __sfputs_r
 *fill*         0x00004c56        0x2 
 .text._vfprintf_r
                0x00004c58      0x274 c:/toolchain/gcc-arm-none-eabi-9-2019-q4-major-win32/bin/../lib/gcc/arm-none-eabi/9.2.1/../../../../arm-none-eabi/lib/thumb/v6-m/nofp\libg_nano.a(lib_a-nano-vfprintf.o)
                0x00004c58                _vfprintf_r
                0x00004c58                _vfiprintf_r
 .text._printf_common
                0x00004ecc       0xde c:/toolchain/gcc-arm-none-eabi-9-2019-q4-major-win32/bin/../lib/gcc/arm-none-eabi/9.2.1/../../../../arm-none-eabi/lib/thumb/v6-m/nofp\libg_nano.a(lib_a-nano-vfprintf_i.o)
                0x00004ecc                _printf_common
 *fill*         0x00004faa        0x2 
 .text._printf_i
                0x00004fac      0x224 c:/toolchain/gcc-arm-none-eabi-9-2019-q4-major-win32/bin/../lib/gcc/arm-none-eabi/9.2.1/../../../../arm-none-eabi/lib/thumb/v6-m/nofp\libg_nano.a(lib_a-nano-vfprintf_i.o)
                0x00004fac                _printf_i
 .text.__sread  0x000051d0       0x28 c:/toolchain/gcc-arm-none-eabi-9-2019-q4-major-win32/bin/../lib/gcc/arm-none-eabi/9.2.1/../../../../arm-none-eabi/lib/thumb/v6-m/nofp\libg_nano.a(lib_a-stdio.o)
                0x000051d0                __sread
 .text.__swrite
                0x000051f8       0x38 c:/toolchain/gcc-arm-none-eabi-9-2019-q4-major-win32/bin/../lib/gcc/arm-none-eabi/9.2.1/../../../../arm-none-eabi/lib/thumb/v6-m/nofp\libg_nano.a(lib_a-stdio.o)
                0x000051f8                __swrite
 .text.__sseek  0x00005230       0x2c c:/toolchain/gcc-arm-none-eabi-9-2019-q4-major-win32/bin/../lib/gcc/arm-none-eabi/9.2.1/../../../../arm-none-eabi/lib/thumb/v6-m/nofp\libg_nano.a(lib_a-stdio.o)
                0x00005230                __sseek
 .text.__sclose
                0x0000525c        0xc c:/toolchain/gcc-arm-none-eabi-9-2019-q4-major-win32/bin/../lib/gcc/arm-none-eabi/9.2.1/../../../../arm-none-eabi/lib/thumb/v6-m/nofp\libg_nano.a(lib_a-stdio.o)
                0x0000525c                __sclose
 .text.__swbuf_r
                0x00005268       0xac c:/toolchain/gcc-arm-none-eabi-9-2019-q4-major-win32/bin/../lib/gcc/arm-none-eabi/9.2.1/../../../../arm-none-eabi/lib/thumb/v6-m/nofp\libg_nano.a(lib_a-wbuf.o)
                0x00005268                __swbuf_r
 .text._write_r
                0x00005314       0x28 c:/toolchain/gcc-arm-none-eabi-9-2019-q4-major-win32/bin/../lib/gcc/arm-none-eabi/9.2.1/../../../../arm-none-eabi/lib/thumb/v6-m/nofp\libg_nano.a(lib_a-writer.o)
                0x00005314                _write_r
 .text.__swsetup_r
                0x0000533c       0xf0 c:/toolchain/gcc-arm-none-eabi-9-2019-q4-major-win32/bin/../lib/gcc/arm-none-eabi/9.2.1/../../../../arm-none-eabi/lib/thumb/v6-m/nofp\libg_nano.a(lib_a-wsetup.o)
                0x0000533c                __swsetup_r
 .text._close_r
                0x0000542c       0x24 c:/toolchain/gcc-arm-none-eabi-9-2019-q4-major-win32/bin/../lib/gcc/arm-none-eabi/9.2.1/../../../../arm-none-eabi/lib/thumb/v6-m/nofp\libg_nano.a(lib_a-closer.o)
                0x0000542c                _close_r
 .text.__sflush_r
                0x00005450      0x118 c:/toolchain/gcc-arm-none-eabi-9-2019-q4-major-win32/bin/../lib/gcc/arm-none-eabi/9.2.1/../../../../arm-none-eabi/lib/thumb/v6-m/nofp\libg_nano.a(lib_a-fflush.o)
                0x00005450                __sflush_r
 .text._fflush_r
                0x00005568       0x80 c:/toolchain/gcc-arm-none-eabi-9-2019-q4-major-win32/bin/../lib/gcc/arm-none-eabi/9.2.1/../../../../arm-none-eabi/lib/thumb/v6-m/nofp\libg_nano.a(lib_a-fflush.o)
                0x00005568                _fflush_r
 .text._lseek_r
                0x000055e8       0x28 c:/toolchain/gcc-arm-none-eabi-9-2019-q4-major-win32/bin/../lib/gcc/arm-none-eabi/9.2.1/../../../../arm-none-eabi/lib/thumb/v6-m/nofp\libg_nano.a(lib_a-lseekr.o)
                0x000055e8                _lseek_r
 .text.__swhatbuf_r
                0x00005610       0x50 c:/toolchain/gcc-arm-none-eabi-9-2019-q4-major-win32/bin/../lib/gcc/arm-none-eabi/9.2.1/../../../../arm-none-eabi/lib/thumb/v6-m/nofp\libg_nano.a(lib_a-makebuf.o)
                0x00005610                __swhatbuf_r
 .text.__smakebuf_r
                0x00005660       0x88 c:/toolchain/gcc-arm-none-eabi-9-2019-q4-major-win32/bin/../lib/gcc/arm-none-eabi/9.2.1/../../../../arm-none-eabi/lib/thumb/v6-m/nofp\libg_nano.a(lib_a-makebuf.o)
                0x00005660                __smakebuf_r
 .text.memchr   0x000056e8       0x16 c:/toolchain/gcc-arm-none-eabi-9-2019-q4-major-win32/bin/../lib/gcc/arm-none-eabi/9.2.1/../../../../arm-none-eabi/lib/thumb/v6-m/nofp\libg_nano.a(lib_a-memchr-stub.o)
                0x000056e8                memchr
 *fill*         0x000056fe        0x2 
 .text._read_r  0x00005700       0x28 c:/toolchain/gcc-arm-none-eabi-9-2019-q4-major-win32/bin/../lib/gcc/arm-none-eabi/9.2.1/../../../../arm-none-eabi/lib/thumb/v6-m/nofp\libg_nano.a(lib_a-readr.o)
                0x00005700                _read_r
 .text._fstat_r
                0x00005728       0x24 c:/toolchain/gcc-arm-none-eabi-9-2019-q4-major-win32/bin/../lib/gcc/arm-none-eabi/9.2.1/../../../../arm-none-eabi/lib/thumb/v6-m/nofp\libg_nano.a(lib_a-fstatr.o)
                0x00005728                _fstat_r
 .text._isatty_r
                0x0000574c       0x24 c:/toolchain/gcc-arm-none-eabi-9-2019-q4-major-win32/bin/../lib/gcc/arm-none-eabi/9.2.1/../../../../arm-none-eabi/lib/thumb/v6-m/nofp\libg_nano.a(lib_a-isattyr.o)
                0x0000574c                _isatty_r
 .text._close   0x00005770       0x10 c:/toolchain/gcc-arm-none-eabi-9-2019-q4-major-win32/bin/../lib/gcc/arm-none-eabi/9.2.1/../../../../arm-none-eabi/lib/thumb/v6-m/nofp\libnosys.a(close.o)
                0x00005770                _close
 .text._fstat   0x00005780       0x10 c:/toolchain/gcc-arm-none-eabi-9-2019-q4-major-win32/bin/../lib/gcc/arm-none-eabi/9.2.1/../../../../arm-none-eabi/lib/thumb/v6-m/nofp\libnosys.a(fstat.o)
                0x00005780                _fstat
 .text._isatty  0x00005790       0x10 c:/toolchain/gcc-arm-none-eabi-9-2019-q4-major-win32/bin/../lib/gcc/arm-none-eabi/9.2.1/../../../../arm-none-eabi/lib/thumb/v6-m/nofp\libnosys.a(isatty.o)
                0x00005790                _isatty
 .text._lseek   0x000057a0       0x10 c:/toolchain/gcc-arm-none-eabi-9-2019-q4-major-win32/bin/../lib/gcc/arm-none-eabi/9.2.1/../../../../arm-none-eabi/lib/thumb/v6-m/nofp\libnosys.a(lseek.o)
                0x000057a0                _lseek
 .text._read    0x000057b0       0x10 c:/toolchain/gcc-arm-none-eabi-9-2019-q4-major-win32/bin/../lib/gcc/arm-none-eabi/9.2.1/../../../../arm-none-eabi/lib/thumb/v6-m/nofp\libnosys.a(read.o)
                0x000057b0                _read
 .text._sbrk    0x000057c0       0x1c c:/toolchain/gcc-arm-none-eabi-9-2019-q4-major-win32/bin/../lib/gcc/arm-none-eabi/9.2.1/../../../../arm-none-eabi/lib/thumb/v6-m/nofp\libnosys.a(sbrk.o)
                0x000057c0                _sbrk
 *(.glue_7)
 .glue_7        0x000057dc        0x0 linker stubs
 *(.glue_7t)
 .glue_7t       0x000057dc        0x0 linker stubs
 *(.eh_frame)
 *(.init)
 *(.fini)
                0x000057dc                . = ALIGN (0x4)
                0x000057dc                _etext = .

.vfp11_veneer   0x000057dc        0x0
 .vfp11_veneer  0x000057dc        0x0 linker stubs

.v4_bx          0x000057dc        0x0
 .v4_bx         0x000057dc        0x0 linker stubs

.iplt           0x000057dc        0x0
 .iplt          0x000057dc        0x0 ./hal/hal_led.o

.rodata         0x000057dc      0xd20
                0x000057dc                . = ALIGN (0x4)
 *(.rodata)
 .rodata        0x000057dc        0x8 ./app/peripheral_main.o
 *(.rodata*)
 .rodata.hal_led_init.str1.1
                0x000057e4       0x35 ./hal/hal_led.o
 .rodata.hal_key_init.str1.1
                0x00005819       0x11 ./hal/hal_key.o
                                 0x35 (size before relaxing)
 .rodata.hal_spi_init.str1.1
                0x0000582a       0x11 ./hal/hal_spi.o
                                 0x35 (size before relaxing)
 .rodata.__bsp_key1_init.str1.1
                0x0000583b       0x2e ./bsp/bsp_key.o
 *fill*         0x00005869        0x1 
 .rodata.app_flash_read.cst2
                0x0000586a        0x2 ./app/app_flash.o
 .rodata.app_flash_init.str1.1
                0x0000586c       0xbb ./app/app_flash.o
 .rodata.app_led1_init.str1.1
                0x00005927       0x56 ./app/app_led.o
                                 0x7e (size before relaxing)
 .rodata.app_key1_init.str1.1
                0x0000597d       0x16 ./app/app_key.o
                                 0x6b (size before relaxing)
 .rodata.app_uart_init.str1.1
                0x00005993       0x18 ./app/app_uart.o
                                 0x6d (size before relaxing)
 .rodata.DBCAPACITY
                0x000059ab        0x8 ./app/ch57x_usb_device_msc.o
                0x000059ab                DBCAPACITY
 .rodata.DBINQUITY
                0x000059b3       0x24 ./app/ch57x_usb_device_msc.o
                0x000059b3                DBINQUITY
 .rodata.MAX_LUN
                0x000059d7        0x1 ./app/ch57x_usb_device_msc.o
                0x000059d7                MAX_LUN
 .rodata.MyCfgDescr
                0x000059d8       0x20 ./app/ch57x_usb_device_msc.o
                0x000059d8                MyCfgDescr
 .rodata.MyDevDescr
                0x000059f8       0x12 ./app/ch57x_usb_device_msc.o
                0x000059f8                MyDevDescr
 .rodata.MyLangDescr
                0x00005a0a        0x4 ./app/ch57x_usb_device_msc.o
                0x00005a0a                MyLangDescr
 .rodata.MyManuInfo
                0x00005a0e        0xe ./app/ch57x_usb_device_msc.o
                0x00005a0e                MyManuInfo
 .rodata.MyProdInfo
                0x00005a1c        0xc ./app/ch57x_usb_device_msc.o
                0x00005a1c                MyProdInfo
 .rodata.mode5sense3F
                0x00005a28       0x10 ./app/ch57x_usb_device_msc.o
                0x00005a28                mode5sense3F
 .rodata.modesense3F
                0x00005a38        0xc ./app/ch57x_usb_device_msc.o
                0x00005a38                modesense3F
 .rodata.check_fs.str1.1
                0x00005a44        0xa ./app/ff.o
 .rodata.follow_path.str1.1
                0x00005a4e       0x10 ./app/ff.o
 .rodata.f_mkfs.str1.1
                0x00005a5e       0x34 ./app/ff.o
 .rodata.ExCvt  0x00005a92       0x80 ./app/ff.o
 .rodata.LfnOfs
                0x00005b12        0xd ./app/ff.o
 *fill*         0x00005b1f        0x1 
 .rodata.cst.4958
                0x00005b20        0xe ./app/ff.o
 .rodata.cst32.4959
                0x00005b2e        0xe ./app/ff.o
 .rodata.cvt1.4374
                0x00005b3c      0x1f2 ./app/ffunicode.o
 .rodata.cvt2.4375
                0x00005d2e       0xbc ./app/ffunicode.o
 .rodata.uc437  0x00005dea      0x100 ./app/ffunicode.o
 .rodata.main.str1.1
                0x00005eea      0x555 ./app/peripheral_main.o
                                0x565 (size before relaxing)
 .rodata.UART0_IRQHandler.str1.1
                0x0000643f       0x23 ./app/peripheral_main.o
 *fill*         0x00006462        0x2 
 .rodata.__sf_fake_stderr
                0x00006464       0x20 c:/toolchain/gcc-arm-none-eabi-9-2019-q4-major-win32/bin/../lib/gcc/arm-none-eabi/9.2.1/../../../../arm-none-eabi/lib/thumb/v6-m/nofp\libg_nano.a(lib_a-findfp.o)
                0x00006464                __sf_fake_stderr
 .rodata.__sf_fake_stdin
                0x00006484       0x20 c:/toolchain/gcc-arm-none-eabi-9-2019-q4-major-win32/bin/../lib/gcc/arm-none-eabi/9.2.1/../../../../arm-none-eabi/lib/thumb/v6-m/nofp\libg_nano.a(lib_a-findfp.o)
                0x00006484                __sf_fake_stdin
 .rodata.__sf_fake_stdout
                0x000064a4       0x20 c:/toolchain/gcc-arm-none-eabi-9-2019-q4-major-win32/bin/../lib/gcc/arm-none-eabi/9.2.1/../../../../arm-none-eabi/lib/thumb/v6-m/nofp\libg_nano.a(lib_a-findfp.o)
                0x000064a4                __sf_fake_stdout
 .rodata._global_impure_ptr
                0x000064c4        0x4 c:/toolchain/gcc-arm-none-eabi-9-2019-q4-major-win32/bin/../lib/gcc/arm-none-eabi/9.2.1/../../../../arm-none-eabi/lib/thumb/v6-m/nofp\libg_nano.a(lib_a-impure.o)
                0x000064c4                _global_impure_ptr
 .rodata._vfprintf_r.str1.1
                0x000064c8       0x11 c:/toolchain/gcc-arm-none-eabi-9-2019-q4-major-win32/bin/../lib/gcc/arm-none-eabi/9.2.1/../../../../arm-none-eabi/lib/thumb/v6-m/nofp\libg_nano.a(lib_a-nano-vfprintf.o)
 .rodata._printf_i.str1.1
                0x000064d9       0x22 c:/toolchain/gcc-arm-none-eabi-9-2019-q4-major-win32/bin/../lib/gcc/arm-none-eabi/9.2.1/../../../../arm-none-eabi/lib/thumb/v6-m/nofp\libg_nano.a(lib_a-nano-vfprintf_i.o)
                0x000064fc                . = ALIGN (0x4)
 *fill*         0x000064fb        0x1 

.rel.dyn        0x000064fc        0x0
 .rel.iplt      0x000064fc        0x0 ./hal/hal_led.o

.ARM.extab
 *(.ARM.extab* .gnu.linkonce.armextab.*)

.ARM            0x000064fc        0x0
                0x000064fc                __exidx_start = .
 *(.ARM.exidx*)
                0x000064fc                __exidx_end = .

.preinit_array  0x000064fc        0x0
                [!provide]                PROVIDE (__preinit_array_start = .)
 *(.preinit_array*)
                [!provide]                PROVIDE (__preinit_array_end = .)

.init_array     0x000064fc        0x0
                [!provide]                PROVIDE (__init_array_start = .)
 *(SORT_BY_NAME(.init_array.*))
 *(.init_array*)
                [!provide]                PROVIDE (__init_array_end = .)

.fini_array     0x000064fc        0x0
                [!provide]                PROVIDE (__fini_array_start = .)
 *(SORT_BY_NAME(.fini_array.*))
 *(.fini_array*)
                [!provide]                PROVIDE (__fini_array_end = .)
                0x000064fc                _sidata = LOADADDR (.data)

.data           0x20004000      0x15c load address 0x000064fc
                0x20004000                . = ALIGN (0x4)
                0x20004000                _sdata = .
 *(.data)
 *(.data*)
 .data.app_flash_fd
                0x20004000        0x4 ./app/app_flash.o
                0x20004000                app_flash_fd
 .data.spi0_config
                0x20004004       0x2c ./app/app_flash.o
                0x20004004                spi0_config
 .data.app_led_fd
                0x20004030        0x4 ./app/app_led.o
                0x20004030                app_led_fd
 .data.led1_config
                0x20004034       0x2c ./app/app_led.o
                0x20004034                led1_config
 .data.app_key_fd
                0x20004060        0x4 ./app/app_key.o
                0x20004060                app_key_fd
 .data.key1_config
                0x20004064       0x2c ./app/app_key.o
                0x20004064                key1_config
 .data.app_uart_fd
                0x20004090        0x4 ./app/app_uart.o
                0x20004090                app_uart_fd
 .data.uart0_config
                0x20004094       0x2c ./app/app_uart.o
                0x20004094                uart0_config
 .data.WriteBuffer
                0x200040c0       0x1a ./app/peripheral_main.o
                0x200040c0                WriteBuffer
 .data.WriteBuffer2
                0x200040da       0x1d ./app/peripheral_main.o
                0x200040da                WriteBuffer2
 *fill*         0x200040f7        0x1 
 .data._impure_ptr
                0x200040f8        0x4 c:/toolchain/gcc-arm-none-eabi-9-2019-q4-major-win32/bin/../lib/gcc/arm-none-eabi/9.2.1/../../../../arm-none-eabi/lib/thumb/v6-m/nofp\libg_nano.a(lib_a-impure.o)
                0x200040f8                _impure_ptr
 .data.impure_data
                0x200040fc       0x60 c:/toolchain/gcc-arm-none-eabi-9-2019-q4-major-win32/bin/../lib/gcc/arm-none-eabi/9.2.1/../../../../arm-none-eabi/lib/thumb/v6-m/nofp\libg_nano.a(lib_a-impure.o)
                0x2000415c                . = ALIGN (0x4)
                0x2000415c                _edata = .

.igot.plt       0x2000415c        0x0 load address 0x00006658
 .igot.plt      0x2000415c        0x0 ./hal/hal_led.o
                0x2000415c                . = ALIGN (0x4)

.bss            0x2000415c     0x268c load address 0x00006658
                0x2000415c                _sbss = .
                0x2000415c                __bss_start__ = _sbss
 *(.bss)
 *(.bss*)
 .bss.hal_led_device_list
                0x2000415c        0x8 ./hal/hal_led.o
                0x2000415c                hal_led_device_list
 .bss.local_led_list
                0x20004164        0x8 ./hal/hal_led.o
                0x20004164                local_led_list
 .bss.hal_key_device_list
                0x2000416c        0x4 ./hal/hal_key.o
                0x2000416c                hal_key_device_list
 .bss.local_key_list
                0x20004170        0x4 ./hal/hal_key.o
                0x20004170                local_key_list
 .bss.hal_spi_device_list
                0x20004174        0x4 ./hal/hal_spi.o
                0x20004174                hal_spi_device_list
 .bss.local_spi_list
                0x20004178        0x4 ./hal/hal_spi.o
                0x20004178                local_spi_list
 .bss.hdev_list
                0x2000417c        0x4 ./hal/hal_device.o
                0x2000417c                hdev_list
 .bss.hal_uart_device_list
                0x20004180        0x8 ./hal/hal_uart.o
                0x20004180                hal_uart_device_list
 .bss.local_uart_list
                0x20004188        0x8 ./hal/hal_uart.o
                0x20004188                local_uart_list
 .bss.global_device_list
                0x20004190       0x28 ./bsp/bsp_device.o
                0x20004190                global_device_list
 .bss.led_blue_dev
                0x200041b8        0x4 ./app/app_led.o
                0x200041b8                led_blue_dev
 .bss.led_green_dev
                0x200041bc        0x4 ./app/app_led.o
                0x200041bc                led_green_dev
 .bss.key_dev   0x200041c0        0x4 ./app/app_key.o
                0x200041c0                key_dev
 .bss.BcswStatus
                0x200041c4        0x1 ./app/ch57x_usb_device_msc.o
                0x200041c4                BcswStatus
 .bss.CH375BULKDOWN
                0x200041c5        0x1 ./app/ch57x_usb_device_msc.o
                0x200041c5                CH375BULKDOWN
 .bss.CH375BULKUP
                0x200041c6        0x1 ./app/ch57x_usb_device_msc.o
                0x200041c6                CH375BULKUP
 .bss.CH375CSW  0x200041c7        0x1 ./app/ch57x_usb_device_msc.o
                0x200041c7                CH375CSW
 .bss.DevConfig
                0x200041c8        0x1 ./app/ch57x_usb_device_msc.o
                0x200041c8                DevConfig
 *fill*         0x200041c9        0x3 
 .bss.EP0_Databuf
                0x200041cc       0x40 ./app/ch57x_usb_device_msc.o
                0x200041cc                EP0_Databuf
 .bss.EP1_Databuf
                0x2000420c       0x80 ./app/ch57x_usb_device_msc.o
                0x2000420c                EP1_Databuf
 .bss.FSTALL    0x2000428c        0x1 ./app/ch57x_usb_device_msc.o
                0x2000428c                FSTALL
 *fill*         0x2000428d        0x3 
 .bss.LEN       0x20004290        0x4 ./app/ch57x_usb_device_msc.o
                0x20004290                LEN
 .bss.Locate_Addr
                0x20004294        0x4 ./app/ch57x_usb_device_msc.o
                0x20004294                Locate_Addr
 .bss.MassPara  0x20004298       0x40 ./app/ch57x_usb_device_msc.o
                0x20004298                MassPara
 .bss.SetupReqCode
                0x200042d8        0x1 ./app/ch57x_usb_device_msc.o
                0x200042d8                SetupReqCode
 *fill*         0x200042d9        0x1 
 .bss.SetupReqLen
                0x200042da        0x2 ./app/ch57x_usb_device_msc.o
                0x200042da                SetupReqLen
 .bss.buffer    0x200042dc       0x40 ./app/ch57x_usb_device_msc.o
                0x200042dc                buffer
 .bss.lastFSTALL
                0x2000431c        0x1 ./app/ch57x_usb_device_msc.o
                0x2000431c                lastFSTALL
 .bss.mASC      0x2000431d        0x1 ./app/ch57x_usb_device_msc.o
                0x2000431d                mASC
 .bss.mSenseKey
                0x2000431e        0x1 ./app/ch57x_usb_device_msc.o
                0x2000431e                mSenseKey
 .bss.mdCBWTag  0x2000431f        0x4 ./app/ch57x_usb_device_msc.o
                0x2000431f                mdCBWTag
 *fill*         0x20004323        0x1 
 .bss.pBuf      0x20004324        0x4 ./app/ch57x_usb_device_msc.o
                0x20004324                pBuf
 .bss.pBuf_ReSelect
                0x20004328        0x1 ./app/ch57x_usb_device_msc.o
                0x20004328                pBuf_ReSelect
 *fill*         0x20004329        0x3 
 .bss.pDescr    0x2000432c        0x4 ./app/ch57x_usb_device_msc.o
                0x2000432c                pDescr
 .bss.FatFs     0x20004330        0x4 ./app/ff.o
 .bss.Fsid      0x20004334        0x2 ./app/ff.o
 .bss.ReadBuffer
                0x20004336      0x400 ./app/peripheral_main.o
                0x20004336                ReadBuffer
 *fill*         0x20004736        0x2 
 .bss.fnew      0x20004738       0x28 ./app/peripheral_main.o
                0x20004738                fnew
 .bss.fnum      0x20004760        0x4 ./app/peripheral_main.o
                0x20004760                fnum
 .bss.fs        0x20004764     0x1034 ./app/peripheral_main.o
                0x20004764                fs
 .bss.res_flash
                0x20005798        0x1 ./app/peripheral_main.o
                0x20005798                res_flash
 .bss.uart0_read_buf
                0x20005799       0x1f ./app/peripheral_main.o
                0x20005799                uart0_read_buf
 .bss.uart0_read_flag
                0x200057b8        0x1 ./app/peripheral_main.o
                0x200057b8                uart0_read_flag
 .bss.uart0_read_len
                0x200057b9        0x1 ./app/peripheral_main.o
                0x200057b9                uart0_read_len
 .bss.uart0_read_timeout
                0x200057ba        0x1 ./app/peripheral_main.o
                0x200057ba                uart0_read_timeout
 .bss.work      0x200057bb     0x1000 ./app/peripheral_main.o
                0x200057bb                work
 *fill*         0x200067bb        0x1 
 .bss.pEP0_RAM_Addr
                0x200067bc        0x4 ./StdPeriphDriver/CH57x_usbdev.o
                0x200067bc                pEP0_RAM_Addr
 .bss.pEP1_RAM_Addr
                0x200067c0        0x4 ./StdPeriphDriver/CH57x_usbdev.o
                0x200067c0                pEP1_RAM_Addr
 .bss.pEP2_RAM_Addr
                0x200067c4        0x4 ./StdPeriphDriver/CH57x_usbdev.o
                0x200067c4                pEP2_RAM_Addr
 .bss.pEP3_RAM_Addr
                0x200067c8        0x4 ./StdPeriphDriver/CH57x_usbdev.o
                0x200067c8                pEP3_RAM_Addr
 .bss.__malloc_free_list
                0x200067cc        0x4 c:/toolchain/gcc-arm-none-eabi-9-2019-q4-major-win32/bin/../lib/gcc/arm-none-eabi/9.2.1/../../../../arm-none-eabi/lib/thumb/v6-m/nofp\libg_nano.a(lib_a-nano-mallocr.o)
                0x200067cc                __malloc_free_list
 .bss.__malloc_sbrk_start
                0x200067d0        0x4 c:/toolchain/gcc-arm-none-eabi-9-2019-q4-major-win32/bin/../lib/gcc/arm-none-eabi/9.2.1/../../../../arm-none-eabi/lib/thumb/v6-m/nofp\libg_nano.a(lib_a-nano-mallocr.o)
                0x200067d0                __malloc_sbrk_start
 .bss.heap_end.4144
                0x200067d4        0x4 c:/toolchain/gcc-arm-none-eabi-9-2019-q4-major-win32/bin/../lib/gcc/arm-none-eabi/9.2.1/../../../../arm-none-eabi/lib/thumb/v6-m/nofp\libnosys.a(sbrk.o)
 *(COMMON)
 COMMON         0x200067d8        0x9 c:/toolchain/gcc-arm-none-eabi-9-2019-q4-major-win32/bin/../lib/gcc/arm-none-eabi/9.2.1/../../../../arm-none-eabi/lib/thumb/v6-m/nofp\libg_nano.a(lib_a-lock.o)
                0x200067d8                __lock___atexit_recursive_mutex
                0x200067d9                __lock___arc4random_mutex
                0x200067da                __lock___env_recursive_mutex
                0x200067db                __lock___sinit_recursive_mutex
                0x200067dc                __lock___malloc_recursive_mutex
                0x200067dd                __lock___at_quick_exit_mutex
                0x200067de                __lock___dd_hash_mutex
                0x200067df                __lock___tz_mutex
                0x200067e0                __lock___sfp_recursive_mutex
 *fill*         0x200067e1        0x3 
 COMMON         0x200067e4        0x4 c:/toolchain/gcc-arm-none-eabi-9-2019-q4-major-win32/bin/../lib/gcc/arm-none-eabi/9.2.1/../../../../arm-none-eabi/lib/thumb/v6-m/nofp\libg_nano.a(lib_a-reent.o)
                0x200067e4                errno
                0x200067e8                . = ALIGN (0x4)
                0x200067e8                _ebss = .
                0x200067e8                __bss_end__ = _ebss

._user_heap_stack
                0x200067e8      0x800 load address 0x00006658
                0x200067e8                . = ALIGN (0x4)
                0x200067e8                PROVIDE (end = .)
                [!provide]                PROVIDE (_end = .)
                0x20006be8                . = (. + _Min_Heap_Size)
 *fill*         0x200067e8      0x400 
                0x20006fe8                . = (. + _Min_Stack_Size)
 *fill*         0x20006be8      0x400 
                0x20006fe8                . = ALIGN (0x4)

/DISCARD/
 libc.a(*)
 libm.a(*)
 libgcc.a(*)

.ARM.attributes
                0x00000000       0x2a
 *(.ARM.attributes)
 .ARM.attributes
                0x00000000       0x2c ./hal/hal_led.o
 .ARM.attributes
                0x0000002c       0x2c ./hal/hal_key.o
 .ARM.attributes
                0x00000058       0x2c ./hal/hal_spi.o
 .ARM.attributes
                0x00000084       0x2c ./hal/hal_device.o
 .ARM.attributes
                0x000000b0       0x2c ./hal/hal_uart.o
 .ARM.attributes
                0x000000dc       0x2c ./bsp/bsp_device.o
 .ARM.attributes
                0x00000108       0x2c ./bsp/bsp_led.o
 .ARM.attributes
                0x00000134       0x2c ./bsp/bsp_key.o
 .ARM.attributes
                0x00000160       0x2c ./bsp/bsp_log.o
 .ARM.attributes
                0x0000018c       0x2c ./bsp/bsp_spi.o
 .ARM.attributes
                0x000001b8       0x2c ./bsp/bsp_uart.o
 .ARM.attributes
                0x000001e4       0x2c ./app/app_flash.o
 .ARM.attributes
                0x00000210       0x2c ./app/app_led.o
 .ARM.attributes
                0x0000023c       0x2c ./app/app_key.o
 .ARM.attributes
                0x00000268       0x2c ./app/app_uart.o
 .ARM.attributes
                0x00000294       0x2c ./app/ch57x_usb_device_msc.o
 .ARM.attributes
                0x000002c0       0x2c ./app/diskio.o
 .ARM.attributes
                0x000002ec       0x2c ./app/ff.o
 .ARM.attributes
                0x00000318       0x2c ./app/ffunicode.o
 .ARM.attributes
                0x00000344       0x2c ./app/peripheral_main.o
 .ARM.attributes
                0x00000370       0x2c ./StdPeriphDriver/CH57x_clk.o
 .ARM.attributes
                0x0000039c       0x2c ./StdPeriphDriver/CH57x_gpio.o
 .ARM.attributes
                0x000003c8       0x2c ./StdPeriphDriver/CH57x_int.o
 .ARM.attributes
                0x000003f4       0x2c ./StdPeriphDriver/CH57x_pwr.o
 .ARM.attributes
                0x00000420       0x2c ./StdPeriphDriver/CH57x_spi0.o
 .ARM.attributes
                0x0000044c       0x2c ./StdPeriphDriver/CH57x_sys.o
 .ARM.attributes
                0x00000478       0x2c ./StdPeriphDriver/CH57x_uart0.o
 .ARM.attributes
                0x000004a4       0x2c ./StdPeriphDriver/CH57x_usbdev.o
 .ARM.attributes
                0x000004d0       0x21 ./Startup/startup_ch579.o
 .ARM.attributes
                0x000004f1       0x1e c:/toolchain/gcc-arm-none-eabi-9-2019-q4-major-win32/bin/../lib/gcc/arm-none-eabi/9.2.1/thumb/v6-m/nofp\libgcc.a(_thumb1_case_sqi.o)
 .ARM.attributes
                0x0000050f       0x1e c:/toolchain/gcc-arm-none-eabi-9-2019-q4-major-win32/bin/../lib/gcc/arm-none-eabi/9.2.1/thumb/v6-m/nofp\libgcc.a(_thumb1_case_uqi.o)
 .ARM.attributes
                0x0000052d       0x1e c:/toolchain/gcc-arm-none-eabi-9-2019-q4-major-win32/bin/../lib/gcc/arm-none-eabi/9.2.1/thumb/v6-m/nofp\libgcc.a(_thumb1_case_shi.o)
 .ARM.attributes
                0x0000054b       0x1e c:/toolchain/gcc-arm-none-eabi-9-2019-q4-major-win32/bin/../lib/gcc/arm-none-eabi/9.2.1/thumb/v6-m/nofp\libgcc.a(_udivsi3.o)
 .ARM.attributes
                0x00000569       0x1e c:/toolchain/gcc-arm-none-eabi-9-2019-q4-major-win32/bin/../lib/gcc/arm-none-eabi/9.2.1/thumb/v6-m/nofp\libgcc.a(_divsi3.o)
 .ARM.attributes
                0x00000587       0x1e c:/toolchain/gcc-arm-none-eabi-9-2019-q4-major-win32/bin/../lib/gcc/arm-none-eabi/9.2.1/thumb/v6-m/nofp\libgcc.a(_dvmd_tls.o)
 .ARM.attributes
                0x000005a5       0x2c c:/toolchain/gcc-arm-none-eabi-9-2019-q4-major-win32/bin/../lib/gcc/arm-none-eabi/9.2.1/../../../../arm-none-eabi/lib/thumb/v6-m/nofp\libg_nano.a(lib_a-malloc.o)
 .ARM.attributes
                0x000005d1       0x2c c:/toolchain/gcc-arm-none-eabi-9-2019-q4-major-win32/bin/../lib/gcc/arm-none-eabi/9.2.1/../../../../arm-none-eabi/lib/thumb/v6-m/nofp\libg_nano.a(lib_a-memcpy-stub.o)
 .ARM.attributes
                0x000005fd       0x2c c:/toolchain/gcc-arm-none-eabi-9-2019-q4-major-win32/bin/../lib/gcc/arm-none-eabi/9.2.1/../../../../arm-none-eabi/lib/thumb/v6-m/nofp\libg_nano.a(lib_a-memset.o)
 .ARM.attributes
                0x00000629       0x2c c:/toolchain/gcc-arm-none-eabi-9-2019-q4-major-win32/bin/../lib/gcc/arm-none-eabi/9.2.1/../../../../arm-none-eabi/lib/thumb/v6-m/nofp\libg_nano.a(lib_a-nano-freer.o)
 .ARM.attributes
                0x00000655       0x2c c:/toolchain/gcc-arm-none-eabi-9-2019-q4-major-win32/bin/../lib/gcc/arm-none-eabi/9.2.1/../../../../arm-none-eabi/lib/thumb/v6-m/nofp\libg_nano.a(lib_a-nano-mallocr.o)
 .ARM.attributes
                0x00000681       0x2c c:/toolchain/gcc-arm-none-eabi-9-2019-q4-major-win32/bin/../lib/gcc/arm-none-eabi/9.2.1/../../../../arm-none-eabi/lib/thumb/v6-m/nofp\libg_nano.a(lib_a-sbrkr.o)
 .ARM.attributes
                0x000006ad       0x1c c:/toolchain/gcc-arm-none-eabi-9-2019-q4-major-win32/bin/../lib/gcc/arm-none-eabi/9.2.1/../../../../arm-none-eabi/lib/thumb/v6-m/nofp\libg_nano.a(lib_a-strcmp.o)
 .ARM.attributes
                0x000006c9       0x2c c:/toolchain/gcc-arm-none-eabi-9-2019-q4-major-win32/bin/../lib/gcc/arm-none-eabi/9.2.1/../../../../arm-none-eabi/lib/thumb/v6-m/nofp\libg_nano.a(lib_a-vprintf.o)
 .ARM.attributes
                0x000006f5       0x2c c:/toolchain/gcc-arm-none-eabi-9-2019-q4-major-win32/bin/../lib/gcc/arm-none-eabi/9.2.1/../../../../arm-none-eabi/lib/thumb/v6-m/nofp\libg_nano.a(lib_a-findfp.o)
 .ARM.attributes
                0x00000721       0x2c c:/toolchain/gcc-arm-none-eabi-9-2019-q4-major-win32/bin/../lib/gcc/arm-none-eabi/9.2.1/../../../../arm-none-eabi/lib/thumb/v6-m/nofp\libg_nano.a(lib_a-fwalk.o)
 .ARM.attributes
                0x0000074d       0x2c c:/toolchain/gcc-arm-none-eabi-9-2019-q4-major-win32/bin/../lib/gcc/arm-none-eabi/9.2.1/../../../../arm-none-eabi/lib/thumb/v6-m/nofp\libg_nano.a(lib_a-impure.o)
 .ARM.attributes
                0x00000779       0x2c c:/toolchain/gcc-arm-none-eabi-9-2019-q4-major-win32/bin/../lib/gcc/arm-none-eabi/9.2.1/../../../../arm-none-eabi/lib/thumb/v6-m/nofp\libg_nano.a(lib_a-lock.o)
 .ARM.attributes
                0x000007a5       0x2c c:/toolchain/gcc-arm-none-eabi-9-2019-q4-major-win32/bin/../lib/gcc/arm-none-eabi/9.2.1/../../../../arm-none-eabi/lib/thumb/v6-m/nofp\libg_nano.a(lib_a-mlock.o)
 .ARM.attributes
                0x000007d1       0x2c c:/toolchain/gcc-arm-none-eabi-9-2019-q4-major-win32/bin/../lib/gcc/arm-none-eabi/9.2.1/../../../../arm-none-eabi/lib/thumb/v6-m/nofp\libg_nano.a(lib_a-nano-vfprintf.o)
 .ARM.attributes
                0x000007fd       0x2c c:/toolchain/gcc-arm-none-eabi-9-2019-q4-major-win32/bin/../lib/gcc/arm-none-eabi/9.2.1/../../../../arm-none-eabi/lib/thumb/v6-m/nofp\libg_nano.a(lib_a-nano-vfprintf_i.o)
 .ARM.attributes
                0x00000829       0x2c c:/toolchain/gcc-arm-none-eabi-9-2019-q4-major-win32/bin/../lib/gcc/arm-none-eabi/9.2.1/../../../../arm-none-eabi/lib/thumb/v6-m/nofp\libg_nano.a(lib_a-reent.o)
 .ARM.attributes
                0x00000855       0x2c c:/toolchain/gcc-arm-none-eabi-9-2019-q4-major-win32/bin/../lib/gcc/arm-none-eabi/9.2.1/../../../../arm-none-eabi/lib/thumb/v6-m/nofp\libg_nano.a(lib_a-stdio.o)
 .ARM.attributes
                0x00000881       0x2c c:/toolchain/gcc-arm-none-eabi-9-2019-q4-major-win32/bin/../lib/gcc/arm-none-eabi/9.2.1/../../../../arm-none-eabi/lib/thumb/v6-m/nofp\libg_nano.a(lib_a-wbuf.o)
 .ARM.attributes
                0x000008ad       0x2c c:/toolchain/gcc-arm-none-eabi-9-2019-q4-major-win32/bin/../lib/gcc/arm-none-eabi/9.2.1/../../../../arm-none-eabi/lib/thumb/v6-m/nofp\libg_nano.a(lib_a-writer.o)
 .ARM.attributes
                0x000008d9       0x2c c:/toolchain/gcc-arm-none-eabi-9-2019-q4-major-win32/bin/../lib/gcc/arm-none-eabi/9.2.1/../../../../arm-none-eabi/lib/thumb/v6-m/nofp\libg_nano.a(lib_a-wsetup.o)
 .ARM.attributes
                0x00000905       0x2c c:/toolchain/gcc-arm-none-eabi-9-2019-q4-major-win32/bin/../lib/gcc/arm-none-eabi/9.2.1/../../../../arm-none-eabi/lib/thumb/v6-m/nofp\libg_nano.a(lib_a-closer.o)
 .ARM.attributes
                0x00000931       0x2c c:/toolchain/gcc-arm-none-eabi-9-2019-q4-major-win32/bin/../lib/gcc/arm-none-eabi/9.2.1/../../../../arm-none-eabi/lib/thumb/v6-m/nofp\libg_nano.a(lib_a-fflush.o)
 .ARM.attributes
                0x0000095d       0x2c c:/toolchain/gcc-arm-none-eabi-9-2019-q4-major-win32/bin/../lib/gcc/arm-none-eabi/9.2.1/../../../../arm-none-eabi/lib/thumb/v6-m/nofp\libg_nano.a(lib_a-lseekr.o)
 .ARM.attributes
                0x00000989       0x2c c:/toolchain/gcc-arm-none-eabi-9-2019-q4-major-win32/bin/../lib/gcc/arm-none-eabi/9.2.1/../../../../arm-none-eabi/lib/thumb/v6-m/nofp\libg_nano.a(lib_a-makebuf.o)
 .ARM.attributes
                0x000009b5       0x2c c:/toolchain/gcc-arm-none-eabi-9-2019-q4-major-win32/bin/../lib/gcc/arm-none-eabi/9.2.1/../../../../arm-none-eabi/lib/thumb/v6-m/nofp\libg_nano.a(lib_a-memchr-stub.o)
 .ARM.attributes
                0x000009e1       0x2c c:/toolchain/gcc-arm-none-eabi-9-2019-q4-major-win32/bin/../lib/gcc/arm-none-eabi/9.2.1/../../../../arm-none-eabi/lib/thumb/v6-m/nofp\libg_nano.a(lib_a-readr.o)
 .ARM.attributes
                0x00000a0d       0x2c c:/toolchain/gcc-arm-none-eabi-9-2019-q4-major-win32/bin/../lib/gcc/arm-none-eabi/9.2.1/../../../../arm-none-eabi/lib/thumb/v6-m/nofp\libg_nano.a(lib_a-fstatr.o)
 .ARM.attributes
                0x00000a39       0x2c c:/toolchain/gcc-arm-none-eabi-9-2019-q4-major-win32/bin/../lib/gcc/arm-none-eabi/9.2.1/../../../../arm-none-eabi/lib/thumb/v6-m/nofp\libg_nano.a(lib_a-isattyr.o)
 .ARM.attributes
                0x00000a65       0x2c c:/toolchain/gcc-arm-none-eabi-9-2019-q4-major-win32/bin/../lib/gcc/arm-none-eabi/9.2.1/../../../../arm-none-eabi/lib/thumb/v6-m/nofp\libnosys.a(close.o)
 .ARM.attributes
                0x00000a91       0x2c c:/toolchain/gcc-arm-none-eabi-9-2019-q4-major-win32/bin/../lib/gcc/arm-none-eabi/9.2.1/../../../../arm-none-eabi/lib/thumb/v6-m/nofp\libnosys.a(fstat.o)
 .ARM.attributes
                0x00000abd       0x2c c:/toolchain/gcc-arm-none-eabi-9-2019-q4-major-win32/bin/../lib/gcc/arm-none-eabi/9.2.1/../../../../arm-none-eabi/lib/thumb/v6-m/nofp\libnosys.a(isatty.o)
 .ARM.attributes
                0x00000ae9       0x2c c:/toolchain/gcc-arm-none-eabi-9-2019-q4-major-win32/bin/../lib/gcc/arm-none-eabi/9.2.1/../../../../arm-none-eabi/lib/thumb/v6-m/nofp\libnosys.a(lseek.o)
 .ARM.attributes
                0x00000b15       0x2c c:/toolchain/gcc-arm-none-eabi-9-2019-q4-major-win32/bin/../lib/gcc/arm-none-eabi/9.2.1/../../../../arm-none-eabi/lib/thumb/v6-m/nofp\libnosys.a(read.o)
 .ARM.attributes
                0x00000b41       0x2c c:/toolchain/gcc-arm-none-eabi-9-2019-q4-major-win32/bin/../lib/gcc/arm-none-eabi/9.2.1/../../../../arm-none-eabi/lib/thumb/v6-m/nofp\libnosys.a(sbrk.o)
OUTPUT(ch57x_ble_uart_mrs_app_only_test.elf elf32-littlearm)

.debug_info     0x00000000    0x1fb54
 .debug_info    0x00000000     0x10a5 ./hal/hal_led.o
 .debug_info    0x000010a5     0x1070 ./hal/hal_key.o
 .debug_info    0x00002115     0x110b ./hal/hal_spi.o
 .debug_info    0x00003220      0xe92 ./hal/hal_device.o
 .debug_info    0x000040b2     0x10a6 ./hal/hal_uart.o
 .debug_info    0x00005158      0xec4 ./bsp/bsp_device.o
 .debug_info    0x0000601c     0x120c ./bsp/bsp_led.o
 .debug_info    0x00007228     0x11bf ./bsp/bsp_key.o
 .debug_info    0x000083e7      0xb7c ./bsp/bsp_log.o
 .debug_info    0x00008f63      0xe14 ./bsp/bsp_spi.o
 .debug_info    0x00009d77      0xed1 ./bsp/bsp_uart.o
 .debug_info    0x0000ac48     0x1256 ./app/app_flash.o
 .debug_info    0x0000be9e      0xf5b ./app/app_led.o
 .debug_info    0x0000cdf9      0xf2b ./app/app_key.o
 .debug_info    0x0000dd24      0xcfb ./app/app_uart.o
 .debug_info    0x0000ea1f     0x1583 ./app/ch57x_usb_device_msc.o
 .debug_info    0x0000ffa2     0x108d ./app/diskio.o
 .debug_info    0x0001102f     0x5769 ./app/ff.o
 .debug_info    0x00016798      0x276 ./app/ffunicode.o
 .debug_info    0x00016a0e     0x1c92 ./app/peripheral_main.o
 .debug_info    0x000186a0     0x176f ./StdPeriphDriver/CH57x_clk.o
 .debug_info    0x00019e0f      0xcb3 ./StdPeriphDriver/CH57x_gpio.o
 .debug_info    0x0001aac2      0xdfa ./StdPeriphDriver/CH57x_int.o
 .debug_info    0x0001b8bc      0xda4 ./StdPeriphDriver/CH57x_pwr.o
 .debug_info    0x0001c660      0xe1a ./StdPeriphDriver/CH57x_spi0.o
 .debug_info    0x0001d47a      0xe6e ./StdPeriphDriver/CH57x_sys.o
 .debug_info    0x0001e2e8      0xc93 ./StdPeriphDriver/CH57x_uart0.o
 .debug_info    0x0001ef7b      0xbb7 ./StdPeriphDriver/CH57x_usbdev.o
 .debug_info    0x0001fb32       0x22 ./Startup/startup_ch579.o

.debug_abbrev   0x00000000     0x5588
 .debug_abbrev  0x00000000      0x363 ./hal/hal_led.o
 .debug_abbrev  0x00000363      0x374 ./hal/hal_key.o
 .debug_abbrev  0x000006d7      0x366 ./hal/hal_spi.o
 .debug_abbrev  0x00000a3d      0x340 ./hal/hal_device.o
 .debug_abbrev  0x00000d7d      0x35e ./hal/hal_uart.o
 .debug_abbrev  0x000010db      0x29e ./bsp/bsp_device.o
 .debug_abbrev  0x00001379      0x409 ./bsp/bsp_led.o
 .debug_abbrev  0x00001782      0x3d3 ./bsp/bsp_key.o
 .debug_abbrev  0x00001b55      0x268 ./bsp/bsp_log.o
 .debug_abbrev  0x00001dbd      0x2cc ./bsp/bsp_spi.o
 .debug_abbrev  0x00002089      0x31d ./bsp/bsp_uart.o
 .debug_abbrev  0x000023a6      0x3ba ./app/app_flash.o
 .debug_abbrev  0x00002760      0x28a ./app/app_led.o
 .debug_abbrev  0x000029ea      0x28a ./app/app_key.o
 .debug_abbrev  0x00002c74      0x264 ./app/app_uart.o
 .debug_abbrev  0x00002ed8      0x3e6 ./app/ch57x_usb_device_msc.o
 .debug_abbrev  0x000032be      0x3a1 ./app/diskio.o
 .debug_abbrev  0x0000365f      0x40a ./app/ff.o
 .debug_abbrev  0x00003a69       0xf0 ./app/ffunicode.o
 .debug_abbrev  0x00003b59      0x396 ./app/peripheral_main.o
 .debug_abbrev  0x00003eef      0x43a ./StdPeriphDriver/CH57x_clk.o
 .debug_abbrev  0x00004329      0x24c ./StdPeriphDriver/CH57x_gpio.o
 .debug_abbrev  0x00004575      0x27b ./StdPeriphDriver/CH57x_int.o
 .debug_abbrev  0x000047f0      0x28c ./StdPeriphDriver/CH57x_pwr.o
 .debug_abbrev  0x00004a7c      0x305 ./StdPeriphDriver/CH57x_spi0.o
 .debug_abbrev  0x00004d81      0x30f ./StdPeriphDriver/CH57x_sys.o
 .debug_abbrev  0x00005090      0x2cf ./StdPeriphDriver/CH57x_uart0.o
 .debug_abbrev  0x0000535f      0x217 ./StdPeriphDriver/CH57x_usbdev.o
 .debug_abbrev  0x00005576       0x12 ./Startup/startup_ch579.o

.debug_loc      0x00000000     0xc1fb
 .debug_loc     0x00000000      0x36c ./hal/hal_led.o
 .debug_loc     0x0000036c      0x2bc ./hal/hal_key.o
 .debug_loc     0x00000628      0x2bc ./hal/hal_spi.o
 .debug_loc     0x000008e4      0x43e ./hal/hal_device.o
 .debug_loc     0x00000d22      0x3a0 ./hal/hal_uart.o
 .debug_loc     0x000010c2      0x321 ./bsp/bsp_device.o
 .debug_loc     0x000013e3      0x39c ./bsp/bsp_led.o
 .debug_loc     0x0000177f      0x2cc ./bsp/bsp_key.o
 .debug_loc     0x00001a4b       0x25 ./bsp/bsp_log.o
 .debug_loc     0x00001a70      0x1de ./bsp/bsp_spi.o
 .debug_loc     0x00001c4e       0xaa ./bsp/bsp_uart.o
 .debug_loc     0x00001cf8      0x275 ./app/app_flash.o
 .debug_loc     0x00001f6d       0x2f ./app/app_led.o
 .debug_loc     0x00001f9c       0x2f ./app/app_key.o
 .debug_loc     0x00001fcb       0x3c ./app/app_uart.o
 .debug_loc     0x00002007      0x3e7 ./app/ch57x_usb_device_msc.o
 .debug_loc     0x000023ee      0x4c9 ./app/diskio.o
 .debug_loc     0x000028b7     0x7c3f ./app/ff.o
 .debug_loc     0x0000a4f6      0x2b0 ./app/ffunicode.o
 .debug_loc     0x0000a7a6       0x94 ./app/peripheral_main.o
 .debug_loc     0x0000a83a      0xdab ./StdPeriphDriver/CH57x_clk.o
 .debug_loc     0x0000b5e5      0x22e ./StdPeriphDriver/CH57x_gpio.o
 .debug_loc     0x0000b813      0x17f ./StdPeriphDriver/CH57x_int.o
 .debug_loc     0x0000b992      0x1fd ./StdPeriphDriver/CH57x_pwr.o
 .debug_loc     0x0000bb8f      0x2e2 ./StdPeriphDriver/CH57x_spi0.o
 .debug_loc     0x0000be71      0x1cd ./StdPeriphDriver/CH57x_sys.o
 .debug_loc     0x0000c03e      0x1bd ./StdPeriphDriver/CH57x_uart0.o

.debug_aranges  0x00000000      0xa60
 .debug_aranges
                0x00000000       0x40 ./hal/hal_led.o
 .debug_aranges
                0x00000040       0x40 ./hal/hal_key.o
 .debug_aranges
                0x00000080       0x40 ./hal/hal_spi.o
 .debug_aranges
                0x000000c0       0x50 ./hal/hal_device.o
 .debug_aranges
                0x00000110       0x40 ./hal/hal_uart.o
 .debug_aranges
                0x00000150       0x50 ./bsp/bsp_device.o
 .debug_aranges
                0x000001a0       0x80 ./bsp/bsp_led.o
 .debug_aranges
                0x00000220       0x68 ./bsp/bsp_key.o
 .debug_aranges
                0x00000288       0x28 ./bsp/bsp_log.o
 .debug_aranges
                0x000002b0       0x38 ./bsp/bsp_spi.o
 .debug_aranges
                0x000002e8       0x38 ./bsp/bsp_uart.o
 .debug_aranges
                0x00000320       0x68 ./app/app_flash.o
 .debug_aranges
                0x00000388       0x20 ./app/app_led.o
 .debug_aranges
                0x000003a8       0x20 ./app/app_key.o
 .debug_aranges
                0x000003c8       0x20 ./app/app_uart.o
 .debug_aranges
                0x000003e8       0xa8 ./app/ch57x_usb_device_msc.o
 .debug_aranges
                0x00000490       0x58 ./app/diskio.o
 .debug_aranges
                0x000004e8      0x1b8 ./app/ff.o
 .debug_aranges
                0x000006a0       0x30 ./app/ffunicode.o
 .debug_aranges
                0x000006d0       0x30 ./app/peripheral_main.o
 .debug_aranges
                0x00000700       0xd8 ./StdPeriphDriver/CH57x_clk.o
 .debug_aranges
                0x000007d8       0x48 ./StdPeriphDriver/CH57x_gpio.o
 .debug_aranges
                0x00000820       0x40 ./StdPeriphDriver/CH57x_int.o
 .debug_aranges
                0x00000860       0x50 ./StdPeriphDriver/CH57x_pwr.o
 .debug_aranges
                0x000008b0       0x88 ./StdPeriphDriver/CH57x_spi0.o
 .debug_aranges
                0x00000938       0x70 ./StdPeriphDriver/CH57x_sys.o
 .debug_aranges
                0x000009a8       0x50 ./StdPeriphDriver/CH57x_uart0.o
 .debug_aranges
                0x000009f8       0x40 ./StdPeriphDriver/CH57x_usbdev.o
 .debug_aranges
                0x00000a38       0x28 ./Startup/startup_ch579.o

.debug_ranges   0x00000000     0x13b0
 .debug_ranges  0x00000000      0x110 ./hal/hal_led.o
 .debug_ranges  0x00000110       0xe8 ./hal/hal_key.o
 .debug_ranges  0x000001f8       0xd8 ./hal/hal_spi.o
 .debug_ranges  0x000002d0       0x78 ./hal/hal_device.o
 .debug_ranges  0x00000348      0x118 ./hal/hal_uart.o
 .debug_ranges  0x00000460       0x58 ./bsp/bsp_device.o
 .debug_ranges  0x000004b8       0xb8 ./bsp/bsp_led.o
 .debug_ranges  0x00000570       0x78 ./bsp/bsp_key.o
 .debug_ranges  0x000005e8       0x18 ./bsp/bsp_log.o
 .debug_ranges  0x00000600       0x70 ./bsp/bsp_spi.o
 .debug_ranges  0x00000670       0x40 ./bsp/bsp_uart.o
 .debug_ranges  0x000006b0       0x88 ./app/app_flash.o
 .debug_ranges  0x00000738       0x10 ./app/app_led.o
 .debug_ranges  0x00000748       0x10 ./app/app_key.o
 .debug_ranges  0x00000758       0x10 ./app/app_uart.o
 .debug_ranges  0x00000768       0xc8 ./app/ch57x_usb_device_msc.o
 .debug_ranges  0x00000830       0x78 ./app/diskio.o
 .debug_ranges  0x000008a8      0x778 ./app/ff.o
 .debug_ranges  0x00001020       0x20 ./app/ffunicode.o
 .debug_ranges  0x00001040       0x20 ./app/peripheral_main.o
 .debug_ranges  0x00001060      0x140 ./StdPeriphDriver/CH57x_clk.o
 .debug_ranges  0x000011a0       0x38 ./StdPeriphDriver/CH57x_gpio.o
 .debug_ranges  0x000011d8       0x30 ./StdPeriphDriver/CH57x_int.o
 .debug_ranges  0x00001208       0x40 ./StdPeriphDriver/CH57x_pwr.o
 .debug_ranges  0x00001248       0x78 ./StdPeriphDriver/CH57x_spi0.o
 .debug_ranges  0x000012c0       0x60 ./StdPeriphDriver/CH57x_sys.o
 .debug_ranges  0x00001320       0x40 ./StdPeriphDriver/CH57x_uart0.o
 .debug_ranges  0x00001360       0x30 ./StdPeriphDriver/CH57x_usbdev.o
 .debug_ranges  0x00001390       0x20 ./Startup/startup_ch579.o

.debug_line     0x00000000     0xf2fa
 .debug_line    0x00000000      0x657 ./hal/hal_led.o
 .debug_line    0x00000657      0x5ae ./hal/hal_key.o
 .debug_line    0x00000c05      0x5bd ./hal/hal_spi.o
 .debug_line    0x000011c2      0x45d ./hal/hal_device.o
 .debug_line    0x0000161f      0x65b ./hal/hal_uart.o
 .debug_line    0x00001c7a      0x45f ./bsp/bsp_device.o
 .debug_line    0x000020d9      0x60f ./bsp/bsp_led.o
 .debug_line    0x000026e8      0x55f ./bsp/bsp_key.o
 .debug_line    0x00002c47      0x256 ./bsp/bsp_log.o
 .debug_line    0x00002e9d      0x3b0 ./bsp/bsp_spi.o
 .debug_line    0x0000324d      0x36c ./bsp/bsp_uart.o
 .debug_line    0x000035b9      0x6f0 ./app/app_flash.o
 .debug_line    0x00003ca9      0x3e7 ./app/app_led.o
 .debug_line    0x00004090      0x3dd ./app/app_key.o
 .debug_line    0x0000446d      0x3ad ./app/app_uart.o
 .debug_line    0x0000481a      0xf1a ./app/ch57x_usb_device_msc.o
 .debug_line    0x00005734      0x4a5 ./app/diskio.o
 .debug_line    0x00005bd9     0x4c44 ./app/ff.o
 .debug_line    0x0000a81d      0x2cc ./app/ffunicode.o
 .debug_line    0x0000aae9      0x8ba ./app/peripheral_main.o
 .debug_line    0x0000b3a3     0x14d1 ./StdPeriphDriver/CH57x_clk.o
 .debug_line    0x0000c874      0x4a0 ./StdPeriphDriver/CH57x_gpio.o
 .debug_line    0x0000cd14      0x8a3 ./StdPeriphDriver/CH57x_int.o
 .debug_line    0x0000d5b7      0x70f ./StdPeriphDriver/CH57x_pwr.o
 .debug_line    0x0000dcc6      0x748 ./StdPeriphDriver/CH57x_spi0.o
 .debug_line    0x0000e40e      0x651 ./StdPeriphDriver/CH57x_sys.o
 .debug_line    0x0000ea5f      0x3db ./StdPeriphDriver/CH57x_uart0.o
 .debug_line    0x0000ee3a      0x3d6 ./StdPeriphDriver/CH57x_usbdev.o
 .debug_line    0x0000f210       0xea ./Startup/startup_ch579.o

.debug_str      0x00000000     0x3269
 .debug_str     0x00000000      0x902 ./hal/hal_led.o
                                0x9d6 (size before relaxing)
 .debug_str     0x00000902      0x181 ./hal/hal_key.o
                                0x9d6 (size before relaxing)
 .debug_str     0x00000a83      0x1af ./hal/hal_spi.o
                                0xa14 (size before relaxing)
 .debug_str     0x00000c32      0x11c ./hal/hal_device.o
                                0x752 (size before relaxing)
 .debug_str     0x00000d4e      0x190 ./hal/hal_uart.o
                                0x9ed (size before relaxing)
 .debug_str     0x00000ede       0xba ./bsp/bsp_device.o
                                0x8b8 (size before relaxing)
 .debug_str     0x00000f98      0x1f2 ./bsp/bsp_led.o
                                0xa15 (size before relaxing)
 .debug_str     0x0000118a       0xbe ./bsp/bsp_key.o
                                0x9db (size before relaxing)
 .debug_str     0x00001248       0x60 ./bsp/bsp_log.o
                                0x7de (size before relaxing)
 .debug_str     0x000012a8       0xfc ./bsp/bsp_spi.o
                                0x914 (size before relaxing)
 .debug_str     0x000013a4      0x25c ./bsp/bsp_uart.o
                                0xa6b (size before relaxing)
 .debug_str     0x00001600      0x17f ./app/app_flash.o
                                0xa99 (size before relaxing)
 .debug_str     0x0000177f       0x51 ./app/app_led.o
                                0x9a4 (size before relaxing)
 .debug_str     0x000017d0       0x3e ./app/app_key.o
                                0x991 (size before relaxing)
 .debug_str     0x0000180e       0x39 ./app/app_uart.o
                                0x8ef (size before relaxing)
 .debug_str     0x00001847      0x423 ./app/ch57x_usb_device_msc.o
                                0xc11 (size before relaxing)
 .debug_str     0x00001c6a       0xc9 ./app/diskio.o
                                0x8c8 (size before relaxing)
 .debug_str     0x00001d33      0x5c4 ./app/ff.o
                                0x8aa (size before relaxing)
 .debug_str     0x000022f7       0x23 ./app/ffunicode.o
                                0x23a (size before relaxing)
 .debug_str     0x0000231a      0x204 ./app/peripheral_main.o
                                0xf6b (size before relaxing)
 .debug_str     0x0000251e      0x557 ./StdPeriphDriver/CH57x_clk.o
                                0xe0f (size before relaxing)
 .debug_str     0x00002a75      0x11f ./StdPeriphDriver/CH57x_gpio.o
                                0x91d (size before relaxing)
 .debug_str     0x00002b94      0x105 ./StdPeriphDriver/CH57x_int.o
                                0x8a6 (size before relaxing)
 .debug_str     0x00002c99       0xdb ./StdPeriphDriver/CH57x_pwr.o
                                0x8cd (size before relaxing)
 .debug_str     0x00002d74      0x170 ./StdPeriphDriver/CH57x_spi0.o
                                0x983 (size before relaxing)
 .debug_str     0x00002ee4      0x191 ./StdPeriphDriver/CH57x_sys.o
                                0x972 (size before relaxing)
 .debug_str     0x00003075       0xb7 ./StdPeriphDriver/CH57x_uart0.o
                                0x8c2 (size before relaxing)
 .debug_str     0x0000312c       0xb9 ./StdPeriphDriver/CH57x_usbdev.o
                                0x838 (size before relaxing)
 .debug_str     0x000031e5       0x84 ./Startup/startup_ch579.o
                                0x107 (size before relaxing)

.comment        0x00000000       0x79
 .comment       0x00000000       0x79 ./hal/hal_led.o
                                 0x7a (size before relaxing)
 .comment       0x00000079       0x7a ./hal/hal_key.o
 .comment       0x00000079       0x7a ./hal/hal_spi.o
 .comment       0x00000079       0x7a ./hal/hal_device.o
 .comment       0x00000079       0x7a ./hal/hal_uart.o
 .comment       0x00000079       0x7a ./bsp/bsp_device.o
 .comment       0x00000079       0x7a ./bsp/bsp_led.o
 .comment       0x00000079       0x7a ./bsp/bsp_key.o
 .comment       0x00000079       0x7a ./bsp/bsp_log.o
 .comment       0x00000079       0x7a ./bsp/bsp_spi.o
 .comment       0x00000079       0x7a ./bsp/bsp_uart.o
 .comment       0x00000079       0x7a ./app/app_flash.o
 .comment       0x00000079       0x7a ./app/app_led.o
 .comment       0x00000079       0x7a ./app/app_key.o
 .comment       0x00000079       0x7a ./app/app_uart.o
 .comment       0x00000079       0x7a ./app/ch57x_usb_device_msc.o
 .comment       0x00000079       0x7a ./app/diskio.o
 .comment       0x00000079       0x7a ./app/ff.o
 .comment       0x00000079       0x7a ./app/ffunicode.o
 .comment       0x00000079       0x7a ./app/peripheral_main.o
 .comment       0x00000079       0x7a ./StdPeriphDriver/CH57x_clk.o
 .comment       0x00000079       0x7a ./StdPeriphDriver/CH57x_gpio.o
 .comment       0x00000079       0x7a ./StdPeriphDriver/CH57x_int.o
 .comment       0x00000079       0x7a ./StdPeriphDriver/CH57x_pwr.o
 .comment       0x00000079       0x7a ./StdPeriphDriver/CH57x_spi0.o
 .comment       0x00000079       0x7a ./StdPeriphDriver/CH57x_sys.o
 .comment       0x00000079       0x7a ./StdPeriphDriver/CH57x_uart0.o
 .comment       0x00000079       0x7a ./StdPeriphDriver/CH57x_usbdev.o

.debug_frame    0x00000000     0x231c
 .debug_frame   0x00000000       0x94 ./hal/hal_led.o
 .debug_frame   0x00000094       0x90 ./hal/hal_key.o
 .debug_frame   0x00000124       0xa0 ./hal/hal_spi.o
 .debug_frame   0x000001c4       0xb8 ./hal/hal_device.o
 .debug_frame   0x0000027c       0x98 ./hal/hal_uart.o
 .debug_frame   0x00000314       0xc0 ./bsp/bsp_device.o
 .debug_frame   0x000003d4      0x130 ./bsp/bsp_led.o
 .debug_frame   0x00000504       0xdc ./bsp/bsp_key.o
 .debug_frame   0x000005e0       0x3c ./bsp/bsp_log.o
 .debug_frame   0x0000061c       0x74 ./bsp/bsp_spi.o
 .debug_frame   0x00000690       0x68 ./bsp/bsp_uart.o
 .debug_frame   0x000006f8      0x144 ./app/app_flash.o
 .debug_frame   0x0000083c       0x2c ./app/app_led.o
 .debug_frame   0x00000868       0x2c ./app/app_key.o
 .debug_frame   0x00000894       0x2c ./app/app_uart.o
 .debug_frame   0x000008c0      0x1e8 ./app/ch57x_usb_device_msc.o
 .debug_frame   0x00000aa8       0xd4 ./app/diskio.o
 .debug_frame   0x00000b7c      0x620 ./app/ff.o
 .debug_frame   0x0000119c       0x50 ./app/ffunicode.o
 .debug_frame   0x000011ec       0x60 ./app/peripheral_main.o
 .debug_frame   0x0000124c      0x20c ./StdPeriphDriver/CH57x_clk.o
 .debug_frame   0x00001458       0x90 ./StdPeriphDriver/CH57x_gpio.o
 .debug_frame   0x000014e8       0xb4 ./StdPeriphDriver/CH57x_int.o
 .debug_frame   0x0000159c       0xd0 ./StdPeriphDriver/CH57x_pwr.o
 .debug_frame   0x0000166c      0x158 ./StdPeriphDriver/CH57x_spi0.o
 .debug_frame   0x000017c4       0xf8 ./StdPeriphDriver/CH57x_sys.o
 .debug_frame   0x000018bc       0xa8 ./StdPeriphDriver/CH57x_uart0.o
 .debug_frame   0x00001964       0x68 ./StdPeriphDriver/CH57x_usbdev.o
 .debug_frame   0x000019cc       0x20 c:/toolchain/gcc-arm-none-eabi-9-2019-q4-major-win32/bin/../lib/gcc/arm-none-eabi/9.2.1/thumb/v6-m/nofp\libgcc.a(_udivsi3.o)
 .debug_frame   0x000019ec       0x20 c:/toolchain/gcc-arm-none-eabi-9-2019-q4-major-win32/bin/../lib/gcc/arm-none-eabi/9.2.1/thumb/v6-m/nofp\libgcc.a(_divsi3.o)
 .debug_frame   0x00001a0c       0x40 c:/toolchain/gcc-arm-none-eabi-9-2019-q4-major-win32/bin/../lib/gcc/arm-none-eabi/9.2.1/../../../../arm-none-eabi/lib/thumb/v6-m/nofp\libg_nano.a(lib_a-malloc.o)
 .debug_frame   0x00001a4c       0x28 c:/toolchain/gcc-arm-none-eabi-9-2019-q4-major-win32/bin/../lib/gcc/arm-none-eabi/9.2.1/../../../../arm-none-eabi/lib/thumb/v6-m/nofp\libg_nano.a(lib_a-memcpy-stub.o)
 .debug_frame   0x00001a74       0x20 c:/toolchain/gcc-arm-none-eabi-9-2019-q4-major-win32/bin/../lib/gcc/arm-none-eabi/9.2.1/../../../../arm-none-eabi/lib/thumb/v6-m/nofp\libg_nano.a(lib_a-memset.o)
 .debug_frame   0x00001a94       0x2c c:/toolchain/gcc-arm-none-eabi-9-2019-q4-major-win32/bin/../lib/gcc/arm-none-eabi/9.2.1/../../../../arm-none-eabi/lib/thumb/v6-m/nofp\libg_nano.a(lib_a-nano-freer.o)
 .debug_frame   0x00001ac0       0x30 c:/toolchain/gcc-arm-none-eabi-9-2019-q4-major-win32/bin/../lib/gcc/arm-none-eabi/9.2.1/../../../../arm-none-eabi/lib/thumb/v6-m/nofp\libg_nano.a(lib_a-nano-mallocr.o)
 .debug_frame   0x00001af0       0x2c c:/toolchain/gcc-arm-none-eabi-9-2019-q4-major-win32/bin/../lib/gcc/arm-none-eabi/9.2.1/../../../../arm-none-eabi/lib/thumb/v6-m/nofp\libg_nano.a(lib_a-sbrkr.o)
 .debug_frame   0x00001b1c       0x20 c:/toolchain/gcc-arm-none-eabi-9-2019-q4-major-win32/bin/../lib/gcc/arm-none-eabi/9.2.1/../../../../arm-none-eabi/lib/thumb/v6-m/nofp\libg_nano.a(lib_a-strcmp.o)
 .debug_frame   0x00001b3c       0x48 c:/toolchain/gcc-arm-none-eabi-9-2019-q4-major-win32/bin/../lib/gcc/arm-none-eabi/9.2.1/../../../../arm-none-eabi/lib/thumb/v6-m/nofp\libg_nano.a(lib_a-vprintf.o)
 .debug_frame   0x00001b84      0x170 c:/toolchain/gcc-arm-none-eabi-9-2019-q4-major-win32/bin/../lib/gcc/arm-none-eabi/9.2.1/../../../../arm-none-eabi/lib/thumb/v6-m/nofp\libg_nano.a(lib_a-findfp.o)
 .debug_frame   0x00001cf4       0x58 c:/toolchain/gcc-arm-none-eabi-9-2019-q4-major-win32/bin/../lib/gcc/arm-none-eabi/9.2.1/../../../../arm-none-eabi/lib/thumb/v6-m/nofp\libg_nano.a(lib_a-fwalk.o)
 .debug_frame   0x00001d4c       0xb0 c:/toolchain/gcc-arm-none-eabi-9-2019-q4-major-win32/bin/../lib/gcc/arm-none-eabi/9.2.1/../../../../arm-none-eabi/lib/thumb/v6-m/nofp\libg_nano.a(lib_a-lock.o)
 .debug_frame   0x00001dfc       0x40 c:/toolchain/gcc-arm-none-eabi-9-2019-q4-major-win32/bin/../lib/gcc/arm-none-eabi/9.2.1/../../../../arm-none-eabi/lib/thumb/v6-m/nofp\libg_nano.a(lib_a-mlock.o)
 .debug_frame   0x00001e3c       0x9c c:/toolchain/gcc-arm-none-eabi-9-2019-q4-major-win32/bin/../lib/gcc/arm-none-eabi/9.2.1/../../../../arm-none-eabi/lib/thumb/v6-m/nofp\libg_nano.a(lib_a-nano-vfprintf.o)
 .debug_frame   0x00001ed8       0x54 c:/toolchain/gcc-arm-none-eabi-9-2019-q4-major-win32/bin/../lib/gcc/arm-none-eabi/9.2.1/../../../../arm-none-eabi/lib/thumb/v6-m/nofp\libg_nano.a(lib_a-nano-vfprintf_i.o)
 .debug_frame   0x00001f2c       0x48 c:/toolchain/gcc-arm-none-eabi-9-2019-q4-major-win32/bin/../lib/gcc/arm-none-eabi/9.2.1/../../../../arm-none-eabi/lib/thumb/v6-m/nofp\libg_nano.a(lib_a-reent.o)
 .debug_frame   0x00001f74       0x90 c:/toolchain/gcc-arm-none-eabi-9-2019-q4-major-win32/bin/../lib/gcc/arm-none-eabi/9.2.1/../../../../arm-none-eabi/lib/thumb/v6-m/nofp\libg_nano.a(lib_a-stdio.o)
 .debug_frame   0x00002004       0x48 c:/toolchain/gcc-arm-none-eabi-9-2019-q4-major-win32/bin/../lib/gcc/arm-none-eabi/9.2.1/../../../../arm-none-eabi/lib/thumb/v6-m/nofp\libg_nano.a(lib_a-wbuf.o)
 .debug_frame   0x0000204c       0x2c c:/toolchain/gcc-arm-none-eabi-9-2019-q4-major-win32/bin/../lib/gcc/arm-none-eabi/9.2.1/../../../../arm-none-eabi/lib/thumb/v6-m/nofp\libg_nano.a(lib_a-writer.o)
 .debug_frame   0x00002078       0x2c c:/toolchain/gcc-arm-none-eabi-9-2019-q4-major-win32/bin/../lib/gcc/arm-none-eabi/9.2.1/../../../../arm-none-eabi/lib/thumb/v6-m/nofp\libg_nano.a(lib_a-wsetup.o)
 .debug_frame   0x000020a4       0x2c c:/toolchain/gcc-arm-none-eabi-9-2019-q4-major-win32/bin/../lib/gcc/arm-none-eabi/9.2.1/../../../../arm-none-eabi/lib/thumb/v6-m/nofp\libg_nano.a(lib_a-closer.o)
 .debug_frame   0x000020d0       0x68 c:/toolchain/gcc-arm-none-eabi-9-2019-q4-major-win32/bin/../lib/gcc/arm-none-eabi/9.2.1/../../../../arm-none-eabi/lib/thumb/v6-m/nofp\libg_nano.a(lib_a-fflush.o)
 .debug_frame   0x00002138       0x2c c:/toolchain/gcc-arm-none-eabi-9-2019-q4-major-win32/bin/../lib/gcc/arm-none-eabi/9.2.1/../../../../arm-none-eabi/lib/thumb/v6-m/nofp\libg_nano.a(lib_a-lseekr.o)
 .debug_frame   0x00002164       0x54 c:/toolchain/gcc-arm-none-eabi-9-2019-q4-major-win32/bin/../lib/gcc/arm-none-eabi/9.2.1/../../../../arm-none-eabi/lib/thumb/v6-m/nofp\libg_nano.a(lib_a-makebuf.o)
 .debug_frame   0x000021b8       0x20 c:/toolchain/gcc-arm-none-eabi-9-2019-q4-major-win32/bin/../lib/gcc/arm-none-eabi/9.2.1/../../../../arm-none-eabi/lib/thumb/v6-m/nofp\libg_nano.a(lib_a-memchr-stub.o)
 .debug_frame   0x000021d8       0x2c c:/toolchain/gcc-arm-none-eabi-9-2019-q4-major-win32/bin/../lib/gcc/arm-none-eabi/9.2.1/../../../../arm-none-eabi/lib/thumb/v6-m/nofp\libg_nano.a(lib_a-readr.o)
 .debug_frame   0x00002204       0x2c c:/toolchain/gcc-arm-none-eabi-9-2019-q4-major-win32/bin/../lib/gcc/arm-none-eabi/9.2.1/../../../../arm-none-eabi/lib/thumb/v6-m/nofp\libg_nano.a(lib_a-fstatr.o)
 .debug_frame   0x00002230       0x2c c:/toolchain/gcc-arm-none-eabi-9-2019-q4-major-win32/bin/../lib/gcc/arm-none-eabi/9.2.1/../../../../arm-none-eabi/lib/thumb/v6-m/nofp\libg_nano.a(lib_a-isattyr.o)
 .debug_frame   0x0000225c       0x20 c:/toolchain/gcc-arm-none-eabi-9-2019-q4-major-win32/bin/../lib/gcc/arm-none-eabi/9.2.1/../../../../arm-none-eabi/lib/thumb/v6-m/nofp\libnosys.a(close.o)
 .debug_frame   0x0000227c       0x20 c:/toolchain/gcc-arm-none-eabi-9-2019-q4-major-win32/bin/../lib/gcc/arm-none-eabi/9.2.1/../../../../arm-none-eabi/lib/thumb/v6-m/nofp\libnosys.a(fstat.o)
 .debug_frame   0x0000229c       0x20 c:/toolchain/gcc-arm-none-eabi-9-2019-q4-major-win32/bin/../lib/gcc/arm-none-eabi/9.2.1/../../../../arm-none-eabi/lib/thumb/v6-m/nofp\libnosys.a(isatty.o)
 .debug_frame   0x000022bc       0x20 c:/toolchain/gcc-arm-none-eabi-9-2019-q4-major-win32/bin/../lib/gcc/arm-none-eabi/9.2.1/../../../../arm-none-eabi/lib/thumb/v6-m/nofp\libnosys.a(lseek.o)
 .debug_frame   0x000022dc       0x20 c:/toolchain/gcc-arm-none-eabi-9-2019-q4-major-win32/bin/../lib/gcc/arm-none-eabi/9.2.1/../../../../arm-none-eabi/lib/thumb/v6-m/nofp\libnosys.a(read.o)
 .debug_frame   0x000022fc       0x20 c:/toolchain/gcc-arm-none-eabi-9-2019-q4-major-win32/bin/../lib/gcc/arm-none-eabi/9.2.1/../../../../arm-none-eabi/lib/thumb/v6-m/nofp\libnosys.a(sbrk.o)
