Archive member included to satisfy reference by file (symbol)

c:/mounriver/mounriver_studio/toolchain/arm-none-eabi-gcc/bin/../lib/gcc/arm-none-eabi/9.3.1/thumb/v6-m/nofp\libgcc.a(_thumb1_case_sqi.o)
                              ./app/ch57x_usb_device_msc.o (__gnu_thumb1_case_sqi)
c:/mounriver/mounriver_studio/toolchain/arm-none-eabi-gcc/bin/../lib/gcc/arm-none-eabi/9.3.1/thumb/v6-m/nofp\libgcc.a(_thumb1_case_uqi.o)
                              ./app/ch57x_usb_device_msc.o (__gnu_thumb1_case_uqi)
c:/mounriver/mounriver_studio/toolchain/arm-none-eabi-gcc/bin/../lib/gcc/arm-none-eabi/9.3.1/thumb/v6-m/nofp\libgcc.a(_thumb1_case_shi.o)
                              ./app/ff.o (__gnu_thumb1_case_shi)
c:/mounriver/mounriver_studio/toolchain/arm-none-eabi-gcc/bin/../lib/gcc/arm-none-eabi/9.3.1/thumb/v6-m/nofp\libgcc.a(_udivsi3.o)
                              ./app/ff.o (__aeabi_uidiv)
c:/mounriver/mounriver_studio/toolchain/arm-none-eabi-gcc/bin/../lib/gcc/arm-none-eabi/9.3.1/thumb/v6-m/nofp\libgcc.a(_divsi3.o)
                              ./StdPeriphDriver/CH57x_adc.o (__aeabi_idiv)
c:/mounriver/mounriver_studio/toolchain/arm-none-eabi-gcc/bin/../lib/gcc/arm-none-eabi/9.3.1/thumb/v6-m/nofp\libgcc.a(_dvmd_tls.o)
                              c:/mounriver/mounriver_studio/toolchain/arm-none-eabi-gcc/bin/../lib/gcc/arm-none-eabi/9.3.1/thumb/v6-m/nofp\libgcc.a(_udivsi3.o) (__aeabi_idiv0)
c:/mounriver/mounriver_studio/toolchain/arm-none-eabi-gcc/bin/../lib/gcc/arm-none-eabi/9.3.1/../../../../arm-none-eabi/lib/thumb/v6-m/nofp\libg_nano.a(lib_a-malloc.o)
                              ./hal/hal_spi.o (malloc)
c:/mounriver/mounriver_studio/toolchain/arm-none-eabi-gcc/bin/../lib/gcc/arm-none-eabi/9.3.1/../../../../arm-none-eabi/lib/thumb/v6-m/nofp\libg_nano.a(lib_a-memcpy-stub.o)
                              ./hal/hal_spi.o (memcpy)
c:/mounriver/mounriver_studio/toolchain/arm-none-eabi-gcc/bin/../lib/gcc/arm-none-eabi/9.3.1/../../../../arm-none-eabi/lib/thumb/v6-m/nofp\libg_nano.a(lib_a-memset.o)
                              ./app/peripheral_main.o (memset)
c:/mounriver/mounriver_studio/toolchain/arm-none-eabi-gcc/bin/../lib/gcc/arm-none-eabi/9.3.1/../../../../arm-none-eabi/lib/thumb/v6-m/nofp\libg_nano.a(lib_a-nano-freer.o)
                              c:/mounriver/mounriver_studio/toolchain/arm-none-eabi-gcc/bin/../lib/gcc/arm-none-eabi/9.3.1/../../../../arm-none-eabi/lib/thumb/v6-m/nofp\libg_nano.a(lib_a-malloc.o) (_free_r)
c:/mounriver/mounriver_studio/toolchain/arm-none-eabi-gcc/bin/../lib/gcc/arm-none-eabi/9.3.1/../../../../arm-none-eabi/lib/thumb/v6-m/nofp\libg_nano.a(lib_a-nano-mallocr.o)
                              c:/mounriver/mounriver_studio/toolchain/arm-none-eabi-gcc/bin/../lib/gcc/arm-none-eabi/9.3.1/../../../../arm-none-eabi/lib/thumb/v6-m/nofp\libg_nano.a(lib_a-malloc.o) (_malloc_r)
c:/mounriver/mounriver_studio/toolchain/arm-none-eabi-gcc/bin/../lib/gcc/arm-none-eabi/9.3.1/../../../../arm-none-eabi/lib/thumb/v6-m/nofp\libg_nano.a(lib_a-printf.o)
                              ./hal/app_flash.o (printf)
c:/mounriver/mounriver_studio/toolchain/arm-none-eabi-gcc/bin/../lib/gcc/arm-none-eabi/9.3.1/../../../../arm-none-eabi/lib/thumb/v6-m/nofp\libg_nano.a(lib_a-sbrkr.o)
                              c:/mounriver/mounriver_studio/toolchain/arm-none-eabi-gcc/bin/../lib/gcc/arm-none-eabi/9.3.1/../../../../arm-none-eabi/lib/thumb/v6-m/nofp\libg_nano.a(lib_a-nano-mallocr.o) (_sbrk_r)
c:/mounriver/mounriver_studio/toolchain/arm-none-eabi-gcc/bin/../lib/gcc/arm-none-eabi/9.3.1/../../../../arm-none-eabi/lib/thumb/v6-m/nofp\libg_nano.a(lib_a-strcmp.o)
                              ./hal/hal_device.o (strcmp)
c:/mounriver/mounriver_studio/toolchain/arm-none-eabi-gcc/bin/../lib/gcc/arm-none-eabi/9.3.1/../../../../arm-none-eabi/lib/thumb/v6-m/nofp\libg_nano.a(lib_a-findfp.o)
                              c:/mounriver/mounriver_studio/toolchain/arm-none-eabi-gcc/bin/../lib/gcc/arm-none-eabi/9.3.1/../../../../arm-none-eabi/lib/thumb/v6-m/nofp\libg_nano.a(lib_a-printf.o) (__sinit)
c:/mounriver/mounriver_studio/toolchain/arm-none-eabi-gcc/bin/../lib/gcc/arm-none-eabi/9.3.1/../../../../arm-none-eabi/lib/thumb/v6-m/nofp\libg_nano.a(lib_a-fwalk.o)
                              c:/mounriver/mounriver_studio/toolchain/arm-none-eabi-gcc/bin/../lib/gcc/arm-none-eabi/9.3.1/../../../../arm-none-eabi/lib/thumb/v6-m/nofp\libg_nano.a(lib_a-findfp.o) (_fwalk)
c:/mounriver/mounriver_studio/toolchain/arm-none-eabi-gcc/bin/../lib/gcc/arm-none-eabi/9.3.1/../../../../arm-none-eabi/lib/thumb/v6-m/nofp\libg_nano.a(lib_a-impure.o)
                              c:/mounriver/mounriver_studio/toolchain/arm-none-eabi-gcc/bin/../lib/gcc/arm-none-eabi/9.3.1/../../../../arm-none-eabi/lib/thumb/v6-m/nofp\libg_nano.a(lib_a-findfp.o) (_global_impure_ptr)
[...]
Memory Configuration

Name             Origin             Length             Attributes
FLASH            0x00000000         0x0003e800         xr
XRAM             0x20003800         0x00001fff         xrw
RAM              0x20004000         0x00004000         xrw
*default*        0x00000000         0xffffffff

Linker script and memory map

LOAD ./hal/app_flash.o
LOAD ./hal/hal_device.o
LOAD ./hal/hal_spi.o
LOAD ./bsp/bsp_log.o
LOAD ./bsp/bsp_spi.o
LOAD ./app/ch57x_code_flash.o
LOAD ./app/ch57x_usb_device_msc.o
LOAD ./app/diskio.o
LOAD ./app/ff.o
LOAD ./app/ffsystem.o
LOAD ./app/ffunicode.o
LOAD ./app/peripheral_main.o
LOAD ./StdPeriphDriver/CH57x_adc.o
LOAD ./StdPeriphDriver/CH57x_clk.o
LOAD ./StdPeriphDriver/CH57x_flash.o
LOAD ./StdPeriphDriver/CH57x_gpio.o
LOAD ./StdPeriphDriver/CH57x_int.o
LOAD ./StdPeriphDriver/CH57x_lcd.o
LOAD ./StdPeriphDriver/CH57x_pwm.o
LOAD ./StdPeriphDriver/CH57x_pwr.o
LOAD ./StdPeriphDriver/CH57x_spi0.o
LOAD ./StdPeriphDriver/CH57x_spi1.o
LOAD ./StdPeriphDriver/CH57x_sys.o
LOAD ./StdPeriphDriver/CH57x_timer0.o
LOAD ./StdPeriphDriver/CH57x_timer1.o
LOAD ./StdPeriphDriver/CH57x_timer2.o
LOAD ./StdPeriphDriver/CH57x_timer3.o
LOAD ./StdPeriphDriver/CH57x_uart0.o
LOAD ./StdPeriphDriver/CH57x_uart1.o
LOAD ./StdPeriphDriver/CH57x_uart2.o
LOAD ./StdPeriphDriver/CH57x_uart3.o
LOAD ./StdPeriphDriver/CH57x_usbdev.o
LOAD ./Startup/startup_ch579.o
START GROUP
LOAD c:/mounriver/mounriver_studio/toolchain/arm-none-eabi-gcc/bin/../lib/gcc/arm-none-eabi/9.3.1/thumb/v6-m/nofp\libgcc.a
LOAD c:/mounriver/mounriver_studio/toolchain/arm-none-eabi-gcc/bin/../lib/gcc/arm-none-eabi/9.3.1/../../../../arm-none-eabi/lib/thumb/v6-m/nofp\libg_nano.a
LOAD c:/mounriver/mounriver_studio/toolchain/arm-none-eabi-gcc/bin/../lib/gcc/arm-none-eabi/9.3.1/../../../../arm-none-eabi/lib/thumb/v6-m/nofp\libc_nano.a
END GROUP
START GROUP
LOAD c:/mounriver/mounriver_studio/toolchain/arm-none-eabi-gcc/bin/../lib/gcc/arm-none-eabi/9.3.1/thumb/v6-m/nofp\libgcc.a
LOAD c:/mounriver/mounriver_studio/toolchain/arm-none-eabi-gcc/bin/../lib/gcc/arm-none-eabi/9.3.1/../../../../arm-none-eabi/lib/thumb/v6-m/nofp\libc_nano.a
LOAD c:/mounriver/mounriver_studio/toolchain/arm-none-eabi-gcc/bin/../lib/gcc/arm-none-eabi/9.3.1/../../../../arm-none-eabi/lib/thumb/v6-m/nofp\libnosys.a
END GROUP
START GROUP
LOAD c:/mounriver/mounriver_studio/toolchain/arm-none-eabi-gcc/bin/../lib/gcc/arm-none-eabi/9.3.1/thumb/v6-m/nofp\libgcc.a
LOAD c:/mounriver/mounriver_studio/toolchain/arm-none-eabi-gcc/bin/../lib/gcc/arm-none-eabi/9.3.1/../../../../arm-none-eabi/lib/thumb/v6-m/nofp\libc_nano.a
LOAD c:/mounriver/mounriver_studio/toolchain/arm-none-eabi-gcc/bin/../lib/gcc/arm-none-eabi/9.3.1/../../../../arm-none-eabi/lib/thumb/v6-m/nofp\libnosys.a
END GROUP
                0x20008000                _estack = 0x20008000
                0x00000400                _Min_Heap_Size = 0x400
                0x00000400                _Min_Stack_Size = 0x400

.stack_data

.isr_vector     0x00000000       0x90
                0x00000000                . = ALIGN (0x4)
 *(.isr_vector)
 .isr_vector    0x00000000       0x90 ./Startup/startup_ch579.o
                0x00000000                g_pfnVectors
                0x00000090                . = ALIGN (0x4)

.text           0x00000090     0x4c8c
                0x00000090                . = ALIGN (0x4)
 *(.text)
 .text          0x00000090       0x14 c:/mounriver/mounriver_studio/toolchain/arm-none-eabi-gcc/bin/../lib/gcc/arm-none-eabi/9.3.1/thumb/v6-m/nofp\libgcc.a(_thumb1_case_sqi.o)
                0x00000090                __gnu_thumb1_case_sqi
 .text          0x000000a4       0x14 c:/mounriver/mounriver_studio/toolchain/arm-none-eabi-gcc/bin/../lib/gcc/arm-none-eabi/9.3.1/thumb/v6-m/nofp\libgcc.a(_thumb1_case_uqi.o)
                0x000000a4                __gnu_thumb1_case_uqi
 .text          0x000000b8       0x14 c:/mounriver/mounriver_studio/toolchain/arm-none-eabi-gcc/bin/../lib/gcc/arm-none-eabi/9.3.1/thumb/v6-m/nofp\libgcc.a(_thumb1_case_shi.o)
                0x000000b8                __gnu_thumb1_case_shi
 .text          0x000000cc      0x114 c:/mounriver/mounriver_studio/toolchain/arm-none-eabi-gcc/bin/../lib/gcc/arm-none-eabi/9.3.1/thumb/v6-m/nofp\libgcc.a(_udivsi3.o)
                0x000000cc                __aeabi_uidiv
                0x000000cc                __udivsi3
                0x000001d8                __aeabi_uidivmod
 .text          0x000001e0      0x1d4 c:/mounriver/mounriver_studio/toolchain/arm-none-eabi-gcc/bin/../lib/gcc/arm-none-eabi/9.3.1/thumb/v6-m/nofp\libgcc.a(_divsi3.o)
                0x000001e0                __divsi3
                0x000001e0                __aeabi_idiv
                0x000003ac                __aeabi_idivmod
 .text          0x000003b4        0x4 c:/mounriver/mounriver_studio/toolchain/arm-none-eabi-gcc/bin/../lib/gcc/arm-none-eabi/9.3.1/thumb/v6-m/nofp\libgcc.a(_dvmd_tls.o)
                0x000003b4                __aeabi_idiv0
                0x000003b4                __aeabi_ldiv0
 .text          0x000003b8       0x14 c:/mounriver/mounriver_studio/toolchain/arm-none-eabi-gcc/bin/../lib/gcc/arm-none-eabi/9.3.1/../../../../arm-none-eabi/lib/thumb/v6-m/nofp\libg_nano.a(lib_a-strcmp.o)
                0x000003b8                strcmp
 *(.text*)
 .text.ReadExternalFlashStatusReg_SPI
                0x000003cc       0x2c ./hal/app_flash.o
                0x000003cc                ReadExternalFlashStatusReg_SPI
 .text.WaitExternalFlashIfBusy
                0x000003f8        0xe ./hal/app_flash.o
                0x000003f8                WaitExternalFlashIfBusy
 *fill*         0x00000406        0x2 
 .text.WriteExternalFlashEnable_SPI
                0x00000408       0x24 ./hal/app_flash.o
                0x00000408                WriteExternalFlashEnable_SPI
 .text.EraseExternal4KFlash_SPI
                0x0000042c       0x34 ./hal/app_flash.o
                0x0000042c                EraseExternal4KFlash_SPI
 .text.PageWriteExternalFlash_SPI
                0x00000460       0x34 ./hal/app_flash.o
                0x00000460                PageWriteExternalFlash_SPI
 .text.BlukWriteExternalFlash_SPI
                0x00000494       0x44 ./hal/app_flash.o
                0x00000494                BlukWriteExternalFlash_SPI
 .text.ReadExternalFlash_SPI
                0x000004d8       0x28 ./hal/app_flash.o
                0x000004d8                ReadExternalFlash_SPI
 .text.BlukReadExternalFlash_SPI
                0x00000500       0x44 ./hal/app_flash.o
                0x00000500                BlukReadExternalFlash_SPI
 .text.SPIFlash_ReadID
                0x00000544       0x30 ./hal/app_flash.o
                0x00000544                SPIFlash_ReadID
 .text.app_flash_init
                0x00000574       0x78 ./hal/app_flash.o
                0x00000574                app_flash_init
 .text.hal_device_find
                0x000005ec       0x2c ./hal/hal_device.o
 .text.hal_device_register
                0x00000618       0x24 ./hal/hal_device.o
                0x00000618                hal_device_register
 .text.hal_device_open
                0x0000063c       0x24 ./hal/hal_device.o
                0x0000063c                hal_device_open
 .text.hal_device_write
                0x00000660       0x14 ./hal/hal_device.o
                0x00000660                hal_device_write
 .text.hal_device_read
                0x00000674       0x14 ./hal/hal_device.o
                0x00000674                hal_device_read
 .text.hal_spi_write
                0x00000688       0x38 ./hal/hal_spi.o
                0x00000688                hal_spi_write
 .text.hal_spi_read
                0x000006c0       0x38 ./hal/hal_spi.o
                0x000006c0                hal_spi_read
 .text.hal_spi_close
                0x000006f8       0x2c ./hal/hal_spi.o
                0x000006f8                hal_spi_close
 .text.hal_spi_open
                0x00000724       0x48 ./hal/hal_spi.o
                0x00000724                hal_spi_open
 .text.hal_spi_init
                0x0000076c       0xb4 ./hal/hal_spi.o
                0x0000076c                hal_spi_init
 .text.bsp_spi0_init
                0x00000820       0x3c ./bsp/bsp_spi.o
                0x00000820                bsp_spi0_init
 .text.bsp_spi0_deinit
                0x0000085c        0x2 ./bsp/bsp_spi.o
                0x0000085c                bsp_spi0_deinit
 *fill*         0x0000085e        0x2 
 .text.bsp_spi0_read
                0x00000860       0x54 ./bsp/bsp_spi.o
                0x00000860                bsp_spi0_read
 .text.bsp_spi0_write
                0x000008b4       0x5c ./bsp/bsp_spi.o
                0x000008b4                bsp_spi0_write
 .text.BulkThirteen
                0x00000910       0x74 ./app/ch57x_usb_device_msc.o
                0x00000910                BulkThirteen
 .text.UFI_modeSense.part.0
                0x00000984       0x34 ./app/ch57x_usb_device_msc.o
 .text.UFI_readCapacity
                0x000009b8       0x3c ./app/ch57x_usb_device_msc.o
                0x000009b8                UFI_readCapacity
 .text.UFI_inquiry
                0x000009f4       0x3c ./app/ch57x_usb_device_msc.o
                0x000009f4                UFI_inquiry
 .text.UFI_read10
                0x00000a30       0x5c ./app/ch57x_usb_device_msc.o
                0x00000a30                UFI_read10
 .text.UFI_modeSense
                0x00000a8c       0x50 ./app/ch57x_usb_device_msc.o
                0x00000a8c                UFI_modeSense
 .text.UFI_requestSense
                0x00000adc       0x6c ./app/ch57x_usb_device_msc.o
                0x00000adc                UFI_requestSense
 .text.UFI_testUnit
                0x00000b48       0x2c ./app/ch57x_usb_device_msc.o
                0x00000b48                UFI_testUnit
 .text.UFI_perOrMed
                0x00000b74       0x1c ./app/ch57x_usb_device_msc.o
                0x00000b74                UFI_perOrMed
 .text.UFI_write
                0x00000b90       0x6c ./app/ch57x_usb_device_msc.o
                0x00000b90                UFI_write
 .text.UFI_modeSense5
                0x00000bfc       0x50 ./app/ch57x_usb_device_msc.o
                0x00000bfc                UFI_modeSense5
 .text.UFI_Hunding
                0x00000c4c       0xa8 ./app/ch57x_usb_device_msc.o
                0x00000c4c                UFI_Hunding
 .text.mCH375BulkOnly
                0x00000cf4       0x80 ./app/ch57x_usb_device_msc.o
                0x00000cf4                mCH375BulkOnly
 .text.mCH375UpCsw
                0x00000d74       0x88 ./app/ch57x_usb_device_msc.o
                0x00000d74                mCH375UpCsw
 .text.CH375bulkUpData
                0x00000dfc       0x88 ./app/ch57x_usb_device_msc.o
                0x00000dfc                CH375bulkUpData
 .text.mCH375BulkDownData
                0x00000e84       0x58 ./app/ch57x_usb_device_msc.o
                0x00000e84                mCH375BulkDownData
 .text.USB_DevTransProcess
                0x00000edc      0x368 ./app/ch57x_usb_device_msc.o
                0x00000edc                USB_DevTransProcess
 .text.USB_IRQHandler
                0x00001244        0x8 ./app/ch57x_usb_device_msc.o
                0x00001244                USB_IRQHandler
 .text.disk_status
                0x0000124c       0x20 ./app/diskio.o
                0x0000124c                disk_status
 .text.disk_initialize
                0x0000126c       0x24 ./app/diskio.o
                0x0000126c                disk_initialize
 .text.disk_read
                0x00001290       0x1e ./app/diskio.o
                0x00001290                disk_read
 .text.disk_ioctl
                0x000012ae       0x28 ./app/diskio.o
                0x000012ae                disk_ioctl
 .text.spi_disk_write
                0x000012d6       0x16 ./app/diskio.o
                0x000012d6                spi_disk_write
 .text.disk_write
                0x000012ec       0x28 ./app/diskio.o
                0x000012ec                disk_write
 .text.ld_dword
                0x00001314       0x16 ./app/ff.o
 .text.st_dword
                0x0000132a       0x10 ./app/ff.o
 .text.mem_set  0x0000133a        0xc ./app/ff.o
 .text.mem_cmp  0x00001346       0x1a ./app/ff.o
 .text.clst2sect
                0x00001360       0x18 ./app/ff.o
 .text.sum_sfn  0x00001378       0x1c ./app/ff.o
 .text.get_ldnumber
                0x00001394       0x34 ./app/ff.o
 .text.validate
                0x000013c8       0x3c ./app/ff.o
 .text.mem_cpy.part.0
                0x00001404       0x10 ./app/ff.o
 .text.ld_clust.isra.0
                0x00001414       0x1e ./app/ff.o
 .text.st_clust.isra.0
                0x00001432       0x18 ./app/ff.o
 .text.sync_window
                0x0000144a       0x4a ./app/ff.o
 .text.move_window
                0x00001494       0x34 ./app/ff.o
 .text.check_fs
                0x000014c8       0x80 ./app/ff.o
 .text.find_volume
                0x00001548      0x2f8 ./app/ff.o
 .text.put_fat  0x00001840      0x114 ./app/ff.o
 .text.get_fat.isra.0
                0x00001954       0xc4 ./app/ff.o
 .text.dir_sdi  0x00001a18       0x8e ./app/ff.o
 .text.create_chain
                0x00001aa6       0xec ./app/ff.o
 .text.remove_chain
                0x00001b92       0x72 ./app/ff.o
 .text.dir_clear
                0x00001c04       0x54 ./app/ff.o
 .text.dir_next
                0x00001c58       0xac ./app/ff.o
 .text.dir_find
                0x00001d04      0x170 ./app/ff.o
 .text.dir_register
                0x00001e74      0x258 ./app/ff.o
 .text.sync_fs  0x000020cc       0xb0 ./app/ff.o
 .text.follow_path
                0x0000217c      0x2e8 ./app/ff.o
 .text.f_mount  0x00002464       0x4c ./app/ff.o
                0x00002464                f_mount
 .text.f_open   0x000024b0      0x1b4 ./app/ff.o
                0x000024b0                f_open
 .text.f_read   0x00002664      0x146 ./app/ff.o
                0x00002664                f_read
 .text.f_write  0x000027aa      0x190 ./app/ff.o
                0x000027aa                f_write
 .text.f_sync   0x0000293a       0x6a ./app/ff.o
                0x0000293a                f_sync
 .text.f_close  0x000029a4       0x1c ./app/ff.o
                0x000029a4                f_close
 .text.f_mkfs   0x000029c0      0x5d8 ./app/ff.o
                0x000029c0                f_mkfs
 .text.ff_uni2oem
                0x00002f98       0x38 ./app/ffunicode.o
                0x00002f98                ff_uni2oem
 .text.ff_oem2uni
                0x00002fd0       0x28 ./app/ffunicode.o
                0x00002fd0                ff_oem2uni
 .text.ff_wtoupper
                0x00002ff8       0x94 ./app/ffunicode.o
                0x00002ff8                ff_wtoupper
 .text.DebugInit
                0x0000308c       0x44 ./app/peripheral_main.o
                0x0000308c                DebugInit
 .text.startup.main
                0x000030d0      0x2b8 ./app/peripheral_main.o
                0x000030d0                main
 .text.UART0_IRQHandler
                0x00003388       0x68 ./app/peripheral_main.o
                0x00003388                UART0_IRQHandler
 .text.SYS_IsClkXT32MPon
                0x000033f0       0x10 ./StdPeriphDriver/CH57x_clk.o
 .text.SystemInit
                0x00003400       0x3c ./StdPeriphDriver/CH57x_clk.o
                0x00003400                SystemInit
 .text.SYS_ClkXT32MPon
                0x0000343c       0x34 ./StdPeriphDriver/CH57x_clk.o
                0x0000343c                SYS_ClkXT32MPon
 .text.SYS_ClkINT32MPon
                0x00003470       0x2c ./StdPeriphDriver/CH57x_clk.o
                0x00003470                SYS_ClkINT32MPon
 .text.SYS_PLLPon
                0x0000349c       0x38 ./StdPeriphDriver/CH57x_clk.o
                0x0000349c                SYS_PLLPon
 .text.GetSysClock
                0x000034d4       0x44 ./StdPeriphDriver/CH57x_clk.o
                0x000034d4                GetSysClock
 .text.LClk32k_Power
                0x00003518       0x90 ./StdPeriphDriver/CH57x_clk.o
                0x00003518                LClk32k_Power
 .text.LClk32K_Select
                0x000035a8       0x38 ./StdPeriphDriver/CH57x_clk.o
                0x000035a8                LClk32K_Select
 .text.SetSysClock
                0x000035e0      0x1a4 ./StdPeriphDriver/CH57x_clk.o
                0x000035e0                SetSysClock
 .text.GPIOA_ModeCfg
                0x00003784       0x64 ./StdPeriphDriver/CH57x_gpio.o
                0x00003784                GPIOA_ModeCfg
 .text.GPIOB_ModeCfg
                0x000037e8       0x64 ./StdPeriphDriver/CH57x_gpio.o
                0x000037e8                GPIOB_ModeCfg
 .text.NMI_Handler
                0x0000384c       0x88 ./StdPeriphDriver/CH57x_int.o
                0x0000384c                NMI_Handler
 .text.PWR_UnitModCfg
                0x000038d4       0x70 ./StdPeriphDriver/CH57x_pwr.o
                0x000038d4                PWR_UnitModCfg
 .text.PowerMonitor
                0x00003944       0x44 ./StdPeriphDriver/CH57x_pwr.o
                0x00003944                PowerMonitor
 .text.SPI0_MasterDefInit
                0x00003988       0x30 ./StdPeriphDriver/CH57x_spi0.o
                0x00003988                SPI0_MasterDefInit
 .text.SPI0_CLKCfg
                0x000039b8       0x24 ./StdPeriphDriver/CH57x_spi0.o
                0x000039b8                SPI0_CLKCfg
 .text.SPI0_DataMode
                0x000039dc       0x4c ./StdPeriphDriver/CH57x_spi0.o
                0x000039dc                SPI0_DataMode
 .text.SPI0_MasterSendByte
                0x00003a28       0x28 ./StdPeriphDriver/CH57x_spi0.o
                0x00003a28                SPI0_MasterSendByte
 .text.SPI0_MasterRecv
                0x00003a50       0x44 ./StdPeriphDriver/CH57x_spi0.o
                0x00003a50                SPI0_MasterRecv
 .text.mDelayuS
                0x00003a94       0x58 ./StdPeriphDriver/CH57x_sys.o
                0x00003a94                mDelayuS
 .text.mDelaymS
                0x00003aec       0x1c ./StdPeriphDriver/CH57x_sys.o
                0x00003aec                mDelaymS
 .text._write   0x00003b08       0x28 ./StdPeriphDriver/CH57x_sys.o
                0x00003b08                _write
 .text.UART0_BaudRateCfg
                0x00003b30       0x28 ./StdPeriphDriver/CH57x_uart0.o
                0x00003b30                UART0_BaudRateCfg
 .text.UART0_DefInit
                0x00003b58       0x34 ./StdPeriphDriver/CH57x_uart0.o
                0x00003b58                UART0_DefInit
 .text.UART0_ByteTrigCfg
                0x00003b8c       0x18 ./StdPeriphDriver/CH57x_uart0.o
                0x00003b8c                UART0_ByteTrigCfg
 .text.UART0_INTCfg
                0x00003ba4       0x28 ./StdPeriphDriver/CH57x_uart0.o
                0x00003ba4                UART0_INTCfg
 .text.UART0_SendString
                0x00003bcc       0x24 ./StdPeriphDriver/CH57x_uart0.o
                0x00003bcc                UART0_SendString
 .text.USB_DeviceInit
                0x00003bf0       0xcc ./StdPeriphDriver/CH57x_usbdev.o
                0x00003bf0                USB_DeviceInit
 .text.Reset_Handler
                0x00003cbc       0x7c ./Startup/startup_ch579.o
                0x00003cbc                Reset_Handler
 .text.Default_Handler
                0x00003d38        0x2 ./Startup/startup_ch579.o
                0x00003d38                GPIO_IRQHandler
                0x00003d38                HardFault_Handler
                0x00003d38                SysTick_Handler
                0x00003d38                PendSV_Handler
                0x00003d38                UART1_IRQHandler
                0x00003d38                BB_IRQHandler
                0x00003d38                SPI1_IRQHandler
                0x00003d38                TMR0_IRQHandler
                0x00003d38                RTC_IRQHandler
                0x00003d38                LED_IRQHandler
                0x00003d38                UART2_IRQHandler
                0x00003d38                Default_Handler
                0x00003d38                ADC_IRQHandler
                0x00003d38                TMR2_IRQHandler
                0x00003d38                SLAVE_IRQHandler
                0x00003d38                WDT_IRQHandler
                0x00003d38                SVC_Handler
                0x00003d38                LLE_IRQHandler
                0x00003d38                ETH_IRQHandler
                0x00003d38                TMR3_IRQHandler
                0x00003d38                SPI0_IRQHandler
                0x00003d38                UART3_IRQHandler
                0x00003d38                TMR1_IRQHandler
 *fill*         0x00003d3a        0x2 
 .text.malloc   0x00003d3c       0x14 c:/mounriver/mounriver_studio/toolchain/arm-none-eabi-gcc/bin/../lib/gcc/arm-none-eabi/9.3.1/../../../../arm-none-eabi/lib/thumb/v6-m/nofp\libg_nano.a(lib_a-malloc.o)
                0x00003d3c                malloc
 .text.memcpy   0x00003d50       0x12 c:/mounriver/mounriver_studio/toolchain/arm-none-eabi-gcc/bin/../lib/gcc/arm-none-eabi/9.3.1/../../../../arm-none-eabi/lib/thumb/v6-m/nofp\libg_nano.a(lib_a-memcpy-stub.o)
                0x00003d50                memcpy
 .text.memset   0x00003d62       0x10 c:/mounriver/mounriver_studio/toolchain/arm-none-eabi-gcc/bin/../lib/gcc/arm-none-eabi/9.3.1/../../../../arm-none-eabi/lib/thumb/v6-m/nofp\libg_nano.a(lib_a-memset.o)
                0x00003d62                memset
 *fill*         0x00003d72        0x2 
 .text._free_r  0x00003d74       0x94 c:/mounriver/mounriver_studio/toolchain/arm-none-eabi-gcc/bin/../lib/gcc/arm-none-eabi/9.3.1/../../../../arm-none-eabi/lib/thumb/v6-m/nofp\libg_nano.a(lib_a-nano-freer.o)
                0x00003d74                _free_r
 .text._malloc_r
                0x00003e08       0xbc c:/mounriver/mounriver_studio/toolchain/arm-none-eabi-gcc/bin/../lib/gcc/arm-none-eabi/9.3.1/../../../../arm-none-eabi/lib/thumb/v6-m/nofp\libg_nano.a(lib_a-nano-mallocr.o)
                0x00003e08                _malloc_r
 .text.printf   0x00003ec4       0x34 c:/mounriver/mounriver_studio/toolchain/arm-none-eabi-gcc/bin/../lib/gcc/arm-none-eabi/9.3.1/../../../../arm-none-eabi/lib/thumb/v6-m/nofp\libg_nano.a(lib_a-printf.o)
                0x00003ec4                iprintf
                0x00003ec4                printf
 .text._sbrk_r  0x00003ef8       0x24 c:/mounriver/mounriver_studio/toolchain/arm-none-eabi-gcc/bin/../lib/gcc/arm-none-eabi/9.3.1/../../../../arm-none-eabi/lib/thumb/v6-m/nofp\libg_nano.a(lib_a-sbrkr.o)
                0x00003ef8                _sbrk_r
 .text.std      0x00003f1c       0x48 c:/mounriver/mounriver_studio/toolchain/arm-none-eabi-gcc/bin/../lib/gcc/arm-none-eabi/9.3.1/../../../../arm-none-eabi/lib/thumb/v6-m/nofp\libg_nano.a(lib_a-findfp.o)
 .text._cleanup_r
                0x00003f64       0x10 c:/mounriver/mounriver_studio/toolchain/arm-none-eabi-gcc/bin/../lib/gcc/arm-none-eabi/9.3.1/../../../../arm-none-eabi/lib/thumb/v6-m/nofp\libg_nano.a(lib_a-findfp.o)
                0x00003f64                _cleanup_r
 .text.__sfmoreglue
                0x00003f74       0x2c c:/mounriver/mounriver_studio/toolchain/arm-none-eabi-gcc/bin/../lib/gcc/arm-none-eabi/9.3.1/../../../../arm-none-eabi/lib/thumb/v6-m/nofp\libg_nano.a(lib_a-findfp.o)
                0x00003f74                __sfmoreglue
 .text.__sfp_lock_acquire
                0x00003fa0       0x10 c:/mounriver/mounriver_studio/toolchain/arm-none-eabi-gcc/bin/../lib/gcc/arm-none-eabi/9.3.1/../../../../arm-none-eabi/lib/thumb/v6-m/nofp\libg_nano.a(lib_a-findfp.o)
                0x00003fa0                __sfp_lock_acquire
 .text.__sfp_lock_release
                0x00003fb0       0x10 c:/mounriver/mounriver_studio/toolchain/arm-none-eabi-gcc/bin/../lib/gcc/arm-none-eabi/9.3.1/../../../../arm-none-eabi/lib/thumb/v6-m/nofp\libg_nano.a(lib_a-findfp.o)
                0x00003fb0                __sfp_lock_release
 .text.__sinit_lock_acquire
                0x00003fc0       0x10 c:/mounriver/mounriver_studio/toolchain/arm-none-eabi-gcc/bin/../lib/gcc/arm-none-eabi/9.3.1/../../../../arm-none-eabi/lib/thumb/v6-m/nofp\libg_nano.a(lib_a-findfp.o)
                0x00003fc0                __sinit_lock_acquire
 .text.__sinit_lock_release
                0x00003fd0       0x10 c:/mounriver/mounriver_studio/toolchain/arm-none-eabi-gcc/bin/../lib/gcc/arm-none-eabi/9.3.1/../../../../arm-none-eabi/lib/thumb/v6-m/nofp\libg_nano.a(lib_a-findfp.o)
                0x00003fd0                __sinit_lock_release
 .text.__sinit  0x00003fe0       0x70 c:/mounriver/mounriver_studio/toolchain/arm-none-eabi-gcc/bin/../lib/gcc/arm-none-eabi/9.3.1/../../../../arm-none-eabi/lib/thumb/v6-m/nofp\libg_nano.a(lib_a-findfp.o)
                0x00003fe0                __sinit
 .text.__sfp    0x00004050       0x90 c:/mounriver/mounriver_studio/toolchain/arm-none-eabi-gcc/bin/../lib/gcc/arm-none-eabi/9.3.1/../../../../arm-none-eabi/lib/thumb/v6-m/nofp\libg_nano.a(lib_a-findfp.o)
                0x00004050                __sfp
 .text._fwalk_reent
                0x000040e0       0x40 c:/mounriver/mounriver_studio/toolchain/arm-none-eabi-gcc/bin/../lib/gcc/arm-none-eabi/9.3.1/../../../../arm-none-eabi/lib/thumb/v6-m/nofp\libg_nano.a(lib_a-fwalk.o)
                0x000040e0                _fwalk_reent
 .text.__retarget_lock_init_recursive
                0x00004120        0x2 c:/mounriver/mounriver_studio/toolchain/arm-none-eabi-gcc/bin/../lib/gcc/arm-none-eabi/9.3.1/../../../../arm-none-eabi/lib/thumb/v6-m/nofp\libg_nano.a(lib_a-lock.o)
                0x00004120                __retarget_lock_init_recursive
 .text.__retarget_lock_acquire_recursive
                0x00004122        0x2 c:/mounriver/mounriver_studio/toolchain/arm-none-eabi-gcc/bin/../lib/gcc/arm-none-eabi/9.3.1/../../../../arm-none-eabi/lib/thumb/v6-m/nofp\libg_nano.a(lib_a-lock.o)
                0x00004122                __retarget_lock_acquire_recursive
 .text.__retarget_lock_release_recursive
                0x00004124        0x2 c:/mounriver/mounriver_studio/toolchain/arm-none-eabi-gcc/bin/../lib/gcc/arm-none-eabi/9.3.1/../../../../arm-none-eabi/lib/thumb/v6-m/nofp\libg_nano.a(lib_a-lock.o)
                0x00004124                __retarget_lock_release_recursive
 *fill*         0x00004126        0x2 
 .text.__malloc_lock
                0x00004128       0x10 c:/mounriver/mounriver_studio/toolchain/arm-none-eabi-gcc/bin/../lib/gcc/arm-none-eabi/9.3.1/../../../../arm-none-eabi/lib/thumb/v6-m/nofp\libg_nano.a(lib_a-mlock.o)
                0x00004128                __malloc_lock
 .text.__malloc_unlock
                0x00004138       0x10 c:/mounriver/mounriver_studio/toolchain/arm-none-eabi-gcc/bin/../lib/gcc/arm-none-eabi/9.3.1/../../../../arm-none-eabi/lib/thumb/v6-m/nofp\libg_nano.a(lib_a-mlock.o)
                0x00004138                __malloc_unlock
 .text.__sfputc_r
                0x00004148       0x2a c:/mounriver/mounriver_studio/toolchain/arm-none-eabi-gcc/bin/../lib/gcc/arm-none-eabi/9.3.1/../../../../arm-none-eabi/lib/thumb/v6-m/nofp\libg_nano.a(lib_a-nano-vfprintf.o)
 .text.__sfputs_r
                0x00004172       0x24 c:/mounriver/mounriver_studio/toolchain/arm-none-eabi-gcc/bin/../lib/gcc/arm-none-eabi/9.3.1/../../../../arm-none-eabi/lib/thumb/v6-m/nofp\libg_nano.a(lib_a-nano-vfprintf.o)
                0x00004172                __sfputs_r
 *fill*         0x00004196        0x2 
 .text._vfprintf_r
                0x00004198      0x274 c:/mounriver/mounriver_studio/toolchain/arm-none-eabi-gcc/bin/../lib/gcc/arm-none-eabi/9.3.1/../../../../arm-none-eabi/lib/thumb/v6-m/nofp\libg_nano.a(lib_a-nano-vfprintf.o)
                0x00004198                _vfprintf_r
                0x00004198                _vfiprintf_r
 .text._printf_common
                0x0000440c       0xde c:/mounriver/mounriver_studio/toolchain/arm-none-eabi-gcc/bin/../lib/gcc/arm-none-eabi/9.3.1/../../../../arm-none-eabi/lib/thumb/v6-m/nofp\libg_nano.a(lib_a-nano-vfprintf_i.o)
                0x0000440c                _printf_common
 *fill*         0x000044ea        0x2 
 .text._printf_i
                0x000044ec      0x224 c:/mounriver/mounriver_studio/toolchain/arm-none-eabi-gcc/bin/../lib/gcc/arm-none-eabi/9.3.1/../../../../arm-none-eabi/lib/thumb/v6-m/nofp\libg_nano.a(lib_a-nano-vfprintf_i.o)
                0x000044ec                _printf_i
 .text.__sread  0x00004710       0x28 c:/mounriver/mounriver_studio/toolchain/arm-none-eabi-gcc/bin/../lib/gcc/arm-none-eabi/9.3.1/../../../../arm-none-eabi/lib/thumb/v6-m/nofp\libg_nano.a(lib_a-stdio.o)
                0x00004710                __sread
 .text.__swrite
                0x00004738       0x38 c:/mounriver/mounriver_studio/toolchain/arm-none-eabi-gcc/bin/../lib/gcc/arm-none-eabi/9.3.1/../../../../arm-none-eabi/lib/thumb/v6-m/nofp\libg_nano.a(lib_a-stdio.o)
                0x00004738                __swrite
 .text.__sseek  0x00004770       0x2c c:/mounriver/mounriver_studio/toolchain/arm-none-eabi-gcc/bin/../lib/gcc/arm-none-eabi/9.3.1/../../../../arm-none-eabi/lib/thumb/v6-m/nofp\libg_nano.a(lib_a-stdio.o)
                0x00004770                __sseek
 .text.__sclose
                0x0000479c        0xc c:/mounriver/mounriver_studio/toolchain/arm-none-eabi-gcc/bin/../lib/gcc/arm-none-eabi/9.3.1/../../../../arm-none-eabi/lib/thumb/v6-m/nofp\libg_nano.a(lib_a-stdio.o)
                0x0000479c                __sclose
 .text.__swbuf_r
                0x000047a8       0xac c:/mounriver/mounriver_studio/toolchain/arm-none-eabi-gcc/bin/../lib/gcc/arm-none-eabi/9.3.1/../../../../arm-none-eabi/lib/thumb/v6-m/nofp\libg_nano.a(lib_a-wbuf.o)
                0x000047a8                __swbuf_r
 .text._write_r
                0x00004854       0x28 c:/mounriver/mounriver_studio/toolchain/arm-none-eabi-gcc/bin/../lib/gcc/arm-none-eabi/9.3.1/../../../../arm-none-eabi/lib/thumb/v6-m/nofp\libg_nano.a(lib_a-writer.o)
                0x00004854                _write_r
 .text.__swsetup_r
                0x0000487c       0xf0 c:/mounriver/mounriver_studio/toolchain/arm-none-eabi-gcc/bin/../lib/gcc/arm-none-eabi/9.3.1/../../../../arm-none-eabi/lib/thumb/v6-m/nofp\libg_nano.a(lib_a-wsetup.o)
                0x0000487c                __swsetup_r
 .text._close_r
                0x0000496c       0x24 c:/mounriver/mounriver_studio/toolchain/arm-none-eabi-gcc/bin/../lib/gcc/arm-none-eabi/9.3.1/../../../../arm-none-eabi/lib/thumb/v6-m/nofp\libg_nano.a(lib_a-closer.o)
                0x0000496c                _close_r
 .text.__sflush_r
                0x00004990      0x118 c:/mounriver/mounriver_studio/toolchain/arm-none-eabi-gcc/bin/../lib/gcc/arm-none-eabi/9.3.1/../../../../arm-none-eabi/lib/thumb/v6-m/nofp\libg_nano.a(lib_a-fflush.o)
                0x00004990                __sflush_r
 .text._fflush_r
                0x00004aa8       0x80 c:/mounriver/mounriver_studio/toolchain/arm-none-eabi-gcc/bin/../lib/gcc/arm-none-eabi/9.3.1/../../../../arm-none-eabi/lib/thumb/v6-m/nofp\libg_nano.a(lib_a-fflush.o)
                0x00004aa8                _fflush_r
 .text._lseek_r
                0x00004b28       0x28 c:/mounriver/mounriver_studio/toolchain/arm-none-eabi-gcc/bin/../lib/gcc/arm-none-eabi/9.3.1/../../../../arm-none-eabi/lib/thumb/v6-m/nofp\libg_nano.a(lib_a-lseekr.o)
                0x00004b28                _lseek_r
 .text.__swhatbuf_r
                0x00004b50       0x50 c:/mounriver/mounriver_studio/toolchain/arm-none-eabi-gcc/bin/../lib/gcc/arm-none-eabi/9.3.1/../../../../arm-none-eabi/lib/thumb/v6-m/nofp\libg_nano.a(lib_a-makebuf.o)
                0x00004b50                __swhatbuf_r
 .text.__smakebuf_r
                0x00004ba0       0x88 c:/mounriver/mounriver_studio/toolchain/arm-none-eabi-gcc/bin/../lib/gcc/arm-none-eabi/9.3.1/../../../../arm-none-eabi/lib/thumb/v6-m/nofp\libg_nano.a(lib_a-makebuf.o)
                0x00004ba0                __smakebuf_r
 .text.memchr   0x00004c28       0x16 c:/mounriver/mounriver_studio/toolchain/arm-none-eabi-gcc/bin/../lib/gcc/arm-none-eabi/9.3.1/../../../../arm-none-eabi/lib/thumb/v6-m/nofp\libg_nano.a(lib_a-memchr-stub.o)
                0x00004c28                memchr
 *fill*         0x00004c3e        0x2 
 .text._read_r  0x00004c40       0x28 c:/mounriver/mounriver_studio/toolchain/arm-none-eabi-gcc/bin/../lib/gcc/arm-none-eabi/9.3.1/../../../../arm-none-eabi/lib/thumb/v6-m/nofp\libg_nano.a(lib_a-readr.o)
                0x00004c40                _read_r
 .text._fstat_r
                0x00004c68       0x24 c:/mounriver/mounriver_studio/toolchain/arm-none-eabi-gcc/bin/../lib/gcc/arm-none-eabi/9.3.1/../../../../arm-none-eabi/lib/thumb/v6-m/nofp\libg_nano.a(lib_a-fstatr.o)
                0x00004c68                _fstat_r
 .text._isatty_r
                0x00004c8c       0x24 c:/mounriver/mounriver_studio/toolchain/arm-none-eabi-gcc/bin/../lib/gcc/arm-none-eabi/9.3.1/../../../../arm-none-eabi/lib/thumb/v6-m/nofp\libg_nano.a(lib_a-isattyr.o)
                0x00004c8c                _isatty_r
 .text._close   0x00004cb0       0x10 c:/mounriver/mounriver_studio/toolchain/arm-none-eabi-gcc/bin/../lib/gcc/arm-none-eabi/9.3.1/../../../../arm-none-eabi/lib/thumb/v6-m/nofp\libnosys.a(close.o)
                0x00004cb0                _close
 .text._fstat   0x00004cc0       0x10 c:/mounriver/mounriver_studio/toolchain/arm-none-eabi-gcc/bin/../lib/gcc/arm-none-eabi/9.3.1/../../../../arm-none-eabi/lib/thumb/v6-m/nofp\libnosys.a(fstat.o)
                0x00004cc0                _fstat
 .text._isatty  0x00004cd0       0x10 c:/mounriver/mounriver_studio/toolchain/arm-none-eabi-gcc/bin/../lib/gcc/arm-none-eabi/9.3.1/../../../../arm-none-eabi/lib/thumb/v6-m/nofp\libnosys.a(isatty.o)
                0x00004cd0                _isatty
 .text._lseek   0x00004ce0       0x10 c:/mounriver/mounriver_studio/toolchain/arm-none-eabi-gcc/bin/../lib/gcc/arm-none-eabi/9.3.1/../../../../arm-none-eabi/lib/thumb/v6-m/nofp\libnosys.a(lseek.o)
                0x00004ce0                _lseek
 .text._read    0x00004cf0       0x10 c:/mounriver/mounriver_studio/toolchain/arm-none-eabi-gcc/bin/../lib/gcc/arm-none-eabi/9.3.1/../../../../arm-none-eabi/lib/thumb/v6-m/nofp\libnosys.a(read.o)
                0x00004cf0                _read
 .text._sbrk    0x00004d00       0x1c c:/mounriver/mounriver_studio/toolchain/arm-none-eabi-gcc/bin/../lib/gcc/arm-none-eabi/9.3.1/../../../../arm-none-eabi/lib/thumb/v6-m/nofp\libnosys.a(sbrk.o)
                0x00004d00                _sbrk
 *(.glue_7)
 .glue_7        0x00004d1c        0x0 linker stubs
 *(.glue_7t)
 .glue_7t       0x00004d1c        0x0 linker stubs
 *(.eh_frame)
 *(.init)
 *(.fini)
                0x00004d1c                . = ALIGN (0x4)
                0x00004d1c                _etext = .

.vfp11_veneer   0x00004d1c        0x0
 .vfp11_veneer  0x00004d1c        0x0 linker stubs

.v4_bx          0x00004d1c        0x0
 .v4_bx         0x00004d1c        0x0 linker stubs

.iplt           0x00004d1c        0x0
 .iplt          0x00004d1c        0x0 ./hal/app_flash.o

.rodata         0x00004d1c      0xb48
                0x00004d1c                . = ALIGN (0x4)
 *(.rodata)
 *(.rodata*)
 .rodata.app_flash_init.str1.1
                0x00004d1c       0xba ./hal/app_flash.o
 .rodata.hal_spi_init.str1.1
                0x00004dd6       0x35 ./hal/hal_spi.o
 .rodata.DBCAPACITY
                0x00004e0b        0x8 ./app/ch57x_usb_device_msc.o
                0x00004e0b                DBCAPACITY
 .rodata.DBINQUITY
                0x00004e13       0x24 ./app/ch57x_usb_device_msc.o
                0x00004e13                DBINQUITY
 .rodata.MAX_LUN
                0x00004e37        0x1 ./app/ch57x_usb_device_msc.o
                0x00004e37                MAX_LUN
 .rodata.MyCfgDescr
                0x00004e38       0x20 ./app/ch57x_usb_device_msc.o
                0x00004e38                MyCfgDescr
 .rodata.MyDevDescr
                0x00004e58       0x12 ./app/ch57x_usb_device_msc.o
                0x00004e58                MyDevDescr
 .rodata.MyLangDescr
                0x00004e6a        0x4 ./app/ch57x_usb_device_msc.o
                0x00004e6a                MyLangDescr
 .rodata.MyManuInfo
                0x00004e6e        0xe ./app/ch57x_usb_device_msc.o
                0x00004e6e                MyManuInfo
 .rodata.MyProdInfo
                0x00004e7c        0xc ./app/ch57x_usb_device_msc.o
                0x00004e7c                MyProdInfo
 .rodata.mode5sense3F
                0x00004e88       0x10 ./app/ch57x_usb_device_msc.o
                0x00004e88                mode5sense3F
 .rodata.modesense3F
                0x00004e98        0xc ./app/ch57x_usb_device_msc.o
                0x00004e98                modesense3F
 .rodata.check_fs.str1.1
                0x00004ea4        0xa ./app/ff.o
 .rodata.follow_path.str1.1
                0x00004eae       0x10 ./app/ff.o
 .rodata.f_mkfs.str1.1
                0x00004ebe       0x34 ./app/ff.o
 .rodata.ExCvt  0x00004ef2       0x80 ./app/ff.o
 .rodata.LfnOfs
                0x00004f72        0xd ./app/ff.o
 *fill*         0x00004f7f        0x1 
 .rodata.cst.4958
                0x00004f80        0xe ./app/ff.o
 .rodata.cst32.4959
                0x00004f8e        0xe ./app/ff.o
 .rodata.cvt1.4374
                0x00004f9c      0x1f2 ./app/ffunicode.o
 .rodata.cvt2.4375
                0x0000518e       0xbc ./app/ffunicode.o
 .rodata.uc437  0x0000524a      0x100 ./app/ffunicode.o
 .rodata.main.str1.1
                0x0000534a      0x45f ./app/peripheral_main.o
 .rodata.UART0_IRQHandler.str1.1
                0x000057a9       0x23 ./app/peripheral_main.o
 .rodata.__sf_fake_stderr
                0x000057cc       0x20 c:/mounriver/mounriver_studio/toolchain/arm-none-eabi-gcc/bin/../lib/gcc/arm-none-eabi/9.3.1/../../../../arm-none-eabi/lib/thumb/v6-m/nofp\libg_nano.a(lib_a-findfp.o)
                0x000057cc                __sf_fake_stderr
 .rodata.__sf_fake_stdin
                0x000057ec       0x20 c:/mounriver/mounriver_studio/toolchain/arm-none-eabi-gcc/bin/../lib/gcc/arm-none-eabi/9.3.1/../../../../arm-none-eabi/lib/thumb/v6-m/nofp\libg_nano.a(lib_a-findfp.o)
                0x000057ec                __sf_fake_stdin
 .rodata.__sf_fake_stdout
                0x0000580c       0x20 c:/mounriver/mounriver_studio/toolchain/arm-none-eabi-gcc/bin/../lib/gcc/arm-none-eabi/9.3.1/../../../../arm-none-eabi/lib/thumb/v6-m/nofp\libg_nano.a(lib_a-findfp.o)
                0x0000580c                __sf_fake_stdout
 .rodata._global_impure_ptr
                0x0000582c        0x4 c:/mounriver/mounriver_studio/toolchain/arm-none-eabi-gcc/bin/../lib/gcc/arm-none-eabi/9.3.1/../../../../arm-none-eabi/lib/thumb/v6-m/nofp\libg_nano.a(lib_a-impure.o)
                0x0000582c                _global_impure_ptr
 .rodata._vfprintf_r.str1.1
                0x00005830       0x11 c:/mounriver/mounriver_studio/toolchain/arm-none-eabi-gcc/bin/../lib/gcc/arm-none-eabi/9.3.1/../../../../arm-none-eabi/lib/thumb/v6-m/nofp\libg_nano.a(lib_a-nano-vfprintf.o)
 .rodata._printf_i.str1.1
                0x00005841       0x22 c:/mounriver/mounriver_studio/toolchain/arm-none-eabi-gcc/bin/../lib/gcc/arm-none-eabi/9.3.1/../../../../arm-none-eabi/lib/thumb/v6-m/nofp\libg_nano.a(lib_a-nano-vfprintf_i.o)
                0x00005864                . = ALIGN (0x4)
 *fill*         0x00005863        0x1 

.rel.dyn        0x00005864        0x0
 .rel.iplt      0x00005864        0x0 ./hal/app_flash.o

.ARM.extab
 *(.ARM.extab* .gnu.linkonce.armextab.*)

.ARM            0x00005864        0x0
                0x00005864                __exidx_start = .
 *(.ARM.exidx*)
                0x00005864                __exidx_end = .

.preinit_array  0x00005864        0x0
                [!provide]                PROVIDE (__preinit_array_start = .)
 *(.preinit_array*)
                [!provide]                PROVIDE (__preinit_array_end = .)

.init_array     0x00005864        0x0
                [!provide]                PROVIDE (__init_array_start = .)
 *(SORT_BY_NAME(.init_array.*))
 *(.init_array*)
                [!provide]                PROVIDE (__init_array_end = .)

.fini_array     0x00005864        0x0
                [!provide]                PROVIDE (__fini_array_start = .)
 *(SORT_BY_NAME(.fini_array.*))
 *(.fini_array*)
                [!provide]                PROVIDE (__fini_array_end = .)
                0x00005864                _sidata = LOADADDR (.data)

.data           0x20004000       0xb0 load address 0x00005864
                0x20004000                . = ALIGN (0x4)
                0x20004000                _sdata = .
 *(.data)
 *(.data*)
 .data.app_flash_fd
                0x20004000        0x4 ./hal/app_flash.o
                0x20004000                app_flash_fd
 .data.spi0_config
                0x20004004       0x2c ./hal/app_flash.o
                0x20004004                spi0_config
 .data.WriteBuffer
                0x20004030       0x1a ./app/peripheral_main.o
                0x20004030                WriteBuffer
 *fill*         0x2000404a        0x2 
 .data._impure_ptr
                0x2000404c        0x4 c:/mounriver/mounriver_studio/toolchain/arm-none-eabi-gcc/bin/../lib/gcc/arm-none-eabi/9.3.1/../../../../arm-none-eabi/lib/thumb/v6-m/nofp\libg_nano.a(lib_a-impure.o)
                0x2000404c                _impure_ptr
 .data.impure_data
                0x20004050       0x60 c:/mounriver/mounriver_studio/toolchain/arm-none-eabi-gcc/bin/../lib/gcc/arm-none-eabi/9.3.1/../../../../arm-none-eabi/lib/thumb/v6-m/nofp\libg_nano.a(lib_a-impure.o)
                0x200040b0                . = ALIGN (0x4)
                0x200040b0                _edata = .

.igot.plt       0x200040b0        0x0 load address 0x00005914
 .igot.plt      0x200040b0        0x0 ./hal/app_flash.o
                0x200040b0                . = ALIGN (0x4)

.bss            0x200040b0     0x2a3c load address 0x00005914
                0x200040b0                _sbss = .
                0x200040b0                __bss_start__ = _sbss
 *(.bss)
 *(.bss*)
 .bss.global_device_list
                0x200040b0       0x28 ./hal/hal_device.o
                0x200040b0                global_device_list
 .bss.hal_spi_device_list
                0x200040d8        0x8 ./hal/hal_spi.o
                0x200040d8                hal_spi_device_list
 .bss.local_spi_list
                0x200040e0        0x8 ./hal/hal_spi.o
                0x200040e0                local_spi_list
 .bss.BcswStatus
                0x200040e8        0x1 ./app/ch57x_usb_device_msc.o
                0x200040e8                BcswStatus
 .bss.CH375BULKDOWN
                0x200040e9        0x1 ./app/ch57x_usb_device_msc.o
                0x200040e9                CH375BULKDOWN
 .bss.CH375BULKUP
                0x200040ea        0x1 ./app/ch57x_usb_device_msc.o
                0x200040ea                CH375BULKUP
 .bss.CH375CSW  0x200040eb        0x1 ./app/ch57x_usb_device_msc.o
                0x200040eb                CH375CSW
 .bss.DevConfig
                0x200040ec        0x1 ./app/ch57x_usb_device_msc.o
                0x200040ec                DevConfig
 *fill*         0x200040ed        0x3 
 .bss.EP0_Databuf
                0x200040f0       0x40 ./app/ch57x_usb_device_msc.o
                0x200040f0                EP0_Databuf
 .bss.EP1_Databuf
                0x20004130       0x80 ./app/ch57x_usb_device_msc.o
                0x20004130                EP1_Databuf
 .bss.FSTALL    0x200041b0        0x1 ./app/ch57x_usb_device_msc.o
                0x200041b0                FSTALL
 *fill*         0x200041b1        0x3 
 .bss.LEN       0x200041b4        0x4 ./app/ch57x_usb_device_msc.o
                0x200041b4                LEN
 .bss.Locate_Addr
                0x200041b8        0x4 ./app/ch57x_usb_device_msc.o
                0x200041b8                Locate_Addr
 .bss.MassPara  0x200041bc       0x40 ./app/ch57x_usb_device_msc.o
                0x200041bc                MassPara
 .bss.SetupReqCode
                0x200041fc        0x1 ./app/ch57x_usb_device_msc.o
                0x200041fc                SetupReqCode
 *fill*         0x200041fd        0x1 
 .bss.SetupReqLen
                0x200041fe        0x2 ./app/ch57x_usb_device_msc.o
                0x200041fe                SetupReqLen
 .bss.buffer    0x20004200       0x40 ./app/ch57x_usb_device_msc.o
                0x20004200                buffer
 .bss.lastFSTALL
                0x20004240        0x1 ./app/ch57x_usb_device_msc.o
                0x20004240                lastFSTALL
 .bss.mASC      0x20004241        0x1 ./app/ch57x_usb_device_msc.o
                0x20004241                mASC
 .bss.mSenseKey
                0x20004242        0x1 ./app/ch57x_usb_device_msc.o
                0x20004242                mSenseKey
 .bss.mdCBWTag  0x20004243        0x4 ./app/ch57x_usb_device_msc.o
                0x20004243                mdCBWTag
 *fill*         0x20004247        0x1 
 .bss.pBuf      0x20004248        0x4 ./app/ch57x_usb_device_msc.o
                0x20004248                pBuf
 .bss.pBuf_ReSelect
                0x2000424c        0x1 ./app/ch57x_usb_device_msc.o
                0x2000424c                pBuf_ReSelect
 *fill*         0x2000424d        0x3 
 .bss.pDescr    0x20004250        0x4 ./app/ch57x_usb_device_msc.o
                0x20004250                pDescr
 .bss.FatFs     0x20004254        0x4 ./app/ff.o
 .bss.Fsid      0x20004258        0x2 ./app/ff.o
 .bss.ReadBuffer
                0x2000425a      0x400 ./app/peripheral_main.o
                0x2000425a                ReadBuffer
 *fill*         0x2000465a        0x2 
 .bss.fnew      0x2000465c       0x28 ./app/peripheral_main.o
                0x2000465c                fnew
 .bss.fnum      0x20004684        0x4 ./app/peripheral_main.o
                0x20004684                fnum
 .bss.fs        0x20004688     0x1034 ./app/peripheral_main.o
                0x20004688                fs
 .bss.res_flash
                0x200056bc        0x1 ./app/peripheral_main.o
                0x200056bc                res_flash
 .bss.uart0_read_buf
                0x200056bd      0x400 ./app/peripheral_main.o
                0x200056bd                uart0_read_buf
 .bss.uart0_read_flag
                0x20005abd        0x1 ./app/peripheral_main.o
                0x20005abd                uart0_read_flag
 .bss.uart0_read_len
                0x20005abe        0x1 ./app/peripheral_main.o
                0x20005abe                uart0_read_len
 .bss.uart0_read_timeout
                0x20005abf        0x1 ./app/peripheral_main.o
                0x20005abf                uart0_read_timeout
 .bss.work      0x20005ac0     0x1000 ./app/peripheral_main.o
                0x20005ac0                work
 .bss.pEP0_RAM_Addr
                0x20006ac0        0x4 ./StdPeriphDriver/CH57x_usbdev.o
                0x20006ac0                pEP0_RAM_Addr
 .bss.pEP1_RAM_Addr
                0x20006ac4        0x4 ./StdPeriphDriver/CH57x_usbdev.o
                0x20006ac4                pEP1_RAM_Addr
 .bss.pEP2_RAM_Addr
                0x20006ac8        0x4 ./StdPeriphDriver/CH57x_usbdev.o
                0x20006ac8                pEP2_RAM_Addr
 .bss.pEP3_RAM_Addr
                0x20006acc        0x4 ./StdPeriphDriver/CH57x_usbdev.o
                0x20006acc                pEP3_RAM_Addr
 .bss.__malloc_free_list
                0x20006ad0        0x4 c:/mounriver/mounriver_studio/toolchain/arm-none-eabi-gcc/bin/../lib/gcc/arm-none-eabi/9.3.1/../../../../arm-none-eabi/lib/thumb/v6-m/nofp\libg_nano.a(lib_a-nano-mallocr.o)
                0x20006ad0                __malloc_free_list
 .bss.__malloc_sbrk_start
                0x20006ad4        0x4 c:/mounriver/mounriver_studio/toolchain/arm-none-eabi-gcc/bin/../lib/gcc/arm-none-eabi/9.3.1/../../../../arm-none-eabi/lib/thumb/v6-m/nofp\libg_nano.a(lib_a-nano-mallocr.o)
                0x20006ad4                __malloc_sbrk_start
 .bss.heap_end.4144
                0x20006ad8        0x4 c:/mounriver/mounriver_studio/toolchain/arm-none-eabi-gcc/bin/../lib/gcc/arm-none-eabi/9.3.1/../../../../arm-none-eabi/lib/thumb/v6-m/nofp\libnosys.a(sbrk.o)
 *(COMMON)
 COMMON         0x20006adc        0x9 c:/mounriver/mounriver_studio/toolchain/arm-none-eabi-gcc/bin/../lib/gcc/arm-none-eabi/9.3.1/../../../../arm-none-eabi/lib/thumb/v6-m/nofp\libg_nano.a(lib_a-lock.o)
                0x20006adc                __lock___atexit_recursive_mutex
                0x20006add                __lock___arc4random_mutex
                0x20006ade                __lock___env_recursive_mutex
                0x20006adf                __lock___sinit_recursive_mutex
                0x20006ae0                __lock___malloc_recursive_mutex
                0x20006ae1                __lock___at_quick_exit_mutex
                0x20006ae2                __lock___dd_hash_mutex
                0x20006ae3                __lock___tz_mutex
                0x20006ae4                __lock___sfp_recursive_mutex
 *fill*         0x20006ae5        0x3 
 COMMON         0x20006ae8        0x4 c:/mounriver/mounriver_studio/toolchain/arm-none-eabi-gcc/bin/../lib/gcc/arm-none-eabi/9.3.1/../../../../arm-none-eabi/lib/thumb/v6-m/nofp\libg_nano.a(lib_a-reent.o)
                0x20006ae8                errno
                0x20006aec                . = ALIGN (0x4)
                0x20006aec                _ebss = .
                0x20006aec                __bss_end__ = _ebss

._user_heap_stack
                0x20006aec      0x800 load address 0x00005914
                0x20006aec                . = ALIGN (0x4)
                0x20006aec                PROVIDE (end = .)
                [!provide]                PROVIDE (_end = .)
                0x20006eec                . = (. + _Min_Heap_Size)
 *fill*         0x20006aec      0x400 
                0x200072ec                . = (. + _Min_Stack_Size)
 *fill*         0x20006eec      0x400 
                0x200072ec                . = ALIGN (0x4)

/DISCARD/
 libc.a(*)
 libm.a(*)
 libgcc.a(*)

.ARM.attributes
                0x00000000       0x2a
 *(.ARM.attributes)
 .ARM.attributes
                0x00000000       0x2c ./hal/app_flash.o
 .ARM.attributes
                0x0000002c       0x2c ./hal/hal_device.o
 .ARM.attributes
                0x00000058       0x2c ./hal/hal_spi.o
 .ARM.attributes
                0x00000084       0x2c ./bsp/bsp_spi.o
 .ARM.attributes
                0x000000b0       0x2c ./app/ch57x_usb_device_msc.o
 .ARM.attributes
                0x000000dc       0x2c ./app/diskio.o
 .ARM.attributes
                0x00000108       0x2c ./app/ff.o
 .ARM.attributes
                0x00000134       0x2c ./app/ffunicode.o
 .ARM.attributes
                0x00000160       0x2c ./app/peripheral_main.o
 .ARM.attributes
                0x0000018c       0x2c ./StdPeriphDriver/CH57x_clk.o
 .ARM.attributes
                0x000001b8       0x2c ./StdPeriphDriver/CH57x_gpio.o
 .ARM.attributes
                0x000001e4       0x2c ./StdPeriphDriver/CH57x_int.o
 .ARM.attributes
                0x00000210       0x2c ./StdPeriphDriver/CH57x_pwr.o
 .ARM.attributes
                0x0000023c       0x2c ./StdPeriphDriver/CH57x_spi0.o
 .ARM.attributes
                0x00000268       0x2c ./StdPeriphDriver/CH57x_sys.o
 .ARM.attributes
                0x00000294       0x2c ./StdPeriphDriver/CH57x_uart0.o
 .ARM.attributes
                0x000002c0       0x2c ./StdPeriphDriver/CH57x_usbdev.o
 .ARM.attributes
                0x000002ec       0x21 ./Startup/startup_ch579.o
 .ARM.attributes
                0x0000030d       0x1e c:/mounriver/mounriver_studio/toolchain/arm-none-eabi-gcc/bin/../lib/gcc/arm-none-eabi/9.3.1/thumb/v6-m/nofp\libgcc.a(_thumb1_case_sqi.o)
 .ARM.attributes
                0x0000032b       0x1e c:/mounriver/mounriver_studio/toolchain/arm-none-eabi-gcc/bin/../lib/gcc/arm-none-eabi/9.3.1/thumb/v6-m/nofp\libgcc.a(_thumb1_case_uqi.o)
 .ARM.attributes
                0x00000349       0x1e c:/mounriver/mounriver_studio/toolchain/arm-none-eabi-gcc/bin/../lib/gcc/arm-none-eabi/9.3.1/thumb/v6-m/nofp\libgcc.a(_thumb1_case_shi.o)
 .ARM.attributes
                0x00000367       0x1e c:/mounriver/mounriver_studio/toolchain/arm-none-eabi-gcc/bin/../lib/gcc/arm-none-eabi/9.3.1/thumb/v6-m/nofp\libgcc.a(_udivsi3.o)
 .ARM.attributes
                0x00000385       0x1e c:/mounriver/mounriver_studio/toolchain/arm-none-eabi-gcc/bin/../lib/gcc/arm-none-eabi/9.3.1/thumb/v6-m/nofp\libgcc.a(_divsi3.o)
 .ARM.attributes
                0x000003a3       0x1e c:/mounriver/mounriver_studio/toolchain/arm-none-eabi-gcc/bin/../lib/gcc/arm-none-eabi/9.3.1/thumb/v6-m/nofp\libgcc.a(_dvmd_tls.o)
 .ARM.attributes
                0x000003c1       0x2c c:/mounriver/mounriver_studio/toolchain/arm-none-eabi-gcc/bin/../lib/gcc/arm-none-eabi/9.3.1/../../../../arm-none-eabi/lib/thumb/v6-m/nofp\libg_nano.a(lib_a-malloc.o)
 .ARM.attributes
                0x000003ed       0x2c c:/mounriver/mounriver_studio/toolchain/arm-none-eabi-gcc/bin/../lib/gcc/arm-none-eabi/9.3.1/../../../../arm-none-eabi/lib/thumb/v6-m/nofp\libg_nano.a(lib_a-memcpy-stub.o)
 .ARM.attributes
                0x00000419       0x2c c:/mounriver/mounriver_studio/toolchain/arm-none-eabi-gcc/bin/../lib/gcc/arm-none-eabi/9.3.1/../../../../arm-none-eabi/lib/thumb/v6-m/nofp\libg_nano.a(lib_a-memset.o)
 .ARM.attributes
                0x00000445       0x2c c:/mounriver/mounriver_studio/toolchain/arm-none-eabi-gcc/bin/../lib/gcc/arm-none-eabi/9.3.1/../../../../arm-none-eabi/lib/thumb/v6-m/nofp\libg_nano.a(lib_a-nano-freer.o)
 .ARM.attributes
                0x00000471       0x2c c:/mounriver/mounriver_studio/toolchain/arm-none-eabi-gcc/bin/../lib/gcc/arm-none-eabi/9.3.1/../../../../arm-none-eabi/lib/thumb/v6-m/nofp\libg_nano.a(lib_a-nano-mallocr.o)
 .ARM.attributes
                0x0000049d       0x2c c:/mounriver/mounriver_studio/toolchain/arm-none-eabi-gcc/bin/../lib/gcc/arm-none-eabi/9.3.1/../../../../arm-none-eabi/lib/thumb/v6-m/nofp\libg_nano.a(lib_a-printf.o)
 .ARM.attributes
                0x000004c9       0x2c c:/mounriver/mounriver_studio/toolchain/arm-none-eabi-gcc/bin/../lib/gcc/arm-none-eabi/9.3.1/../../../../arm-none-eabi/lib/thumb/v6-m/nofp\libg_nano.a(lib_a-sbrkr.o)
 .ARM.attributes
                0x000004f5       0x1c c:/mounriver/mounriver_studio/toolchain/arm-none-eabi-gcc/bin/../lib/gcc/arm-none-eabi/9.3.1/../../../../arm-none-eabi/lib/thumb/v6-m/nofp\libg_nano.a(lib_a-strcmp.o)
 .ARM.attributes
                0x00000511       0x2c c:/mounriver/mounriver_studio/toolchain/arm-none-eabi-gcc/bin/../lib/gcc/arm-none-eabi/9.3.1/../../../../arm-none-eabi/lib/thumb/v6-m/nofp\libg_nano.a(lib_a-findfp.o)
 .ARM.attributes
                0x0000053d       0x2c c:/mounriver/mounriver_studio/toolchain/arm-none-eabi-gcc/bin/../lib/gcc/arm-none-eabi/9.3.1/../../../../arm-none-eabi/lib/thumb/v6-m/nofp\libg_nano.a(lib_a-fwalk.o)
 .ARM.attributes
                0x00000569       0x2c c:/mounriver/mounriver_studio/toolchain/arm-none-eabi-gcc/bin/../lib/gcc/arm-none-eabi/9.3.1/../../../../arm-none-eabi/lib/thumb/v6-m/nofp\libg_nano.a(lib_a-impure.o)
 .ARM.attributes
                0x00000595       0x2c c:/mounriver/mounriver_studio/toolchain/arm-none-eabi-gcc/bin/../lib/gcc/arm-none-eabi/9.3.1/../../../../arm-none-eabi/lib/thumb/v6-m/nofp\libg_nano.a(lib_a-lock.o)
 .ARM.attributes
                0x000005c1       0x2c c:/mounriver/mounriver_studio/toolchain/arm-none-eabi-gcc/bin/../lib/gcc/arm-none-eabi/9.3.1/../../../../arm-none-eabi/lib/thumb/v6-m/nofp\libg_nano.a(lib_a-mlock.o)
 .ARM.attributes
                0x000005ed       0x2c c:/mounriver/mounriver_studio/toolchain/arm-none-eabi-gcc/bin/../lib/gcc/arm-none-eabi/9.3.1/../../../../arm-none-eabi/lib/thumb/v6-m/nofp\libg_nano.a(lib_a-nano-vfprintf.o)
 .ARM.attributes
                0x00000619       0x2c c:/mounriver/mounriver_studio/toolchain/arm-none-eabi-gcc/bin/../lib/gcc/arm-none-eabi/9.3.1/../../../../arm-none-eabi/lib/thumb/v6-m/nofp\libg_nano.a(lib_a-nano-vfprintf_i.o)
 .ARM.attributes
                0x00000645       0x2c c:/mounriver/mounriver_studio/toolchain/arm-none-eabi-gcc/bin/../lib/gcc/arm-none-eabi/9.3.1/../../../../arm-none-eabi/lib/thumb/v6-m/nofp\libg_nano.a(lib_a-reent.o)
 .ARM.attributes
                0x00000671       0x2c c:/mounriver/mounriver_studio/toolchain/arm-none-eabi-gcc/bin/../lib/gcc/arm-none-eabi/9.3.1/../../../../arm-none-eabi/lib/thumb/v6-m/nofp\libg_nano.a(lib_a-stdio.o)
 .ARM.attributes
                0x0000069d       0x2c c:/mounriver/mounriver_studio/toolchain/arm-none-eabi-gcc/bin/../lib/gcc/arm-none-eabi/9.3.1/../../../../arm-none-eabi/lib/thumb/v6-m/nofp\libg_nano.a(lib_a-wbuf.o)
 .ARM.attributes
                0x000006c9       0x2c c:/mounriver/mounriver_studio/toolchain/arm-none-eabi-gcc/bin/../lib/gcc/arm-none-eabi/9.3.1/../../../../arm-none-eabi/lib/thumb/v6-m/nofp\libg_nano.a(lib_a-writer.o)
 .ARM.attributes
                0x000006f5       0x2c c:/mounriver/mounriver_studio/toolchain/arm-none-eabi-gcc/bin/../lib/gcc/arm-none-eabi/9.3.1/../../../../arm-none-eabi/lib/thumb/v6-m/nofp\libg_nano.a(lib_a-wsetup.o)
 .ARM.attributes
                0x00000721       0x2c c:/mounriver/mounriver_studio/toolchain/arm-none-eabi-gcc/bin/../lib/gcc/arm-none-eabi/9.3.1/../../../../arm-none-eabi/lib/thumb/v6-m/nofp\libg_nano.a(lib_a-closer.o)
 .ARM.attributes
                0x0000074d       0x2c c:/mounriver/mounriver_studio/toolchain/arm-none-eabi-gcc/bin/../lib/gcc/arm-none-eabi/9.3.1/../../../../arm-none-eabi/lib/thumb/v6-m/nofp\libg_nano.a(lib_a-fflush.o)
 .ARM.attributes
                0x00000779       0x2c c:/mounriver/mounriver_studio/toolchain/arm-none-eabi-gcc/bin/../lib/gcc/arm-none-eabi/9.3.1/../../../../arm-none-eabi/lib/thumb/v6-m/nofp\libg_nano.a(lib_a-lseekr.o)
 .ARM.attributes
                0x000007a5       0x2c c:/mounriver/mounriver_studio/toolchain/arm-none-eabi-gcc/bin/../lib/gcc/arm-none-eabi/9.3.1/../../../../arm-none-eabi/lib/thumb/v6-m/nofp\libg_nano.a(lib_a-makebuf.o)
 .ARM.attributes
                0x000007d1       0x2c c:/mounriver/mounriver_studio/toolchain/arm-none-eabi-gcc/bin/../lib/gcc/arm-none-eabi/9.3.1/../../../../arm-none-eabi/lib/thumb/v6-m/nofp\libg_nano.a(lib_a-memchr-stub.o)
 .ARM.attributes
                0x000007fd       0x2c c:/mounriver/mounriver_studio/toolchain/arm-none-eabi-gcc/bin/../lib/gcc/arm-none-eabi/9.3.1/../../../../arm-none-eabi/lib/thumb/v6-m/nofp\libg_nano.a(lib_a-readr.o)
 .ARM.attributes
                0x00000829       0x2c c:/mounriver/mounriver_studio/toolchain/arm-none-eabi-gcc/bin/../lib/gcc/arm-none-eabi/9.3.1/../../../../arm-none-eabi/lib/thumb/v6-m/nofp\libg_nano.a(lib_a-fstatr.o)
 .ARM.attributes
                0x00000855       0x2c c:/mounriver/mounriver_studio/toolchain/arm-none-eabi-gcc/bin/../lib/gcc/arm-none-eabi/9.3.1/../../../../arm-none-eabi/lib/thumb/v6-m/nofp\libg_nano.a(lib_a-isattyr.o)
 .ARM.attributes
                0x00000881       0x2c c:/mounriver/mounriver_studio/toolchain/arm-none-eabi-gcc/bin/../lib/gcc/arm-none-eabi/9.3.1/../../../../arm-none-eabi/lib/thumb/v6-m/nofp\libnosys.a(close.o)
 .ARM.attributes
                0x000008ad       0x2c c:/mounriver/mounriver_studio/toolchain/arm-none-eabi-gcc/bin/../lib/gcc/arm-none-eabi/9.3.1/../../../../arm-none-eabi/lib/thumb/v6-m/nofp\libnosys.a(fstat.o)
 .ARM.attributes
                0x000008d9       0x2c c:/mounriver/mounriver_studio/toolchain/arm-none-eabi-gcc/bin/../lib/gcc/arm-none-eabi/9.3.1/../../../../arm-none-eabi/lib/thumb/v6-m/nofp\libnosys.a(isatty.o)
 .ARM.attributes
                0x00000905       0x2c c:/mounriver/mounriver_studio/toolchain/arm-none-eabi-gcc/bin/../lib/gcc/arm-none-eabi/9.3.1/../../../../arm-none-eabi/lib/thumb/v6-m/nofp\libnosys.a(lseek.o)
 .ARM.attributes
                0x00000931       0x2c c:/mounriver/mounriver_studio/toolchain/arm-none-eabi-gcc/bin/../lib/gcc/arm-none-eabi/9.3.1/../../../../arm-none-eabi/lib/thumb/v6-m/nofp\libnosys.a(read.o)
 .ARM.attributes
                0x0000095d       0x2c c:/mounriver/mounriver_studio/toolchain/arm-none-eabi-gcc/bin/../lib/gcc/arm-none-eabi/9.3.1/../../../../arm-none-eabi/lib/thumb/v6-m/nofp\libnosys.a(sbrk.o)
OUTPUT(ch57x_ble_uart_mrs_app_only_test.elf elf32-littlearm)
LOAD linker stubs
LOAD c:/mounriver/mounriver_studio/toolchain/arm-none-eabi-gcc/bin/../lib/gcc/arm-none-eabi/9.3.1/../../../../arm-none-eabi/lib/thumb/v6-m/nofp\libc.a
LOAD c:/mounriver/mounriver_studio/toolchain/arm-none-eabi-gcc/bin/../lib/gcc/arm-none-eabi/9.3.1/../../../../arm-none-eabi/lib/thumb/v6-m/nofp\libm.a
LOAD c:/mounriver/mounriver_studio/toolchain/arm-none-eabi-gcc/bin/../lib/gcc/arm-none-eabi/9.3.1/thumb/v6-m/nofp\libgcc.a

.debug_info     0x00000000    0x14b92
 .debug_info    0x00000000     0x1244 ./hal/app_flash.o
 .debug_info    0x00001244      0xd4c ./hal/hal_device.o
 .debug_info    0x00001f90     0x113a ./hal/hal_spi.o
 .debug_info    0x000030ca      0xe14 ./bsp/bsp_spi.o
 .debug_info    0x00003ede     0x1583 ./app/ch57x_usb_device_msc.o
 .debug_info    0x00005461     0x108d ./app/diskio.o
 .debug_info    0x000064ee     0x5769 ./app/ff.o
 .debug_info    0x0000bc57      0x276 ./app/ffunicode.o
 .debug_info    0x0000becd     0x1811 ./app/peripheral_main.o
 .debug_info    0x0000d6de     0x176f ./StdPeriphDriver/CH57x_clk.o
 .debug_info    0x0000ee4d      0xcb3 ./StdPeriphDriver/CH57x_gpio.o
 .debug_info    0x0000fb00      0xdfa ./StdPeriphDriver/CH57x_int.o
 .debug_info    0x000108fa      0xda4 ./StdPeriphDriver/CH57x_pwr.o
 .debug_info    0x0001169e      0xe1a ./StdPeriphDriver/CH57x_spi0.o
 .debug_info    0x000124b8      0xe6e ./StdPeriphDriver/CH57x_sys.o
 .debug_info    0x00013326      0xc93 ./StdPeriphDriver/CH57x_uart0.o
 .debug_info    0x00013fb9      0xbb7 ./StdPeriphDriver/CH57x_usbdev.o
 .debug_info    0x00014b70       0x22 ./Startup/startup_ch579.o

.debug_abbrev   0x00000000     0x32eb
 .debug_abbrev  0x00000000      0x389 ./hal/app_flash.o
 .debug_abbrev  0x00000389      0x2a5 ./hal/hal_device.o
 .debug_abbrev  0x0000062e      0x34c ./hal/hal_spi.o
 .debug_abbrev  0x0000097a      0x2e6 ./bsp/bsp_spi.o
 .debug_abbrev  0x00000c60      0x3e6 ./app/ch57x_usb_device_msc.o
 .debug_abbrev  0x00001046      0x3a1 ./app/diskio.o
 .debug_abbrev  0x000013e7      0x40a ./app/ff.o
 .debug_abbrev  0x000017f1       0xf0 ./app/ffunicode.o
 .debug_abbrev  0x000018e1      0x371 ./app/peripheral_main.o
 .debug_abbrev  0x00001c52      0x43a ./StdPeriphDriver/CH57x_clk.o
 .debug_abbrev  0x0000208c      0x24c ./StdPeriphDriver/CH57x_gpio.o
 .debug_abbrev  0x000022d8      0x27b ./StdPeriphDriver/CH57x_int.o
 .debug_abbrev  0x00002553      0x28c ./StdPeriphDriver/CH57x_pwr.o
 .debug_abbrev  0x000027df      0x305 ./StdPeriphDriver/CH57x_spi0.o
 .debug_abbrev  0x00002ae4      0x30f ./StdPeriphDriver/CH57x_sys.o
 .debug_abbrev  0x00002df3      0x2cf ./StdPeriphDriver/CH57x_uart0.o
 .debug_abbrev  0x000030c2      0x217 ./StdPeriphDriver/CH57x_usbdev.o
 .debug_abbrev  0x000032d9       0x12 ./Startup/startup_ch579.o

.debug_loc      0x00000000     0xad6b
 .debug_loc     0x00000000      0x374 ./hal/app_flash.o
 .debug_loc     0x00000374      0x321 ./hal/hal_device.o
 .debug_loc     0x00000695      0x36c ./hal/hal_spi.o
 .debug_loc     0x00000a01      0x1de ./bsp/bsp_spi.o
 .debug_loc     0x00000bdf      0x3e7 ./app/ch57x_usb_device_msc.o
 .debug_loc     0x00000fc6      0x4c9 ./app/diskio.o
 .debug_loc     0x0000148f     0x7c3f ./app/ff.o
 .debug_loc     0x000090ce      0x2b0 ./app/ffunicode.o
 .debug_loc     0x0000937e       0x2c ./app/peripheral_main.o
 .debug_loc     0x000093aa      0xdab ./StdPeriphDriver/CH57x_clk.o
 .debug_loc     0x0000a155      0x22e ./StdPeriphDriver/CH57x_gpio.o
 .debug_loc     0x0000a383      0x17f ./StdPeriphDriver/CH57x_int.o
 .debug_loc     0x0000a502      0x1fd ./StdPeriphDriver/CH57x_pwr.o
 .debug_loc     0x0000a6ff      0x2e2 ./StdPeriphDriver/CH57x_spi0.o
 .debug_loc     0x0000a9e1      0x1cd ./StdPeriphDriver/CH57x_sys.o
 .debug_loc     0x0000abae      0x1bd ./StdPeriphDriver/CH57x_uart0.o

.debug_aranges  0x00000000      0x7b8
 .debug_aranges
                0x00000000       0x78 ./hal/app_flash.o
 .debug_aranges
                0x00000078       0x50 ./hal/hal_device.o
 .debug_aranges
                0x000000c8       0x40 ./hal/hal_spi.o
 .debug_aranges
                0x00000108       0x38 ./bsp/bsp_spi.o
 .debug_aranges
                0x00000140       0xa8 ./app/ch57x_usb_device_msc.o
 .debug_aranges
                0x000001e8       0x58 ./app/diskio.o
 .debug_aranges
                0x00000240      0x1b8 ./app/ff.o
 .debug_aranges
                0x000003f8       0x30 ./app/ffunicode.o
 .debug_aranges
                0x00000428       0x30 ./app/peripheral_main.o
 .debug_aranges
                0x00000458       0xd8 ./StdPeriphDriver/CH57x_clk.o
 .debug_aranges
                0x00000530       0x48 ./StdPeriphDriver/CH57x_gpio.o
 .debug_aranges
                0x00000578       0x40 ./StdPeriphDriver/CH57x_int.o
 .debug_aranges
                0x000005b8       0x50 ./StdPeriphDriver/CH57x_pwr.o
 .debug_aranges
                0x00000608       0x88 ./StdPeriphDriver/CH57x_spi0.o
 .debug_aranges
                0x00000690       0x70 ./StdPeriphDriver/CH57x_sys.o
 .debug_aranges
                0x00000700       0x50 ./StdPeriphDriver/CH57x_uart0.o
 .debug_aranges
                0x00000750       0x40 ./StdPeriphDriver/CH57x_usbdev.o
 .debug_aranges
                0x00000790       0x28 ./Startup/startup_ch579.o

.debug_ranges   0x00000000      0xe90
 .debug_ranges  0x00000000       0x68 ./hal/app_flash.o
 .debug_ranges  0x00000068       0x58 ./hal/hal_device.o
 .debug_ranges  0x000000c0      0x118 ./hal/hal_spi.o
 .debug_ranges  0x000001d8       0x70 ./bsp/bsp_spi.o
 .debug_ranges  0x00000248       0xc8 ./app/ch57x_usb_device_msc.o
 .debug_ranges  0x00000310       0x78 ./app/diskio.o
 .debug_ranges  0x00000388      0x778 ./app/ff.o
 .debug_ranges  0x00000b00       0x20 ./app/ffunicode.o
 .debug_ranges  0x00000b20       0x20 ./app/peripheral_main.o
 .debug_ranges  0x00000b40      0x140 ./StdPeriphDriver/CH57x_clk.o
 .debug_ranges  0x00000c80       0x38 ./StdPeriphDriver/CH57x_gpio.o
 .debug_ranges  0x00000cb8       0x30 ./StdPeriphDriver/CH57x_int.o
 .debug_ranges  0x00000ce8       0x40 ./StdPeriphDriver/CH57x_pwr.o
 .debug_ranges  0x00000d28       0x78 ./StdPeriphDriver/CH57x_spi0.o
 .debug_ranges  0x00000da0       0x60 ./StdPeriphDriver/CH57x_sys.o
 .debug_ranges  0x00000e00       0x40 ./StdPeriphDriver/CH57x_uart0.o
 .debug_ranges  0x00000e40       0x30 ./StdPeriphDriver/CH57x_usbdev.o
 .debug_ranges  0x00000e70       0x20 ./Startup/startup_ch579.o

.debug_line     0x00000000     0xbecd
 .debug_line    0x00000000      0x69f ./hal/app_flash.o
 .debug_line    0x0000069f      0x374 ./hal/hal_device.o
 .debug_line    0x00000a13      0x5f2 ./hal/hal_spi.o
 .debug_line    0x00001005      0x3bf ./bsp/bsp_spi.o
 .debug_line    0x000013c4      0xfb4 ./app/ch57x_usb_device_msc.o
 .debug_line    0x00002378      0x53f ./app/diskio.o
 .debug_line    0x000028b7     0x4c49 ./app/ff.o
 .debug_line    0x00007500      0x2cc ./app/ffunicode.o
 .debug_line    0x000077cc      0x746 ./app/peripheral_main.o
 .debug_line    0x00007f12     0x14e0 ./StdPeriphDriver/CH57x_clk.o
 .debug_line    0x000093f2      0x4aa ./StdPeriphDriver/CH57x_gpio.o
 .debug_line    0x0000989c      0x8b2 ./StdPeriphDriver/CH57x_int.o
 .debug_line    0x0000a14e      0x71e ./StdPeriphDriver/CH57x_pwr.o
 .debug_line    0x0000a86c      0x752 ./StdPeriphDriver/CH57x_spi0.o
 .debug_line    0x0000afbe      0x660 ./StdPeriphDriver/CH57x_sys.o
 .debug_line    0x0000b61e      0x3e5 ./StdPeriphDriver/CH57x_uart0.o
 .debug_line    0x0000ba03      0x3e0 ./StdPeriphDriver/CH57x_usbdev.o
 .debug_line    0x0000bde3       0xea ./Startup/startup_ch579.o

.debug_str      0x00000000     0x2914
 .debug_str     0x00000000      0x9ab ./hal/app_flash.o
                                0xa8e (size before relaxing)
 .debug_str     0x000009ab      0x108 ./hal/hal_device.o
                                0x723 (size before relaxing)
 .debug_str     0x00000ab3       0x9c ./hal/hal_spi.o
                                0x9e5 (size before relaxing)
 .debug_str     0x00000b4f      0x162 ./bsp/bsp_spi.o
                                0x8e9 (size before relaxing)
 .debug_str     0x00000cb1      0x42a ./app/ch57x_usb_device_msc.o
                                0xc04 (size before relaxing)
 .debug_str     0x000010db       0xc9 ./app/diskio.o
                                0x8b4 (size before relaxing)
 .debug_str     0x000011a4      0x5e7 ./app/ff.o
                                0x887 (size before relaxing)
 .debug_str     0x0000178b       0x23 ./app/ffunicode.o
                                0x217 (size before relaxing)
 .debug_str     0x000017ae      0x3f3 ./app/peripheral_main.o
                                0xe48 (size before relaxing)
 .debug_str     0x00001ba1      0x55e ./StdPeriphDriver/CH57x_clk.o
                                0xdec (size before relaxing)
 .debug_str     0x000020ff      0x12f ./StdPeriphDriver/CH57x_gpio.o
                                0x8fa (size before relaxing)
 .debug_str     0x0000222e      0x105 ./StdPeriphDriver/CH57x_int.o
                                0x883 (size before relaxing)
 .debug_str     0x00002333       0xdb ./StdPeriphDriver/CH57x_pwr.o
                                0x8aa (size before relaxing)
 .debug_str     0x0000240e      0x170 ./StdPeriphDriver/CH57x_spi0.o
                                0x960 (size before relaxing)
 .debug_str     0x0000257e      0x191 ./StdPeriphDriver/CH57x_sys.o
                                0x94f (size before relaxing)
 .debug_str     0x0000270f       0xc8 ./StdPeriphDriver/CH57x_uart0.o
                                0x89f (size before relaxing)
 .debug_str     0x000027d7       0xb9 ./StdPeriphDriver/CH57x_usbdev.o
                                0x815 (size before relaxing)
 .debug_str     0x00002890       0x84 ./Startup/startup_ch579.o
                                0x107 (size before relaxing)

.comment        0x00000000       0x4c
 .comment       0x00000000       0x4c ./hal/app_flash.o
                                 0x4d (size before relaxing)
 .comment       0x0000004c       0x4d ./hal/hal_device.o
 .comment       0x0000004c       0x4d ./hal/hal_spi.o
 .comment       0x0000004c       0x4d ./bsp/bsp_spi.o
 .comment       0x0000004c       0x4d ./app/ch57x_usb_device_msc.o
 .comment       0x0000004c       0x4d ./app/diskio.o
 .comment       0x0000004c       0x4d ./app/ff.o
 .comment       0x0000004c       0x4d ./app/ffunicode.o
 .comment       0x0000004c       0x4d ./app/peripheral_main.o
 .comment       0x0000004c       0x4d ./StdPeriphDriver/CH57x_clk.o
 .comment       0x0000004c       0x4d ./StdPeriphDriver/CH57x_gpio.o
 .comment       0x0000004c       0x4d ./StdPeriphDriver/CH57x_int.o
 .comment       0x0000004c       0x4d ./StdPeriphDriver/CH57x_pwr.o
 .comment       0x0000004c       0x4d ./StdPeriphDriver/CH57x_spi0.o
 .comment       0x0000004c       0x4d ./StdPeriphDriver/CH57x_sys.o
 .comment       0x0000004c       0x4d ./StdPeriphDriver/CH57x_uart0.o
 .comment       0x0000004c       0x4d ./StdPeriphDriver/CH57x_usbdev.o

.debug_frame    0x00000000     0x1dbc
 .debug_frame   0x00000000      0x17c ./hal/app_flash.o
 .debug_frame   0x0000017c       0xc0 ./hal/hal_device.o
 .debug_frame   0x0000023c       0xa8 ./hal/hal_spi.o
 .debug_frame   0x000002e4       0x74 ./bsp/bsp_spi.o
 .debug_frame   0x00000358      0x1e8 ./app/ch57x_usb_device_msc.o
 .debug_frame   0x00000540       0xd4 ./app/diskio.o
 .debug_frame   0x00000614      0x620 ./app/ff.o
 .debug_frame   0x00000c34       0x50 ./app/ffunicode.o
 .debug_frame   0x00000c84       0x60 ./app/peripheral_main.o
 .debug_frame   0x00000ce4      0x20c ./StdPeriphDriver/CH57x_clk.o
 .debug_frame   0x00000ef0       0x90 ./StdPeriphDriver/CH57x_gpio.o
 .debug_frame   0x00000f80       0xb4 ./StdPeriphDriver/CH57x_int.o
 .debug_frame   0x00001034       0xd0 ./StdPeriphDriver/CH57x_pwr.o
 .debug_frame   0x00001104      0x158 ./StdPeriphDriver/CH57x_spi0.o
 .debug_frame   0x0000125c       0xf8 ./StdPeriphDriver/CH57x_sys.o
 .debug_frame   0x00001354       0xa8 ./StdPeriphDriver/CH57x_uart0.o
 .debug_frame   0x000013fc       0x68 ./StdPeriphDriver/CH57x_usbdev.o
 .debug_frame   0x00001464       0x20 c:/mounriver/mounriver_studio/toolchain/arm-none-eabi-gcc/bin/../lib/gcc/arm-none-eabi/9.3.1/thumb/v6-m/nofp\libgcc.a(_udivsi3.o)
 .debug_frame   0x00001484       0x20 c:/mounriver/mounriver_studio/toolchain/arm-none-eabi-gcc/bin/../lib/gcc/arm-none-eabi/9.3.1/thumb/v6-m/nofp\libgcc.a(_divsi3.o)
 .debug_frame   0x000014a4       0x40 c:/mounriver/mounriver_studio/toolchain/arm-none-eabi-gcc/bin/../lib/gcc/arm-none-eabi/9.3.1/../../../../arm-none-eabi/lib/thumb/v6-m/nofp\libg_nano.a(lib_a-malloc.o)
 .debug_frame   0x000014e4       0x28 c:/mounriver/mounriver_studio/toolchain/arm-none-eabi-gcc/bin/../lib/gcc/arm-none-eabi/9.3.1/../../../../arm-none-eabi/lib/thumb/v6-m/nofp\libg_nano.a(lib_a-memcpy-stub.o)
 .debug_frame   0x0000150c       0x20 c:/mounriver/mounriver_studio/toolchain/arm-none-eabi-gcc/bin/../lib/gcc/arm-none-eabi/9.3.1/../../../../arm-none-eabi/lib/thumb/v6-m/nofp\libg_nano.a(lib_a-memset.o)
 .debug_frame   0x0000152c       0x2c c:/mounriver/mounriver_studio/toolchain/arm-none-eabi-gcc/bin/../lib/gcc/arm-none-eabi/9.3.1/../../../../arm-none-eabi/lib/thumb/v6-m/nofp\libg_nano.a(lib_a-nano-freer.o)
 .debug_frame   0x00001558       0x30 c:/mounriver/mounriver_studio/toolchain/arm-none-eabi-gcc/bin/../lib/gcc/arm-none-eabi/9.3.1/../../../../arm-none-eabi/lib/thumb/v6-m/nofp\libg_nano.a(lib_a-nano-mallocr.o)
 .debug_frame   0x00001588       0x50 c:/mounriver/mounriver_studio/toolchain/arm-none-eabi-gcc/bin/../lib/gcc/arm-none-eabi/9.3.1/../../../../arm-none-eabi/lib/thumb/v6-m/nofp\libg_nano.a(lib_a-printf.o)
 .debug_frame   0x000015d8       0x2c c:/mounriver/mounriver_studio/toolchain/arm-none-eabi-gcc/bin/../lib/gcc/arm-none-eabi/9.3.1/../../../../arm-none-eabi/lib/thumb/v6-m/nofp\libg_nano.a(lib_a-sbrkr.o)
 .debug_frame   0x00001604       0x20 c:/mounriver/mounriver_studio/toolchain/arm-none-eabi-gcc/bin/../lib/gcc/arm-none-eabi/9.3.1/../../../../arm-none-eabi/lib/thumb/v6-m/nofp\libg_nano.a(lib_a-strcmp.o)
 .debug_frame   0x00001624      0x170 c:/mounriver/mounriver_studio/toolchain/arm-none-eabi-gcc/bin/../lib/gcc/arm-none-eabi/9.3.1/../../../../arm-none-eabi/lib/thumb/v6-m/nofp\libg_nano.a(lib_a-findfp.o)
 .debug_frame   0x00001794       0x58 c:/mounriver/mounriver_studio/toolchain/arm-none-eabi-gcc/bin/../lib/gcc/arm-none-eabi/9.3.1/../../../../arm-none-eabi/lib/thumb/v6-m/nofp\libg_nano.a(lib_a-fwalk.o)
 .debug_frame   0x000017ec       0xb0 c:/mounriver/mounriver_studio/toolchain/arm-none-eabi-gcc/bin/../lib/gcc/arm-none-eabi/9.3.1/../../../../arm-none-eabi/lib/thumb/v6-m/nofp\libg_nano.a(lib_a-lock.o)
 .debug_frame   0x0000189c       0x40 c:/mounriver/mounriver_studio/toolchain/arm-none-eabi-gcc/bin/../lib/gcc/arm-none-eabi/9.3.1/../../../../arm-none-eabi/lib/thumb/v6-m/nofp\libg_nano.a(lib_a-mlock.o)
 .debug_frame   0x000018dc       0x9c c:/mounriver/mounriver_studio/toolchain/arm-none-eabi-gcc/bin/../lib/gcc/arm-none-eabi/9.3.1/../../../../arm-none-eabi/lib/thumb/v6-m/nofp\libg_nano.a(lib_a-nano-vfprintf.o)
 .debug_frame   0x00001978       0x54 c:/mounriver/mounriver_studio/toolchain/arm-none-eabi-gcc/bin/../lib/gcc/arm-none-eabi/9.3.1/../../../../arm-none-eabi/lib/thumb/v6-m/nofp\libg_nano.a(lib_a-nano-vfprintf_i.o)
 .debug_frame   0x000019cc       0x48 c:/mounriver/mounriver_studio/toolchain/arm-none-eabi-gcc/bin/../lib/gcc/arm-none-eabi/9.3.1/../../../../arm-none-eabi/lib/thumb/v6-m/nofp\libg_nano.a(lib_a-reent.o)
 .debug_frame   0x00001a14       0x90 c:/mounriver/mounriver_studio/toolchain/arm-none-eabi-gcc/bin/../lib/gcc/arm-none-eabi/9.3.1/../../../../arm-none-eabi/lib/thumb/v6-m/nofp\libg_nano.a(lib_a-stdio.o)
 .debug_frame   0x00001aa4       0x48 c:/mounriver/mounriver_studio/toolchain/arm-none-eabi-gcc/bin/../lib/gcc/arm-none-eabi/9.3.1/../../../../arm-none-eabi/lib/thumb/v6-m/nofp\libg_nano.a(lib_a-wbuf.o)
 .debug_frame   0x00001aec       0x2c c:/mounriver/mounriver_studio/toolchain/arm-none-eabi-gcc/bin/../lib/gcc/arm-none-eabi/9.3.1/../../../../arm-none-eabi/lib/thumb/v6-m/nofp\libg_nano.a(lib_a-writer.o)
 .debug_frame   0x00001b18       0x2c c:/mounriver/mounriver_studio/toolchain/arm-none-eabi-gcc/bin/../lib/gcc/arm-none-eabi/9.3.1/../../../../arm-none-eabi/lib/thumb/v6-m/nofp\libg_nano.a(lib_a-wsetup.o)
 .debug_frame   0x00001b44       0x2c c:/mounriver/mounriver_studio/toolchain/arm-none-eabi-gcc/bin/../lib/gcc/arm-none-eabi/9.3.1/../../../../arm-none-eabi/lib/thumb/v6-m/nofp\libg_nano.a(lib_a-closer.o)
 .debug_frame   0x00001b70       0x68 c:/mounriver/mounriver_studio/toolchain/arm-none-eabi-gcc/bin/../lib/gcc/arm-none-eabi/9.3.1/../../../../arm-none-eabi/lib/thumb/v6-m/nofp\libg_nano.a(lib_a-fflush.o)
 .debug_frame   0x00001bd8       0x2c c:/mounriver/mounriver_studio/toolchain/arm-none-eabi-gcc/bin/../lib/gcc/arm-none-eabi/9.3.1/../../../../arm-none-eabi/lib/thumb/v6-m/nofp\libg_nano.a(lib_a-lseekr.o)
 .debug_frame   0x00001c04       0x54 c:/mounriver/mounriver_studio/toolchain/arm-none-eabi-gcc/bin/../lib/gcc/arm-none-eabi/9.3.1/../../../../arm-none-eabi/lib/thumb/v6-m/nofp\libg_nano.a(lib_a-makebuf.o)
 .debug_frame   0x00001c58       0x20 c:/mounriver/mounriver_studio/toolchain/arm-none-eabi-gcc/bin/../lib/gcc/arm-none-eabi/9.3.1/../../../../arm-none-eabi/lib/thumb/v6-m/nofp\libg_nano.a(lib_a-memchr-stub.o)
 .debug_frame   0x00001c78       0x2c c:/mounriver/mounriver_studio/toolchain/arm-none-eabi-gcc/bin/../lib/gcc/arm-none-eabi/9.3.1/../../../../arm-none-eabi/lib/thumb/v6-m/nofp\libg_nano.a(lib_a-readr.o)
 .debug_frame   0x00001ca4       0x2c c:/mounriver/mounriver_studio/toolchain/arm-none-eabi-gcc/bin/../lib/gcc/arm-none-eabi/9.3.1/../../../../arm-none-eabi/lib/thumb/v6-m/nofp\libg_nano.a(lib_a-fstatr.o)
 .debug_frame   0x00001cd0       0x2c c:/mounriver/mounriver_studio/toolchain/arm-none-eabi-gcc/bin/../lib/gcc/arm-none-eabi/9.3.1/../../../../arm-none-eabi/lib/thumb/v6-m/nofp\libg_nano.a(lib_a-isattyr.o)
 .debug_frame   0x00001cfc       0x20 c:/mounriver/mounriver_studio/toolchain/arm-none-eabi-gcc/bin/../lib/gcc/arm-none-eabi/9.3.1/../../../../arm-none-eabi/lib/thumb/v6-m/nofp\libnosys.a(close.o)
 .debug_frame   0x00001d1c       0x20 c:/mounriver/mounriver_studio/toolchain/arm-none-eabi-gcc/bin/../lib/gcc/arm-none-eabi/9.3.1/../../../../arm-none-eabi/lib/thumb/v6-m/nofp\libnosys.a(fstat.o)
 .debug_frame   0x00001d3c       0x20 c:/mounriver/mounriver_studio/toolchain/arm-none-eabi-gcc/bin/../lib/gcc/arm-none-eabi/9.3.1/../../../../arm-none-eabi/lib/thumb/v6-m/nofp\libnosys.a(isatty.o)
 .debug_frame   0x00001d5c       0x20 c:/mounriver/mounriver_studio/toolchain/arm-none-eabi-gcc/bin/../lib/gcc/arm-none-eabi/9.3.1/../../../../arm-none-eabi/lib/thumb/v6-m/nofp\libnosys.a(lseek.o)
 .debug_frame   0x00001d7c       0x20 c:/mounriver/mounriver_studio/toolchain/arm-none-eabi-gcc/bin/../lib/gcc/arm-none-eabi/9.3.1/../../../../arm-none-eabi/lib/thumb/v6-m/nofp\libnosys.a(read.o)
 .debug_frame   0x00001d9c       0x20 c:/mounriver/mounriver_studio/toolchain/arm-none-eabi-gcc/bin/../lib/gcc/arm-none-eabi/9.3.1/../../../../arm-none-eabi/lib/thumb/v6-m/nofp\libnosys.a(sbrk.o)

.stab           0x00000000       0x84
 .stab          0x00000000       0x24 c:/mounriver/mounriver_studio/toolchain/arm-none-eabi-gcc/bin/../lib/gcc/arm-none-eabi/9.3.1/../../../../arm-none-eabi/lib/thumb/v6-m/nofp\libnosys.a(close.o)
 .stab          0x00000024       0x18 c:/mounriver/mounriver_studio/toolchain/arm-none-eabi-gcc/bin/../lib/gcc/arm-none-eabi/9.3.1/../../../../arm-none-eabi/lib/thumb/v6-m/nofp\libnosys.a(fstat.o)
                                 0x24 (size before relaxing)
 .stab          0x0000003c       0x18 c:/mounriver/mounriver_studio/toolchain/arm-none-eabi-gcc/bin/../lib/gcc/arm-none-eabi/9.3.1/../../../../arm-none-eabi/lib/thumb/v6-m/nofp\libnosys.a(isatty.o)
                                 0x24 (size before relaxing)
 .stab          0x00000054       0x18 c:/mounriver/mounriver_studio/toolchain/arm-none-eabi-gcc/bin/../lib/gcc/arm-none-eabi/9.3.1/../../../../arm-none-eabi/lib/thumb/v6-m/nofp\libnosys.a(lseek.o)
                                 0x24 (size before relaxing)
 .stab          0x0000006c       0x18 c:/mounriver/mounriver_studio/toolchain/arm-none-eabi-gcc/bin/../lib/gcc/arm-none-eabi/9.3.1/../../../../arm-none-eabi/lib/thumb/v6-m/nofp\libnosys.a(read.o)
                                 0x24 (size before relaxing)

.stabstr        0x00000000      0x117
 .stabstr       0x00000000      0x117 c:/mounriver/mounriver_studio/toolchain/arm-none-eabi-gcc/bin/../lib/gcc/arm-none-eabi/9.3.1/../../../../arm-none-eabi/lib/thumb/v6-m/nofp\libnosys.a(close.o)
