Archive member included to satisfy reference by file (symbol)

c:/mounriver/mrs_community/toolchain/arm-none-eabi-gcc/bin/../lib/gcc/arm-none-eabi/9.3.1/thumb/v6-m/nofp\libgcc.a(_thumb1_case_sqi.o)
                              ./app/ch57x_usb_device_msc.o (__gnu_thumb1_case_sqi)
c:/mounriver/mrs_community/toolchain/arm-none-eabi-gcc/bin/../lib/gcc/arm-none-eabi/9.3.1/thumb/v6-m/nofp\libgcc.a(_thumb1_case_uqi.o)
                              ./app/ch57x_usb_device_msc.o (__gnu_thumb1_case_uqi)
c:/mounriver/mrs_community/toolchain/arm-none-eabi-gcc/bin/../lib/gcc/arm-none-eabi/9.3.1/thumb/v6-m/nofp\libgcc.a(_thumb1_case_shi.o)
                              ./app/ff.o (__gnu_thumb1_case_shi)
c:/mounriver/mrs_community/toolchain/arm-none-eabi-gcc/bin/../lib/gcc/arm-none-eabi/9.3.1/thumb/v6-m/nofp\libgcc.a(_udivsi3.o)
                              ./app/ff.o (__aeabi_uidiv)
c:/mounriver/mrs_community/toolchain/arm-none-eabi-gcc/bin/../lib/gcc/arm-none-eabi/9.3.1/thumb/v6-m/nofp\libgcc.a(_divsi3.o)
                              ./StdPeriphDriver/CH57x_adc.o (__aeabi_idiv)
c:/mounriver/mrs_community/toolchain/arm-none-eabi-gcc/bin/../lib/gcc/arm-none-eabi/9.3.1/thumb/v6-m/nofp\libgcc.a(_dvmd_tls.o)
                              c:/mounriver/mrs_community/toolchain/arm-none-eabi-gcc/bin/../lib/gcc/arm-none-eabi/9.3.1/thumb/v6-m/nofp\libgcc.a(_udivsi3.o) (__aeabi_idiv0)
c:/mounriver/mrs_community/toolchain/arm-none-eabi-gcc/bin/../lib/gcc/arm-none-eabi/9.3.1/../../../../arm-none-eabi/lib/thumb/v6-m/nofp\libg_nano.a(lib_a-malloc.o)
                              ./hal/hal_led.o (malloc)
c:/mounriver/mrs_community/toolchain/arm-none-eabi-gcc/bin/../lib/gcc/arm-none-eabi/9.3.1/../../../../arm-none-eabi/lib/thumb/v6-m/nofp\libg_nano.a(lib_a-memcpy-stub.o)
                              ./hal/hal_led.o (memcpy)
c:/mounriver/mrs_community/toolchain/arm-none-eabi-gcc/bin/../lib/gcc/arm-none-eabi/9.3.1/../../../../arm-none-eabi/lib/thumb/v6-m/nofp\libg_nano.a(lib_a-memset.o)
                              ./app/peripheral_main.o (memset)
c:/mounriver/mrs_community/toolchain/arm-none-eabi-gcc/bin/../lib/gcc/arm-none-eabi/9.3.1/../../../../arm-none-eabi/lib/thumb/v6-m/nofp\libg_nano.a(lib_a-nano-freer.o)
                              c:/mounriver/mrs_community/toolchain/arm-none-eabi-gcc/bin/../lib/gcc/arm-none-eabi/9.3.1/../../../../arm-none-eabi/lib/thumb/v6-m/nofp\libg_nano.a(lib_a-malloc.o) (_free_r)
c:/mounriver/mrs_community/toolchain/arm-none-eabi-gcc/bin/../lib/gcc/arm-none-eabi/9.3.1/../../../../arm-none-eabi/lib/thumb/v6-m/nofp\libg_nano.a(lib_a-nano-mallocr.o)
                              c:/mounriver/mrs_community/toolchain/arm-none-eabi-gcc/bin/../lib/gcc/arm-none-eabi/9.3.1/../../../../arm-none-eabi/lib/thumb/v6-m/nofp\libg_nano.a(lib_a-malloc.o) (_malloc_r)
c:/mounriver/mrs_community/toolchain/arm-none-eabi-gcc/bin/../lib/gcc/arm-none-eabi/9.3.1/../../../../arm-none-eabi/lib/thumb/v6-m/nofp\libg_nano.a(lib_a-sbrkr.o)
                              c:/mounriver/mrs_community/toolchain/arm-none-eabi-gcc/bin/../lib/gcc/arm-none-eabi/9.3.1/../../../../arm-none-eabi/lib/thumb/v6-m/nofp\libg_nano.a(lib_a-nano-mallocr.o) (_sbrk_r)
c:/mounriver/mrs_community/toolchain/arm-none-eabi-gcc/bin/../lib/gcc/arm-none-eabi/9.3.1/../../../../arm-none-eabi/lib/thumb/v6-m/nofp\libg_nano.a(lib_a-strcmp.o)
                              ./hal/hal_led.o (strcmp)
c:/mounriver/mrs_community/toolchain/arm-none-eabi-gcc/bin/../lib/gcc/arm-none-eabi/9.3.1/../../../../arm-none-eabi/lib/thumb/v6-m/nofp\libg_nano.a(lib_a-vprintf.o)
                              ./bsp/bsp_log.o (vprintf)
c:/mounriver/mrs_community/toolchain/arm-none-eabi-gcc/bin/../lib/gcc/arm-none-eabi/9.3.1/../../../../arm-none-eabi/lib/thumb/v6-m/nofp\libg_nano.a(lib_a-findfp.o)
                              c:/mounriver/mrs_community/toolchain/arm-none-eabi-gcc/bin/../lib/gcc/arm-none-eabi/9.3.1/../../../../arm-none-eabi/lib/thumb/v6-m/nofp\libg_nano.a(lib_a-vprintf.o) (__sinit)
c:/mounriver/mrs_community/toolchain/arm-none-eabi-gcc/bin/../lib/gcc/arm-none-eabi/9.3.1/../../../../arm-none-eabi/lib/thumb/v6-m/nofp\libg_nano.a(lib_a-fwalk.o)
                              c:/mounriver/mrs_community/toolchain/arm-none-eabi-gcc/bin/../lib/gcc/arm-none-eabi/9.3.1/../../../../arm-none-eabi/lib/thumb/v6-m/nofp\libg_nano.a(lib_a-findfp.o) (_fwalk)
c:/mounriver/mrs_community/toolchain/arm-none-eabi-gcc/bin/../lib/gcc/arm-none-eabi/9.3.1/../../../../arm-none-eabi/lib/thumb/v6-m/nofp\libg_nano.a(lib_a-impure.o)
                              c:/mounriver/mrs_community/toolchain/arm-none-eabi-gcc/bin/../lib/gcc/arm-none-eabi/9.3.1/../../../../arm-none-eabi/lib/thumb/v6-m/nofp\libg_nano.a(lib_a-findfp.o) (_global_impure_ptr)
c:/mounriver/mrs_community/toolchain/arm-none-eabi-gcc/bin/../lib/gcc/arm-none-eabi/9.3.1/../../../../arm-none-eabi/lib/thumb/v6-m/nofp\libg_nano.a(lib_a-lock.o)
[...]
Memory Configuration

Name             Origin             Length             Attributes
FLASH            0x00000000         0x0003e800         xr
XRAM             0x20003800         0x00001fff         xrw
RAM              0x20004000         0x00004000         xrw
*default*        0x00000000         0xffffffff

Linker script and memory map

LOAD ./hal/hal_led.o
LOAD ./hal/hal_log.o
LOAD ./hal/hal_spi.o
LOAD ./hal/hal_uart.o
LOAD ./bsp/bsp_device.o
LOAD ./bsp/bsp_led.o
LOAD ./bsp/bsp_log.o
LOAD ./bsp/bsp_spi.o
LOAD ./bsp/bsp_uart.o
LOAD ./app/app_flash.o
LOAD ./app/app_led.o
LOAD ./app/app_uart.o
LOAD ./app/ch57x_code_flash.o
LOAD ./app/ch57x_usb_device_msc.o
LOAD ./app/diskio.o
LOAD ./app/ff.o
LOAD ./app/ffsystem.o
LOAD ./app/ffunicode.o
LOAD ./app/peripheral_main.o
LOAD ./StdPeriphDriver/CH57x_adc.o
LOAD ./StdPeriphDriver/CH57x_clk.o
LOAD ./StdPeriphDriver/CH57x_flash.o
LOAD ./StdPeriphDriver/CH57x_gpio.o
LOAD ./StdPeriphDriver/CH57x_int.o
LOAD ./StdPeriphDriver/CH57x_lcd.o
LOAD ./StdPeriphDriver/CH57x_pwm.o
LOAD ./StdPeriphDriver/CH57x_pwr.o
LOAD ./StdPeriphDriver/CH57x_spi0.o
LOAD ./StdPeriphDriver/CH57x_spi1.o
LOAD ./StdPeriphDriver/CH57x_sys.o
LOAD ./StdPeriphDriver/CH57x_timer0.o
LOAD ./StdPeriphDriver/CH57x_timer1.o
LOAD ./StdPeriphDriver/CH57x_timer2.o
LOAD ./StdPeriphDriver/CH57x_timer3.o
LOAD ./StdPeriphDriver/CH57x_uart0.o
LOAD ./StdPeriphDriver/CH57x_uart1.o
LOAD ./StdPeriphDriver/CH57x_uart2.o
LOAD ./StdPeriphDriver/CH57x_uart3.o
LOAD ./StdPeriphDriver/CH57x_usbdev.o
LOAD ./Startup/startup_ch579.o
START GROUP
LOAD c:/mounriver/mrs_community/toolchain/arm-none-eabi-gcc/bin/../lib/gcc/arm-none-eabi/9.3.1/thumb/v6-m/nofp\libgcc.a
LOAD c:/mounriver/mrs_community/toolchain/arm-none-eabi-gcc/bin/../lib/gcc/arm-none-eabi/9.3.1/../../../../arm-none-eabi/lib/thumb/v6-m/nofp\libg_nano.a
LOAD c:/mounriver/mrs_community/toolchain/arm-none-eabi-gcc/bin/../lib/gcc/arm-none-eabi/9.3.1/../../../../arm-none-eabi/lib/thumb/v6-m/nofp\libc_nano.a
END GROUP
START GROUP
LOAD c:/mounriver/mrs_community/toolchain/arm-none-eabi-gcc/bin/../lib/gcc/arm-none-eabi/9.3.1/thumb/v6-m/nofp\libgcc.a
LOAD c:/mounriver/mrs_community/toolchain/arm-none-eabi-gcc/bin/../lib/gcc/arm-none-eabi/9.3.1/../../../../arm-none-eabi/lib/thumb/v6-m/nofp\libc_nano.a
LOAD c:/mounriver/mrs_community/toolchain/arm-none-eabi-gcc/bin/../lib/gcc/arm-none-eabi/9.3.1/../../../../arm-none-eabi/lib/thumb/v6-m/nofp\libnosys.a
END GROUP
START GROUP
LOAD c:/mounriver/mrs_community/toolchain/arm-none-eabi-gcc/bin/../lib/gcc/arm-none-eabi/9.3.1/thumb/v6-m/nofp\libgcc.a
LOAD c:/mounriver/mrs_community/toolchain/arm-none-eabi-gcc/bin/../lib/gcc/arm-none-eabi/9.3.1/../../../../arm-none-eabi/lib/thumb/v6-m/nofp\libc_nano.a
LOAD c:/mounriver/mrs_community/toolchain/arm-none-eabi-gcc/bin/../lib/gcc/arm-none-eabi/9.3.1/../../../../arm-none-eabi/lib/thumb/v6-m/nofp\libnosys.a
END GROUP
                0x20008000                _estack = 0x20008000
                0x00000400                _Min_Heap_Size = 0x400
                0x00000400                _Min_Stack_Size = 0x400

.stack_data

.isr_vector     0x00000000       0x90
                0x00000000                . = ALIGN (0x4)
 *(.isr_vector)
 .isr_vector    0x00000000       0x90 ./Startup/startup_ch579.o
                0x00000000                g_pfnVectors
                0x00000090                . = ALIGN (0x4)

.text           0x00000090     0x5094
                0x00000090                . = ALIGN (0x4)
 *(.text)
 .text          0x00000090       0x14 c:/mounriver/mrs_community/toolchain/arm-none-eabi-gcc/bin/../lib/gcc/arm-none-eabi/9.3.1/thumb/v6-m/nofp\libgcc.a(_thumb1_case_sqi.o)
                0x00000090                __gnu_thumb1_case_sqi
 .text          0x000000a4       0x14 c:/mounriver/mrs_community/toolchain/arm-none-eabi-gcc/bin/../lib/gcc/arm-none-eabi/9.3.1/thumb/v6-m/nofp\libgcc.a(_thumb1_case_uqi.o)
                0x000000a4                __gnu_thumb1_case_uqi
 .text          0x000000b8       0x14 c:/mounriver/mrs_community/toolchain/arm-none-eabi-gcc/bin/../lib/gcc/arm-none-eabi/9.3.1/thumb/v6-m/nofp\libgcc.a(_thumb1_case_shi.o)
                0x000000b8                __gnu_thumb1_case_shi
 .text          0x000000cc      0x114 c:/mounriver/mrs_community/toolchain/arm-none-eabi-gcc/bin/../lib/gcc/arm-none-eabi/9.3.1/thumb/v6-m/nofp\libgcc.a(_udivsi3.o)
                0x000000cc                __aeabi_uidiv
                0x000000cc                __udivsi3
                0x000001d8                __aeabi_uidivmod
 .text          0x000001e0      0x1d4 c:/mounriver/mrs_community/toolchain/arm-none-eabi-gcc/bin/../lib/gcc/arm-none-eabi/9.3.1/thumb/v6-m/nofp\libgcc.a(_divsi3.o)
                0x000001e0                __divsi3
                0x000001e0                __aeabi_idiv
                0x000003ac                __aeabi_idivmod
 .text          0x000003b4        0x4 c:/mounriver/mrs_community/toolchain/arm-none-eabi-gcc/bin/../lib/gcc/arm-none-eabi/9.3.1/thumb/v6-m/nofp\libgcc.a(_dvmd_tls.o)
                0x000003b4                __aeabi_idiv0
                0x000003b4                __aeabi_ldiv0
 .text          0x000003b8       0x14 c:/mounriver/mrs_community/toolchain/arm-none-eabi-gcc/bin/../lib/gcc/arm-none-eabi/9.3.1/../../../../arm-none-eabi/lib/thumb/v6-m/nofp\libg_nano.a(lib_a-strcmp.o)
                0x000003b8                strcmp
 *(.text*)
 .text.hal_led_write
                0x000003cc       0x30 ./hal/hal_led.o
                0x000003cc                hal_led_write
 .text.hal_led_read
                0x000003fc       0x2c ./hal/hal_led.o
                0x000003fc                hal_led_read
 .text.hal_led_close
                0x00000428       0x2c ./hal/hal_led.o
                0x00000428                hal_led_close
 .text.hal_led_open
                0x00000454       0x48 ./hal/hal_led.o
                0x00000454                hal_led_open
 .text.hal_led_init
                0x0000049c       0xb8 ./hal/hal_led.o
                0x0000049c                hal_led_init
 .text.hal_spi_write
                0x00000554       0x2c ./hal/hal_spi.o
                0x00000554                hal_spi_write
 .text.hal_spi_read
                0x00000580       0x2c ./hal/hal_spi.o
                0x00000580                hal_spi_read
 .text.hal_spi_close
                0x000005ac       0x20 ./hal/hal_spi.o
                0x000005ac                hal_spi_close
 .text.hal_spi_open
                0x000005cc       0x28 ./hal/hal_spi.o
                0x000005cc                hal_spi_open
 .text.hal_spi_init
                0x000005f4       0x9c ./hal/hal_spi.o
                0x000005f4                hal_spi_init
 .text.hal_uart_write
                0x00000690       0x34 ./hal/hal_uart.o
                0x00000690                hal_uart_write
 .text.hal_uart_read
                0x000006c4       0x34 ./hal/hal_uart.o
                0x000006c4                hal_uart_read
 .text.hal_uart_close
                0x000006f8       0x2c ./hal/hal_uart.o
                0x000006f8                hal_uart_close
 .text.hal_uart_open
                0x00000724       0x48 ./hal/hal_uart.o
                0x00000724                hal_uart_open
 .text.hal_uart_init
                0x0000076c       0xa0 ./hal/hal_uart.o
                0x0000076c                hal_uart_init
 .text.bsp_device_find
                0x0000080c       0x2c ./bsp/bsp_device.o
 .text.bsp_device_register
                0x00000838       0x24 ./bsp/bsp_device.o
                0x00000838                bsp_device_register
 .text.bsp_device_open
                0x0000085c       0x24 ./bsp/bsp_device.o
                0x0000085c                bsp_device_open
 .text.bsp_device_write
                0x00000880       0x14 ./bsp/bsp_device.o
                0x00000880                bsp_device_write
 .text.bsp_device_read
                0x00000894       0x14 ./bsp/bsp_device.o
                0x00000894                bsp_device_read
 .text.__bsp_led1_init
                0x000008a8        0xe ./bsp/bsp_led.o
                0x000008a8                __bsp_led1_init
 .text.__bsp_led1_deinit
                0x000008b6        0x4 ./bsp/bsp_led.o
                0x000008b6                __bsp_led1_deinit
 *fill*         0x000008ba        0x2 
 .text.__bsp_led1_write
                0x000008bc       0x30 ./bsp/bsp_led.o
                0x000008bc                __bsp_led1_write
 .text.__bsp_led1_read
                0x000008ec       0x10 ./bsp/bsp_led.o
                0x000008ec                __bsp_led1_read
 .text.bsp_log_send_write
                0x000008fc       0x16 ./bsp/bsp_log.o
                0x000008fc                bsp_log_send_write
 *fill*         0x00000912        0x2 
 .text.bsp_spi0_init
                0x00000914       0x3c ./bsp/bsp_spi.o
                0x00000914                bsp_spi0_init
 .text.bsp_spi0_deinit
                0x00000950        0x2 ./bsp/bsp_spi.o
                0x00000950                bsp_spi0_deinit
 *fill*         0x00000952        0x2 
 .text.bsp_spi0_read
                0x00000954       0x54 ./bsp/bsp_spi.o
                0x00000954                bsp_spi0_read
 .text.bsp_spi0_write
                0x000009a8       0x5c ./bsp/bsp_spi.o
                0x000009a8                bsp_spi0_write
 .text.bsp_uart0_init
                0x00000a04       0x2c ./bsp/bsp_uart.o
                0x00000a04                bsp_uart0_init
 .text.bsp_uart0_write
                0x00000a30        0x8 ./bsp/bsp_uart.o
                0x00000a30                bsp_uart0_write
 .text.bsp_uart0_read
                0x00000a38        0x8 ./bsp/bsp_uart.o
                0x00000a38                bsp_uart0_read
 .text.bsp_uart0_deinit
                0x00000a40        0x4 ./bsp/bsp_uart.o
                0x00000a40                bsp_uart0_deinit
 .text.app_flash_read_status_reg
                0x00000a44       0x2c ./app/app_flash.o
                0x00000a44                app_flash_read_status_reg
 .text.app_flash_wait_busy
                0x00000a70        0xe ./app/app_flash.o
                0x00000a70                app_flash_wait_busy
 *fill*         0x00000a7e        0x2 
 .text.app_flash_write_enable
                0x00000a80       0x24 ./app/app_flash.o
                0x00000a80                app_flash_write_enable
 .text.app_flash_erase_4k_flash
                0x00000aa4       0x34 ./app/app_flash.o
                0x00000aa4                app_flash_erase_4k_flash
 .text.app_flash_write
                0x00000ad8       0x64 ./app/app_flash.o
                0x00000ad8                app_flash_write
 .text.app_flash_read
                0x00000b3c       0x60 ./app/app_flash.o
                0x00000b3c                app_flash_read
 .text.app_flash_read_flashID
                0x00000b9c       0x34 ./app/app_flash.o
                0x00000b9c                app_flash_read_flashID
 .text.app_flash_init
                0x00000bd0       0x80 ./app/app_flash.o
                0x00000bd0                app_flash_init
 .text.app_led1_init
                0x00000c50       0x68 ./app/app_led.o
                0x00000c50                app_led1_init
 .text.app_uart_init
                0x00000cb8       0x58 ./app/app_uart.o
                0x00000cb8                app_uart_init
 .text.BulkThirteen
                0x00000d10       0x74 ./app/ch57x_usb_device_msc.o
                0x00000d10                BulkThirteen
 .text.UFI_modeSense.part.0
                0x00000d84       0x34 ./app/ch57x_usb_device_msc.o
 .text.UFI_readCapacity
                0x00000db8       0x3c ./app/ch57x_usb_device_msc.o
                0x00000db8                UFI_readCapacity
 .text.UFI_inquiry
                0x00000df4       0x3c ./app/ch57x_usb_device_msc.o
                0x00000df4                UFI_inquiry
 .text.UFI_read10
                0x00000e30       0x5c ./app/ch57x_usb_device_msc.o
                0x00000e30                UFI_read10
 .text.UFI_modeSense
                0x00000e8c       0x50 ./app/ch57x_usb_device_msc.o
                0x00000e8c                UFI_modeSense
 .text.UFI_requestSense
                0x00000edc       0x6c ./app/ch57x_usb_device_msc.o
                0x00000edc                UFI_requestSense
 .text.UFI_testUnit
                0x00000f48       0x2c ./app/ch57x_usb_device_msc.o
                0x00000f48                UFI_testUnit
 .text.UFI_perOrMed
                0x00000f74       0x1c ./app/ch57x_usb_device_msc.o
                0x00000f74                UFI_perOrMed
 .text.UFI_write
                0x00000f90       0x6c ./app/ch57x_usb_device_msc.o
                0x00000f90                UFI_write
 .text.UFI_modeSense5
                0x00000ffc       0x50 ./app/ch57x_usb_device_msc.o
                0x00000ffc                UFI_modeSense5
 .text.UFI_Hunding
                0x0000104c       0xa8 ./app/ch57x_usb_device_msc.o
                0x0000104c                UFI_Hunding
 .text.mCH375BulkOnly
                0x000010f4       0x80 ./app/ch57x_usb_device_msc.o
                0x000010f4                mCH375BulkOnly
 .text.mCH375UpCsw
                0x00001174       0x88 ./app/ch57x_usb_device_msc.o
                0x00001174                mCH375UpCsw
 .text.CH375bulkUpData
                0x000011fc       0x88 ./app/ch57x_usb_device_msc.o
                0x000011fc                CH375bulkUpData
 .text.mCH375BulkDownData
                0x00001284       0x58 ./app/ch57x_usb_device_msc.o
                0x00001284                mCH375BulkDownData
 .text.USB_DevTransProcess
                0x000012dc      0x368 ./app/ch57x_usb_device_msc.o
                0x000012dc                USB_DevTransProcess
 .text.USB_IRQHandler
                0x00001644        0x8 ./app/ch57x_usb_device_msc.o
                0x00001644                USB_IRQHandler
 .text.disk_status
                0x0000164c       0x20 ./app/diskio.o
                0x0000164c                disk_status
 .text.disk_initialize
                0x0000166c       0x24 ./app/diskio.o
                0x0000166c                disk_initialize
 .text.disk_read
                0x00001690       0x1e ./app/diskio.o
                0x00001690                disk_read
 .text.disk_ioctl
                0x000016ae       0x28 ./app/diskio.o
                0x000016ae                disk_ioctl
 .text.spi_disk_write
                0x000016d6       0x16 ./app/diskio.o
                0x000016d6                spi_disk_write
 .text.disk_write
                0x000016ec       0x28 ./app/diskio.o
                0x000016ec                disk_write
 .text.ld_dword
                0x00001714       0x16 ./app/ff.o
 .text.st_dword
                0x0000172a       0x10 ./app/ff.o
 .text.mem_set  0x0000173a        0xc ./app/ff.o
 .text.mem_cmp  0x00001746       0x1a ./app/ff.o
 .text.clst2sect
                0x00001760       0x18 ./app/ff.o
 .text.sum_sfn  0x00001778       0x1c ./app/ff.o
 .text.get_ldnumber
                0x00001794       0x34 ./app/ff.o
 .text.validate
                0x000017c8       0x3c ./app/ff.o
 .text.mem_cpy.part.0
                0x00001804       0x10 ./app/ff.o
 .text.ld_clust.isra.0
                0x00001814       0x1e ./app/ff.o
 .text.st_clust.isra.0
                0x00001832       0x18 ./app/ff.o
 .text.sync_window
                0x0000184a       0x4a ./app/ff.o
 .text.move_window
                0x00001894       0x34 ./app/ff.o
 .text.check_fs
                0x000018c8       0x80 ./app/ff.o
 .text.find_volume
                0x00001948      0x2f8 ./app/ff.o
 .text.put_fat  0x00001c40      0x114 ./app/ff.o
 .text.get_fat.isra.0
                0x00001d54       0xc4 ./app/ff.o
 .text.dir_sdi  0x00001e18       0x8e ./app/ff.o
 .text.create_chain
                0x00001ea6       0xec ./app/ff.o
 .text.remove_chain
                0x00001f92       0x72 ./app/ff.o
 .text.dir_clear
                0x00002004       0x54 ./app/ff.o
 .text.dir_next
                0x00002058       0xac ./app/ff.o
 .text.dir_find
                0x00002104      0x170 ./app/ff.o
 .text.dir_register
                0x00002274      0x258 ./app/ff.o
 .text.sync_fs  0x000024cc       0xb0 ./app/ff.o
 .text.follow_path
                0x0000257c      0x2e8 ./app/ff.o
 .text.f_mount  0x00002864       0x4c ./app/ff.o
                0x00002864                f_mount
 .text.f_open   0x000028b0      0x1b4 ./app/ff.o
                0x000028b0                f_open
 .text.f_read   0x00002a64      0x146 ./app/ff.o
                0x00002a64                f_read
 .text.f_write  0x00002baa      0x190 ./app/ff.o
                0x00002baa                f_write
 .text.f_sync   0x00002d3a       0x6a ./app/ff.o
                0x00002d3a                f_sync
 .text.f_close  0x00002da4       0x1c ./app/ff.o
                0x00002da4                f_close
 .text.f_mkfs   0x00002dc0      0x5d8 ./app/ff.o
                0x00002dc0                f_mkfs
 .text.ff_uni2oem
                0x00003398       0x38 ./app/ffunicode.o
                0x00003398                ff_uni2oem
 .text.ff_oem2uni
                0x000033d0       0x28 ./app/ffunicode.o
                0x000033d0                ff_oem2uni
 .text.ff_wtoupper
                0x000033f8       0x94 ./app/ffunicode.o
                0x000033f8                ff_wtoupper
 .text.startup.main
                0x0000348c      0x324 ./app/peripheral_main.o
                0x0000348c                main
 .text.UART0_IRQHandler
                0x000037b0       0x6c ./app/peripheral_main.o
                0x000037b0                UART0_IRQHandler
 .text.SYS_IsClkXT32MPon
                0x0000381c       0x10 ./StdPeriphDriver/CH57x_clk.o
 .text.SystemInit
                0x0000382c       0x3c ./StdPeriphDriver/CH57x_clk.o
                0x0000382c                SystemInit
 .text.SYS_ClkXT32MPon
                0x00003868       0x34 ./StdPeriphDriver/CH57x_clk.o
                0x00003868                SYS_ClkXT32MPon
 .text.SYS_ClkINT32MPon
                0x0000389c       0x2c ./StdPeriphDriver/CH57x_clk.o
                0x0000389c                SYS_ClkINT32MPon
 .text.SYS_PLLPon
                0x000038c8       0x38 ./StdPeriphDriver/CH57x_clk.o
                0x000038c8                SYS_PLLPon
 .text.GetSysClock
                0x00003900       0x44 ./StdPeriphDriver/CH57x_clk.o
                0x00003900                GetSysClock
 .text.LClk32k_Power
                0x00003944       0x90 ./StdPeriphDriver/CH57x_clk.o
                0x00003944                LClk32k_Power
 .text.LClk32K_Select
                0x000039d4       0x38 ./StdPeriphDriver/CH57x_clk.o
                0x000039d4                LClk32K_Select
 .text.SetSysClock
                0x00003a0c      0x1a4 ./StdPeriphDriver/CH57x_clk.o
                0x00003a0c                SetSysClock
 .text.GPIOA_ModeCfg
                0x00003bb0       0x64 ./StdPeriphDriver/CH57x_gpio.o
                0x00003bb0                GPIOA_ModeCfg
 .text.GPIOB_ModeCfg
                0x00003c14       0x64 ./StdPeriphDriver/CH57x_gpio.o
                0x00003c14                GPIOB_ModeCfg
 .text.NMI_Handler
                0x00003c78       0x88 ./StdPeriphDriver/CH57x_int.o
                0x00003c78                NMI_Handler
 .text.PWR_UnitModCfg
                0x00003d00       0x70 ./StdPeriphDriver/CH57x_pwr.o
                0x00003d00                PWR_UnitModCfg
 .text.PowerMonitor
                0x00003d70       0x44 ./StdPeriphDriver/CH57x_pwr.o
                0x00003d70                PowerMonitor
 .text.SPI0_MasterDefInit
                0x00003db4       0x30 ./StdPeriphDriver/CH57x_spi0.o
                0x00003db4                SPI0_MasterDefInit
 .text.SPI0_CLKCfg
                0x00003de4       0x24 ./StdPeriphDriver/CH57x_spi0.o
                0x00003de4                SPI0_CLKCfg
 .text.SPI0_DataMode
                0x00003e08       0x4c ./StdPeriphDriver/CH57x_spi0.o
                0x00003e08                SPI0_DataMode
 .text.SPI0_MasterSendByte
                0x00003e54       0x28 ./StdPeriphDriver/CH57x_spi0.o
                0x00003e54                SPI0_MasterSendByte
 .text.SPI0_MasterRecv
                0x00003e7c       0x44 ./StdPeriphDriver/CH57x_spi0.o
                0x00003e7c                SPI0_MasterRecv
 .text.mDelayuS
                0x00003ec0       0x58 ./StdPeriphDriver/CH57x_sys.o
                0x00003ec0                mDelayuS
 .text.mDelaymS
                0x00003f18       0x1c ./StdPeriphDriver/CH57x_sys.o
                0x00003f18                mDelaymS
 .text._write   0x00003f34       0x28 ./StdPeriphDriver/CH57x_sys.o
                0x00003f34                _write
 .text.UART0_BaudRateCfg
                0x00003f5c       0x28 ./StdPeriphDriver/CH57x_uart0.o
                0x00003f5c                UART0_BaudRateCfg
 .text.UART0_DefInit
                0x00003f84       0x34 ./StdPeriphDriver/CH57x_uart0.o
                0x00003f84                UART0_DefInit
 .text.UART0_SendString
                0x00003fb8       0x24 ./StdPeriphDriver/CH57x_uart0.o
                0x00003fb8                UART0_SendString
 .text.UART0_RecvString
                0x00003fdc       0x24 ./StdPeriphDriver/CH57x_uart0.o
                0x00003fdc                UART0_RecvString
 .text.USB_DeviceInit
                0x00004000       0xcc ./StdPeriphDriver/CH57x_usbdev.o
                0x00004000                USB_DeviceInit
 .text.Reset_Handler
                0x000040cc       0x7c ./Startup/startup_ch579.o
                0x000040cc                Reset_Handler
 .text.Default_Handler
                0x00004148        0x2 ./Startup/startup_ch579.o
                0x00004148                GPIO_IRQHandler
                0x00004148                HardFault_Handler
                0x00004148                SysTick_Handler
                0x00004148                PendSV_Handler
                0x00004148                UART1_IRQHandler
                0x00004148                BB_IRQHandler
                0x00004148                SPI1_IRQHandler
                0x00004148                TMR0_IRQHandler
                0x00004148                RTC_IRQHandler
                0x00004148                LED_IRQHandler
                0x00004148                UART2_IRQHandler
                0x00004148                Default_Handler
                0x00004148                ADC_IRQHandler
                0x00004148                TMR2_IRQHandler
                0x00004148                SLAVE_IRQHandler
                0x00004148                WDT_IRQHandler
                0x00004148                SVC_Handler
                0x00004148                LLE_IRQHandler
                0x00004148                ETH_IRQHandler
                0x00004148                TMR3_IRQHandler
                0x00004148                SPI0_IRQHandler
                0x00004148                UART3_IRQHandler
                0x00004148                TMR1_IRQHandler
 *fill*         0x0000414a        0x2 
 .text.malloc   0x0000414c       0x14 c:/mounriver/mrs_community/toolchain/arm-none-eabi-gcc/bin/../lib/gcc/arm-none-eabi/9.3.1/../../../../arm-none-eabi/lib/thumb/v6-m/nofp\libg_nano.a(lib_a-malloc.o)
                0x0000414c                malloc
 .text.memcpy   0x00004160       0x12 c:/mounriver/mrs_community/toolchain/arm-none-eabi-gcc/bin/../lib/gcc/arm-none-eabi/9.3.1/../../../../arm-none-eabi/lib/thumb/v6-m/nofp\libg_nano.a(lib_a-memcpy-stub.o)
                0x00004160                memcpy
 .text.memset   0x00004172       0x10 c:/mounriver/mrs_community/toolchain/arm-none-eabi-gcc/bin/../lib/gcc/arm-none-eabi/9.3.1/../../../../arm-none-eabi/lib/thumb/v6-m/nofp\libg_nano.a(lib_a-memset.o)
                0x00004172                memset
 *fill*         0x00004182        0x2 
 .text._free_r  0x00004184       0x94 c:/mounriver/mrs_community/toolchain/arm-none-eabi-gcc/bin/../lib/gcc/arm-none-eabi/9.3.1/../../../../arm-none-eabi/lib/thumb/v6-m/nofp\libg_nano.a(lib_a-nano-freer.o)
                0x00004184                _free_r
 .text._malloc_r
                0x00004218       0xbc c:/mounriver/mrs_community/toolchain/arm-none-eabi-gcc/bin/../lib/gcc/arm-none-eabi/9.3.1/../../../../arm-none-eabi/lib/thumb/v6-m/nofp\libg_nano.a(lib_a-nano-mallocr.o)
                0x00004218                _malloc_r
 .text._sbrk_r  0x000042d4       0x24 c:/mounriver/mrs_community/toolchain/arm-none-eabi-gcc/bin/../lib/gcc/arm-none-eabi/9.3.1/../../../../arm-none-eabi/lib/thumb/v6-m/nofp\libg_nano.a(lib_a-sbrkr.o)
                0x000042d4                _sbrk_r
 .text.vprintf  0x000042f8       0x2c c:/mounriver/mrs_community/toolchain/arm-none-eabi-gcc/bin/../lib/gcc/arm-none-eabi/9.3.1/../../../../arm-none-eabi/lib/thumb/v6-m/nofp\libg_nano.a(lib_a-vprintf.o)
                0x000042f8                viprintf
                0x000042f8                vprintf
 .text.std      0x00004324       0x48 c:/mounriver/mrs_community/toolchain/arm-none-eabi-gcc/bin/../lib/gcc/arm-none-eabi/9.3.1/../../../../arm-none-eabi/lib/thumb/v6-m/nofp\libg_nano.a(lib_a-findfp.o)
 .text._cleanup_r
                0x0000436c       0x10 c:/mounriver/mrs_community/toolchain/arm-none-eabi-gcc/bin/../lib/gcc/arm-none-eabi/9.3.1/../../../../arm-none-eabi/lib/thumb/v6-m/nofp\libg_nano.a(lib_a-findfp.o)
                0x0000436c                _cleanup_r
 .text.__sfmoreglue
                0x0000437c       0x2c c:/mounriver/mrs_community/toolchain/arm-none-eabi-gcc/bin/../lib/gcc/arm-none-eabi/9.3.1/../../../../arm-none-eabi/lib/thumb/v6-m/nofp\libg_nano.a(lib_a-findfp.o)
                0x0000437c                __sfmoreglue
 .text.__sfp_lock_acquire
                0x000043a8       0x10 c:/mounriver/mrs_community/toolchain/arm-none-eabi-gcc/bin/../lib/gcc/arm-none-eabi/9.3.1/../../../../arm-none-eabi/lib/thumb/v6-m/nofp\libg_nano.a(lib_a-findfp.o)
                0x000043a8                __sfp_lock_acquire
 .text.__sfp_lock_release
                0x000043b8       0x10 c:/mounriver/mrs_community/toolchain/arm-none-eabi-gcc/bin/../lib/gcc/arm-none-eabi/9.3.1/../../../../arm-none-eabi/lib/thumb/v6-m/nofp\libg_nano.a(lib_a-findfp.o)
                0x000043b8                __sfp_lock_release
 .text.__sinit_lock_acquire
                0x000043c8       0x10 c:/mounriver/mrs_community/toolchain/arm-none-eabi-gcc/bin/../lib/gcc/arm-none-eabi/9.3.1/../../../../arm-none-eabi/lib/thumb/v6-m/nofp\libg_nano.a(lib_a-findfp.o)
                0x000043c8                __sinit_lock_acquire
 .text.__sinit_lock_release
                0x000043d8       0x10 c:/mounriver/mrs_community/toolchain/arm-none-eabi-gcc/bin/../lib/gcc/arm-none-eabi/9.3.1/../../../../arm-none-eabi/lib/thumb/v6-m/nofp\libg_nano.a(lib_a-findfp.o)
                0x000043d8                __sinit_lock_release
 .text.__sinit  0x000043e8       0x70 c:/mounriver/mrs_community/toolchain/arm-none-eabi-gcc/bin/../lib/gcc/arm-none-eabi/9.3.1/../../../../arm-none-eabi/lib/thumb/v6-m/nofp\libg_nano.a(lib_a-findfp.o)
                0x000043e8                __sinit
 .text.__sfp    0x00004458       0x90 c:/mounriver/mrs_community/toolchain/arm-none-eabi-gcc/bin/../lib/gcc/arm-none-eabi/9.3.1/../../../../arm-none-eabi/lib/thumb/v6-m/nofp\libg_nano.a(lib_a-findfp.o)
                0x00004458                __sfp
 .text._fwalk_reent
                0x000044e8       0x40 c:/mounriver/mrs_community/toolchain/arm-none-eabi-gcc/bin/../lib/gcc/arm-none-eabi/9.3.1/../../../../arm-none-eabi/lib/thumb/v6-m/nofp\libg_nano.a(lib_a-fwalk.o)
                0x000044e8                _fwalk_reent
 .text.__retarget_lock_init_recursive
                0x00004528        0x2 c:/mounriver/mrs_community/toolchain/arm-none-eabi-gcc/bin/../lib/gcc/arm-none-eabi/9.3.1/../../../../arm-none-eabi/lib/thumb/v6-m/nofp\libg_nano.a(lib_a-lock.o)
                0x00004528                __retarget_lock_init_recursive
 .text.__retarget_lock_acquire_recursive
                0x0000452a        0x2 c:/mounriver/mrs_community/toolchain/arm-none-eabi-gcc/bin/../lib/gcc/arm-none-eabi/9.3.1/../../../../arm-none-eabi/lib/thumb/v6-m/nofp\libg_nano.a(lib_a-lock.o)
                0x0000452a                __retarget_lock_acquire_recursive
 .text.__retarget_lock_release_recursive
                0x0000452c        0x2 c:/mounriver/mrs_community/toolchain/arm-none-eabi-gcc/bin/../lib/gcc/arm-none-eabi/9.3.1/../../../../arm-none-eabi/lib/thumb/v6-m/nofp\libg_nano.a(lib_a-lock.o)
                0x0000452c                __retarget_lock_release_recursive
 *fill*         0x0000452e        0x2 
 .text.__malloc_lock
                0x00004530       0x10 c:/mounriver/mrs_community/toolchain/arm-none-eabi-gcc/bin/../lib/gcc/arm-none-eabi/9.3.1/../../../../arm-none-eabi/lib/thumb/v6-m/nofp\libg_nano.a(lib_a-mlock.o)
                0x00004530                __malloc_lock
 .text.__malloc_unlock
                0x00004540       0x10 c:/mounriver/mrs_community/toolchain/arm-none-eabi-gcc/bin/../lib/gcc/arm-none-eabi/9.3.1/../../../../arm-none-eabi/lib/thumb/v6-m/nofp\libg_nano.a(lib_a-mlock.o)
                0x00004540                __malloc_unlock
 .text.__sfputc_r
                0x00004550       0x2a c:/mounriver/mrs_community/toolchain/arm-none-eabi-gcc/bin/../lib/gcc/arm-none-eabi/9.3.1/../../../../arm-none-eabi/lib/thumb/v6-m/nofp\libg_nano.a(lib_a-nano-vfprintf.o)
 .text.__sfputs_r
                0x0000457a       0x24 c:/mounriver/mrs_community/toolchain/arm-none-eabi-gcc/bin/../lib/gcc/arm-none-eabi/9.3.1/../../../../arm-none-eabi/lib/thumb/v6-m/nofp\libg_nano.a(lib_a-nano-vfprintf.o)
                0x0000457a                __sfputs_r
 *fill*         0x0000459e        0x2 
 .text._vfprintf_r
                0x000045a0      0x274 c:/mounriver/mrs_community/toolchain/arm-none-eabi-gcc/bin/../lib/gcc/arm-none-eabi/9.3.1/../../../../arm-none-eabi/lib/thumb/v6-m/nofp\libg_nano.a(lib_a-nano-vfprintf.o)
                0x000045a0                _vfprintf_r
                0x000045a0                _vfiprintf_r
 .text._printf_common
                0x00004814       0xde c:/mounriver/mrs_community/toolchain/arm-none-eabi-gcc/bin/../lib/gcc/arm-none-eabi/9.3.1/../../../../arm-none-eabi/lib/thumb/v6-m/nofp\libg_nano.a(lib_a-nano-vfprintf_i.o)
                0x00004814                _printf_common
 *fill*         0x000048f2        0x2 
 .text._printf_i
                0x000048f4      0x224 c:/mounriver/mrs_community/toolchain/arm-none-eabi-gcc/bin/../lib/gcc/arm-none-eabi/9.3.1/../../../../arm-none-eabi/lib/thumb/v6-m/nofp\libg_nano.a(lib_a-nano-vfprintf_i.o)
                0x000048f4                _printf_i
 .text.__sread  0x00004b18       0x28 c:/mounriver/mrs_community/toolchain/arm-none-eabi-gcc/bin/../lib/gcc/arm-none-eabi/9.3.1/../../../../arm-none-eabi/lib/thumb/v6-m/nofp\libg_nano.a(lib_a-stdio.o)
                0x00004b18                __sread
 .text.__swrite
                0x00004b40       0x38 c:/mounriver/mrs_community/toolchain/arm-none-eabi-gcc/bin/../lib/gcc/arm-none-eabi/9.3.1/../../../../arm-none-eabi/lib/thumb/v6-m/nofp\libg_nano.a(lib_a-stdio.o)
                0x00004b40                __swrite
 .text.__sseek  0x00004b78       0x2c c:/mounriver/mrs_community/toolchain/arm-none-eabi-gcc/bin/../lib/gcc/arm-none-eabi/9.3.1/../../../../arm-none-eabi/lib/thumb/v6-m/nofp\libg_nano.a(lib_a-stdio.o)
                0x00004b78                __sseek
 .text.__sclose
                0x00004ba4        0xc c:/mounriver/mrs_community/toolchain/arm-none-eabi-gcc/bin/../lib/gcc/arm-none-eabi/9.3.1/../../../../arm-none-eabi/lib/thumb/v6-m/nofp\libg_nano.a(lib_a-stdio.o)
                0x00004ba4                __sclose
 .text.__swbuf_r
                0x00004bb0       0xac c:/mounriver/mrs_community/toolchain/arm-none-eabi-gcc/bin/../lib/gcc/arm-none-eabi/9.3.1/../../../../arm-none-eabi/lib/thumb/v6-m/nofp\libg_nano.a(lib_a-wbuf.o)
                0x00004bb0                __swbuf_r
 .text._write_r
                0x00004c5c       0x28 c:/mounriver/mrs_community/toolchain/arm-none-eabi-gcc/bin/../lib/gcc/arm-none-eabi/9.3.1/../../../../arm-none-eabi/lib/thumb/v6-m/nofp\libg_nano.a(lib_a-writer.o)
                0x00004c5c                _write_r
 .text.__swsetup_r
                0x00004c84       0xf0 c:/mounriver/mrs_community/toolchain/arm-none-eabi-gcc/bin/../lib/gcc/arm-none-eabi/9.3.1/../../../../arm-none-eabi/lib/thumb/v6-m/nofp\libg_nano.a(lib_a-wsetup.o)
                0x00004c84                __swsetup_r
 .text._close_r
                0x00004d74       0x24 c:/mounriver/mrs_community/toolchain/arm-none-eabi-gcc/bin/../lib/gcc/arm-none-eabi/9.3.1/../../../../arm-none-eabi/lib/thumb/v6-m/nofp\libg_nano.a(lib_a-closer.o)
                0x00004d74                _close_r
 .text.__sflush_r
                0x00004d98      0x118 c:/mounriver/mrs_community/toolchain/arm-none-eabi-gcc/bin/../lib/gcc/arm-none-eabi/9.3.1/../../../../arm-none-eabi/lib/thumb/v6-m/nofp\libg_nano.a(lib_a-fflush.o)
                0x00004d98                __sflush_r
 .text._fflush_r
                0x00004eb0       0x80 c:/mounriver/mrs_community/toolchain/arm-none-eabi-gcc/bin/../lib/gcc/arm-none-eabi/9.3.1/../../../../arm-none-eabi/lib/thumb/v6-m/nofp\libg_nano.a(lib_a-fflush.o)
                0x00004eb0                _fflush_r
 .text._lseek_r
                0x00004f30       0x28 c:/mounriver/mrs_community/toolchain/arm-none-eabi-gcc/bin/../lib/gcc/arm-none-eabi/9.3.1/../../../../arm-none-eabi/lib/thumb/v6-m/nofp\libg_nano.a(lib_a-lseekr.o)
                0x00004f30                _lseek_r
 .text.__swhatbuf_r
                0x00004f58       0x50 c:/mounriver/mrs_community/toolchain/arm-none-eabi-gcc/bin/../lib/gcc/arm-none-eabi/9.3.1/../../../../arm-none-eabi/lib/thumb/v6-m/nofp\libg_nano.a(lib_a-makebuf.o)
                0x00004f58                __swhatbuf_r
 .text.__smakebuf_r
                0x00004fa8       0x88 c:/mounriver/mrs_community/toolchain/arm-none-eabi-gcc/bin/../lib/gcc/arm-none-eabi/9.3.1/../../../../arm-none-eabi/lib/thumb/v6-m/nofp\libg_nano.a(lib_a-makebuf.o)
                0x00004fa8                __smakebuf_r
 .text.memchr   0x00005030       0x16 c:/mounriver/mrs_community/toolchain/arm-none-eabi-gcc/bin/../lib/gcc/arm-none-eabi/9.3.1/../../../../arm-none-eabi/lib/thumb/v6-m/nofp\libg_nano.a(lib_a-memchr-stub.o)
                0x00005030                memchr
 *fill*         0x00005046        0x2 
 .text._read_r  0x00005048       0x28 c:/mounriver/mrs_community/toolchain/arm-none-eabi-gcc/bin/../lib/gcc/arm-none-eabi/9.3.1/../../../../arm-none-eabi/lib/thumb/v6-m/nofp\libg_nano.a(lib_a-readr.o)
                0x00005048                _read_r
 .text._fstat_r
                0x00005070       0x24 c:/mounriver/mrs_community/toolchain/arm-none-eabi-gcc/bin/../lib/gcc/arm-none-eabi/9.3.1/../../../../arm-none-eabi/lib/thumb/v6-m/nofp\libg_nano.a(lib_a-fstatr.o)
                0x00005070                _fstat_r
 .text._isatty_r
                0x00005094       0x24 c:/mounriver/mrs_community/toolchain/arm-none-eabi-gcc/bin/../lib/gcc/arm-none-eabi/9.3.1/../../../../arm-none-eabi/lib/thumb/v6-m/nofp\libg_nano.a(lib_a-isattyr.o)
                0x00005094                _isatty_r
 .text._close   0x000050b8       0x10 c:/mounriver/mrs_community/toolchain/arm-none-eabi-gcc/bin/../lib/gcc/arm-none-eabi/9.3.1/../../../../arm-none-eabi/lib/thumb/v6-m/nofp\libnosys.a(close.o)
                0x000050b8                _close
 .text._fstat   0x000050c8       0x10 c:/mounriver/mrs_community/toolchain/arm-none-eabi-gcc/bin/../lib/gcc/arm-none-eabi/9.3.1/../../../../arm-none-eabi/lib/thumb/v6-m/nofp\libnosys.a(fstat.o)
                0x000050c8                _fstat
 .text._isatty  0x000050d8       0x10 c:/mounriver/mrs_community/toolchain/arm-none-eabi-gcc/bin/../lib/gcc/arm-none-eabi/9.3.1/../../../../arm-none-eabi/lib/thumb/v6-m/nofp\libnosys.a(isatty.o)
                0x000050d8                _isatty
 .text._lseek   0x000050e8       0x10 c:/mounriver/mrs_community/toolchain/arm-none-eabi-gcc/bin/../lib/gcc/arm-none-eabi/9.3.1/../../../../arm-none-eabi/lib/thumb/v6-m/nofp\libnosys.a(lseek.o)
                0x000050e8                _lseek
 .text._read    0x000050f8       0x10 c:/mounriver/mrs_community/toolchain/arm-none-eabi-gcc/bin/../lib/gcc/arm-none-eabi/9.3.1/../../../../arm-none-eabi/lib/thumb/v6-m/nofp\libnosys.a(read.o)
                0x000050f8                _read
 .text._sbrk    0x00005108       0x1c c:/mounriver/mrs_community/toolchain/arm-none-eabi-gcc/bin/../lib/gcc/arm-none-eabi/9.3.1/../../../../arm-none-eabi/lib/thumb/v6-m/nofp\libnosys.a(sbrk.o)
                0x00005108                _sbrk
 *(.glue_7)
 .glue_7        0x00005124        0x0 linker stubs
 *(.glue_7t)
 .glue_7t       0x00005124        0x0 linker stubs
 *(.eh_frame)
 *(.init)
 *(.fini)
                0x00005124                . = ALIGN (0x4)
                0x00005124                _etext = .

.vfp11_veneer   0x00005124        0x0
 .vfp11_veneer  0x00005124        0x0 linker stubs

.v4_bx          0x00005124        0x0
 .v4_bx         0x00005124        0x0 linker stubs

.iplt           0x00005124        0x0
 .iplt          0x00005124        0x0 ./hal/hal_led.o

.rodata         0x00005124      0xb90
                0x00005124                . = ALIGN (0x4)
 *(.rodata)
 .rodata        0x00005124        0x8 ./app/peripheral_main.o
 *(.rodata*)
 .rodata.hal_led_init.str1.1
                0x0000512c       0x35 ./hal/hal_led.o
 .rodata.hal_spi_init.str1.1
                0x00005161       0x11 ./hal/hal_spi.o
                                 0x35 (size before relaxing)
 .rodata.app_flash_read.cst2
                0x00005172        0x2 ./app/app_flash.o
 .rodata.app_flash_init.str1.1
                0x00005174       0xba ./app/app_flash.o
 .rodata.app_led1_init.str1.1
                0x0000522e       0x16 ./app/app_led.o
                                 0x6b (size before relaxing)
 .rodata.app_uart_init.str1.1
                0x00005244       0x18 ./app/app_uart.o
                                 0x6d (size before relaxing)
 .rodata.DBCAPACITY
                0x0000525c        0x8 ./app/ch57x_usb_device_msc.o
                0x0000525c                DBCAPACITY
 .rodata.DBINQUITY
                0x00005264       0x24 ./app/ch57x_usb_device_msc.o
                0x00005264                DBINQUITY
 .rodata.MAX_LUN
                0x00005288        0x1 ./app/ch57x_usb_device_msc.o
                0x00005288                MAX_LUN
 .rodata.MyCfgDescr
                0x00005289       0x20 ./app/ch57x_usb_device_msc.o
                0x00005289                MyCfgDescr
 .rodata.MyDevDescr
                0x000052a9       0x12 ./app/ch57x_usb_device_msc.o
                0x000052a9                MyDevDescr
 .rodata.MyLangDescr
                0x000052bb        0x4 ./app/ch57x_usb_device_msc.o
                0x000052bb                MyLangDescr
 .rodata.MyManuInfo
                0x000052bf        0xe ./app/ch57x_usb_device_msc.o
                0x000052bf                MyManuInfo
 .rodata.MyProdInfo
                0x000052cd        0xc ./app/ch57x_usb_device_msc.o
                0x000052cd                MyProdInfo
 .rodata.mode5sense3F
                0x000052d9       0x10 ./app/ch57x_usb_device_msc.o
                0x000052d9                mode5sense3F
 .rodata.modesense3F
                0x000052e9        0xc ./app/ch57x_usb_device_msc.o
                0x000052e9                modesense3F
 .rodata.check_fs.str1.1
                0x000052f5        0xa ./app/ff.o
 .rodata.follow_path.str1.1
                0x000052ff       0x10 ./app/ff.o
 .rodata.f_mkfs.str1.1
                0x0000530f       0x34 ./app/ff.o
 .rodata.ExCvt  0x00005343       0x80 ./app/ff.o
 .rodata.LfnOfs
                0x000053c3        0xd ./app/ff.o
 .rodata.cst.4958
                0x000053d0        0xe ./app/ff.o
 .rodata.cst32.4959
                0x000053de        0xe ./app/ff.o
 .rodata.cvt1.4374
                0x000053ec      0x1f2 ./app/ffunicode.o
 .rodata.cvt2.4375
                0x000055de       0xbc ./app/ffunicode.o
 .rodata.uc437  0x0000569a      0x100 ./app/ffunicode.o
 .rodata.main.str1.1
                0x0000579a      0x45f ./app/peripheral_main.o
                                0x46a (size before relaxing)
 .rodata.UART0_IRQHandler.str1.1
                0x00005bf9       0x23 ./app/peripheral_main.o
 .rodata.__sf_fake_stderr
                0x00005c1c       0x20 c:/mounriver/mrs_community/toolchain/arm-none-eabi-gcc/bin/../lib/gcc/arm-none-eabi/9.3.1/../../../../arm-none-eabi/lib/thumb/v6-m/nofp\libg_nano.a(lib_a-findfp.o)
                0x00005c1c                __sf_fake_stderr
 .rodata.__sf_fake_stdin
                0x00005c3c       0x20 c:/mounriver/mrs_community/toolchain/arm-none-eabi-gcc/bin/../lib/gcc/arm-none-eabi/9.3.1/../../../../arm-none-eabi/lib/thumb/v6-m/nofp\libg_nano.a(lib_a-findfp.o)
                0x00005c3c                __sf_fake_stdin
 .rodata.__sf_fake_stdout
                0x00005c5c       0x20 c:/mounriver/mrs_community/toolchain/arm-none-eabi-gcc/bin/../lib/gcc/arm-none-eabi/9.3.1/../../../../arm-none-eabi/lib/thumb/v6-m/nofp\libg_nano.a(lib_a-findfp.o)
                0x00005c5c                __sf_fake_stdout
 .rodata._global_impure_ptr
                0x00005c7c        0x4 c:/mounriver/mrs_community/toolchain/arm-none-eabi-gcc/bin/../lib/gcc/arm-none-eabi/9.3.1/../../../../arm-none-eabi/lib/thumb/v6-m/nofp\libg_nano.a(lib_a-impure.o)
                0x00005c7c                _global_impure_ptr
 .rodata._vfprintf_r.str1.1
                0x00005c80       0x11 c:/mounriver/mrs_community/toolchain/arm-none-eabi-gcc/bin/../lib/gcc/arm-none-eabi/9.3.1/../../../../arm-none-eabi/lib/thumb/v6-m/nofp\libg_nano.a(lib_a-nano-vfprintf.o)
 .rodata._printf_i.str1.1
                0x00005c91       0x22 c:/mounriver/mrs_community/toolchain/arm-none-eabi-gcc/bin/../lib/gcc/arm-none-eabi/9.3.1/../../../../arm-none-eabi/lib/thumb/v6-m/nofp\libg_nano.a(lib_a-nano-vfprintf_i.o)
                0x00005cb4                . = ALIGN (0x4)
 *fill*         0x00005cb3        0x1 

.rel.dyn        0x00005cb4        0x0
 .rel.iplt      0x00005cb4        0x0 ./hal/hal_led.o

.ARM.extab
 *(.ARM.extab* .gnu.linkonce.armextab.*)

.ARM            0x00005cb4        0x0
                0x00005cb4                __exidx_start = .
 *(.ARM.exidx*)
                0x00005cb4                __exidx_end = .

.preinit_array  0x00005cb4        0x0
                [!provide]                PROVIDE (__preinit_array_start = .)
 *(.preinit_array*)
                [!provide]                PROVIDE (__preinit_array_end = .)

.init_array     0x00005cb4        0x0
                [!provide]                PROVIDE (__init_array_start = .)
 *(SORT_BY_NAME(.init_array.*))
 *(.init_array*)
                [!provide]                PROVIDE (__init_array_end = .)

.fini_array     0x00005cb4        0x0
                [!provide]                PROVIDE (__fini_array_start = .)
 *(SORT_BY_NAME(.fini_array.*))
 *(.fini_array*)
                [!provide]                PROVIDE (__fini_array_end = .)
                0x00005cb4                _sidata = LOADADDR (.data)

.data           0x20004000      0x12c load address 0x00005cb4
                0x20004000                . = ALIGN (0x4)
                0x20004000                _sdata = .
 *(.data)
 *(.data*)
 .data.app_flash_fd
                0x20004000        0x4 ./app/app_flash.o
                0x20004000                app_flash_fd
 .data.spi0_config
                0x20004004       0x2c ./app/app_flash.o
                0x20004004                spi0_config
 .data.app_led_fd
                0x20004030        0x4 ./app/app_led.o
                0x20004030                app_led_fd
 .data.led1_config
                0x20004034       0x2c ./app/app_led.o
                0x20004034                led1_config
 .data.app_uart_fd
                0x20004060        0x4 ./app/app_uart.o
                0x20004060                app_uart_fd
 .data.uart0_config
                0x20004064       0x2c ./app/app_uart.o
                0x20004064                uart0_config
 .data.WriteBuffer
                0x20004090       0x1a ./app/peripheral_main.o
                0x20004090                WriteBuffer
 .data.WriteBuffer2
                0x200040aa       0x1d ./app/peripheral_main.o
                0x200040aa                WriteBuffer2
 *fill*         0x200040c7        0x1 
 .data._impure_ptr
                0x200040c8        0x4 c:/mounriver/mrs_community/toolchain/arm-none-eabi-gcc/bin/../lib/gcc/arm-none-eabi/9.3.1/../../../../arm-none-eabi/lib/thumb/v6-m/nofp\libg_nano.a(lib_a-impure.o)
                0x200040c8                _impure_ptr
 .data.impure_data
                0x200040cc       0x60 c:/mounriver/mrs_community/toolchain/arm-none-eabi-gcc/bin/../lib/gcc/arm-none-eabi/9.3.1/../../../../arm-none-eabi/lib/thumb/v6-m/nofp\libg_nano.a(lib_a-impure.o)
                0x2000412c                . = ALIGN (0x4)
                0x2000412c                _edata = .

.igot.plt       0x2000412c        0x0 load address 0x00005de0
 .igot.plt      0x2000412c        0x0 ./hal/hal_led.o
                0x2000412c                . = ALIGN (0x4)

.bss            0x2000412c     0x2a54 load address 0x00005de0
                0x2000412c                _sbss = .
                0x2000412c                __bss_start__ = _sbss
 *(.bss)
 *(.bss*)
 .bss.hal_led_device_list
                0x2000412c        0x8 ./hal/hal_led.o
                0x2000412c                hal_led_device_list
 .bss.local_led_list
                0x20004134        0x8 ./hal/hal_led.o
                0x20004134                local_led_list
 .bss.hal_spi_device_list
                0x2000413c        0x4 ./hal/hal_spi.o
                0x2000413c                hal_spi_device_list
 .bss.local_spi_list
                0x20004140        0x4 ./hal/hal_spi.o
                0x20004140                local_spi_list
 .bss.hal_uart_device_list
                0x20004144        0x8 ./hal/hal_uart.o
                0x20004144                hal_uart_device_list
 .bss.local_uart_list
                0x2000414c        0x8 ./hal/hal_uart.o
                0x2000414c                local_uart_list
 .bss.global_device_list
                0x20004154       0x28 ./bsp/bsp_device.o
                0x20004154                global_device_list
 .bss.BcswStatus
                0x2000417c        0x1 ./app/ch57x_usb_device_msc.o
                0x2000417c                BcswStatus
 .bss.CH375BULKDOWN
                0x2000417d        0x1 ./app/ch57x_usb_device_msc.o
                0x2000417d                CH375BULKDOWN
 .bss.CH375BULKUP
                0x2000417e        0x1 ./app/ch57x_usb_device_msc.o
                0x2000417e                CH375BULKUP
 .bss.CH375CSW  0x2000417f        0x1 ./app/ch57x_usb_device_msc.o
                0x2000417f                CH375CSW
 .bss.DevConfig
                0x20004180        0x1 ./app/ch57x_usb_device_msc.o
                0x20004180                DevConfig
 *fill*         0x20004181        0x3 
 .bss.EP0_Databuf
                0x20004184       0x40 ./app/ch57x_usb_device_msc.o
                0x20004184                EP0_Databuf
 .bss.EP1_Databuf
                0x200041c4       0x80 ./app/ch57x_usb_device_msc.o
                0x200041c4                EP1_Databuf
 .bss.FSTALL    0x20004244        0x1 ./app/ch57x_usb_device_msc.o
                0x20004244                FSTALL
 *fill*         0x20004245        0x3 
 .bss.LEN       0x20004248        0x4 ./app/ch57x_usb_device_msc.o
                0x20004248                LEN
 .bss.Locate_Addr
                0x2000424c        0x4 ./app/ch57x_usb_device_msc.o
                0x2000424c                Locate_Addr
 .bss.MassPara  0x20004250       0x40 ./app/ch57x_usb_device_msc.o
                0x20004250                MassPara
 .bss.SetupReqCode
                0x20004290        0x1 ./app/ch57x_usb_device_msc.o
                0x20004290                SetupReqCode
 *fill*         0x20004291        0x1 
 .bss.SetupReqLen
                0x20004292        0x2 ./app/ch57x_usb_device_msc.o
                0x20004292                SetupReqLen
 .bss.buffer    0x20004294       0x40 ./app/ch57x_usb_device_msc.o
                0x20004294                buffer
 .bss.lastFSTALL
                0x200042d4        0x1 ./app/ch57x_usb_device_msc.o
                0x200042d4                lastFSTALL
 .bss.mASC      0x200042d5        0x1 ./app/ch57x_usb_device_msc.o
                0x200042d5                mASC
 .bss.mSenseKey
                0x200042d6        0x1 ./app/ch57x_usb_device_msc.o
                0x200042d6                mSenseKey
 .bss.mdCBWTag  0x200042d7        0x4 ./app/ch57x_usb_device_msc.o
                0x200042d7                mdCBWTag
 *fill*         0x200042db        0x1 
 .bss.pBuf      0x200042dc        0x4 ./app/ch57x_usb_device_msc.o
                0x200042dc                pBuf
 .bss.pBuf_ReSelect
                0x200042e0        0x1 ./app/ch57x_usb_device_msc.o
                0x200042e0                pBuf_ReSelect
 *fill*         0x200042e1        0x3 
 .bss.pDescr    0x200042e4        0x4 ./app/ch57x_usb_device_msc.o
                0x200042e4                pDescr
 .bss.FatFs     0x200042e8        0x4 ./app/ff.o
 .bss.Fsid      0x200042ec        0x2 ./app/ff.o
 .bss.ReadBuffer
                0x200042ee      0x400 ./app/peripheral_main.o
                0x200042ee                ReadBuffer
 *fill*         0x200046ee        0x2 
 .bss.fnew      0x200046f0       0x28 ./app/peripheral_main.o
                0x200046f0                fnew
 .bss.fnum      0x20004718        0x4 ./app/peripheral_main.o
                0x20004718                fnum
 .bss.fs        0x2000471c     0x1034 ./app/peripheral_main.o
                0x2000471c                fs
 .bss.res_flash
                0x20005750        0x1 ./app/peripheral_main.o
                0x20005750                res_flash
 .bss.uart0_read_buf
                0x20005751      0x400 ./app/peripheral_main.o
                0x20005751                uart0_read_buf
 .bss.uart0_read_flag
                0x20005b51        0x1 ./app/peripheral_main.o
                0x20005b51                uart0_read_flag
 .bss.uart0_read_len
                0x20005b52        0x1 ./app/peripheral_main.o
                0x20005b52                uart0_read_len
 .bss.uart0_read_timeout
                0x20005b53        0x1 ./app/peripheral_main.o
                0x20005b53                uart0_read_timeout
 .bss.work      0x20005b54     0x1000 ./app/peripheral_main.o
                0x20005b54                work
 .bss.pEP0_RAM_Addr
                0x20006b54        0x4 ./StdPeriphDriver/CH57x_usbdev.o
                0x20006b54                pEP0_RAM_Addr
 .bss.pEP1_RAM_Addr
                0x20006b58        0x4 ./StdPeriphDriver/CH57x_usbdev.o
                0x20006b58                pEP1_RAM_Addr
 .bss.pEP2_RAM_Addr
                0x20006b5c        0x4 ./StdPeriphDriver/CH57x_usbdev.o
                0x20006b5c                pEP2_RAM_Addr
 .bss.pEP3_RAM_Addr
                0x20006b60        0x4 ./StdPeriphDriver/CH57x_usbdev.o
                0x20006b60                pEP3_RAM_Addr
 .bss.__malloc_free_list
                0x20006b64        0x4 c:/mounriver/mrs_community/toolchain/arm-none-eabi-gcc/bin/../lib/gcc/arm-none-eabi/9.3.1/../../../../arm-none-eabi/lib/thumb/v6-m/nofp\libg_nano.a(lib_a-nano-mallocr.o)
                0x20006b64                __malloc_free_list
 .bss.__malloc_sbrk_start
                0x20006b68        0x4 c:/mounriver/mrs_community/toolchain/arm-none-eabi-gcc/bin/../lib/gcc/arm-none-eabi/9.3.1/../../../../arm-none-eabi/lib/thumb/v6-m/nofp\libg_nano.a(lib_a-nano-mallocr.o)
                0x20006b68                __malloc_sbrk_start
 .bss.heap_end.4144
                0x20006b6c        0x4 c:/mounriver/mrs_community/toolchain/arm-none-eabi-gcc/bin/../lib/gcc/arm-none-eabi/9.3.1/../../../../arm-none-eabi/lib/thumb/v6-m/nofp\libnosys.a(sbrk.o)
 *(COMMON)
 COMMON         0x20006b70        0x9 c:/mounriver/mrs_community/toolchain/arm-none-eabi-gcc/bin/../lib/gcc/arm-none-eabi/9.3.1/../../../../arm-none-eabi/lib/thumb/v6-m/nofp\libg_nano.a(lib_a-lock.o)
                0x20006b70                __lock___atexit_recursive_mutex
                0x20006b71                __lock___arc4random_mutex
                0x20006b72                __lock___env_recursive_mutex
                0x20006b73                __lock___sinit_recursive_mutex
                0x20006b74                __lock___malloc_recursive_mutex
                0x20006b75                __lock___at_quick_exit_mutex
                0x20006b76                __lock___dd_hash_mutex
                0x20006b77                __lock___tz_mutex
                0x20006b78                __lock___sfp_recursive_mutex
 *fill*         0x20006b79        0x3 
 COMMON         0x20006b7c        0x4 c:/mounriver/mrs_community/toolchain/arm-none-eabi-gcc/bin/../lib/gcc/arm-none-eabi/9.3.1/../../../../arm-none-eabi/lib/thumb/v6-m/nofp\libg_nano.a(lib_a-reent.o)
                0x20006b7c                errno
                0x20006b80                . = ALIGN (0x4)
                0x20006b80                _ebss = .
                0x20006b80                __bss_end__ = _ebss

._user_heap_stack
                0x20006b80      0x800 load address 0x00005de0
                0x20006b80                . = ALIGN (0x4)
                0x20006b80                PROVIDE (end = .)
                [!provide]                PROVIDE (_end = .)
                0x20006f80                . = (. + _Min_Heap_Size)
 *fill*         0x20006b80      0x400 
                0x20007380                . = (. + _Min_Stack_Size)
 *fill*         0x20006f80      0x400 
                0x20007380                . = ALIGN (0x4)

/DISCARD/
 libc.a(*)
 libm.a(*)
 libgcc.a(*)

.ARM.attributes
                0x00000000       0x2a
 *(.ARM.attributes)
 .ARM.attributes
                0x00000000       0x2c ./hal/hal_led.o
 .ARM.attributes
                0x0000002c       0x2c ./hal/hal_spi.o
 .ARM.attributes
                0x00000058       0x2c ./hal/hal_uart.o
 .ARM.attributes
                0x00000084       0x2c ./bsp/bsp_device.o
 .ARM.attributes
                0x000000b0       0x2c ./bsp/bsp_led.o
 .ARM.attributes
                0x000000dc       0x2c ./bsp/bsp_log.o
 .ARM.attributes
                0x00000108       0x2c ./bsp/bsp_spi.o
 .ARM.attributes
                0x00000134       0x2c ./bsp/bsp_uart.o
 .ARM.attributes
                0x00000160       0x2c ./app/app_flash.o
 .ARM.attributes
                0x0000018c       0x2c ./app/app_led.o
 .ARM.attributes
                0x000001b8       0x2c ./app/app_uart.o
 .ARM.attributes
                0x000001e4       0x2c ./app/ch57x_usb_device_msc.o
 .ARM.attributes
                0x00000210       0x2c ./app/diskio.o
 .ARM.attributes
                0x0000023c       0x2c ./app/ff.o
 .ARM.attributes
                0x00000268       0x2c ./app/ffunicode.o
 .ARM.attributes
                0x00000294       0x2c ./app/peripheral_main.o
 .ARM.attributes
                0x000002c0       0x2c ./StdPeriphDriver/CH57x_clk.o
 .ARM.attributes
                0x000002ec       0x2c ./StdPeriphDriver/CH57x_gpio.o
 .ARM.attributes
                0x00000318       0x2c ./StdPeriphDriver/CH57x_int.o
 .ARM.attributes
                0x00000344       0x2c ./StdPeriphDriver/CH57x_pwr.o
 .ARM.attributes
                0x00000370       0x2c ./StdPeriphDriver/CH57x_spi0.o
 .ARM.attributes
                0x0000039c       0x2c ./StdPeriphDriver/CH57x_sys.o
 .ARM.attributes
                0x000003c8       0x2c ./StdPeriphDriver/CH57x_uart0.o
 .ARM.attributes
                0x000003f4       0x2c ./StdPeriphDriver/CH57x_usbdev.o
 .ARM.attributes
                0x00000420       0x21 ./Startup/startup_ch579.o
 .ARM.attributes
                0x00000441       0x1e c:/mounriver/mrs_community/toolchain/arm-none-eabi-gcc/bin/../lib/gcc/arm-none-eabi/9.3.1/thumb/v6-m/nofp\libgcc.a(_thumb1_case_sqi.o)
 .ARM.attributes
                0x0000045f       0x1e c:/mounriver/mrs_community/toolchain/arm-none-eabi-gcc/bin/../lib/gcc/arm-none-eabi/9.3.1/thumb/v6-m/nofp\libgcc.a(_thumb1_case_uqi.o)
 .ARM.attributes
                0x0000047d       0x1e c:/mounriver/mrs_community/toolchain/arm-none-eabi-gcc/bin/../lib/gcc/arm-none-eabi/9.3.1/thumb/v6-m/nofp\libgcc.a(_thumb1_case_shi.o)
 .ARM.attributes
                0x0000049b       0x1e c:/mounriver/mrs_community/toolchain/arm-none-eabi-gcc/bin/../lib/gcc/arm-none-eabi/9.3.1/thumb/v6-m/nofp\libgcc.a(_udivsi3.o)
 .ARM.attributes
                0x000004b9       0x1e c:/mounriver/mrs_community/toolchain/arm-none-eabi-gcc/bin/../lib/gcc/arm-none-eabi/9.3.1/thumb/v6-m/nofp\libgcc.a(_divsi3.o)
 .ARM.attributes
                0x000004d7       0x1e c:/mounriver/mrs_community/toolchain/arm-none-eabi-gcc/bin/../lib/gcc/arm-none-eabi/9.3.1/thumb/v6-m/nofp\libgcc.a(_dvmd_tls.o)
 .ARM.attributes
                0x000004f5       0x2c c:/mounriver/mrs_community/toolchain/arm-none-eabi-gcc/bin/../lib/gcc/arm-none-eabi/9.3.1/../../../../arm-none-eabi/lib/thumb/v6-m/nofp\libg_nano.a(lib_a-malloc.o)
 .ARM.attributes
                0x00000521       0x2c c:/mounriver/mrs_community/toolchain/arm-none-eabi-gcc/bin/../lib/gcc/arm-none-eabi/9.3.1/../../../../arm-none-eabi/lib/thumb/v6-m/nofp\libg_nano.a(lib_a-memcpy-stub.o)
 .ARM.attributes
                0x0000054d       0x2c c:/mounriver/mrs_community/toolchain/arm-none-eabi-gcc/bin/../lib/gcc/arm-none-eabi/9.3.1/../../../../arm-none-eabi/lib/thumb/v6-m/nofp\libg_nano.a(lib_a-memset.o)
 .ARM.attributes
                0x00000579       0x2c c:/mounriver/mrs_community/toolchain/arm-none-eabi-gcc/bin/../lib/gcc/arm-none-eabi/9.3.1/../../../../arm-none-eabi/lib/thumb/v6-m/nofp\libg_nano.a(lib_a-nano-freer.o)
 .ARM.attributes
                0x000005a5       0x2c c:/mounriver/mrs_community/toolchain/arm-none-eabi-gcc/bin/../lib/gcc/arm-none-eabi/9.3.1/../../../../arm-none-eabi/lib/thumb/v6-m/nofp\libg_nano.a(lib_a-nano-mallocr.o)
 .ARM.attributes
                0x000005d1       0x2c c:/mounriver/mrs_community/toolchain/arm-none-eabi-gcc/bin/../lib/gcc/arm-none-eabi/9.3.1/../../../../arm-none-eabi/lib/thumb/v6-m/nofp\libg_nano.a(lib_a-sbrkr.o)
 .ARM.attributes
                0x000005fd       0x1c c:/mounriver/mrs_community/toolchain/arm-none-eabi-gcc/bin/../lib/gcc/arm-none-eabi/9.3.1/../../../../arm-none-eabi/lib/thumb/v6-m/nofp\libg_nano.a(lib_a-strcmp.o)
 .ARM.attributes
                0x00000619       0x2c c:/mounriver/mrs_community/toolchain/arm-none-eabi-gcc/bin/../lib/gcc/arm-none-eabi/9.3.1/../../../../arm-none-eabi/lib/thumb/v6-m/nofp\libg_nano.a(lib_a-vprintf.o)
 .ARM.attributes
                0x00000645       0x2c c:/mounriver/mrs_community/toolchain/arm-none-eabi-gcc/bin/../lib/gcc/arm-none-eabi/9.3.1/../../../../arm-none-eabi/lib/thumb/v6-m/nofp\libg_nano.a(lib_a-findfp.o)
 .ARM.attributes
                0x00000671       0x2c c:/mounriver/mrs_community/toolchain/arm-none-eabi-gcc/bin/../lib/gcc/arm-none-eabi/9.3.1/../../../../arm-none-eabi/lib/thumb/v6-m/nofp\libg_nano.a(lib_a-fwalk.o)
 .ARM.attributes
                0x0000069d       0x2c c:/mounriver/mrs_community/toolchain/arm-none-eabi-gcc/bin/../lib/gcc/arm-none-eabi/9.3.1/../../../../arm-none-eabi/lib/thumb/v6-m/nofp\libg_nano.a(lib_a-impure.o)
 .ARM.attributes
                0x000006c9       0x2c c:/mounriver/mrs_community/toolchain/arm-none-eabi-gcc/bin/../lib/gcc/arm-none-eabi/9.3.1/../../../../arm-none-eabi/lib/thumb/v6-m/nofp\libg_nano.a(lib_a-lock.o)
 .ARM.attributes
                0x000006f5       0x2c c:/mounriver/mrs_community/toolchain/arm-none-eabi-gcc/bin/../lib/gcc/arm-none-eabi/9.3.1/../../../../arm-none-eabi/lib/thumb/v6-m/nofp\libg_nano.a(lib_a-mlock.o)
 .ARM.attributes
                0x00000721       0x2c c:/mounriver/mrs_community/toolchain/arm-none-eabi-gcc/bin/../lib/gcc/arm-none-eabi/9.3.1/../../../../arm-none-eabi/lib/thumb/v6-m/nofp\libg_nano.a(lib_a-nano-vfprintf.o)
 .ARM.attributes
                0x0000074d       0x2c c:/mounriver/mrs_community/toolchain/arm-none-eabi-gcc/bin/../lib/gcc/arm-none-eabi/9.3.1/../../../../arm-none-eabi/lib/thumb/v6-m/nofp\libg_nano.a(lib_a-nano-vfprintf_i.o)
 .ARM.attributes
                0x00000779       0x2c c:/mounriver/mrs_community/toolchain/arm-none-eabi-gcc/bin/../lib/gcc/arm-none-eabi/9.3.1/../../../../arm-none-eabi/lib/thumb/v6-m/nofp\libg_nano.a(lib_a-reent.o)
 .ARM.attributes
                0x000007a5       0x2c c:/mounriver/mrs_community/toolchain/arm-none-eabi-gcc/bin/../lib/gcc/arm-none-eabi/9.3.1/../../../../arm-none-eabi/lib/thumb/v6-m/nofp\libg_nano.a(lib_a-stdio.o)
 .ARM.attributes
                0x000007d1       0x2c c:/mounriver/mrs_community/toolchain/arm-none-eabi-gcc/bin/../lib/gcc/arm-none-eabi/9.3.1/../../../../arm-none-eabi/lib/thumb/v6-m/nofp\libg_nano.a(lib_a-wbuf.o)
 .ARM.attributes
                0x000007fd       0x2c c:/mounriver/mrs_community/toolchain/arm-none-eabi-gcc/bin/../lib/gcc/arm-none-eabi/9.3.1/../../../../arm-none-eabi/lib/thumb/v6-m/nofp\libg_nano.a(lib_a-writer.o)
 .ARM.attributes
                0x00000829       0x2c c:/mounriver/mrs_community/toolchain/arm-none-eabi-gcc/bin/../lib/gcc/arm-none-eabi/9.3.1/../../../../arm-none-eabi/lib/thumb/v6-m/nofp\libg_nano.a(lib_a-wsetup.o)
 .ARM.attributes
                0x00000855       0x2c c:/mounriver/mrs_community/toolchain/arm-none-eabi-gcc/bin/../lib/gcc/arm-none-eabi/9.3.1/../../../../arm-none-eabi/lib/thumb/v6-m/nofp\libg_nano.a(lib_a-closer.o)
 .ARM.attributes
                0x00000881       0x2c c:/mounriver/mrs_community/toolchain/arm-none-eabi-gcc/bin/../lib/gcc/arm-none-eabi/9.3.1/../../../../arm-none-eabi/lib/thumb/v6-m/nofp\libg_nano.a(lib_a-fflush.o)
 .ARM.attributes
                0x000008ad       0x2c c:/mounriver/mrs_community/toolchain/arm-none-eabi-gcc/bin/../lib/gcc/arm-none-eabi/9.3.1/../../../../arm-none-eabi/lib/thumb/v6-m/nofp\libg_nano.a(lib_a-lseekr.o)
 .ARM.attributes
                0x000008d9       0x2c c:/mounriver/mrs_community/toolchain/arm-none-eabi-gcc/bin/../lib/gcc/arm-none-eabi/9.3.1/../../../../arm-none-eabi/lib/thumb/v6-m/nofp\libg_nano.a(lib_a-makebuf.o)
 .ARM.attributes
                0x00000905       0x2c c:/mounriver/mrs_community/toolchain/arm-none-eabi-gcc/bin/../lib/gcc/arm-none-eabi/9.3.1/../../../../arm-none-eabi/lib/thumb/v6-m/nofp\libg_nano.a(lib_a-memchr-stub.o)
 .ARM.attributes
                0x00000931       0x2c c:/mounriver/mrs_community/toolchain/arm-none-eabi-gcc/bin/../lib/gcc/arm-none-eabi/9.3.1/../../../../arm-none-eabi/lib/thumb/v6-m/nofp\libg_nano.a(lib_a-readr.o)
 .ARM.attributes
                0x0000095d       0x2c c:/mounriver/mrs_community/toolchain/arm-none-eabi-gcc/bin/../lib/gcc/arm-none-eabi/9.3.1/../../../../arm-none-eabi/lib/thumb/v6-m/nofp\libg_nano.a(lib_a-fstatr.o)
 .ARM.attributes
                0x00000989       0x2c c:/mounriver/mrs_community/toolchain/arm-none-eabi-gcc/bin/../lib/gcc/arm-none-eabi/9.3.1/../../../../arm-none-eabi/lib/thumb/v6-m/nofp\libg_nano.a(lib_a-isattyr.o)
 .ARM.attributes
                0x000009b5       0x2c c:/mounriver/mrs_community/toolchain/arm-none-eabi-gcc/bin/../lib/gcc/arm-none-eabi/9.3.1/../../../../arm-none-eabi/lib/thumb/v6-m/nofp\libnosys.a(close.o)
 .ARM.attributes
                0x000009e1       0x2c c:/mounriver/mrs_community/toolchain/arm-none-eabi-gcc/bin/../lib/gcc/arm-none-eabi/9.3.1/../../../../arm-none-eabi/lib/thumb/v6-m/nofp\libnosys.a(fstat.o)
 .ARM.attributes
                0x00000a0d       0x2c c:/mounriver/mrs_community/toolchain/arm-none-eabi-gcc/bin/../lib/gcc/arm-none-eabi/9.3.1/../../../../arm-none-eabi/lib/thumb/v6-m/nofp\libnosys.a(isatty.o)
 .ARM.attributes
                0x00000a39       0x2c c:/mounriver/mrs_community/toolchain/arm-none-eabi-gcc/bin/../lib/gcc/arm-none-eabi/9.3.1/../../../../arm-none-eabi/lib/thumb/v6-m/nofp\libnosys.a(lseek.o)
 .ARM.attributes
                0x00000a65       0x2c c:/mounriver/mrs_community/toolchain/arm-none-eabi-gcc/bin/../lib/gcc/arm-none-eabi/9.3.1/../../../../arm-none-eabi/lib/thumb/v6-m/nofp\libnosys.a(read.o)
 .ARM.attributes
                0x00000a91       0x2c c:/mounriver/mrs_community/toolchain/arm-none-eabi-gcc/bin/../lib/gcc/arm-none-eabi/9.3.1/../../../../arm-none-eabi/lib/thumb/v6-m/nofp\libnosys.a(sbrk.o)
OUTPUT(ch57x_ble_uart_mrs_app_only_test.elf elf32-littlearm)
LOAD linker stubs
LOAD c:/mounriver/mrs_community/toolchain/arm-none-eabi-gcc/bin/../lib/gcc/arm-none-eabi/9.3.1/../../../../arm-none-eabi/lib/thumb/v6-m/nofp\libc.a
LOAD c:/mounriver/mrs_community/toolchain/arm-none-eabi-gcc/bin/../lib/gcc/arm-none-eabi/9.3.1/../../../../arm-none-eabi/lib/thumb/v6-m/nofp\libm.a
LOAD c:/mounriver/mrs_community/toolchain/arm-none-eabi-gcc/bin/../lib/gcc/arm-none-eabi/9.3.1/thumb/v6-m/nofp\libgcc.a

.debug_info     0x00000000    0x1ae38
 .debug_info    0x00000000     0x10a5 ./hal/hal_led.o
 .debug_info    0x000010a5     0x110b ./hal/hal_spi.o
 .debug_info    0x000021b0     0x10a6 ./hal/hal_uart.o
 .debug_info    0x00003256      0xec4 ./bsp/bsp_device.o
 .debug_info    0x0000411a      0xc16 ./bsp/bsp_led.o
 .debug_info    0x00004d30      0xb7c ./bsp/bsp_log.o
 .debug_info    0x000058ac      0xe14 ./bsp/bsp_spi.o
 .debug_info    0x000066c0      0xc64 ./bsp/bsp_uart.o
 .debug_info    0x00007324     0x1256 ./app/app_flash.o
 .debug_info    0x0000857a      0xd45 ./app/app_led.o
 .debug_info    0x000092bf      0xcfb ./app/app_uart.o
 .debug_info    0x00009fba     0x1583 ./app/ch57x_usb_device_msc.o
 .debug_info    0x0000b53d     0x108d ./app/diskio.o
 .debug_info    0x0000c5ca     0x5769 ./app/ff.o
 .debug_info    0x00011d33      0x276 ./app/ffunicode.o
 .debug_info    0x00011fa9     0x19db ./app/peripheral_main.o
 .debug_info    0x00013984     0x176f ./StdPeriphDriver/CH57x_clk.o
 .debug_info    0x000150f3      0xcb3 ./StdPeriphDriver/CH57x_gpio.o
 .debug_info    0x00015da6      0xdfa ./StdPeriphDriver/CH57x_int.o
 .debug_info    0x00016ba0      0xda4 ./StdPeriphDriver/CH57x_pwr.o
 .debug_info    0x00017944      0xe1a ./StdPeriphDriver/CH57x_spi0.o
 .debug_info    0x0001875e      0xe6e ./StdPeriphDriver/CH57x_sys.o
 .debug_info    0x000195cc      0xc93 ./StdPeriphDriver/CH57x_uart0.o
 .debug_info    0x0001a25f      0xbb7 ./StdPeriphDriver/CH57x_usbdev.o
 .debug_info    0x0001ae16       0x22 ./Startup/startup_ch579.o

.debug_abbrev   0x00000000     0x468e
 .debug_abbrev  0x00000000      0x363 ./hal/hal_led.o
 .debug_abbrev  0x00000363      0x366 ./hal/hal_spi.o
 .debug_abbrev  0x000006c9      0x35e ./hal/hal_uart.o
 .debug_abbrev  0x00000a27      0x29e ./bsp/bsp_device.o
 .debug_abbrev  0x00000cc5      0x28d ./bsp/bsp_led.o
 .debug_abbrev  0x00000f52      0x268 ./bsp/bsp_log.o
 .debug_abbrev  0x000011ba      0x2e6 ./bsp/bsp_spi.o
 .debug_abbrev  0x000014a0      0x29b ./bsp/bsp_uart.o
 .debug_abbrev  0x0000173b      0x3ba ./app/app_flash.o
 .debug_abbrev  0x00001af5      0x285 ./app/app_led.o
 .debug_abbrev  0x00001d7a      0x264 ./app/app_uart.o
 .debug_abbrev  0x00001fde      0x3e6 ./app/ch57x_usb_device_msc.o
 .debug_abbrev  0x000023c4      0x3a1 ./app/diskio.o
 .debug_abbrev  0x00002765      0x40a ./app/ff.o
 .debug_abbrev  0x00002b6f       0xf0 ./app/ffunicode.o
 .debug_abbrev  0x00002c5f      0x396 ./app/peripheral_main.o
 .debug_abbrev  0x00002ff5      0x43a ./StdPeriphDriver/CH57x_clk.o
 .debug_abbrev  0x0000342f      0x24c ./StdPeriphDriver/CH57x_gpio.o
 .debug_abbrev  0x0000367b      0x27b ./StdPeriphDriver/CH57x_int.o
 .debug_abbrev  0x000038f6      0x28c ./StdPeriphDriver/CH57x_pwr.o
 .debug_abbrev  0x00003b82      0x305 ./StdPeriphDriver/CH57x_spi0.o
 .debug_abbrev  0x00003e87      0x30f ./StdPeriphDriver/CH57x_sys.o
 .debug_abbrev  0x00004196      0x2cf ./StdPeriphDriver/CH57x_uart0.o
 .debug_abbrev  0x00004465      0x217 ./StdPeriphDriver/CH57x_usbdev.o
 .debug_abbrev  0x0000467c       0x12 ./Startup/startup_ch579.o

.debug_loc      0x00000000     0xb50a
 .debug_loc     0x00000000      0x36c ./hal/hal_led.o
 .debug_loc     0x0000036c      0x2bc ./hal/hal_spi.o
 .debug_loc     0x00000628      0x3a0 ./hal/hal_uart.o
 .debug_loc     0x000009c8      0x321 ./bsp/bsp_device.o
 .debug_loc     0x00000ce9       0xbe ./bsp/bsp_led.o
 .debug_loc     0x00000da7       0x25 ./bsp/bsp_log.o
 .debug_loc     0x00000dcc      0x1de ./bsp/bsp_spi.o
 .debug_loc     0x00000faa       0x94 ./bsp/bsp_uart.o
 .debug_loc     0x0000103e      0x275 ./app/app_flash.o
 .debug_loc     0x000012b3       0x3c ./app/app_led.o
 .debug_loc     0x000012ef       0x3c ./app/app_uart.o
 .debug_loc     0x0000132b      0x3e7 ./app/ch57x_usb_device_msc.o
 .debug_loc     0x00001712      0x4c9 ./app/diskio.o
 .debug_loc     0x00001bdb     0x7c3f ./app/ff.o
 .debug_loc     0x0000981a      0x2b0 ./app/ffunicode.o
 .debug_loc     0x00009aca       0x7f ./app/peripheral_main.o
 .debug_loc     0x00009b49      0xdab ./StdPeriphDriver/CH57x_clk.o
 .debug_loc     0x0000a8f4      0x22e ./StdPeriphDriver/CH57x_gpio.o
 .debug_loc     0x0000ab22      0x17f ./StdPeriphDriver/CH57x_int.o
 .debug_loc     0x0000aca1      0x1fd ./StdPeriphDriver/CH57x_pwr.o
 .debug_loc     0x0000ae9e      0x2e2 ./StdPeriphDriver/CH57x_spi0.o
 .debug_loc     0x0000b180      0x1cd ./StdPeriphDriver/CH57x_sys.o
 .debug_loc     0x0000b34d      0x1bd ./StdPeriphDriver/CH57x_uart0.o

.debug_aranges  0x00000000      0x918
 .debug_aranges
                0x00000000       0x40 ./hal/hal_led.o
 .debug_aranges
                0x00000040       0x40 ./hal/hal_spi.o
 .debug_aranges
                0x00000080       0x40 ./hal/hal_uart.o
 .debug_aranges
                0x000000c0       0x50 ./bsp/bsp_device.o
 .debug_aranges
                0x00000110       0x50 ./bsp/bsp_led.o
 .debug_aranges
                0x00000160       0x28 ./bsp/bsp_log.o
 .debug_aranges
                0x00000188       0x38 ./bsp/bsp_spi.o
 .debug_aranges
                0x000001c0       0x38 ./bsp/bsp_uart.o
 .debug_aranges
                0x000001f8       0x68 ./app/app_flash.o
 .debug_aranges
                0x00000260       0x20 ./app/app_led.o
 .debug_aranges
                0x00000280       0x20 ./app/app_uart.o
 .debug_aranges
                0x000002a0       0xa8 ./app/ch57x_usb_device_msc.o
 .debug_aranges
                0x00000348       0x58 ./app/diskio.o
 .debug_aranges
                0x000003a0      0x1b8 ./app/ff.o
 .debug_aranges
                0x00000558       0x30 ./app/ffunicode.o
 .debug_aranges
                0x00000588       0x30 ./app/peripheral_main.o
 .debug_aranges
                0x000005b8       0xd8 ./StdPeriphDriver/CH57x_clk.o
 .debug_aranges
                0x00000690       0x48 ./StdPeriphDriver/CH57x_gpio.o
 .debug_aranges
                0x000006d8       0x40 ./StdPeriphDriver/CH57x_int.o
 .debug_aranges
                0x00000718       0x50 ./StdPeriphDriver/CH57x_pwr.o
 .debug_aranges
                0x00000768       0x88 ./StdPeriphDriver/CH57x_spi0.o
 .debug_aranges
                0x000007f0       0x70 ./StdPeriphDriver/CH57x_sys.o
 .debug_aranges
                0x00000860       0x50 ./StdPeriphDriver/CH57x_uart0.o
 .debug_aranges
                0x000008b0       0x40 ./StdPeriphDriver/CH57x_usbdev.o
 .debug_aranges
                0x000008f0       0x28 ./Startup/startup_ch579.o

.debug_ranges   0x00000000     0x1138
 .debug_ranges  0x00000000      0x110 ./hal/hal_led.o
 .debug_ranges  0x00000110       0xd8 ./hal/hal_spi.o
 .debug_ranges  0x000001e8      0x118 ./hal/hal_uart.o
 .debug_ranges  0x00000300       0x58 ./bsp/bsp_device.o
 .debug_ranges  0x00000358       0x40 ./bsp/bsp_led.o
 .debug_ranges  0x00000398       0x18 ./bsp/bsp_log.o
 .debug_ranges  0x000003b0       0x70 ./bsp/bsp_spi.o
 .debug_ranges  0x00000420       0x28 ./bsp/bsp_uart.o
 .debug_ranges  0x00000448       0x88 ./app/app_flash.o
 .debug_ranges  0x000004d0       0x10 ./app/app_led.o
 .debug_ranges  0x000004e0       0x10 ./app/app_uart.o
 .debug_ranges  0x000004f0       0xc8 ./app/ch57x_usb_device_msc.o
 .debug_ranges  0x000005b8       0x78 ./app/diskio.o
 .debug_ranges  0x00000630      0x778 ./app/ff.o
 .debug_ranges  0x00000da8       0x20 ./app/ffunicode.o
 .debug_ranges  0x00000dc8       0x20 ./app/peripheral_main.o
 .debug_ranges  0x00000de8      0x140 ./StdPeriphDriver/CH57x_clk.o
 .debug_ranges  0x00000f28       0x38 ./StdPeriphDriver/CH57x_gpio.o
 .debug_ranges  0x00000f60       0x30 ./StdPeriphDriver/CH57x_int.o
 .debug_ranges  0x00000f90       0x40 ./StdPeriphDriver/CH57x_pwr.o
 .debug_ranges  0x00000fd0       0x78 ./StdPeriphDriver/CH57x_spi0.o
 .debug_ranges  0x00001048       0x60 ./StdPeriphDriver/CH57x_sys.o
 .debug_ranges  0x000010a8       0x40 ./StdPeriphDriver/CH57x_uart0.o
 .debug_ranges  0x000010e8       0x30 ./StdPeriphDriver/CH57x_usbdev.o
 .debug_ranges  0x00001118       0x20 ./Startup/startup_ch579.o

.debug_line     0x00000000     0xdb92
 .debug_line    0x00000000      0x65f ./hal/hal_led.o
 .debug_line    0x0000065f      0x5c5 ./hal/hal_spi.o
 .debug_line    0x00000c24      0x663 ./hal/hal_uart.o
 .debug_line    0x00001287      0x465 ./bsp/bsp_device.o
 .debug_line    0x000016ec      0x2d9 ./bsp/bsp_led.o
 .debug_line    0x000019c5      0x25c ./bsp/bsp_log.o
 .debug_line    0x00001c21      0x3b6 ./bsp/bsp_spi.o
 .debug_line    0x00001fd7      0x2cb ./bsp/bsp_uart.o
 .debug_line    0x000022a2      0x6f8 ./app/app_flash.o
 .debug_line    0x0000299a      0x3c7 ./app/app_led.o
 .debug_line    0x00002d61      0x3b3 ./app/app_uart.o
 .debug_line    0x00003114      0xf20 ./app/ch57x_usb_device_msc.o
 .debug_line    0x00004034      0x4ab ./app/diskio.o
 .debug_line    0x000044df     0x4c46 ./app/ff.o
 .debug_line    0x00009125      0x2cc ./app/ffunicode.o
 .debug_line    0x000093f1      0x822 ./app/peripheral_main.o
 .debug_line    0x00009c13     0x14d7 ./StdPeriphDriver/CH57x_clk.o
 .debug_line    0x0000b0ea      0x4a4 ./StdPeriphDriver/CH57x_gpio.o
 .debug_line    0x0000b58e      0x8a9 ./StdPeriphDriver/CH57x_int.o
 .debug_line    0x0000be37      0x715 ./StdPeriphDriver/CH57x_pwr.o
 .debug_line    0x0000c54c      0x74c ./StdPeriphDriver/CH57x_spi0.o
 .debug_line    0x0000cc98      0x657 ./StdPeriphDriver/CH57x_sys.o
 .debug_line    0x0000d2ef      0x3df ./StdPeriphDriver/CH57x_uart0.o
 .debug_line    0x0000d6ce      0x3da ./StdPeriphDriver/CH57x_usbdev.o
 .debug_line    0x0000daa8       0xea ./Startup/startup_ch579.o

.debug_str      0x00000000     0x2dcd
 .debug_str     0x00000000      0x8df ./hal/hal_led.o
                                0x9b3 (size before relaxing)
 .debug_str     0x000008df      0x1af ./hal/hal_spi.o
                                0x9f1 (size before relaxing)
 .debug_str     0x00000a8e      0x190 ./hal/hal_uart.o
                                0x9ca (size before relaxing)
 .debug_str     0x00000c1e       0xc3 ./bsp/bsp_device.o
                                0x895 (size before relaxing)
 .debug_str     0x00000ce1      0x118 ./bsp/bsp_led.o
                                0x854 (size before relaxing)
 .debug_str     0x00000df9       0x60 ./bsp/bsp_log.o
                                0x7bb (size before relaxing)
 .debug_str     0x00000e59       0xf4 ./bsp/bsp_spi.o
                                0x8e9 (size before relaxing)
 .debug_str     0x00000f4d       0x81 ./bsp/bsp_uart.o
                                0x854 (size before relaxing)
 .debug_str     0x00000fce      0x17f ./app/app_flash.o
                                0xa76 (size before relaxing)
 .debug_str     0x0000114d       0x36 ./app/app_led.o
                                0x8dc (size before relaxing)
 .debug_str     0x00001183       0x39 ./app/app_uart.o
                                0x8cc (size before relaxing)
 .debug_str     0x000011bc      0x42a ./app/ch57x_usb_device_msc.o
                                0xbee (size before relaxing)
 .debug_str     0x000015e6       0xc9 ./app/diskio.o
                                0x8a5 (size before relaxing)
 .debug_str     0x000016af      0x5c9 ./app/ff.o
                                0x887 (size before relaxing)
 .debug_str     0x00001c78       0x23 ./app/ffunicode.o
                                0x217 (size before relaxing)
 .debug_str     0x00001c9b      0x3d7 ./app/peripheral_main.o
                                0xeff (size before relaxing)
 .debug_str     0x00002072      0x557 ./StdPeriphDriver/CH57x_clk.o
                                0xdec (size before relaxing)
 .debug_str     0x000025c9      0x12f ./StdPeriphDriver/CH57x_gpio.o
                                0x8fa (size before relaxing)
 .debug_str     0x000026f8      0x105 ./StdPeriphDriver/CH57x_int.o
                                0x883 (size before relaxing)
 .debug_str     0x000027fd       0xdb ./StdPeriphDriver/CH57x_pwr.o
                                0x8aa (size before relaxing)
 .debug_str     0x000028d8      0x170 ./StdPeriphDriver/CH57x_spi0.o
                                0x960 (size before relaxing)
 .debug_str     0x00002a48      0x191 ./StdPeriphDriver/CH57x_sys.o
                                0x94f (size before relaxing)
 .debug_str     0x00002bd9       0xb7 ./StdPeriphDriver/CH57x_uart0.o
                                0x89f (size before relaxing)
 .debug_str     0x00002c90       0xb9 ./StdPeriphDriver/CH57x_usbdev.o
                                0x815 (size before relaxing)
 .debug_str     0x00002d49       0x84 ./Startup/startup_ch579.o
                                0x107 (size before relaxing)

.comment        0x00000000       0x4c
 .comment       0x00000000       0x4c ./hal/hal_led.o
                                 0x4d (size before relaxing)
 .comment       0x0000004c       0x4d ./hal/hal_spi.o
 .comment       0x0000004c       0x4d ./hal/hal_uart.o
 .comment       0x0000004c       0x4d ./bsp/bsp_device.o
 .comment       0x0000004c       0x4d ./bsp/bsp_led.o
 .comment       0x0000004c       0x4d ./bsp/bsp_log.o
 .comment       0x0000004c       0x4d ./bsp/bsp_spi.o
 .comment       0x0000004c       0x4d ./bsp/bsp_uart.o
 .comment       0x0000004c       0x4d ./app/app_flash.o
 .comment       0x0000004c       0x4d ./app/app_led.o
 .comment       0x0000004c       0x4d ./app/app_uart.o
 .comment       0x0000004c       0x4d ./app/ch57x_usb_device_msc.o
 .comment       0x0000004c       0x4d ./app/diskio.o
 .comment       0x0000004c       0x4d ./app/ff.o
 .comment       0x0000004c       0x4d ./app/ffunicode.o
 .comment       0x0000004c       0x4d ./app/peripheral_main.o
 .comment       0x0000004c       0x4d ./StdPeriphDriver/CH57x_clk.o
 .comment       0x0000004c       0x4d ./StdPeriphDriver/CH57x_gpio.o
 .comment       0x0000004c       0x4d ./StdPeriphDriver/CH57x_int.o
 .comment       0x0000004c       0x4d ./StdPeriphDriver/CH57x_pwr.o
 .comment       0x0000004c       0x4d ./StdPeriphDriver/CH57x_spi0.o
 .comment       0x0000004c       0x4d ./StdPeriphDriver/CH57x_sys.o
 .comment       0x0000004c       0x4d ./StdPeriphDriver/CH57x_uart0.o
 .comment       0x0000004c       0x4d ./StdPeriphDriver/CH57x_usbdev.o

.debug_frame    0x00000000     0x203c
 .debug_frame   0x00000000       0x94 ./hal/hal_led.o
 .debug_frame   0x00000094       0xa0 ./hal/hal_spi.o
 .debug_frame   0x00000134       0x98 ./hal/hal_uart.o
 .debug_frame   0x000001cc       0xc0 ./bsp/bsp_device.o
 .debug_frame   0x0000028c       0xa0 ./bsp/bsp_led.o
 .debug_frame   0x0000032c       0x3c ./bsp/bsp_log.o
 .debug_frame   0x00000368       0x74 ./bsp/bsp_spi.o
 .debug_frame   0x000003dc       0x68 ./bsp/bsp_uart.o
 .debug_frame   0x00000444      0x144 ./app/app_flash.o
 .debug_frame   0x00000588       0x2c ./app/app_led.o
 .debug_frame   0x000005b4       0x2c ./app/app_uart.o
 .debug_frame   0x000005e0      0x1e8 ./app/ch57x_usb_device_msc.o
 .debug_frame   0x000007c8       0xd4 ./app/diskio.o
 .debug_frame   0x0000089c      0x620 ./app/ff.o
 .debug_frame   0x00000ebc       0x50 ./app/ffunicode.o
 .debug_frame   0x00000f0c       0x60 ./app/peripheral_main.o
 .debug_frame   0x00000f6c      0x20c ./StdPeriphDriver/CH57x_clk.o
 .debug_frame   0x00001178       0x90 ./StdPeriphDriver/CH57x_gpio.o
 .debug_frame   0x00001208       0xb4 ./StdPeriphDriver/CH57x_int.o
 .debug_frame   0x000012bc       0xd0 ./StdPeriphDriver/CH57x_pwr.o
 .debug_frame   0x0000138c      0x158 ./StdPeriphDriver/CH57x_spi0.o
 .debug_frame   0x000014e4       0xf8 ./StdPeriphDriver/CH57x_sys.o
 .debug_frame   0x000015dc       0xa8 ./StdPeriphDriver/CH57x_uart0.o
 .debug_frame   0x00001684       0x68 ./StdPeriphDriver/CH57x_usbdev.o
 .debug_frame   0x000016ec       0x20 c:/mounriver/mrs_community/toolchain/arm-none-eabi-gcc/bin/../lib/gcc/arm-none-eabi/9.3.1/thumb/v6-m/nofp\libgcc.a(_udivsi3.o)
 .debug_frame   0x0000170c       0x20 c:/mounriver/mrs_community/toolchain/arm-none-eabi-gcc/bin/../lib/gcc/arm-none-eabi/9.3.1/thumb/v6-m/nofp\libgcc.a(_divsi3.o)
 .debug_frame   0x0000172c       0x40 c:/mounriver/mrs_community/toolchain/arm-none-eabi-gcc/bin/../lib/gcc/arm-none-eabi/9.3.1/../../../../arm-none-eabi/lib/thumb/v6-m/nofp\libg_nano.a(lib_a-malloc.o)
 .debug_frame   0x0000176c       0x28 c:/mounriver/mrs_community/toolchain/arm-none-eabi-gcc/bin/../lib/gcc/arm-none-eabi/9.3.1/../../../../arm-none-eabi/lib/thumb/v6-m/nofp\libg_nano.a(lib_a-memcpy-stub.o)
 .debug_frame   0x00001794       0x20 c:/mounriver/mrs_community/toolchain/arm-none-eabi-gcc/bin/../lib/gcc/arm-none-eabi/9.3.1/../../../../arm-none-eabi/lib/thumb/v6-m/nofp\libg_nano.a(lib_a-memset.o)
 .debug_frame   0x000017b4       0x2c c:/mounriver/mrs_community/toolchain/arm-none-eabi-gcc/bin/../lib/gcc/arm-none-eabi/9.3.1/../../../../arm-none-eabi/lib/thumb/v6-m/nofp\libg_nano.a(lib_a-nano-freer.o)
 .debug_frame   0x000017e0       0x30 c:/mounriver/mrs_community/toolchain/arm-none-eabi-gcc/bin/../lib/gcc/arm-none-eabi/9.3.1/../../../../arm-none-eabi/lib/thumb/v6-m/nofp\libg_nano.a(lib_a-nano-mallocr.o)
 .debug_frame   0x00001810       0x2c c:/mounriver/mrs_community/toolchain/arm-none-eabi-gcc/bin/../lib/gcc/arm-none-eabi/9.3.1/../../../../arm-none-eabi/lib/thumb/v6-m/nofp\libg_nano.a(lib_a-sbrkr.o)
 .debug_frame   0x0000183c       0x20 c:/mounriver/mrs_community/toolchain/arm-none-eabi-gcc/bin/../lib/gcc/arm-none-eabi/9.3.1/../../../../arm-none-eabi/lib/thumb/v6-m/nofp\libg_nano.a(lib_a-strcmp.o)
 .debug_frame   0x0000185c       0x48 c:/mounriver/mrs_community/toolchain/arm-none-eabi-gcc/bin/../lib/gcc/arm-none-eabi/9.3.1/../../../../arm-none-eabi/lib/thumb/v6-m/nofp\libg_nano.a(lib_a-vprintf.o)
 .debug_frame   0x000018a4      0x170 c:/mounriver/mrs_community/toolchain/arm-none-eabi-gcc/bin/../lib/gcc/arm-none-eabi/9.3.1/../../../../arm-none-eabi/lib/thumb/v6-m/nofp\libg_nano.a(lib_a-findfp.o)
 .debug_frame   0x00001a14       0x58 c:/mounriver/mrs_community/toolchain/arm-none-eabi-gcc/bin/../lib/gcc/arm-none-eabi/9.3.1/../../../../arm-none-eabi/lib/thumb/v6-m/nofp\libg_nano.a(lib_a-fwalk.o)
 .debug_frame   0x00001a6c       0xb0 c:/mounriver/mrs_community/toolchain/arm-none-eabi-gcc/bin/../lib/gcc/arm-none-eabi/9.3.1/../../../../arm-none-eabi/lib/thumb/v6-m/nofp\libg_nano.a(lib_a-lock.o)
 .debug_frame   0x00001b1c       0x40 c:/mounriver/mrs_community/toolchain/arm-none-eabi-gcc/bin/../lib/gcc/arm-none-eabi/9.3.1/../../../../arm-none-eabi/lib/thumb/v6-m/nofp\libg_nano.a(lib_a-mlock.o)
 .debug_frame   0x00001b5c       0x9c c:/mounriver/mrs_community/toolchain/arm-none-eabi-gcc/bin/../lib/gcc/arm-none-eabi/9.3.1/../../../../arm-none-eabi/lib/thumb/v6-m/nofp\libg_nano.a(lib_a-nano-vfprintf.o)
 .debug_frame   0x00001bf8       0x54 c:/mounriver/mrs_community/toolchain/arm-none-eabi-gcc/bin/../lib/gcc/arm-none-eabi/9.3.1/../../../../arm-none-eabi/lib/thumb/v6-m/nofp\libg_nano.a(lib_a-nano-vfprintf_i.o)
 .debug_frame   0x00001c4c       0x48 c:/mounriver/mrs_community/toolchain/arm-none-eabi-gcc/bin/../lib/gcc/arm-none-eabi/9.3.1/../../../../arm-none-eabi/lib/thumb/v6-m/nofp\libg_nano.a(lib_a-reent.o)
 .debug_frame   0x00001c94       0x90 c:/mounriver/mrs_community/toolchain/arm-none-eabi-gcc/bin/../lib/gcc/arm-none-eabi/9.3.1/../../../../arm-none-eabi/lib/thumb/v6-m/nofp\libg_nano.a(lib_a-stdio.o)
 .debug_frame   0x00001d24       0x48 c:/mounriver/mrs_community/toolchain/arm-none-eabi-gcc/bin/../lib/gcc/arm-none-eabi/9.3.1/../../../../arm-none-eabi/lib/thumb/v6-m/nofp\libg_nano.a(lib_a-wbuf.o)
 .debug_frame   0x00001d6c       0x2c c:/mounriver/mrs_community/toolchain/arm-none-eabi-gcc/bin/../lib/gcc/arm-none-eabi/9.3.1/../../../../arm-none-eabi/lib/thumb/v6-m/nofp\libg_nano.a(lib_a-writer.o)
 .debug_frame   0x00001d98       0x2c c:/mounriver/mrs_community/toolchain/arm-none-eabi-gcc/bin/../lib/gcc/arm-none-eabi/9.3.1/../../../../arm-none-eabi/lib/thumb/v6-m/nofp\libg_nano.a(lib_a-wsetup.o)
 .debug_frame   0x00001dc4       0x2c c:/mounriver/mrs_community/toolchain/arm-none-eabi-gcc/bin/../lib/gcc/arm-none-eabi/9.3.1/../../../../arm-none-eabi/lib/thumb/v6-m/nofp\libg_nano.a(lib_a-closer.o)
 .debug_frame   0x00001df0       0x68 c:/mounriver/mrs_community/toolchain/arm-none-eabi-gcc/bin/../lib/gcc/arm-none-eabi/9.3.1/../../../../arm-none-eabi/lib/thumb/v6-m/nofp\libg_nano.a(lib_a-fflush.o)
 .debug_frame   0x00001e58       0x2c c:/mounriver/mrs_community/toolchain/arm-none-eabi-gcc/bin/../lib/gcc/arm-none-eabi/9.3.1/../../../../arm-none-eabi/lib/thumb/v6-m/nofp\libg_nano.a(lib_a-lseekr.o)
 .debug_frame   0x00001e84       0x54 c:/mounriver/mrs_community/toolchain/arm-none-eabi-gcc/bin/../lib/gcc/arm-none-eabi/9.3.1/../../../../arm-none-eabi/lib/thumb/v6-m/nofp\libg_nano.a(lib_a-makebuf.o)
 .debug_frame   0x00001ed8       0x20 c:/mounriver/mrs_community/toolchain/arm-none-eabi-gcc/bin/../lib/gcc/arm-none-eabi/9.3.1/../../../../arm-none-eabi/lib/thumb/v6-m/nofp\libg_nano.a(lib_a-memchr-stub.o)
 .debug_frame   0x00001ef8       0x2c c:/mounriver/mrs_community/toolchain/arm-none-eabi-gcc/bin/../lib/gcc/arm-none-eabi/9.3.1/../../../../arm-none-eabi/lib/thumb/v6-m/nofp\libg_nano.a(lib_a-readr.o)
 .debug_frame   0x00001f24       0x2c c:/mounriver/mrs_community/toolchain/arm-none-eabi-gcc/bin/../lib/gcc/arm-none-eabi/9.3.1/../../../../arm-none-eabi/lib/thumb/v6-m/nofp\libg_nano.a(lib_a-fstatr.o)
 .debug_frame   0x00001f50       0x2c c:/mounriver/mrs_community/toolchain/arm-none-eabi-gcc/bin/../lib/gcc/arm-none-eabi/9.3.1/../../../../arm-none-eabi/lib/thumb/v6-m/nofp\libg_nano.a(lib_a-isattyr.o)
 .debug_frame   0x00001f7c       0x20 c:/mounriver/mrs_community/toolchain/arm-none-eabi-gcc/bin/../lib/gcc/arm-none-eabi/9.3.1/../../../../arm-none-eabi/lib/thumb/v6-m/nofp\libnosys.a(close.o)
 .debug_frame   0x00001f9c       0x20 c:/mounriver/mrs_community/toolchain/arm-none-eabi-gcc/bin/../lib/gcc/arm-none-eabi/9.3.1/../../../../arm-none-eabi/lib/thumb/v6-m/nofp\libnosys.a(fstat.o)
 .debug_frame   0x00001fbc       0x20 c:/mounriver/mrs_community/toolchain/arm-none-eabi-gcc/bin/../lib/gcc/arm-none-eabi/9.3.1/../../../../arm-none-eabi/lib/thumb/v6-m/nofp\libnosys.a(isatty.o)
 .debug_frame   0x00001fdc       0x20 c:/mounriver/mrs_community/toolchain/arm-none-eabi-gcc/bin/../lib/gcc/arm-none-eabi/9.3.1/../../../../arm-none-eabi/lib/thumb/v6-m/nofp\libnosys.a(lseek.o)
 .debug_frame   0x00001ffc       0x20 c:/mounriver/mrs_community/toolchain/arm-none-eabi-gcc/bin/../lib/gcc/arm-none-eabi/9.3.1/../../../../arm-none-eabi/lib/thumb/v6-m/nofp\libnosys.a(read.o)
 .debug_frame   0x0000201c       0x20 c:/mounriver/mrs_community/toolchain/arm-none-eabi-gcc/bin/../lib/gcc/arm-none-eabi/9.3.1/../../../../arm-none-eabi/lib/thumb/v6-m/nofp\libnosys.a(sbrk.o)

.stab           0x00000000       0x84
 .stab          0x00000000       0x24 c:/mounriver/mrs_community/toolchain/arm-none-eabi-gcc/bin/../lib/gcc/arm-none-eabi/9.3.1/../../../../arm-none-eabi/lib/thumb/v6-m/nofp\libnosys.a(close.o)
 .stab          0x00000024       0x18 c:/mounriver/mrs_community/toolchain/arm-none-eabi-gcc/bin/../lib/gcc/arm-none-eabi/9.3.1/../../../../arm-none-eabi/lib/thumb/v6-m/nofp\libnosys.a(fstat.o)
                                 0x24 (size before relaxing)
 .stab          0x0000003c       0x18 c:/mounriver/mrs_community/toolchain/arm-none-eabi-gcc/bin/../lib/gcc/arm-none-eabi/9.3.1/../../../../arm-none-eabi/lib/thumb/v6-m/nofp\libnosys.a(isatty.o)
                                 0x24 (size before relaxing)
 .stab          0x00000054       0x18 c:/mounriver/mrs_community/toolchain/arm-none-eabi-gcc/bin/../lib/gcc/arm-none-eabi/9.3.1/../../../../arm-none-eabi/lib/thumb/v6-m/nofp\libnosys.a(lseek.o)
                                 0x24 (size before relaxing)
 .stab          0x0000006c       0x18 c:/mounriver/mrs_community/toolchain/arm-none-eabi-gcc/bin/../lib/gcc/arm-none-eabi/9.3.1/../../../../arm-none-eabi/lib/thumb/v6-m/nofp\libnosys.a(read.o)
                                 0x24 (size before relaxing)

.stabstr        0x00000000      0x117
 .stabstr       0x00000000      0x117 c:/mounriver/mrs_community/toolchain/arm-none-eabi-gcc/bin/../lib/gcc/arm-none-eabi/9.3.1/../../../../arm-none-eabi/lib/thumb/v6-m/nofp\libnosys.a(close.o)
