Archive member included to satisfy reference by file (symbol)

c:/gcc-arm-none-eabi-7-2017-q4-major-win32/bin/../lib/gcc/arm-none-eabi/7.2.1/thumb/v6-m\libgcc.a(_thumb1_case_uqi.o)
                              ./app/ch57x_usb_device_msc.o (__gnu_thumb1_case_uqi)
c:/gcc-arm-none-eabi-7-2017-q4-major-win32/bin/../lib/gcc/arm-none-eabi/7.2.1/thumb/v6-m\libgcc.a(_udivsi3.o)
                              ./app/ff.o (__aeabi_uidiv)
c:/gcc-arm-none-eabi-7-2017-q4-major-win32/bin/../lib/gcc/arm-none-eabi/7.2.1/thumb/v6-m\libgcc.a(_divsi3.o)
                              ./StdPeriphDriver/CH57x_adc.o (__aeabi_idiv)
c:/gcc-arm-none-eabi-7-2017-q4-major-win32/bin/../lib/gcc/arm-none-eabi/7.2.1/thumb/v6-m\libgcc.a(_dvmd_tls.o)
                              c:/gcc-arm-none-eabi-7-2017-q4-major-win32/bin/../lib/gcc/arm-none-eabi/7.2.1/thumb/v6-m\libgcc.a(_udivsi3.o) (__aeabi_idiv0)
c:/gcc-arm-none-eabi-7-2017-q4-major-win32/bin/../lib/gcc/arm-none-eabi/7.2.1/../../../../arm-none-eabi/lib/thumb/v6-m\libg_nano.a(lib_a-malloc.o)
                              ./hal/hal_led.o (malloc)
c:/gcc-arm-none-eabi-7-2017-q4-major-win32/bin/../lib/gcc/arm-none-eabi/7.2.1/../../../../arm-none-eabi/lib/thumb/v6-m\libg_nano.a(lib_a-memcpy-stub.o)
                              ./hal/hal_led.o (memcpy)
c:/gcc-arm-none-eabi-7-2017-q4-major-win32/bin/../lib/gcc/arm-none-eabi/7.2.1/../../../../arm-none-eabi/lib/thumb/v6-m\libg_nano.a(lib_a-memset.o)
                              ./app/peripheral_main.o (memset)
c:/gcc-arm-none-eabi-7-2017-q4-major-win32/bin/../lib/gcc/arm-none-eabi/7.2.1/../../../../arm-none-eabi/lib/thumb/v6-m\libg_nano.a(lib_a-nano-freer.o)
                              c:/gcc-arm-none-eabi-7-2017-q4-major-win32/bin/../lib/gcc/arm-none-eabi/7.2.1/../../../../arm-none-eabi/lib/thumb/v6-m\libg_nano.a(lib_a-malloc.o) (_free_r)
c:/gcc-arm-none-eabi-7-2017-q4-major-win32/bin/../lib/gcc/arm-none-eabi/7.2.1/../../../../arm-none-eabi/lib/thumb/v6-m\libg_nano.a(lib_a-nano-mallocr.o)
                              c:/gcc-arm-none-eabi-7-2017-q4-major-win32/bin/../lib/gcc/arm-none-eabi/7.2.1/../../../../arm-none-eabi/lib/thumb/v6-m\libg_nano.a(lib_a-malloc.o) (_malloc_r)
c:/gcc-arm-none-eabi-7-2017-q4-major-win32/bin/../lib/gcc/arm-none-eabi/7.2.1/../../../../arm-none-eabi/lib/thumb/v6-m\libg_nano.a(lib_a-sbrkr.o)
                              c:/gcc-arm-none-eabi-7-2017-q4-major-win32/bin/../lib/gcc/arm-none-eabi/7.2.1/../../../../arm-none-eabi/lib/thumb/v6-m\libg_nano.a(lib_a-nano-mallocr.o) (_sbrk_r)
c:/gcc-arm-none-eabi-7-2017-q4-major-win32/bin/../lib/gcc/arm-none-eabi/7.2.1/../../../../arm-none-eabi/lib/thumb/v6-m\libg_nano.a(lib_a-strcmp.o)
                              ./hal/hal_led.o (strcmp)
c:/gcc-arm-none-eabi-7-2017-q4-major-win32/bin/../lib/gcc/arm-none-eabi/7.2.1/../../../../arm-none-eabi/lib/thumb/v6-m\libg_nano.a(lib_a-vprintf.o)
                              ./bsp/bsp_log.o (vprintf)
c:/gcc-arm-none-eabi-7-2017-q4-major-win32/bin/../lib/gcc/arm-none-eabi/7.2.1/../../../../arm-none-eabi/lib/thumb/v6-m\libg_nano.a(lib_a-findfp.o)
                              c:/gcc-arm-none-eabi-7-2017-q4-major-win32/bin/../lib/gcc/arm-none-eabi/7.2.1/../../../../arm-none-eabi/lib/thumb/v6-m\libg_nano.a(lib_a-vprintf.o) (__sinit)
c:/gcc-arm-none-eabi-7-2017-q4-major-win32/bin/../lib/gcc/arm-none-eabi/7.2.1/../../../../arm-none-eabi/lib/thumb/v6-m\libg_nano.a(lib_a-fwalk.o)
                              c:/gcc-arm-none-eabi-7-2017-q4-major-win32/bin/../lib/gcc/arm-none-eabi/7.2.1/../../../../arm-none-eabi/lib/thumb/v6-m\libg_nano.a(lib_a-findfp.o) (_fwalk)
c:/gcc-arm-none-eabi-7-2017-q4-major-win32/bin/../lib/gcc/arm-none-eabi/7.2.1/../../../../arm-none-eabi/lib/thumb/v6-m\libg_nano.a(lib_a-impure.o)
                              c:/gcc-arm-none-eabi-7-2017-q4-major-win32/bin/../lib/gcc/arm-none-eabi/7.2.1/../../../../arm-none-eabi/lib/thumb/v6-m\libg_nano.a(lib_a-findfp.o) (_global_impure_ptr)
c:/gcc-arm-none-eabi-7-2017-q4-major-win32/bin/../lib/gcc/arm-none-eabi/7.2.1/../../../../arm-none-eabi/lib/thumb/v6-m\libg_nano.a(lib_a-mlock.o)
                              c:/gcc-arm-none-eabi-7-2017-q4-major-win32/bin/../lib/gcc/arm-none-eabi/7.2.1/../../../../arm-none-eabi/lib/thumb/v6-m\libg_nano.a(lib_a-nano-freer.o) (__malloc_lock)
c:/gcc-arm-none-eabi-7-2017-q4-major-win32/bin/../lib/gcc/arm-none-eabi/7.2.1/../../../../arm-none-eabi/lib/thumb/v6-m\libg_nano.a(lib_a-nano-vfprintf.o)
                              c:/gcc-arm-none-eabi-7-2017-q4-major-win32/bin/../lib/gcc/arm-none-eabi/7.2.1/../../../../arm-none-eabi/lib/thumb/v6-m\libg_nano.a(lib_a-vprintf.o) (_vfprintf_r)
c:/gcc-arm-none-eabi-7-2017-q4-major-win32/bin/../lib/gcc/arm-none-eabi/7.2.1/../../../../arm-none-eabi/lib/thumb/v6-m\libg_nano.a(lib_a-nano-vfprintf_i.o)
[...]
Memory Configuration

Name             Origin             Length             Attributes
FLASH            0x00000000         0x0003e800         xr
XRAM             0x20003800         0x00001fff         xrw
RAM              0x20004000         0x00004000         xrw
*default*        0x00000000         0xffffffff

Linker script and memory map

LOAD ./hal/hal_led.o
LOAD ./hal/hal_key.o
LOAD ./hal/hal_log.o
LOAD ./hal/hal_spi.o
LOAD ./hal/hal_uart.o
LOAD ./bsp/bsp_device.o
LOAD ./bsp/bsp_led.o
LOAD ./bsp/bsp_key.o
LOAD ./bsp/bsp_log.o
LOAD ./bsp/bsp_spi.o
LOAD ./bsp/bsp_uart.o
LOAD ./app/app_flash.o
LOAD ./app/app_led.o
LOAD ./app/app_key.o
LOAD ./app/app_uart.o
LOAD ./app/ch57x_code_flash.o
LOAD ./app/ch57x_usb_device_msc.o
LOAD ./app/diskio.o
LOAD ./app/ff.o
LOAD ./app/ffsystem.o
LOAD ./app/ffunicode.o
LOAD ./app/peripheral_main.o
LOAD ./StdPeriphDriver/CH57x_adc.o
LOAD ./StdPeriphDriver/CH57x_clk.o
LOAD ./StdPeriphDriver/CH57x_flash.o
LOAD ./StdPeriphDriver/CH57x_gpio.o
LOAD ./StdPeriphDriver/CH57x_int.o
LOAD ./StdPeriphDriver/CH57x_lcd.o
LOAD ./StdPeriphDriver/CH57x_pwm.o
LOAD ./StdPeriphDriver/CH57x_pwr.o
LOAD ./StdPeriphDriver/CH57x_spi0.o
LOAD ./StdPeriphDriver/CH57x_spi1.o
LOAD ./StdPeriphDriver/CH57x_sys.o
LOAD ./StdPeriphDriver/CH57x_timer0.o
LOAD ./StdPeriphDriver/CH57x_timer1.o
LOAD ./StdPeriphDriver/CH57x_timer2.o
LOAD ./StdPeriphDriver/CH57x_timer3.o
LOAD ./StdPeriphDriver/CH57x_uart0.o
LOAD ./StdPeriphDriver/CH57x_uart1.o
LOAD ./StdPeriphDriver/CH57x_uart2.o
LOAD ./StdPeriphDriver/CH57x_uart3.o
LOAD ./StdPeriphDriver/CH57x_usbdev.o
LOAD ./Startup/startup_ch579.o
START GROUP
LOAD c:/gcc-arm-none-eabi-7-2017-q4-major-win32/bin/../lib/gcc/arm-none-eabi/7.2.1/thumb/v6-m\libgcc.a
LOAD c:/gcc-arm-none-eabi-7-2017-q4-major-win32/bin/../lib/gcc/arm-none-eabi/7.2.1/../../../../arm-none-eabi/lib/thumb/v6-m\libg_nano.a
LOAD c:/gcc-arm-none-eabi-7-2017-q4-major-win32/bin/../lib/gcc/arm-none-eabi/7.2.1/../../../../arm-none-eabi/lib/thumb/v6-m\libc_nano.a
END GROUP
START GROUP
LOAD c:/gcc-arm-none-eabi-7-2017-q4-major-win32/bin/../lib/gcc/arm-none-eabi/7.2.1/thumb/v6-m\libgcc.a
LOAD c:/gcc-arm-none-eabi-7-2017-q4-major-win32/bin/../lib/gcc/arm-none-eabi/7.2.1/../../../../arm-none-eabi/lib/thumb/v6-m\libc_nano.a
LOAD c:/gcc-arm-none-eabi-7-2017-q4-major-win32/bin/../lib/gcc/arm-none-eabi/7.2.1/../../../../arm-none-eabi/lib/thumb/v6-m\libnosys.a
END GROUP
START GROUP
LOAD c:/gcc-arm-none-eabi-7-2017-q4-major-win32/bin/../lib/gcc/arm-none-eabi/7.2.1/thumb/v6-m\libgcc.a
LOAD c:/gcc-arm-none-eabi-7-2017-q4-major-win32/bin/../lib/gcc/arm-none-eabi/7.2.1/../../../../arm-none-eabi/lib/thumb/v6-m\libc_nano.a
LOAD c:/gcc-arm-none-eabi-7-2017-q4-major-win32/bin/../lib/gcc/arm-none-eabi/7.2.1/../../../../arm-none-eabi/lib/thumb/v6-m\libnosys.a
END GROUP
                0x20008000                _estack = 0x20008000
                0x00000400                _Min_Heap_Size = 0x400
                0x00000400                _Min_Stack_Size = 0x400

.stack_data

.isr_vector     0x00000000       0x90
                0x00000000                . = ALIGN (0x4)
 *(.isr_vector)
 .isr_vector    0x00000000       0x90 ./Startup/startup_ch579.o
                0x00000000                g_pfnVectors
                0x00000090                . = ALIGN (0x4)

.text           0x00000090     0x5580
                0x00000090                . = ALIGN (0x4)
 *(.text)
 .text          0x00000090       0x14 c:/gcc-arm-none-eabi-7-2017-q4-major-win32/bin/../lib/gcc/arm-none-eabi/7.2.1/thumb/v6-m\libgcc.a(_thumb1_case_uqi.o)
                0x00000090                __gnu_thumb1_case_uqi
 .text          0x000000a4      0x114 c:/gcc-arm-none-eabi-7-2017-q4-major-win32/bin/../lib/gcc/arm-none-eabi/7.2.1/thumb/v6-m\libgcc.a(_udivsi3.o)
                0x000000a4                __aeabi_uidiv
                0x000000a4                __udivsi3
                0x000001b0                __aeabi_uidivmod
 .text          0x000001b8      0x1d4 c:/gcc-arm-none-eabi-7-2017-q4-major-win32/bin/../lib/gcc/arm-none-eabi/7.2.1/thumb/v6-m\libgcc.a(_divsi3.o)
                0x000001b8                __divsi3
                0x000001b8                __aeabi_idiv
                0x00000384                __aeabi_idivmod
 .text          0x0000038c        0x4 c:/gcc-arm-none-eabi-7-2017-q4-major-win32/bin/../lib/gcc/arm-none-eabi/7.2.1/thumb/v6-m\libgcc.a(_dvmd_tls.o)
                0x0000038c                __aeabi_idiv0
                0x0000038c                __aeabi_ldiv0
 .text          0x00000390       0x14 c:/gcc-arm-none-eabi-7-2017-q4-major-win32/bin/../lib/gcc/arm-none-eabi/7.2.1/../../../../arm-none-eabi/lib/thumb/v6-m\libg_nano.a(lib_a-strcmp.o)
                0x00000390                strcmp
 *(.text*)
 .text.hal_led_write
                0x000003a4       0x30 ./hal/hal_led.o
                0x000003a4                hal_led_write
 .text.hal_led_read
                0x000003d4       0x2c ./hal/hal_led.o
                0x000003d4                hal_led_read
 .text.hal_led_close
                0x00000400       0x2c ./hal/hal_led.o
                0x00000400                hal_led_close
 .text.hal_led_open
                0x0000042c       0x48 ./hal/hal_led.o
                0x0000042c                hal_led_open
 .text.hal_led_init
                0x00000474       0xb8 ./hal/hal_led.o
                0x00000474                hal_led_init
 .text.hal_key_write
                0x0000052c       0x24 ./hal/hal_key.o
                0x0000052c                hal_key_write
 .text.hal_key_read
                0x00000550       0x20 ./hal/hal_key.o
                0x00000550                hal_key_read
 .text.hal_key_close
                0x00000570       0x20 ./hal/hal_key.o
                0x00000570                hal_key_close
 .text.hal_key_open
                0x00000590       0x28 ./hal/hal_key.o
                0x00000590                hal_key_open
 .text.hal_key_init
                0x000005b8       0x9c ./hal/hal_key.o
                0x000005b8                hal_key_init
 .text.hal_spi_write
                0x00000654       0x2c ./hal/hal_spi.o
                0x00000654                hal_spi_write
 .text.hal_spi_read
                0x00000680       0x2c ./hal/hal_spi.o
                0x00000680                hal_spi_read
 .text.hal_spi_close
                0x000006ac       0x20 ./hal/hal_spi.o
                0x000006ac                hal_spi_close
 .text.hal_spi_open
                0x000006cc       0x28 ./hal/hal_spi.o
                0x000006cc                hal_spi_open
 .text.hal_spi_init
                0x000006f4       0x9c ./hal/hal_spi.o
                0x000006f4                hal_spi_init
 .text.hal_uart_write
                0x00000790       0x34 ./hal/hal_uart.o
                0x00000790                hal_uart_write
 .text.hal_uart_read
                0x000007c4       0x34 ./hal/hal_uart.o
                0x000007c4                hal_uart_read
 .text.hal_uart_close
                0x000007f8       0x2c ./hal/hal_uart.o
                0x000007f8                hal_uart_close
 .text.hal_uart_open
                0x00000824       0x48 ./hal/hal_uart.o
                0x00000824                hal_uart_open
 .text.hal_uart_init
                0x0000086c       0x9c ./hal/hal_uart.o
                0x0000086c                hal_uart_init
 .text.bsp_device_find
                0x00000908       0x2c ./bsp/bsp_device.o
 .text.bsp_device_register
                0x00000934       0x24 ./bsp/bsp_device.o
                0x00000934                bsp_device_register
 .text.bsp_device_open
                0x00000958       0x24 ./bsp/bsp_device.o
                0x00000958                bsp_device_open
 .text.bsp_device_write
                0x0000097c       0x14 ./bsp/bsp_device.o
                0x0000097c                bsp_device_write
 .text.bsp_device_read
                0x00000990       0x14 ./bsp/bsp_device.o
                0x00000990                bsp_device_read
 .text.__bsp_led1_init
                0x000009a4        0xe ./bsp/bsp_led.o
                0x000009a4                __bsp_led1_init
 .text.__bsp_led1_deinit
                0x000009b2        0x4 ./bsp/bsp_led.o
                0x000009b2                __bsp_led1_deinit
 *fill*         0x000009b6        0x2 
 .text.__bsp_led1_write
                0x000009b8       0x30 ./bsp/bsp_led.o
                0x000009b8                __bsp_led1_write
 .text.__bsp_led1_read
                0x000009e8       0x10 ./bsp/bsp_led.o
                0x000009e8                __bsp_led1_read
 .text.__bsp_key1_init
                0x000009f8       0x24 ./bsp/bsp_key.o
                0x000009f8                __bsp_key1_init
 .text.__bsp_key1_deinit
                0x00000a1c        0x4 ./bsp/bsp_key.o
                0x00000a1c                __bsp_key1_deinit
 .text.__bsp_key1_write
                0x00000a20       0x34 ./bsp/bsp_key.o
                0x00000a20                __bsp_key1_write
 .text.__bsp_key1_read
                0x00000a54       0x10 ./bsp/bsp_key.o
                0x00000a54                __bsp_key1_read
 .text.bsp_log_send_write
                0x00000a64       0x16 ./bsp/bsp_log.o
                0x00000a64                bsp_log_send_write
 *fill*         0x00000a7a        0x2 
 .text.__bsp_spi0_init
                0x00000a7c       0x3c ./bsp/bsp_spi.o
                0x00000a7c                __bsp_spi0_init
 .text.__bsp_spi0_deinit
                0x00000ab8        0x2 ./bsp/bsp_spi.o
                0x00000ab8                __bsp_spi0_deinit
 *fill*         0x00000aba        0x2 
 .text.__bsp_spi0_read
                0x00000abc       0x5c ./bsp/bsp_spi.o
                0x00000abc                __bsp_spi0_read
 .text.__bsp_spi0_write
                0x00000b18       0x64 ./bsp/bsp_spi.o
                0x00000b18                __bsp_spi0_write
 .text.bsp_uart0_init
                0x00000b7c       0x48 ./bsp/bsp_uart.o
                0x00000b7c                bsp_uart0_init
 .text.bsp_uart0_write
                0x00000bc4        0x8 ./bsp/bsp_uart.o
                0x00000bc4                bsp_uart0_write
 .text.bsp_uart0_read
                0x00000bcc        0x8 ./bsp/bsp_uart.o
                0x00000bcc                bsp_uart0_read
 .text.bsp_uart0_deinit
                0x00000bd4        0x4 ./bsp/bsp_uart.o
                0x00000bd4                bsp_uart0_deinit
 .text.app_flash_read_status_reg
                0x00000bd8       0x2c ./app/app_flash.o
                0x00000bd8                app_flash_read_status_reg
 .text.app_flash_wait_busy
                0x00000c04        0xe ./app/app_flash.o
                0x00000c04                app_flash_wait_busy
 *fill*         0x00000c12        0x2 
 .text.app_flash_write_enable
                0x00000c14       0x24 ./app/app_flash.o
                0x00000c14                app_flash_write_enable
 .text.app_flash_erase_4k_flash
                0x00000c38       0x34 ./app/app_flash.o
                0x00000c38                app_flash_erase_4k_flash
 .text.app_flash_erase_all_flash
                0x00000c6c       0x30 ./app/app_flash.o
                0x00000c6c                app_flash_erase_all_flash
 .text.app_flash_write
                0x00000c9c       0x64 ./app/app_flash.o
                0x00000c9c                app_flash_write
 .text.app_flash_read
                0x00000d00       0x60 ./app/app_flash.o
                0x00000d00                app_flash_read
 .text.app_flash_read_flashID
                0x00000d60       0x34 ./app/app_flash.o
                0x00000d60                app_flash_read_flashID
 .text.app_flash_init
                0x00000d94       0x80 ./app/app_flash.o
                0x00000d94                app_flash_init
 .text.app_led1_init
                0x00000e14       0x68 ./app/app_led.o
                0x00000e14                app_led1_init
 .text.app_key1_init
                0x00000e7c       0x68 ./app/app_key.o
                0x00000e7c                app_key1_init
 .text.app_uart_init
                0x00000ee4       0x58 ./app/app_uart.o
                0x00000ee4                app_uart_init
 .text.BulkThirteen
                0x00000f3c       0x74 ./app/ch57x_usb_device_msc.o
                0x00000f3c                BulkThirteen
 .text.UFI_modeSense.part.0
                0x00000fb0       0x34 ./app/ch57x_usb_device_msc.o
 .text.UFI_readCapacity
                0x00000fe4       0x3c ./app/ch57x_usb_device_msc.o
                0x00000fe4                UFI_readCapacity
 .text.UFI_inquiry
                0x00001020       0x3c ./app/ch57x_usb_device_msc.o
                0x00001020                UFI_inquiry
 .text.UFI_read10
                0x0000105c       0x60 ./app/ch57x_usb_device_msc.o
                0x0000105c                UFI_read10
 .text.UFI_modeSense
                0x000010bc       0x50 ./app/ch57x_usb_device_msc.o
                0x000010bc                UFI_modeSense
 .text.UFI_requestSense
                0x0000110c       0x80 ./app/ch57x_usb_device_msc.o
                0x0000110c                UFI_requestSense
 .text.UFI_testUnit
                0x0000118c       0x2c ./app/ch57x_usb_device_msc.o
                0x0000118c                UFI_testUnit
 .text.UFI_perOrMed
                0x000011b8       0x1c ./app/ch57x_usb_device_msc.o
                0x000011b8                UFI_perOrMed
 .text.UFI_write
                0x000011d4       0x70 ./app/ch57x_usb_device_msc.o
                0x000011d4                UFI_write
 .text.UFI_modeSense5
                0x00001244       0x50 ./app/ch57x_usb_device_msc.o
                0x00001244                UFI_modeSense5
 .text.UFI_Hunding
                0x00001294       0xa4 ./app/ch57x_usb_device_msc.o
                0x00001294                UFI_Hunding
 .text.mCH375BulkOnly
                0x00001338       0x8c ./app/ch57x_usb_device_msc.o
                0x00001338                mCH375BulkOnly
 .text.mCH375UpCsw
                0x000013c4       0x8c ./app/ch57x_usb_device_msc.o
                0x000013c4                mCH375UpCsw
 .text.CH375bulkUpData
                0x00001450       0x90 ./app/ch57x_usb_device_msc.o
                0x00001450                CH375bulkUpData
 .text.mCH375BulkDownData
                0x000014e0       0x58 ./app/ch57x_usb_device_msc.o
                0x000014e0                mCH375BulkDownData
 .text.USB_DevTransProcess
                0x00001538      0x37c ./app/ch57x_usb_device_msc.o
                0x00001538                USB_DevTransProcess
 .text.USB_IRQHandler
                0x000018b4        0x8 ./app/ch57x_usb_device_msc.o
                0x000018b4                USB_IRQHandler
 .text.disk_status
                0x000018bc       0x20 ./app/diskio.o
                0x000018bc                disk_status
 .text.disk_initialize
                0x000018dc       0x24 ./app/diskio.o
                0x000018dc                disk_initialize
 .text.disk_read
                0x00001900       0x1c ./app/diskio.o
                0x00001900                disk_read
 .text.disk_ioctl
                0x0000191c       0x28 ./app/diskio.o
                0x0000191c                disk_ioctl
 .text.spi_disk_write
                0x00001944       0x16 ./app/diskio.o
                0x00001944                spi_disk_write
 .text.disk_write
                0x0000195a       0x26 ./app/diskio.o
                0x0000195a                disk_write
 .text.ld_dword
                0x00001980       0x16 ./app/ff.o
 .text.st_dword
                0x00001996       0x10 ./app/ff.o
 .text.mem_set  0x000019a6        0xc ./app/ff.o
 .text.mem_cmp  0x000019b2       0x1a ./app/ff.o
 .text.clst2sect
                0x000019cc       0x18 ./app/ff.o
 .text.sum_sfn  0x000019e4       0x1c ./app/ff.o
 .text.get_ldnumber
                0x00001a00       0x40 ./app/ff.o
 .text.validate
                0x00001a40       0x36 ./app/ff.o
 .text.mem_cpy.part.0
                0x00001a76       0x10 ./app/ff.o
 .text.ld_clust.isra.3
                0x00001a86       0x1e ./app/ff.o
 .text.st_clust.isra.4
                0x00001aa4       0x18 ./app/ff.o
 .text.sync_window
                0x00001abc       0x48 ./app/ff.o
 .text.move_window
                0x00001b04       0x34 ./app/ff.o
 .text.check_fs
                0x00001b38       0x80 ./app/ff.o
 .text.find_volume
                0x00001bb8      0x2e0 ./app/ff.o
 .text.put_fat  0x00001e98      0x110 ./app/ff.o
 .text.get_fat.isra.9
                0x00001fa8       0xc4 ./app/ff.o
 .text.dir_sdi  0x0000206c       0x94 ./app/ff.o
 .text.create_chain
                0x00002100       0xf0 ./app/ff.o
 .text.remove_chain
                0x000021f0       0x72 ./app/ff.o
 .text.dir_clear
                0x00002262       0x5e ./app/ff.o
 .text.dir_next
                0x000022c0       0xac ./app/ff.o
 .text.dir_find
                0x0000236c      0x168 ./app/ff.o
 .text.dir_register
                0x000024d4      0x250 ./app/ff.o
 .text.sync_fs  0x00002724       0xb0 ./app/ff.o
 .text.follow_path
                0x000027d4      0x2dc ./app/ff.o
 .text.f_mount  0x00002ab0       0x4c ./app/ff.o
                0x00002ab0                f_mount
 .text.f_open   0x00002afc      0x1a8 ./app/ff.o
                0x00002afc                f_open
 .text.f_read   0x00002ca4      0x132 ./app/ff.o
                0x00002ca4                f_read
 .text.f_write  0x00002dd6      0x17e ./app/ff.o
                0x00002dd6                f_write
 .text.putc_bfd
                0x00002f54       0x36 ./app/ff.o
 .text.putc_flush
                0x00002f8a       0x2c ./app/ff.o
 .text.f_sync   0x00002fb6       0x66 ./app/ff.o
                0x00002fb6                f_sync
 .text.f_close  0x0000301c       0x1c ./app/ff.o
                0x0000301c                f_close
 .text.f_mkfs   0x00003038      0x5bc ./app/ff.o
                0x00003038                f_mkfs
 .text.f_printf
                0x000035f4      0x206 ./app/ff.o
                0x000035f4                f_printf
 *fill*         0x000037fa        0x2 
 .text.ff_uni2oem
                0x000037fc       0x40 ./app/ffunicode.o
                0x000037fc                ff_uni2oem
 .text.ff_oem2uni
                0x0000383c       0x28 ./app/ffunicode.o
                0x0000383c                ff_oem2uni
 .text.ff_wtoupper
                0x00003864       0x98 ./app/ffunicode.o
                0x00003864                ff_wtoupper
 .text.startup.main
                0x000038fc      0x444 ./app/peripheral_main.o
                0x000038fc                main
 .text.UART0_IRQHandler
                0x00003d40       0x6c ./app/peripheral_main.o
                0x00003d40                UART0_IRQHandler
 .text.SYS_IsClkXT32MPon
                0x00003dac       0x10 ./StdPeriphDriver/CH57x_clk.o
 .text.SystemInit
                0x00003dbc       0x3c ./StdPeriphDriver/CH57x_clk.o
                0x00003dbc                SystemInit
 .text.SYS_ClkXT32MPon
                0x00003df8       0x34 ./StdPeriphDriver/CH57x_clk.o
                0x00003df8                SYS_ClkXT32MPon
 .text.SYS_ClkINT32MPon
                0x00003e2c       0x2c ./StdPeriphDriver/CH57x_clk.o
                0x00003e2c                SYS_ClkINT32MPon
 .text.SYS_PLLPon
                0x00003e58       0x38 ./StdPeriphDriver/CH57x_clk.o
                0x00003e58                SYS_PLLPon
 .text.GetSysClock
                0x00003e90       0x44 ./StdPeriphDriver/CH57x_clk.o
                0x00003e90                GetSysClock
 .text.LClk32k_Power
                0x00003ed4       0x94 ./StdPeriphDriver/CH57x_clk.o
                0x00003ed4                LClk32k_Power
 .text.LClk32K_Select
                0x00003f68       0x38 ./StdPeriphDriver/CH57x_clk.o
                0x00003f68                LClk32K_Select
 .text.SetSysClock
                0x00003fa0      0x1a4 ./StdPeriphDriver/CH57x_clk.o
                0x00003fa0                SetSysClock
 .text.GPIOA_ModeCfg
                0x00004144       0x78 ./StdPeriphDriver/CH57x_gpio.o
                0x00004144                GPIOA_ModeCfg
 .text.GPIOB_ModeCfg
                0x000041bc       0x78 ./StdPeriphDriver/CH57x_gpio.o
                0x000041bc                GPIOB_ModeCfg
 .text.NMI_Handler
                0x00004234       0x80 ./StdPeriphDriver/CH57x_int.o
                0x00004234                NMI_Handler
 .text.PWR_UnitModCfg
                0x000042b4       0x70 ./StdPeriphDriver/CH57x_pwr.o
                0x000042b4                PWR_UnitModCfg
 .text.PowerMonitor
                0x00004324       0x44 ./StdPeriphDriver/CH57x_pwr.o
                0x00004324                PowerMonitor
 .text.SPI0_MasterDefInit
                0x00004368       0x30 ./StdPeriphDriver/CH57x_spi0.o
                0x00004368                SPI0_MasterDefInit
 .text.SPI0_CLKCfg
                0x00004398       0x24 ./StdPeriphDriver/CH57x_spi0.o
                0x00004398                SPI0_CLKCfg
 .text.SPI0_DataMode
                0x000043bc       0x4c ./StdPeriphDriver/CH57x_spi0.o
                0x000043bc                SPI0_DataMode
 .text.SPI0_MasterSendByte
                0x00004408       0x28 ./StdPeriphDriver/CH57x_spi0.o
                0x00004408                SPI0_MasterSendByte
 .text.SPI0_MasterRecv
                0x00004430       0x48 ./StdPeriphDriver/CH57x_spi0.o
                0x00004430                SPI0_MasterRecv
 .text.mDelayuS
                0x00004478       0x56 ./StdPeriphDriver/CH57x_sys.o
                0x00004478                mDelayuS
 .text.mDelaymS
                0x000044ce       0x1c ./StdPeriphDriver/CH57x_sys.o
                0x000044ce                mDelaymS
 *fill*         0x000044ea        0x2 
 .text._write   0x000044ec       0x28 ./StdPeriphDriver/CH57x_sys.o
                0x000044ec                _write
 .text.UART0_BaudRateCfg
                0x00004514       0x28 ./StdPeriphDriver/CH57x_uart0.o
                0x00004514                UART0_BaudRateCfg
 .text.UART0_DefInit
                0x0000453c       0x34 ./StdPeriphDriver/CH57x_uart0.o
                0x0000453c                UART0_DefInit
 .text.UART0_ByteTrigCfg
                0x00004570       0x18 ./StdPeriphDriver/CH57x_uart0.o
                0x00004570                UART0_ByteTrigCfg
 .text.UART0_INTCfg
                0x00004588       0x28 ./StdPeriphDriver/CH57x_uart0.o
                0x00004588                UART0_INTCfg
 .text.UART0_SendString
                0x000045b0       0x28 ./StdPeriphDriver/CH57x_uart0.o
                0x000045b0                UART0_SendString
 .text.UART0_RecvString
                0x000045d8       0x24 ./StdPeriphDriver/CH57x_uart0.o
                0x000045d8                UART0_RecvString
 .text.USB_DeviceInit
                0x000045fc       0xcc ./StdPeriphDriver/CH57x_usbdev.o
                0x000045fc                USB_DeviceInit
 .text.Reset_Handler
                0x000046c8       0x7c ./Startup/startup_ch579.o
                0x000046c8                Reset_Handler
 .text.Default_Handler
                0x00004744        0x2 ./Startup/startup_ch579.o
                0x00004744                GPIO_IRQHandler
                0x00004744                HardFault_Handler
                0x00004744                SysTick_Handler
                0x00004744                PendSV_Handler
                0x00004744                UART1_IRQHandler
                0x00004744                BB_IRQHandler
                0x00004744                SPI1_IRQHandler
                0x00004744                TMR0_IRQHandler
                0x00004744                RTC_IRQHandler
                0x00004744                LED_IRQHandler
                0x00004744                UART2_IRQHandler
                0x00004744                Default_Handler
                0x00004744                ADC_IRQHandler
                0x00004744                TMR2_IRQHandler
                0x00004744                SLAVE_IRQHandler
                0x00004744                WDT_IRQHandler
                0x00004744                SVC_Handler
                0x00004744                LLE_IRQHandler
                0x00004744                ETH_IRQHandler
                0x00004744                TMR3_IRQHandler
                0x00004744                SPI0_IRQHandler
                0x00004744                UART3_IRQHandler
                0x00004744                TMR1_IRQHandler
 *fill*         0x00004746        0x2 
 .text.malloc   0x00004748       0x14 c:/gcc-arm-none-eabi-7-2017-q4-major-win32/bin/../lib/gcc/arm-none-eabi/7.2.1/../../../../arm-none-eabi/lib/thumb/v6-m\libg_nano.a(lib_a-malloc.o)
                0x00004748                malloc
 .text.memcpy   0x0000475c       0x12 c:/gcc-arm-none-eabi-7-2017-q4-major-win32/bin/../lib/gcc/arm-none-eabi/7.2.1/../../../../arm-none-eabi/lib/thumb/v6-m\libg_nano.a(lib_a-memcpy-stub.o)
                0x0000475c                memcpy
 .text.memset   0x0000476e       0x10 c:/gcc-arm-none-eabi-7-2017-q4-major-win32/bin/../lib/gcc/arm-none-eabi/7.2.1/../../../../arm-none-eabi/lib/thumb/v6-m\libg_nano.a(lib_a-memset.o)
                0x0000476e                memset
 *fill*         0x0000477e        0x2 
 .text._free_r  0x00004780       0x94 c:/gcc-arm-none-eabi-7-2017-q4-major-win32/bin/../lib/gcc/arm-none-eabi/7.2.1/../../../../arm-none-eabi/lib/thumb/v6-m\libg_nano.a(lib_a-nano-freer.o)
                0x00004780                _free_r
 .text._malloc_r
                0x00004814       0xbc c:/gcc-arm-none-eabi-7-2017-q4-major-win32/bin/../lib/gcc/arm-none-eabi/7.2.1/../../../../arm-none-eabi/lib/thumb/v6-m\libg_nano.a(lib_a-nano-mallocr.o)
                0x00004814                _malloc_r
 .text._sbrk_r  0x000048d0       0x24 c:/gcc-arm-none-eabi-7-2017-q4-major-win32/bin/../lib/gcc/arm-none-eabi/7.2.1/../../../../arm-none-eabi/lib/thumb/v6-m\libg_nano.a(lib_a-sbrkr.o)
                0x000048d0                _sbrk_r
 .text.vprintf  0x000048f4       0x2c c:/gcc-arm-none-eabi-7-2017-q4-major-win32/bin/../lib/gcc/arm-none-eabi/7.2.1/../../../../arm-none-eabi/lib/thumb/v6-m\libg_nano.a(lib_a-vprintf.o)
                0x000048f4                viprintf
                0x000048f4                vprintf
 .text.std      0x00004920       0x48 c:/gcc-arm-none-eabi-7-2017-q4-major-win32/bin/../lib/gcc/arm-none-eabi/7.2.1/../../../../arm-none-eabi/lib/thumb/v6-m\libg_nano.a(lib_a-findfp.o)
 .text._cleanup_r
                0x00004968       0x10 c:/gcc-arm-none-eabi-7-2017-q4-major-win32/bin/../lib/gcc/arm-none-eabi/7.2.1/../../../../arm-none-eabi/lib/thumb/v6-m\libg_nano.a(lib_a-findfp.o)
                0x00004968                _cleanup_r
 .text.__sfmoreglue
                0x00004978       0x2c c:/gcc-arm-none-eabi-7-2017-q4-major-win32/bin/../lib/gcc/arm-none-eabi/7.2.1/../../../../arm-none-eabi/lib/thumb/v6-m\libg_nano.a(lib_a-findfp.o)
                0x00004978                __sfmoreglue
 .text.__sinit  0x000049a4       0x68 c:/gcc-arm-none-eabi-7-2017-q4-major-win32/bin/../lib/gcc/arm-none-eabi/7.2.1/../../../../arm-none-eabi/lib/thumb/v6-m\libg_nano.a(lib_a-findfp.o)
                0x000049a4                __sinit
 .text.__sfp    0x00004a0c       0x7c c:/gcc-arm-none-eabi-7-2017-q4-major-win32/bin/../lib/gcc/arm-none-eabi/7.2.1/../../../../arm-none-eabi/lib/thumb/v6-m\libg_nano.a(lib_a-findfp.o)
                0x00004a0c                __sfp
 .text._fwalk_reent
                0x00004a88       0x42 c:/gcc-arm-none-eabi-7-2017-q4-major-win32/bin/../lib/gcc/arm-none-eabi/7.2.1/../../../../arm-none-eabi/lib/thumb/v6-m\libg_nano.a(lib_a-fwalk.o)
                0x00004a88                _fwalk_reent
 .text.__malloc_lock
                0x00004aca        0x2 c:/gcc-arm-none-eabi-7-2017-q4-major-win32/bin/../lib/gcc/arm-none-eabi/7.2.1/../../../../arm-none-eabi/lib/thumb/v6-m\libg_nano.a(lib_a-mlock.o)
                0x00004aca                __malloc_lock
 .text.__malloc_unlock
                0x00004acc        0x2 c:/gcc-arm-none-eabi-7-2017-q4-major-win32/bin/../lib/gcc/arm-none-eabi/7.2.1/../../../../arm-none-eabi/lib/thumb/v6-m\libg_nano.a(lib_a-mlock.o)
                0x00004acc                __malloc_unlock
 .text.__sfputc_r
                0x00004ace       0x2a c:/gcc-arm-none-eabi-7-2017-q4-major-win32/bin/../lib/gcc/arm-none-eabi/7.2.1/../../../../arm-none-eabi/lib/thumb/v6-m\libg_nano.a(lib_a-nano-vfprintf.o)
 .text.__sfputs_r
                0x00004af8       0x24 c:/gcc-arm-none-eabi-7-2017-q4-major-win32/bin/../lib/gcc/arm-none-eabi/7.2.1/../../../../arm-none-eabi/lib/thumb/v6-m\libg_nano.a(lib_a-nano-vfprintf.o)
                0x00004af8                __sfputs_r
 .text._vfprintf_r
                0x00004b1c      0x22c c:/gcc-arm-none-eabi-7-2017-q4-major-win32/bin/../lib/gcc/arm-none-eabi/7.2.1/../../../../arm-none-eabi/lib/thumb/v6-m\libg_nano.a(lib_a-nano-vfprintf.o)
                0x00004b1c                _vfprintf_r
                0x00004b1c                _vfiprintf_r
 .text._printf_common
                0x00004d48       0xda c:/gcc-arm-none-eabi-7-2017-q4-major-win32/bin/../lib/gcc/arm-none-eabi/7.2.1/../../../../arm-none-eabi/lib/thumb/v6-m\libg_nano.a(lib_a-nano-vfprintf_i.o)
                0x00004d48                _printf_common
 *fill*         0x00004e22        0x2 
 .text._printf_i
                0x00004e24      0x210 c:/gcc-arm-none-eabi-7-2017-q4-major-win32/bin/../lib/gcc/arm-none-eabi/7.2.1/../../../../arm-none-eabi/lib/thumb/v6-m\libg_nano.a(lib_a-nano-vfprintf_i.o)
                0x00004e24                _printf_i
 .text.__sread  0x00005034       0x28 c:/gcc-arm-none-eabi-7-2017-q4-major-win32/bin/../lib/gcc/arm-none-eabi/7.2.1/../../../../arm-none-eabi/lib/thumb/v6-m\libg_nano.a(lib_a-stdio.o)
                0x00005034                __sread
 .text.__swrite
                0x0000505c       0x38 c:/gcc-arm-none-eabi-7-2017-q4-major-win32/bin/../lib/gcc/arm-none-eabi/7.2.1/../../../../arm-none-eabi/lib/thumb/v6-m\libg_nano.a(lib_a-stdio.o)
                0x0000505c                __swrite
 .text.__sseek  0x00005094       0x2c c:/gcc-arm-none-eabi-7-2017-q4-major-win32/bin/../lib/gcc/arm-none-eabi/7.2.1/../../../../arm-none-eabi/lib/thumb/v6-m\libg_nano.a(lib_a-stdio.o)
                0x00005094                __sseek
 .text.__sclose
                0x000050c0        0xc c:/gcc-arm-none-eabi-7-2017-q4-major-win32/bin/../lib/gcc/arm-none-eabi/7.2.1/../../../../arm-none-eabi/lib/thumb/v6-m\libg_nano.a(lib_a-stdio.o)
                0x000050c0                __sclose
 .text.__swbuf_r
                0x000050cc       0xac c:/gcc-arm-none-eabi-7-2017-q4-major-win32/bin/../lib/gcc/arm-none-eabi/7.2.1/../../../../arm-none-eabi/lib/thumb/v6-m\libg_nano.a(lib_a-wbuf.o)
                0x000050cc                __swbuf_r
 .text._write_r
                0x00005178       0x28 c:/gcc-arm-none-eabi-7-2017-q4-major-win32/bin/../lib/gcc/arm-none-eabi/7.2.1/../../../../arm-none-eabi/lib/thumb/v6-m\libg_nano.a(lib_a-writer.o)
                0x00005178                _write_r
 .text.__swsetup_r
                0x000051a0       0xec c:/gcc-arm-none-eabi-7-2017-q4-major-win32/bin/../lib/gcc/arm-none-eabi/7.2.1/../../../../arm-none-eabi/lib/thumb/v6-m\libg_nano.a(lib_a-wsetup.o)
                0x000051a0                __swsetup_r
 .text._close_r
                0x0000528c       0x24 c:/gcc-arm-none-eabi-7-2017-q4-major-win32/bin/../lib/gcc/arm-none-eabi/7.2.1/../../../../arm-none-eabi/lib/thumb/v6-m\libg_nano.a(lib_a-closer.o)
                0x0000528c                _close_r
 .text.__sflush_r
                0x000052b0      0x114 c:/gcc-arm-none-eabi-7-2017-q4-major-win32/bin/../lib/gcc/arm-none-eabi/7.2.1/../../../../arm-none-eabi/lib/thumb/v6-m\libg_nano.a(lib_a-fflush.o)
                0x000052b0                __sflush_r
 .text._fflush_r
                0x000053c4       0x58 c:/gcc-arm-none-eabi-7-2017-q4-major-win32/bin/../lib/gcc/arm-none-eabi/7.2.1/../../../../arm-none-eabi/lib/thumb/v6-m\libg_nano.a(lib_a-fflush.o)
                0x000053c4                _fflush_r
 .text._lseek_r
                0x0000541c       0x28 c:/gcc-arm-none-eabi-7-2017-q4-major-win32/bin/../lib/gcc/arm-none-eabi/7.2.1/../../../../arm-none-eabi/lib/thumb/v6-m\libg_nano.a(lib_a-lseekr.o)
                0x0000541c                _lseek_r
 .text.__swhatbuf_r
                0x00005444       0x50 c:/gcc-arm-none-eabi-7-2017-q4-major-win32/bin/../lib/gcc/arm-none-eabi/7.2.1/../../../../arm-none-eabi/lib/thumb/v6-m\libg_nano.a(lib_a-makebuf.o)
                0x00005444                __swhatbuf_r
 .text.__smakebuf_r
                0x00005494       0x88 c:/gcc-arm-none-eabi-7-2017-q4-major-win32/bin/../lib/gcc/arm-none-eabi/7.2.1/../../../../arm-none-eabi/lib/thumb/v6-m\libg_nano.a(lib_a-makebuf.o)
                0x00005494                __smakebuf_r
 .text.memchr   0x0000551c       0x16 c:/gcc-arm-none-eabi-7-2017-q4-major-win32/bin/../lib/gcc/arm-none-eabi/7.2.1/../../../../arm-none-eabi/lib/thumb/v6-m\libg_nano.a(lib_a-memchr-stub.o)
                0x0000551c                memchr
 *fill*         0x00005532        0x2 
 .text._read_r  0x00005534       0x28 c:/gcc-arm-none-eabi-7-2017-q4-major-win32/bin/../lib/gcc/arm-none-eabi/7.2.1/../../../../arm-none-eabi/lib/thumb/v6-m\libg_nano.a(lib_a-readr.o)
                0x00005534                _read_r
 .text._fstat_r
                0x0000555c       0x24 c:/gcc-arm-none-eabi-7-2017-q4-major-win32/bin/../lib/gcc/arm-none-eabi/7.2.1/../../../../arm-none-eabi/lib/thumb/v6-m\libg_nano.a(lib_a-fstatr.o)
                0x0000555c                _fstat_r
 .text._isatty_r
                0x00005580       0x24 c:/gcc-arm-none-eabi-7-2017-q4-major-win32/bin/../lib/gcc/arm-none-eabi/7.2.1/../../../../arm-none-eabi/lib/thumb/v6-m\libg_nano.a(lib_a-isattyr.o)
                0x00005580                _isatty_r
 .text._close   0x000055a4       0x10 c:/gcc-arm-none-eabi-7-2017-q4-major-win32/bin/../lib/gcc/arm-none-eabi/7.2.1/../../../../arm-none-eabi/lib/thumb/v6-m\libnosys.a(close.o)
                0x000055a4                _close
 .text._fstat   0x000055b4       0x10 c:/gcc-arm-none-eabi-7-2017-q4-major-win32/bin/../lib/gcc/arm-none-eabi/7.2.1/../../../../arm-none-eabi/lib/thumb/v6-m\libnosys.a(fstat.o)
                0x000055b4                _fstat
 .text._isatty  0x000055c4       0x10 c:/gcc-arm-none-eabi-7-2017-q4-major-win32/bin/../lib/gcc/arm-none-eabi/7.2.1/../../../../arm-none-eabi/lib/thumb/v6-m\libnosys.a(isatty.o)
                0x000055c4                _isatty
 .text._lseek   0x000055d4       0x10 c:/gcc-arm-none-eabi-7-2017-q4-major-win32/bin/../lib/gcc/arm-none-eabi/7.2.1/../../../../arm-none-eabi/lib/thumb/v6-m\libnosys.a(lseek.o)
                0x000055d4                _lseek
 .text._read    0x000055e4       0x10 c:/gcc-arm-none-eabi-7-2017-q4-major-win32/bin/../lib/gcc/arm-none-eabi/7.2.1/../../../../arm-none-eabi/lib/thumb/v6-m\libnosys.a(read.o)
                0x000055e4                _read
 .text._sbrk    0x000055f4       0x1c c:/gcc-arm-none-eabi-7-2017-q4-major-win32/bin/../lib/gcc/arm-none-eabi/7.2.1/../../../../arm-none-eabi/lib/thumb/v6-m\libnosys.a(sbrk.o)
                0x000055f4                _sbrk
 *(.glue_7)
 .glue_7        0x00005610        0x0 linker stubs
 *(.glue_7t)
 .glue_7t       0x00005610        0x0 linker stubs
 *(.eh_frame)
 *(.init)
 *(.fini)
                0x00005610                . = ALIGN (0x4)
                0x00005610                _etext = .

.vfp11_veneer   0x00005610        0x0
 .vfp11_veneer  0x00005610        0x0 linker stubs

.v4_bx          0x00005610        0x0
 .v4_bx         0x00005610        0x0 linker stubs

.iplt           0x00005610        0x0
 .iplt          0x00005610        0x0 ./hal/hal_led.o

.rodata         0x00005610      0xd0c
                0x00005610                . = ALIGN (0x4)
 *(.rodata)
 .rodata        0x00005610        0x8 ./app/peripheral_main.o
 *(.rodata*)
 .rodata.hal_led_init.str1.1
                0x00005618       0x35 ./hal/hal_led.o
 .rodata.hal_key_init.str1.1
                0x0000564d       0x11 ./hal/hal_key.o
                                 0x35 (size before relaxing)
 .rodata.hal_spi_init.str1.1
                0x0000565e       0x11 ./hal/hal_spi.o
                                 0x35 (size before relaxing)
 .rodata.__bsp_key1_init.str1.1
                0x0000566f       0x2e ./bsp/bsp_key.o
 *fill*         0x0000569d        0x1 
 .rodata.app_flash_read.cst2
                0x0000569e        0x2 ./app/app_flash.o
 .rodata.app_flash_init.str1.1
                0x000056a0       0xbb ./app/app_flash.o
 .rodata.app_led1_init.str1.1
                0x0000575b       0x43 ./app/app_led.o
                                 0x6b (size before relaxing)
 .rodata.app_key1_init.str1.1
                0x0000579e       0x16 ./app/app_key.o
                                 0x6b (size before relaxing)
 .rodata.app_uart_init.str1.1
                0x000057b4       0x18 ./app/app_uart.o
                                 0x6d (size before relaxing)
 .rodata.DBCAPACITY
                0x000057cc        0x8 ./app/ch57x_usb_device_msc.o
                0x000057cc                DBCAPACITY
 .rodata.DBINQUITY
                0x000057d4       0x24 ./app/ch57x_usb_device_msc.o
                0x000057d4                DBINQUITY
 .rodata.MAX_LUN
                0x000057f8        0x1 ./app/ch57x_usb_device_msc.o
                0x000057f8                MAX_LUN
 .rodata.MyCfgDescr
                0x000057f9       0x20 ./app/ch57x_usb_device_msc.o
                0x000057f9                MyCfgDescr
 .rodata.MyDevDescr
                0x00005819       0x12 ./app/ch57x_usb_device_msc.o
                0x00005819                MyDevDescr
 .rodata.MyLangDescr
                0x0000582b        0x4 ./app/ch57x_usb_device_msc.o
                0x0000582b                MyLangDescr
 .rodata.MyManuInfo
                0x0000582f        0xe ./app/ch57x_usb_device_msc.o
                0x0000582f                MyManuInfo
 .rodata.MyProdInfo
                0x0000583d        0xc ./app/ch57x_usb_device_msc.o
                0x0000583d                MyProdInfo
 .rodata.mode5sense3F
                0x00005849       0x10 ./app/ch57x_usb_device_msc.o
                0x00005849                mode5sense3F
 .rodata.modesense3F
                0x00005859        0xc ./app/ch57x_usb_device_msc.o
                0x00005859                modesense3F
 .rodata.ExCvt  0x00005865       0x80 ./app/ff.o
 .rodata.LfnOfs
                0x000058e5        0xd ./app/ff.o
 .rodata.check_fs.str1.1
                0x000058f2        0xa ./app/ff.o
 .rodata.cst.4916
                0x000058fc        0xe ./app/ff.o
 .rodata.cst32.4917
                0x0000590a        0xe ./app/ff.o
 .rodata.f_mkfs.str1.1
                0x00005918       0x34 ./app/ff.o
 .rodata.follow_path.str1.1
                0x0000594c       0x10 ./app/ff.o
 .rodata.cvt1.4332
                0x0000595c      0x1f2 ./app/ffunicode.o
 .rodata.cvt2.4333
                0x00005b4e       0xbc ./app/ffunicode.o
 .rodata.uc437  0x00005c0a      0x100 ./app/ffunicode.o
 .rodata.UART0_IRQHandler.str1.1
                0x00005d0a       0x23 ./app/peripheral_main.o
 .rodata.main.str1.1
                0x00005d2d      0x555 ./app/peripheral_main.o
                                0x565 (size before relaxing)
 *fill*         0x00006282        0x2 
 .rodata.__sf_fake_stderr
                0x00006284       0x20 c:/gcc-arm-none-eabi-7-2017-q4-major-win32/bin/../lib/gcc/arm-none-eabi/7.2.1/../../../../arm-none-eabi/lib/thumb/v6-m\libg_nano.a(lib_a-findfp.o)
                0x00006284                __sf_fake_stderr
 .rodata.__sf_fake_stdin
                0x000062a4       0x20 c:/gcc-arm-none-eabi-7-2017-q4-major-win32/bin/../lib/gcc/arm-none-eabi/7.2.1/../../../../arm-none-eabi/lib/thumb/v6-m\libg_nano.a(lib_a-findfp.o)
                0x000062a4                __sf_fake_stdin
 .rodata.__sf_fake_stdout
                0x000062c4       0x20 c:/gcc-arm-none-eabi-7-2017-q4-major-win32/bin/../lib/gcc/arm-none-eabi/7.2.1/../../../../arm-none-eabi/lib/thumb/v6-m\libg_nano.a(lib_a-findfp.o)
                0x000062c4                __sf_fake_stdout
 .rodata._global_impure_ptr
                0x000062e4        0x4 c:/gcc-arm-none-eabi-7-2017-q4-major-win32/bin/../lib/gcc/arm-none-eabi/7.2.1/../../../../arm-none-eabi/lib/thumb/v6-m\libg_nano.a(lib_a-impure.o)
                0x000062e4                _global_impure_ptr
 .rodata._vfprintf_r.str1.1
                0x000062e8       0x11 c:/gcc-arm-none-eabi-7-2017-q4-major-win32/bin/../lib/gcc/arm-none-eabi/7.2.1/../../../../arm-none-eabi/lib/thumb/v6-m\libg_nano.a(lib_a-nano-vfprintf.o)
 .rodata._printf_i.str1.1
                0x000062f9       0x22 c:/gcc-arm-none-eabi-7-2017-q4-major-win32/bin/../lib/gcc/arm-none-eabi/7.2.1/../../../../arm-none-eabi/lib/thumb/v6-m\libg_nano.a(lib_a-nano-vfprintf_i.o)
                0x0000631c                . = ALIGN (0x4)
 *fill*         0x0000631b        0x1 

.rel.dyn        0x0000631c        0x0
 .rel.iplt      0x0000631c        0x0 ./hal/hal_led.o

.ARM.extab
 *(.ARM.extab* .gnu.linkonce.armextab.*)

.ARM            0x0000631c        0x0
                0x0000631c                __exidx_start = .
 *(.ARM.exidx*)
                0x0000631c                __exidx_end = .

.preinit_array  0x0000631c        0x0
                [!provide]                PROVIDE (__preinit_array_start, .)
 *(.preinit_array*)
                [!provide]                PROVIDE (__preinit_array_end, .)

.init_array     0x0000631c        0x0
                [!provide]                PROVIDE (__init_array_start, .)
 *(SORT_BY_NAME(.init_array.*))
 *(.init_array*)
                [!provide]                PROVIDE (__init_array_end, .)

.fini_array     0x0000631c        0x0
                [!provide]                PROVIDE (__fini_array_start, .)
 *(SORT_BY_NAME(.fini_array.*))
 *(.fini_array*)
                [!provide]                PROVIDE (__fini_array_end, .)
                0x0000631c                _sidata = LOADADDR (.data)

.data           0x20004000      0x15c load address 0x0000631c
                0x20004000                . = ALIGN (0x4)
                0x20004000                _sdata = .
 *(.data)
 *(.data*)
 .data.app_flash_fd
                0x20004000        0x4 ./app/app_flash.o
                0x20004000                app_flash_fd
 .data.spi0_config
                0x20004004       0x2c ./app/app_flash.o
                0x20004004                spi0_config
 .data.app_led_fd
                0x20004030        0x4 ./app/app_led.o
                0x20004030                app_led_fd
 .data.led1_config
                0x20004034       0x2c ./app/app_led.o
                0x20004034                led1_config
 .data.app_key_fd
                0x20004060        0x4 ./app/app_key.o
                0x20004060                app_key_fd
 .data.key1_config
                0x20004064       0x2c ./app/app_key.o
                0x20004064                key1_config
 .data.app_uart_fd
                0x20004090        0x4 ./app/app_uart.o
                0x20004090                app_uart_fd
 .data.uart0_config
                0x20004094       0x2c ./app/app_uart.o
                0x20004094                uart0_config
 .data.WriteBuffer
                0x200040c0       0x1a ./app/peripheral_main.o
                0x200040c0                WriteBuffer
 .data.WriteBuffer2
                0x200040da       0x1d ./app/peripheral_main.o
                0x200040da                WriteBuffer2
 *fill*         0x200040f7        0x1 
 .data._impure_ptr
                0x200040f8        0x4 c:/gcc-arm-none-eabi-7-2017-q4-major-win32/bin/../lib/gcc/arm-none-eabi/7.2.1/../../../../arm-none-eabi/lib/thumb/v6-m\libg_nano.a(lib_a-impure.o)
                0x200040f8                _impure_ptr
 .data.impure_data
                0x200040fc       0x60 c:/gcc-arm-none-eabi-7-2017-q4-major-win32/bin/../lib/gcc/arm-none-eabi/7.2.1/../../../../arm-none-eabi/lib/thumb/v6-m\libg_nano.a(lib_a-impure.o)
                0x2000415c                . = ALIGN (0x4)
                0x2000415c                _edata = .

.igot.plt       0x2000415c        0x0 load address 0x00006478
 .igot.plt      0x2000415c        0x0 ./hal/hal_led.o
                0x2000415c                . = ALIGN (0x4)

.bss            0x2000415c     0x2670 load address 0x00006478
                0x2000415c                _sbss = .
                0x2000415c                __bss_start__ = _sbss
 *(.bss)
 *(.bss*)
 .bss.hal_led_device_list
                0x2000415c        0x8 ./hal/hal_led.o
                0x2000415c                hal_led_device_list
 .bss.local_led_list
                0x20004164        0x8 ./hal/hal_led.o
                0x20004164                local_led_list
 .bss.hal_key_device_list
                0x2000416c        0x4 ./hal/hal_key.o
                0x2000416c                hal_key_device_list
 .bss.local_key_list
                0x20004170        0x4 ./hal/hal_key.o
                0x20004170                local_key_list
 .bss.hal_spi_device_list
                0x20004174        0x4 ./hal/hal_spi.o
                0x20004174                hal_spi_device_list
 .bss.local_spi_list
                0x20004178        0x4 ./hal/hal_spi.o
                0x20004178                local_spi_list
 .bss.hal_uart_device_list
                0x2000417c        0x8 ./hal/hal_uart.o
                0x2000417c                hal_uart_device_list
 .bss.local_uart_list
                0x20004184        0x8 ./hal/hal_uart.o
                0x20004184                local_uart_list
 .bss.global_device_list
                0x2000418c       0x28 ./bsp/bsp_device.o
                0x2000418c                global_device_list
 .bss.BcswStatus
                0x200041b4        0x1 ./app/ch57x_usb_device_msc.o
                0x200041b4                BcswStatus
 .bss.CH375BULKDOWN
                0x200041b5        0x1 ./app/ch57x_usb_device_msc.o
                0x200041b5                CH375BULKDOWN
 .bss.CH375BULKUP
                0x200041b6        0x1 ./app/ch57x_usb_device_msc.o
                0x200041b6                CH375BULKUP
 .bss.CH375CSW  0x200041b7        0x1 ./app/ch57x_usb_device_msc.o
                0x200041b7                CH375CSW
 .bss.DevConfig
                0x200041b8        0x1 ./app/ch57x_usb_device_msc.o
                0x200041b8                DevConfig
 *fill*         0x200041b9        0x3 
 .bss.EP0_Databuf
                0x200041bc       0x40 ./app/ch57x_usb_device_msc.o
                0x200041bc                EP0_Databuf
 .bss.EP1_Databuf
                0x200041fc       0x80 ./app/ch57x_usb_device_msc.o
                0x200041fc                EP1_Databuf
 .bss.FSTALL    0x2000427c        0x1 ./app/ch57x_usb_device_msc.o
                0x2000427c                FSTALL
 *fill*         0x2000427d        0x3 
 .bss.LEN       0x20004280        0x4 ./app/ch57x_usb_device_msc.o
                0x20004280                LEN
 .bss.Locate_Addr
                0x20004284        0x4 ./app/ch57x_usb_device_msc.o
                0x20004284                Locate_Addr
 .bss.MassPara  0x20004288       0x40 ./app/ch57x_usb_device_msc.o
                0x20004288                MassPara
 .bss.SetupReqCode
                0x200042c8        0x1 ./app/ch57x_usb_device_msc.o
                0x200042c8                SetupReqCode
 *fill*         0x200042c9        0x1 
 .bss.SetupReqLen
                0x200042ca        0x2 ./app/ch57x_usb_device_msc.o
                0x200042ca                SetupReqLen
 .bss.buffer    0x200042cc       0x40 ./app/ch57x_usb_device_msc.o
                0x200042cc                buffer
 .bss.lastFSTALL
                0x2000430c        0x1 ./app/ch57x_usb_device_msc.o
                0x2000430c                lastFSTALL
 .bss.mASC      0x2000430d        0x1 ./app/ch57x_usb_device_msc.o
                0x2000430d                mASC
 .bss.mSenseKey
                0x2000430e        0x1 ./app/ch57x_usb_device_msc.o
                0x2000430e                mSenseKey
 .bss.mdCBWTag  0x2000430f        0x4 ./app/ch57x_usb_device_msc.o
                0x2000430f                mdCBWTag
 *fill*         0x20004313        0x1 
 .bss.pBuf      0x20004314        0x4 ./app/ch57x_usb_device_msc.o
                0x20004314                pBuf
 .bss.pBuf_ReSelect
                0x20004318        0x1 ./app/ch57x_usb_device_msc.o
                0x20004318                pBuf_ReSelect
 *fill*         0x20004319        0x3 
 .bss.pDescr    0x2000431c        0x4 ./app/ch57x_usb_device_msc.o
                0x2000431c                pDescr
 .bss.FatFs     0x20004320        0x4 ./app/ff.o
 .bss.Fsid      0x20004324        0x2 ./app/ff.o
 .bss.ReadBuffer
                0x20004326      0x400 ./app/peripheral_main.o
                0x20004326                ReadBuffer
 *fill*         0x20004726        0x2 
 .bss.fnew      0x20004728       0x28 ./app/peripheral_main.o
                0x20004728                fnew
 .bss.fnum      0x20004750        0x4 ./app/peripheral_main.o
                0x20004750                fnum
 .bss.fs        0x20004754     0x1034 ./app/peripheral_main.o
                0x20004754                fs
 .bss.res_flash
                0x20005788        0x1 ./app/peripheral_main.o
                0x20005788                res_flash
 .bss.uart0_read_buf
                0x20005789       0x1f ./app/peripheral_main.o
                0x20005789                uart0_read_buf
 .bss.uart0_read_flag
                0x200057a8        0x1 ./app/peripheral_main.o
                0x200057a8                uart0_read_flag
 .bss.uart0_read_len
                0x200057a9        0x1 ./app/peripheral_main.o
                0x200057a9                uart0_read_len
 .bss.uart0_read_timeout
                0x200057aa        0x1 ./app/peripheral_main.o
                0x200057aa                uart0_read_timeout
 .bss.work      0x200057ab     0x1000 ./app/peripheral_main.o
                0x200057ab                work
 *fill*         0x200067ab        0x1 
 .bss.pEP0_RAM_Addr
                0x200067ac        0x4 ./StdPeriphDriver/CH57x_usbdev.o
                0x200067ac                pEP0_RAM_Addr
 .bss.pEP1_RAM_Addr
                0x200067b0        0x4 ./StdPeriphDriver/CH57x_usbdev.o
                0x200067b0                pEP1_RAM_Addr
 .bss.pEP2_RAM_Addr
                0x200067b4        0x4 ./StdPeriphDriver/CH57x_usbdev.o
                0x200067b4                pEP2_RAM_Addr
 .bss.pEP3_RAM_Addr
                0x200067b8        0x4 ./StdPeriphDriver/CH57x_usbdev.o
                0x200067b8                pEP3_RAM_Addr
 .bss.__malloc_free_list
                0x200067bc        0x4 c:/gcc-arm-none-eabi-7-2017-q4-major-win32/bin/../lib/gcc/arm-none-eabi/7.2.1/../../../../arm-none-eabi/lib/thumb/v6-m\libg_nano.a(lib_a-nano-mallocr.o)
                0x200067bc                __malloc_free_list
 .bss.__malloc_sbrk_start
                0x200067c0        0x4 c:/gcc-arm-none-eabi-7-2017-q4-major-win32/bin/../lib/gcc/arm-none-eabi/7.2.1/../../../../arm-none-eabi/lib/thumb/v6-m\libg_nano.a(lib_a-nano-mallocr.o)
                0x200067c0                __malloc_sbrk_start
 .bss.heap_end.4102
                0x200067c4        0x4 c:/gcc-arm-none-eabi-7-2017-q4-major-win32/bin/../lib/gcc/arm-none-eabi/7.2.1/../../../../arm-none-eabi/lib/thumb/v6-m\libnosys.a(sbrk.o)
 *(COMMON)
 COMMON         0x200067c8        0x4 c:/gcc-arm-none-eabi-7-2017-q4-major-win32/bin/../lib/gcc/arm-none-eabi/7.2.1/../../../../arm-none-eabi/lib/thumb/v6-m\libg_nano.a(lib_a-reent.o)
                0x200067c8                errno
                0x200067cc                . = ALIGN (0x4)
                0x200067cc                _ebss = .
                0x200067cc                __bss_end__ = _ebss

._user_heap_stack
                0x200067cc      0x800 load address 0x00006478
                0x200067cc                . = ALIGN (0x4)
                0x200067cc                PROVIDE (end, .)
                [!provide]                PROVIDE (_end, .)
                0x20006bcc                . = (. + _Min_Heap_Size)
 *fill*         0x200067cc      0x400 
                0x20006fcc                . = (. + _Min_Stack_Size)
 *fill*         0x20006bcc      0x400 
                0x20006fcc                . = ALIGN (0x4)

/DISCARD/
 libc.a(*)
 libm.a(*)
 libgcc.a(*)

.ARM.attributes
                0x00000000       0x2f
 *(.ARM.attributes)
 .ARM.attributes
                0x00000000       0x31 ./hal/hal_led.o
 .ARM.attributes
                0x00000031       0x31 ./hal/hal_key.o
 .ARM.attributes
                0x00000062       0x31 ./hal/hal_spi.o
 .ARM.attributes
                0x00000093       0x31 ./hal/hal_uart.o
 .ARM.attributes
                0x000000c4       0x31 ./bsp/bsp_device.o
 .ARM.attributes
                0x000000f5       0x31 ./bsp/bsp_led.o
 .ARM.attributes
                0x00000126       0x31 ./bsp/bsp_key.o
 .ARM.attributes
                0x00000157       0x31 ./bsp/bsp_log.o
 .ARM.attributes
                0x00000188       0x31 ./bsp/bsp_spi.o
 .ARM.attributes
                0x000001b9       0x31 ./bsp/bsp_uart.o
 .ARM.attributes
                0x000001ea       0x31 ./app/app_flash.o
 .ARM.attributes
                0x0000021b       0x31 ./app/app_led.o
 .ARM.attributes
                0x0000024c       0x31 ./app/app_key.o
 .ARM.attributes
                0x0000027d       0x31 ./app/app_uart.o
 .ARM.attributes
                0x000002ae       0x31 ./app/ch57x_usb_device_msc.o
 .ARM.attributes
                0x000002df       0x31 ./app/diskio.o
 .ARM.attributes
                0x00000310       0x31 ./app/ff.o
 .ARM.attributes
                0x00000341       0x31 ./app/ffunicode.o
 .ARM.attributes
                0x00000372       0x31 ./app/peripheral_main.o
 .ARM.attributes
                0x000003a3       0x31 ./StdPeriphDriver/CH57x_clk.o
 .ARM.attributes
                0x000003d4       0x31 ./StdPeriphDriver/CH57x_gpio.o
 .ARM.attributes
                0x00000405       0x31 ./StdPeriphDriver/CH57x_int.o
 .ARM.attributes
                0x00000436       0x31 ./StdPeriphDriver/CH57x_pwr.o
 .ARM.attributes
                0x00000467       0x31 ./StdPeriphDriver/CH57x_spi0.o
 .ARM.attributes
                0x00000498       0x31 ./StdPeriphDriver/CH57x_sys.o
 .ARM.attributes
                0x000004c9       0x31 ./StdPeriphDriver/CH57x_uart0.o
 .ARM.attributes
                0x000004fa       0x31 ./StdPeriphDriver/CH57x_usbdev.o
 .ARM.attributes
                0x0000052b       0x21 ./Startup/startup_ch579.o
 .ARM.attributes
                0x0000054c       0x1e c:/gcc-arm-none-eabi-7-2017-q4-major-win32/bin/../lib/gcc/arm-none-eabi/7.2.1/thumb/v6-m\libgcc.a(_thumb1_case_uqi.o)
 .ARM.attributes
                0x0000056a       0x1e c:/gcc-arm-none-eabi-7-2017-q4-major-win32/bin/../lib/gcc/arm-none-eabi/7.2.1/thumb/v6-m\libgcc.a(_udivsi3.o)
 .ARM.attributes
                0x00000588       0x1e c:/gcc-arm-none-eabi-7-2017-q4-major-win32/bin/../lib/gcc/arm-none-eabi/7.2.1/thumb/v6-m\libgcc.a(_divsi3.o)
 .ARM.attributes
                0x000005a6       0x1e c:/gcc-arm-none-eabi-7-2017-q4-major-win32/bin/../lib/gcc/arm-none-eabi/7.2.1/thumb/v6-m\libgcc.a(_dvmd_tls.o)
 .ARM.attributes
                0x000005c4       0x2c c:/gcc-arm-none-eabi-7-2017-q4-major-win32/bin/../lib/gcc/arm-none-eabi/7.2.1/../../../../arm-none-eabi/lib/thumb/v6-m\libg_nano.a(lib_a-malloc.o)
 .ARM.attributes
                0x000005f0       0x2c c:/gcc-arm-none-eabi-7-2017-q4-major-win32/bin/../lib/gcc/arm-none-eabi/7.2.1/../../../../arm-none-eabi/lib/thumb/v6-m\libg_nano.a(lib_a-memcpy-stub.o)
 .ARM.attributes
                0x0000061c       0x2c c:/gcc-arm-none-eabi-7-2017-q4-major-win32/bin/../lib/gcc/arm-none-eabi/7.2.1/../../../../arm-none-eabi/lib/thumb/v6-m\libg_nano.a(lib_a-memset.o)
 .ARM.attributes
                0x00000648       0x2c c:/gcc-arm-none-eabi-7-2017-q4-major-win32/bin/../lib/gcc/arm-none-eabi/7.2.1/../../../../arm-none-eabi/lib/thumb/v6-m\libg_nano.a(lib_a-nano-freer.o)
 .ARM.attributes
                0x00000674       0x2c c:/gcc-arm-none-eabi-7-2017-q4-major-win32/bin/../lib/gcc/arm-none-eabi/7.2.1/../../../../arm-none-eabi/lib/thumb/v6-m\libg_nano.a(lib_a-nano-mallocr.o)
 .ARM.attributes
                0x000006a0       0x2c c:/gcc-arm-none-eabi-7-2017-q4-major-win32/bin/../lib/gcc/arm-none-eabi/7.2.1/../../../../arm-none-eabi/lib/thumb/v6-m\libg_nano.a(lib_a-sbrkr.o)
 .ARM.attributes
                0x000006cc       0x1c c:/gcc-arm-none-eabi-7-2017-q4-major-win32/bin/../lib/gcc/arm-none-eabi/7.2.1/../../../../arm-none-eabi/lib/thumb/v6-m\libg_nano.a(lib_a-strcmp.o)
 .ARM.attributes
                0x000006e8       0x2c c:/gcc-arm-none-eabi-7-2017-q4-major-win32/bin/../lib/gcc/arm-none-eabi/7.2.1/../../../../arm-none-eabi/lib/thumb/v6-m\libg_nano.a(lib_a-vprintf.o)
 .ARM.attributes
                0x00000714       0x2c c:/gcc-arm-none-eabi-7-2017-q4-major-win32/bin/../lib/gcc/arm-none-eabi/7.2.1/../../../../arm-none-eabi/lib/thumb/v6-m\libg_nano.a(lib_a-findfp.o)
 .ARM.attributes
                0x00000740       0x2c c:/gcc-arm-none-eabi-7-2017-q4-major-win32/bin/../lib/gcc/arm-none-eabi/7.2.1/../../../../arm-none-eabi/lib/thumb/v6-m\libg_nano.a(lib_a-fwalk.o)
 .ARM.attributes
                0x0000076c       0x2c c:/gcc-arm-none-eabi-7-2017-q4-major-win32/bin/../lib/gcc/arm-none-eabi/7.2.1/../../../../arm-none-eabi/lib/thumb/v6-m\libg_nano.a(lib_a-impure.o)
 .ARM.attributes
                0x00000798       0x2c c:/gcc-arm-none-eabi-7-2017-q4-major-win32/bin/../lib/gcc/arm-none-eabi/7.2.1/../../../../arm-none-eabi/lib/thumb/v6-m\libg_nano.a(lib_a-mlock.o)
 .ARM.attributes
                0x000007c4       0x2c c:/gcc-arm-none-eabi-7-2017-q4-major-win32/bin/../lib/gcc/arm-none-eabi/7.2.1/../../../../arm-none-eabi/lib/thumb/v6-m\libg_nano.a(lib_a-nano-vfprintf.o)
 .ARM.attributes
                0x000007f0       0x2c c:/gcc-arm-none-eabi-7-2017-q4-major-win32/bin/../lib/gcc/arm-none-eabi/7.2.1/../../../../arm-none-eabi/lib/thumb/v6-m\libg_nano.a(lib_a-nano-vfprintf_i.o)
 .ARM.attributes
                0x0000081c       0x2c c:/gcc-arm-none-eabi-7-2017-q4-major-win32/bin/../lib/gcc/arm-none-eabi/7.2.1/../../../../arm-none-eabi/lib/thumb/v6-m\libg_nano.a(lib_a-reent.o)
 .ARM.attributes
                0x00000848       0x2c c:/gcc-arm-none-eabi-7-2017-q4-major-win32/bin/../lib/gcc/arm-none-eabi/7.2.1/../../../../arm-none-eabi/lib/thumb/v6-m\libg_nano.a(lib_a-stdio.o)
 .ARM.attributes
                0x00000874       0x2c c:/gcc-arm-none-eabi-7-2017-q4-major-win32/bin/../lib/gcc/arm-none-eabi/7.2.1/../../../../arm-none-eabi/lib/thumb/v6-m\libg_nano.a(lib_a-wbuf.o)
 .ARM.attributes
                0x000008a0       0x2c c:/gcc-arm-none-eabi-7-2017-q4-major-win32/bin/../lib/gcc/arm-none-eabi/7.2.1/../../../../arm-none-eabi/lib/thumb/v6-m\libg_nano.a(lib_a-writer.o)
 .ARM.attributes
                0x000008cc       0x2c c:/gcc-arm-none-eabi-7-2017-q4-major-win32/bin/../lib/gcc/arm-none-eabi/7.2.1/../../../../arm-none-eabi/lib/thumb/v6-m\libg_nano.a(lib_a-wsetup.o)
 .ARM.attributes
                0x000008f8       0x2c c:/gcc-arm-none-eabi-7-2017-q4-major-win32/bin/../lib/gcc/arm-none-eabi/7.2.1/../../../../arm-none-eabi/lib/thumb/v6-m\libg_nano.a(lib_a-closer.o)
 .ARM.attributes
                0x00000924       0x2c c:/gcc-arm-none-eabi-7-2017-q4-major-win32/bin/../lib/gcc/arm-none-eabi/7.2.1/../../../../arm-none-eabi/lib/thumb/v6-m\libg_nano.a(lib_a-fflush.o)
 .ARM.attributes
                0x00000950       0x2c c:/gcc-arm-none-eabi-7-2017-q4-major-win32/bin/../lib/gcc/arm-none-eabi/7.2.1/../../../../arm-none-eabi/lib/thumb/v6-m\libg_nano.a(lib_a-lseekr.o)
 .ARM.attributes
                0x0000097c       0x2c c:/gcc-arm-none-eabi-7-2017-q4-major-win32/bin/../lib/gcc/arm-none-eabi/7.2.1/../../../../arm-none-eabi/lib/thumb/v6-m\libg_nano.a(lib_a-makebuf.o)
 .ARM.attributes
                0x000009a8       0x2c c:/gcc-arm-none-eabi-7-2017-q4-major-win32/bin/../lib/gcc/arm-none-eabi/7.2.1/../../../../arm-none-eabi/lib/thumb/v6-m\libg_nano.a(lib_a-memchr-stub.o)
 .ARM.attributes
                0x000009d4       0x2c c:/gcc-arm-none-eabi-7-2017-q4-major-win32/bin/../lib/gcc/arm-none-eabi/7.2.1/../../../../arm-none-eabi/lib/thumb/v6-m\libg_nano.a(lib_a-readr.o)
 .ARM.attributes
                0x00000a00       0x2c c:/gcc-arm-none-eabi-7-2017-q4-major-win32/bin/../lib/gcc/arm-none-eabi/7.2.1/../../../../arm-none-eabi/lib/thumb/v6-m\libg_nano.a(lib_a-fstatr.o)
 .ARM.attributes
                0x00000a2c       0x2c c:/gcc-arm-none-eabi-7-2017-q4-major-win32/bin/../lib/gcc/arm-none-eabi/7.2.1/../../../../arm-none-eabi/lib/thumb/v6-m\libg_nano.a(lib_a-isattyr.o)
 .ARM.attributes
                0x00000a58       0x2c c:/gcc-arm-none-eabi-7-2017-q4-major-win32/bin/../lib/gcc/arm-none-eabi/7.2.1/../../../../arm-none-eabi/lib/thumb/v6-m\libnosys.a(close.o)
 .ARM.attributes
                0x00000a84       0x2c c:/gcc-arm-none-eabi-7-2017-q4-major-win32/bin/../lib/gcc/arm-none-eabi/7.2.1/../../../../arm-none-eabi/lib/thumb/v6-m\libnosys.a(fstat.o)
 .ARM.attributes
                0x00000ab0       0x2c c:/gcc-arm-none-eabi-7-2017-q4-major-win32/bin/../lib/gcc/arm-none-eabi/7.2.1/../../../../arm-none-eabi/lib/thumb/v6-m\libnosys.a(isatty.o)
 .ARM.attributes
                0x00000adc       0x2c c:/gcc-arm-none-eabi-7-2017-q4-major-win32/bin/../lib/gcc/arm-none-eabi/7.2.1/../../../../arm-none-eabi/lib/thumb/v6-m\libnosys.a(lseek.o)
 .ARM.attributes
                0x00000b08       0x2c c:/gcc-arm-none-eabi-7-2017-q4-major-win32/bin/../lib/gcc/arm-none-eabi/7.2.1/../../../../arm-none-eabi/lib/thumb/v6-m\libnosys.a(read.o)
 .ARM.attributes
                0x00000b34       0x2c c:/gcc-arm-none-eabi-7-2017-q4-major-win32/bin/../lib/gcc/arm-none-eabi/7.2.1/../../../../arm-none-eabi/lib/thumb/v6-m\libnosys.a(sbrk.o)
OUTPUT(ch57x_ble_uart_mrs_app_only_test.elf elf32-littlearm)

.debug_info     0x00000000    0x1b712
 .debug_info    0x00000000      0xf7f ./hal/hal_led.o
 .debug_info    0x00000f7f      0xf50 ./hal/hal_key.o
 .debug_info    0x00001ecf      0xfe1 ./hal/hal_spi.o
 .debug_info    0x00002eb0      0xf7d ./hal/hal_uart.o
 .debug_info    0x00003e2d      0xdb0 ./bsp/bsp_device.o
 .debug_info    0x00004bdd      0xb63 ./bsp/bsp_led.o
 .debug_info    0x00005740      0xb0f ./bsp/bsp_key.o
 .debug_info    0x0000624f      0xad1 ./bsp/bsp_log.o
 .debug_info    0x00006d20      0xd37 ./bsp/bsp_spi.o
 .debug_info    0x00007a57      0xdf7 ./bsp/bsp_uart.o
 .debug_info    0x0000884e     0x1122 ./app/app_flash.o
 .debug_info    0x00009970      0xc87 ./app/app_led.o
 .debug_info    0x0000a5f7      0xc87 ./app/app_key.o
 .debug_info    0x0000b27e      0xc40 ./app/app_uart.o
 .debug_info    0x0000bebe     0x13d7 ./app/ch57x_usb_device_msc.o
 .debug_info    0x0000d295      0xf44 ./app/diskio.o
 .debug_info    0x0000e1d9     0x4bbe ./app/ff.o
 .debug_info    0x00012d97      0x233 ./app/ffunicode.o
 .debug_info    0x00012fca     0x1b5a ./app/peripheral_main.o
 .debug_info    0x00014b24     0x152d ./StdPeriphDriver/CH57x_clk.o
 .debug_info    0x00016051      0xbd5 ./StdPeriphDriver/CH57x_gpio.o
 .debug_info    0x00016c26      0xcd2 ./StdPeriphDriver/CH57x_int.o
 .debug_info    0x000178f8      0xcaa ./StdPeriphDriver/CH57x_pwr.o
 .debug_info    0x000185a2      0xd0c ./StdPeriphDriver/CH57x_spi0.o
 .debug_info    0x000192ae      0xd7d ./StdPeriphDriver/CH57x_sys.o
 .debug_info    0x0001a02b      0xbbb ./StdPeriphDriver/CH57x_uart0.o
 .debug_info    0x0001abe6      0xb0a ./StdPeriphDriver/CH57x_usbdev.o
 .debug_info    0x0001b6f0       0x22 ./Startup/startup_ch579.o

.debug_abbrev   0x00000000     0x47a5
 .debug_abbrev  0x00000000      0x321 ./hal/hal_led.o
 .debug_abbrev  0x00000321      0x32e ./hal/hal_key.o
 .debug_abbrev  0x0000064f      0x320 ./hal/hal_spi.o
 .debug_abbrev  0x0000096f      0x31c ./hal/hal_uart.o
 .debug_abbrev  0x00000c8b      0x25e ./bsp/bsp_device.o
 .debug_abbrev  0x00000ee9      0x256 ./bsp/bsp_led.o
 .debug_abbrev  0x0000113f      0x22f ./bsp/bsp_key.o
 .debug_abbrev  0x0000136e      0x224 ./bsp/bsp_log.o
 .debug_abbrev  0x00001592      0x288 ./bsp/bsp_spi.o
 .debug_abbrev  0x0000181a      0x2d1 ./bsp/bsp_uart.o
 .debug_abbrev  0x00001aeb      0x35c ./app/app_flash.o
 .debug_abbrev  0x00001e47      0x250 ./app/app_led.o
 .debug_abbrev  0x00002097      0x250 ./app/app_key.o
 .debug_abbrev  0x000022e7      0x231 ./app/app_uart.o
 .debug_abbrev  0x00002518      0x341 ./app/ch57x_usb_device_msc.o
 .debug_abbrev  0x00002859      0x33b ./app/diskio.o
 .debug_abbrev  0x00002b94      0x3af ./app/ff.o
 .debug_abbrev  0x00002f43       0xda ./app/ffunicode.o
 .debug_abbrev  0x0000301d      0x341 ./app/peripheral_main.o
 .debug_abbrev  0x0000335e      0x3cb ./StdPeriphDriver/CH57x_clk.o
 .debug_abbrev  0x00003729      0x214 ./StdPeriphDriver/CH57x_gpio.o
 .debug_abbrev  0x0000393d      0x237 ./StdPeriphDriver/CH57x_int.o
 .debug_abbrev  0x00003b74      0x246 ./StdPeriphDriver/CH57x_pwr.o
 .debug_abbrev  0x00003dba      0x2af ./StdPeriphDriver/CH57x_spi0.o
 .debug_abbrev  0x00004069      0x2b5 ./StdPeriphDriver/CH57x_sys.o
 .debug_abbrev  0x0000431e      0x28c ./StdPeriphDriver/CH57x_uart0.o
 .debug_abbrev  0x000045aa      0x1e9 ./StdPeriphDriver/CH57x_usbdev.o
 .debug_abbrev  0x00004793       0x12 ./Startup/startup_ch579.o

.debug_loc      0x00000000     0x9714
 .debug_loc     0x00000000      0x2f4 ./hal/hal_led.o
 .debug_loc     0x000002f4      0x24d ./hal/hal_key.o
 .debug_loc     0x00000541      0x24d ./hal/hal_spi.o
 .debug_loc     0x0000078e      0x320 ./hal/hal_uart.o
 .debug_loc     0x00000aae      0x2d9 ./bsp/bsp_device.o
 .debug_loc     0x00000d87       0xa6 ./bsp/bsp_led.o
 .debug_loc     0x00000e2d       0x53 ./bsp/bsp_key.o
 .debug_loc     0x00000e80       0x21 ./bsp/bsp_log.o
 .debug_loc     0x00000ea1      0x22e ./bsp/bsp_spi.o
 .debug_loc     0x000010cf       0x98 ./bsp/bsp_uart.o
 .debug_loc     0x00001167      0x23f ./app/app_flash.o
 .debug_loc     0x000013a6       0x34 ./app/app_led.o
 .debug_loc     0x000013da       0x34 ./app/app_key.o
 .debug_loc     0x0000140e       0x34 ./app/app_uart.o
 .debug_loc     0x00001442      0x327 ./app/ch57x_usb_device_msc.o
 .debug_loc     0x00001769      0x3f5 ./app/diskio.o
 .debug_loc     0x00001b5e     0x6212 ./app/ff.o
 .debug_loc     0x00007d70      0x24f ./app/ffunicode.o
 .debug_loc     0x00007fbf       0x90 ./app/peripheral_main.o
 .debug_loc     0x0000804f      0xb41 ./StdPeriphDriver/CH57x_clk.o
 .debug_loc     0x00008b90      0x254 ./StdPeriphDriver/CH57x_gpio.o
 .debug_loc     0x00008de4      0x153 ./StdPeriphDriver/CH57x_int.o
 .debug_loc     0x00008f37      0x1d8 ./StdPeriphDriver/CH57x_pwr.o
 .debug_loc     0x0000910f      0x282 ./StdPeriphDriver/CH57x_spi0.o
 .debug_loc     0x00009391      0x1dc ./StdPeriphDriver/CH57x_sys.o
 .debug_loc     0x0000956d      0x1a7 ./StdPeriphDriver/CH57x_uart0.o

.debug_aranges  0x00000000      0x9b0
 .debug_aranges
                0x00000000       0x40 ./hal/hal_led.o
 .debug_aranges
                0x00000040       0x40 ./hal/hal_key.o
 .debug_aranges
                0x00000080       0x40 ./hal/hal_spi.o
 .debug_aranges
                0x000000c0       0x40 ./hal/hal_uart.o
 .debug_aranges
                0x00000100       0x50 ./bsp/bsp_device.o
 .debug_aranges
                0x00000150       0x50 ./bsp/bsp_led.o
 .debug_aranges
                0x000001a0       0x38 ./bsp/bsp_key.o
 .debug_aranges
                0x000001d8       0x28 ./bsp/bsp_log.o
 .debug_aranges
                0x00000200       0x38 ./bsp/bsp_spi.o
 .debug_aranges
                0x00000238       0x38 ./bsp/bsp_uart.o
 .debug_aranges
                0x00000270       0x68 ./app/app_flash.o
 .debug_aranges
                0x000002d8       0x20 ./app/app_led.o
 .debug_aranges
                0x000002f8       0x20 ./app/app_key.o
 .debug_aranges
                0x00000318       0x20 ./app/app_uart.o
 .debug_aranges
                0x00000338       0xa8 ./app/ch57x_usb_device_msc.o
 .debug_aranges
                0x000003e0       0x58 ./app/diskio.o
 .debug_aranges
                0x00000438      0x1b8 ./app/ff.o
 .debug_aranges
                0x000005f0       0x30 ./app/ffunicode.o
 .debug_aranges
                0x00000620       0x30 ./app/peripheral_main.o
 .debug_aranges
                0x00000650       0xd8 ./StdPeriphDriver/CH57x_clk.o
 .debug_aranges
                0x00000728       0x48 ./StdPeriphDriver/CH57x_gpio.o
 .debug_aranges
                0x00000770       0x40 ./StdPeriphDriver/CH57x_int.o
 .debug_aranges
                0x000007b0       0x50 ./StdPeriphDriver/CH57x_pwr.o
 .debug_aranges
                0x00000800       0x88 ./StdPeriphDriver/CH57x_spi0.o
 .debug_aranges
                0x00000888       0x70 ./StdPeriphDriver/CH57x_sys.o
 .debug_aranges
                0x000008f8       0x50 ./StdPeriphDriver/CH57x_uart0.o
 .debug_aranges
                0x00000948       0x40 ./StdPeriphDriver/CH57x_usbdev.o
 .debug_aranges
                0x00000988       0x28 ./Startup/startup_ch579.o

.debug_ranges   0x00000000     0x1078
 .debug_ranges  0x00000000       0xe8 ./hal/hal_led.o
 .debug_ranges  0x000000e8       0xd8 ./hal/hal_key.o
 .debug_ranges  0x000001c0       0xc8 ./hal/hal_spi.o
 .debug_ranges  0x00000288       0xf8 ./hal/hal_uart.o
 .debug_ranges  0x00000380       0x40 ./bsp/bsp_device.o
 .debug_ranges  0x000003c0       0x40 ./bsp/bsp_led.o
 .debug_ranges  0x00000400       0x28 ./bsp/bsp_key.o
 .debug_ranges  0x00000428       0x18 ./bsp/bsp_log.o
 .debug_ranges  0x00000440       0x70 ./bsp/bsp_spi.o
 .debug_ranges  0x000004b0       0x40 ./bsp/bsp_uart.o
 .debug_ranges  0x000004f0       0x58 ./app/app_flash.o
 .debug_ranges  0x00000548       0x10 ./app/app_led.o
 .debug_ranges  0x00000558       0x10 ./app/app_key.o
 .debug_ranges  0x00000568       0x10 ./app/app_uart.o
 .debug_ranges  0x00000578       0xb0 ./app/ch57x_usb_device_msc.o
 .debug_ranges  0x00000628       0x78 ./app/diskio.o
 .debug_ranges  0x000006a0      0x6c0 ./app/ff.o
 .debug_ranges  0x00000d60       0x20 ./app/ffunicode.o
 .debug_ranges  0x00000d80       0x20 ./app/peripheral_main.o
 .debug_ranges  0x00000da0       0xc8 ./StdPeriphDriver/CH57x_clk.o
 .debug_ranges  0x00000e68       0x38 ./StdPeriphDriver/CH57x_gpio.o
 .debug_ranges  0x00000ea0       0x30 ./StdPeriphDriver/CH57x_int.o
 .debug_ranges  0x00000ed0       0x40 ./StdPeriphDriver/CH57x_pwr.o
 .debug_ranges  0x00000f10       0x78 ./StdPeriphDriver/CH57x_spi0.o
 .debug_ranges  0x00000f88       0x60 ./StdPeriphDriver/CH57x_sys.o
 .debug_ranges  0x00000fe8       0x40 ./StdPeriphDriver/CH57x_uart0.o
 .debug_ranges  0x00001028       0x30 ./StdPeriphDriver/CH57x_usbdev.o
 .debug_ranges  0x00001058       0x20 ./Startup/startup_ch579.o

.debug_line     0x00000000     0x7705
 .debug_line    0x00000000      0x44f ./hal/hal_led.o
 .debug_line    0x0000044f      0x451 ./hal/hal_key.o
 .debug_line    0x000008a0      0x45b ./hal/hal_spi.o
 .debug_line    0x00000cfb      0x449 ./hal/hal_uart.o
 .debug_line    0x00001144      0x323 ./bsp/bsp_device.o
 .debug_line    0x00001467      0x233 ./bsp/bsp_led.o
 .debug_line    0x0000169a      0x28e ./bsp/bsp_key.o
 .debug_line    0x00001928      0x21e ./bsp/bsp_log.o
 .debug_line    0x00001b46      0x2c0 ./bsp/bsp_spi.o
 .debug_line    0x00001e06      0x306 ./bsp/bsp_uart.o
 .debug_line    0x0000210c      0x4c8 ./app/app_flash.o
 .debug_line    0x000025d4      0x360 ./app/app_led.o
 .debug_line    0x00002934      0x360 ./app/app_key.o
 .debug_line    0x00002c94      0x35c ./app/app_uart.o
 .debug_line    0x00002ff0      0x643 ./app/ch57x_usb_device_msc.o
 .debug_line    0x00003633      0x388 ./app/diskio.o
 .debug_line    0x000039bb     0x1360 ./app/ff.o
 .debug_line    0x00004d1b      0x161 ./app/ffunicode.o
 .debug_line    0x00004e7c      0x659 ./app/peripheral_main.o
 .debug_line    0x000054d5      0x88a ./StdPeriphDriver/CH57x_clk.o
 .debug_line    0x00005d5f      0x2fa ./StdPeriphDriver/CH57x_gpio.o
 .debug_line    0x00006059      0x465 ./StdPeriphDriver/CH57x_int.o
 .debug_line    0x000064be      0x419 ./StdPeriphDriver/CH57x_pwr.o
 .debug_line    0x000068d7      0x3bc ./StdPeriphDriver/CH57x_spi0.o
 .debug_line    0x00006c93      0x437 ./StdPeriphDriver/CH57x_sys.o
 .debug_line    0x000070ca      0x2be ./StdPeriphDriver/CH57x_uart0.o
 .debug_line    0x00007388      0x293 ./StdPeriphDriver/CH57x_usbdev.o
 .debug_line    0x0000761b       0xea ./Startup/startup_ch579.o

.debug_str      0x00000000     0x2ff0
 .debug_str     0x00000000      0x8e6 ./hal/hal_led.o
                                0x9ba (size before relaxing)
 .debug_str     0x000008e6      0x181 ./hal/hal_key.o
                                0x9ba (size before relaxing)
 .debug_str     0x00000a67      0x1af ./hal/hal_spi.o
                                0x9f8 (size before relaxing)
 .debug_str     0x00000c16      0x190 ./hal/hal_uart.o
                                0x9d1 (size before relaxing)
 .debug_str     0x00000da6       0xc3 ./bsp/bsp_device.o
                                0x89c (size before relaxing)
 .debug_str     0x00000e69      0x118 ./bsp/bsp_led.o
                                0x85b (size before relaxing)
 .debug_str     0x00000f81       0x54 ./bsp/bsp_key.o
                                0x81d (size before relaxing)
 .debug_str     0x00000fd5       0x60 ./bsp/bsp_log.o
                                0x7c2 (size before relaxing)
 .debug_str     0x00001035       0xfc ./bsp/bsp_spi.o
                                0x8f8 (size before relaxing)
 .debug_str     0x00001131      0x25c ./bsp/bsp_uart.o
                                0xa4f (size before relaxing)
 .debug_str     0x0000138d      0x17f ./app/app_flash.o
                                0xa7d (size before relaxing)
 .debug_str     0x0000150c       0x36 ./app/app_led.o
                                0x8e3 (size before relaxing)
 .debug_str     0x00001542       0x36 ./app/app_key.o
                                0x8e3 (size before relaxing)
 .debug_str     0x00001578       0x39 ./app/app_uart.o
                                0x8d3 (size before relaxing)
 .debug_str     0x000015b1      0x42a ./app/ch57x_usb_device_msc.o
                                0xbf5 (size before relaxing)
 .debug_str     0x000019db       0xc9 ./app/diskio.o
                                0x8ac (size before relaxing)
 .debug_str     0x00001aa4      0x5c9 ./app/ff.o
                                0x88e (size before relaxing)
 .debug_str     0x0000206d       0x23 ./app/ffunicode.o
                                0x21e (size before relaxing)
 .debug_str     0x00002090      0x204 ./app/peripheral_main.o
                                0xf4f (size before relaxing)
 .debug_str     0x00002294      0x557 ./StdPeriphDriver/CH57x_clk.o
                                0xdf3 (size before relaxing)
 .debug_str     0x000027eb      0x12f ./StdPeriphDriver/CH57x_gpio.o
                                0x901 (size before relaxing)
 .debug_str     0x0000291a      0x105 ./StdPeriphDriver/CH57x_int.o
                                0x88a (size before relaxing)
 .debug_str     0x00002a1f       0xdb ./StdPeriphDriver/CH57x_pwr.o
                                0x8b1 (size before relaxing)
 .debug_str     0x00002afa      0x170 ./StdPeriphDriver/CH57x_spi0.o
                                0x967 (size before relaxing)
 .debug_str     0x00002c6a      0x191 ./StdPeriphDriver/CH57x_sys.o
                                0x956 (size before relaxing)
 .debug_str     0x00002dfb       0xb7 ./StdPeriphDriver/CH57x_uart0.o
                                0x8a6 (size before relaxing)
 .debug_str     0x00002eb2       0xb9 ./StdPeriphDriver/CH57x_usbdev.o
                                0x81c (size before relaxing)
 .debug_str     0x00002f6b       0x85 ./Startup/startup_ch579.o
                                0x108 (size before relaxing)

.comment        0x00000000       0x7e
 .comment       0x00000000       0x7e ./hal/hal_led.o
                                 0x7f (size before relaxing)
 .comment       0x0000007e       0x7f ./hal/hal_key.o
 .comment       0x0000007e       0x7f ./hal/hal_spi.o
 .comment       0x0000007e       0x7f ./hal/hal_uart.o
 .comment       0x0000007e       0x7f ./bsp/bsp_device.o
 .comment       0x0000007e       0x7f ./bsp/bsp_led.o
 .comment       0x0000007e       0x7f ./bsp/bsp_key.o
 .comment       0x0000007e       0x7f ./bsp/bsp_log.o
 .comment       0x0000007e       0x7f ./bsp/bsp_spi.o
 .comment       0x0000007e       0x7f ./bsp/bsp_uart.o
 .comment       0x0000007e       0x7f ./app/app_flash.o
 .comment       0x0000007e       0x7f ./app/app_led.o
 .comment       0x0000007e       0x7f ./app/app_key.o
 .comment       0x0000007e       0x7f ./app/app_uart.o
 .comment       0x0000007e       0x7f ./app/ch57x_usb_device_msc.o
 .comment       0x0000007e       0x7f ./app/diskio.o
 .comment       0x0000007e       0x7f ./app/ff.o
 .comment       0x0000007e       0x7f ./app/ffunicode.o
 .comment       0x0000007e       0x7f ./app/peripheral_main.o
 .comment       0x0000007e       0x7f ./StdPeriphDriver/CH57x_clk.o
 .comment       0x0000007e       0x7f ./StdPeriphDriver/CH57x_gpio.o
 .comment       0x0000007e       0x7f ./StdPeriphDriver/CH57x_int.o
 .comment       0x0000007e       0x7f ./StdPeriphDriver/CH57x_pwr.o
 .comment       0x0000007e       0x7f ./StdPeriphDriver/CH57x_spi0.o
 .comment       0x0000007e       0x7f ./StdPeriphDriver/CH57x_sys.o
 .comment       0x0000007e       0x7f ./StdPeriphDriver/CH57x_uart0.o
 .comment       0x0000007e       0x7f ./StdPeriphDriver/CH57x_usbdev.o

.debug_frame    0x00000000     0x2054
 .debug_frame   0x00000000       0x94 ./hal/hal_led.o
 .debug_frame   0x00000094       0x90 ./hal/hal_key.o
 .debug_frame   0x00000124       0xa0 ./hal/hal_spi.o
 .debug_frame   0x000001c4       0x98 ./hal/hal_uart.o
 .debug_frame   0x0000025c       0xc0 ./bsp/bsp_device.o
 .debug_frame   0x0000031c       0xa0 ./bsp/bsp_led.o
 .debug_frame   0x000003bc       0x58 ./bsp/bsp_key.o
 .debug_frame   0x00000414       0x3c ./bsp/bsp_log.o
 .debug_frame   0x00000450       0x78 ./bsp/bsp_spi.o
 .debug_frame   0x000004c8       0x68 ./bsp/bsp_uart.o
 .debug_frame   0x00000530      0x144 ./app/app_flash.o
 .debug_frame   0x00000674       0x2c ./app/app_led.o
 .debug_frame   0x000006a0       0x2c ./app/app_key.o
 .debug_frame   0x000006cc       0x2c ./app/app_uart.o
 .debug_frame   0x000006f8      0x1e8 ./app/ch57x_usb_device_msc.o
 .debug_frame   0x000008e0       0xd0 ./app/diskio.o
 .debug_frame   0x000009b0      0x620 ./app/ff.o
 .debug_frame   0x00000fd0       0x58 ./app/ffunicode.o
 .debug_frame   0x00001028       0x60 ./app/peripheral_main.o
 .debug_frame   0x00001088      0x20c ./StdPeriphDriver/CH57x_clk.o
 .debug_frame   0x00001294       0x90 ./StdPeriphDriver/CH57x_gpio.o
 .debug_frame   0x00001324       0xb4 ./StdPeriphDriver/CH57x_int.o
 .debug_frame   0x000013d8       0xd0 ./StdPeriphDriver/CH57x_pwr.o
 .debug_frame   0x000014a8      0x158 ./StdPeriphDriver/CH57x_spi0.o
 .debug_frame   0x00001600       0xe8 ./StdPeriphDriver/CH57x_sys.o
 .debug_frame   0x000016e8       0xa8 ./StdPeriphDriver/CH57x_uart0.o
 .debug_frame   0x00001790       0x68 ./StdPeriphDriver/CH57x_usbdev.o
 .debug_frame   0x000017f8       0x20 c:/gcc-arm-none-eabi-7-2017-q4-major-win32/bin/../lib/gcc/arm-none-eabi/7.2.1/thumb/v6-m\libgcc.a(_udivsi3.o)
 .debug_frame   0x00001818       0x20 c:/gcc-arm-none-eabi-7-2017-q4-major-win32/bin/../lib/gcc/arm-none-eabi/7.2.1/thumb/v6-m\libgcc.a(_divsi3.o)
 .debug_frame   0x00001838       0x40 c:/gcc-arm-none-eabi-7-2017-q4-major-win32/bin/../lib/gcc/arm-none-eabi/7.2.1/../../../../arm-none-eabi/lib/thumb/v6-m\libg_nano.a(lib_a-malloc.o)
 .debug_frame   0x00001878       0x28 c:/gcc-arm-none-eabi-7-2017-q4-major-win32/bin/../lib/gcc/arm-none-eabi/7.2.1/../../../../arm-none-eabi/lib/thumb/v6-m\libg_nano.a(lib_a-memcpy-stub.o)
 .debug_frame   0x000018a0       0x20 c:/gcc-arm-none-eabi-7-2017-q4-major-win32/bin/../lib/gcc/arm-none-eabi/7.2.1/../../../../arm-none-eabi/lib/thumb/v6-m\libg_nano.a(lib_a-memset.o)
 .debug_frame   0x000018c0       0x2c c:/gcc-arm-none-eabi-7-2017-q4-major-win32/bin/../lib/gcc/arm-none-eabi/7.2.1/../../../../arm-none-eabi/lib/thumb/v6-m\libg_nano.a(lib_a-nano-freer.o)
 .debug_frame   0x000018ec       0x2c c:/gcc-arm-none-eabi-7-2017-q4-major-win32/bin/../lib/gcc/arm-none-eabi/7.2.1/../../../../arm-none-eabi/lib/thumb/v6-m\libg_nano.a(lib_a-nano-mallocr.o)
 .debug_frame   0x00001918       0x2c c:/gcc-arm-none-eabi-7-2017-q4-major-win32/bin/../lib/gcc/arm-none-eabi/7.2.1/../../../../arm-none-eabi/lib/thumb/v6-m\libg_nano.a(lib_a-sbrkr.o)
 .debug_frame   0x00001944       0x20 c:/gcc-arm-none-eabi-7-2017-q4-major-win32/bin/../lib/gcc/arm-none-eabi/7.2.1/../../../../arm-none-eabi/lib/thumb/v6-m\libg_nano.a(lib_a-strcmp.o)
 .debug_frame   0x00001964       0x48 c:/gcc-arm-none-eabi-7-2017-q4-major-win32/bin/../lib/gcc/arm-none-eabi/7.2.1/../../../../arm-none-eabi/lib/thumb/v6-m\libg_nano.a(lib_a-vprintf.o)
 .debug_frame   0x000019ac      0x140 c:/gcc-arm-none-eabi-7-2017-q4-major-win32/bin/../lib/gcc/arm-none-eabi/7.2.1/../../../../arm-none-eabi/lib/thumb/v6-m\libg_nano.a(lib_a-findfp.o)
 .debug_frame   0x00001aec       0x58 c:/gcc-arm-none-eabi-7-2017-q4-major-win32/bin/../lib/gcc/arm-none-eabi/7.2.1/../../../../arm-none-eabi/lib/thumb/v6-m\libg_nano.a(lib_a-fwalk.o)
 .debug_frame   0x00001b44       0x30 c:/gcc-arm-none-eabi-7-2017-q4-major-win32/bin/../lib/gcc/arm-none-eabi/7.2.1/../../../../arm-none-eabi/lib/thumb/v6-m\libg_nano.a(lib_a-mlock.o)
 .debug_frame   0x00001b74       0x9c c:/gcc-arm-none-eabi-7-2017-q4-major-win32/bin/../lib/gcc/arm-none-eabi/7.2.1/../../../../arm-none-eabi/lib/thumb/v6-m\libg_nano.a(lib_a-nano-vfprintf.o)
 .debug_frame   0x00001c10       0x54 c:/gcc-arm-none-eabi-7-2017-q4-major-win32/bin/../lib/gcc/arm-none-eabi/7.2.1/../../../../arm-none-eabi/lib/thumb/v6-m\libg_nano.a(lib_a-nano-vfprintf_i.o)
 .debug_frame   0x00001c64       0x48 c:/gcc-arm-none-eabi-7-2017-q4-major-win32/bin/../lib/gcc/arm-none-eabi/7.2.1/../../../../arm-none-eabi/lib/thumb/v6-m\libg_nano.a(lib_a-reent.o)
 .debug_frame   0x00001cac       0x90 c:/gcc-arm-none-eabi-7-2017-q4-major-win32/bin/../lib/gcc/arm-none-eabi/7.2.1/../../../../arm-none-eabi/lib/thumb/v6-m\libg_nano.a(lib_a-stdio.o)
 .debug_frame   0x00001d3c       0x48 c:/gcc-arm-none-eabi-7-2017-q4-major-win32/bin/../lib/gcc/arm-none-eabi/7.2.1/../../../../arm-none-eabi/lib/thumb/v6-m\libg_nano.a(lib_a-wbuf.o)
 .debug_frame   0x00001d84       0x2c c:/gcc-arm-none-eabi-7-2017-q4-major-win32/bin/../lib/gcc/arm-none-eabi/7.2.1/../../../../arm-none-eabi/lib/thumb/v6-m\libg_nano.a(lib_a-writer.o)
 .debug_frame   0x00001db0       0x2c c:/gcc-arm-none-eabi-7-2017-q4-major-win32/bin/../lib/gcc/arm-none-eabi/7.2.1/../../../../arm-none-eabi/lib/thumb/v6-m\libg_nano.a(lib_a-wsetup.o)
 .debug_frame   0x00001ddc       0x2c c:/gcc-arm-none-eabi-7-2017-q4-major-win32/bin/../lib/gcc/arm-none-eabi/7.2.1/../../../../arm-none-eabi/lib/thumb/v6-m\libg_nano.a(lib_a-closer.o)
 .debug_frame   0x00001e08       0x68 c:/gcc-arm-none-eabi-7-2017-q4-major-win32/bin/../lib/gcc/arm-none-eabi/7.2.1/../../../../arm-none-eabi/lib/thumb/v6-m\libg_nano.a(lib_a-fflush.o)
 .debug_frame   0x00001e70       0x2c c:/gcc-arm-none-eabi-7-2017-q4-major-win32/bin/../lib/gcc/arm-none-eabi/7.2.1/../../../../arm-none-eabi/lib/thumb/v6-m\libg_nano.a(lib_a-lseekr.o)
 .debug_frame   0x00001e9c       0x54 c:/gcc-arm-none-eabi-7-2017-q4-major-win32/bin/../lib/gcc/arm-none-eabi/7.2.1/../../../../arm-none-eabi/lib/thumb/v6-m\libg_nano.a(lib_a-makebuf.o)
 .debug_frame   0x00001ef0       0x20 c:/gcc-arm-none-eabi-7-2017-q4-major-win32/bin/../lib/gcc/arm-none-eabi/7.2.1/../../../../arm-none-eabi/lib/thumb/v6-m\libg_nano.a(lib_a-memchr-stub.o)
 .debug_frame   0x00001f10       0x2c c:/gcc-arm-none-eabi-7-2017-q4-major-win32/bin/../lib/gcc/arm-none-eabi/7.2.1/../../../../arm-none-eabi/lib/thumb/v6-m\libg_nano.a(lib_a-readr.o)
 .debug_frame   0x00001f3c       0x2c c:/gcc-arm-none-eabi-7-2017-q4-major-win32/bin/../lib/gcc/arm-none-eabi/7.2.1/../../../../arm-none-eabi/lib/thumb/v6-m\libg_nano.a(lib_a-fstatr.o)
 .debug_frame   0x00001f68       0x2c c:/gcc-arm-none-eabi-7-2017-q4-major-win32/bin/../lib/gcc/arm-none-eabi/7.2.1/../../../../arm-none-eabi/lib/thumb/v6-m\libg_nano.a(lib_a-isattyr.o)
 .debug_frame   0x00001f94       0x20 c:/gcc-arm-none-eabi-7-2017-q4-major-win32/bin/../lib/gcc/arm-none-eabi/7.2.1/../../../../arm-none-eabi/lib/thumb/v6-m\libnosys.a(close.o)
 .debug_frame   0x00001fb4       0x20 c:/gcc-arm-none-eabi-7-2017-q4-major-win32/bin/../lib/gcc/arm-none-eabi/7.2.1/../../../../arm-none-eabi/lib/thumb/v6-m\libnosys.a(fstat.o)
 .debug_frame   0x00001fd4       0x20 c:/gcc-arm-none-eabi-7-2017-q4-major-win32/bin/../lib/gcc/arm-none-eabi/7.2.1/../../../../arm-none-eabi/lib/thumb/v6-m\libnosys.a(isatty.o)
 .debug_frame   0x00001ff4       0x20 c:/gcc-arm-none-eabi-7-2017-q4-major-win32/bin/../lib/gcc/arm-none-eabi/7.2.1/../../../../arm-none-eabi/lib/thumb/v6-m\libnosys.a(lseek.o)
 .debug_frame   0x00002014       0x20 c:/gcc-arm-none-eabi-7-2017-q4-major-win32/bin/../lib/gcc/arm-none-eabi/7.2.1/../../../../arm-none-eabi/lib/thumb/v6-m\libnosys.a(read.o)
 .debug_frame   0x00002034       0x20 c:/gcc-arm-none-eabi-7-2017-q4-major-win32/bin/../lib/gcc/arm-none-eabi/7.2.1/../../../../arm-none-eabi/lib/thumb/v6-m\libnosys.a(sbrk.o)

.stab           0x00000000       0x84
 .stab          0x00000000       0x24 c:/gcc-arm-none-eabi-7-2017-q4-major-win32/bin/../lib/gcc/arm-none-eabi/7.2.1/../../../../arm-none-eabi/lib/thumb/v6-m\libnosys.a(close.o)
 .stab          0x00000024       0x18 c:/gcc-arm-none-eabi-7-2017-q4-major-win32/bin/../lib/gcc/arm-none-eabi/7.2.1/../../../../arm-none-eabi/lib/thumb/v6-m\libnosys.a(fstat.o)
                                 0x24 (size before relaxing)
 .stab          0x0000003c       0x18 c:/gcc-arm-none-eabi-7-2017-q4-major-win32/bin/../lib/gcc/arm-none-eabi/7.2.1/../../../../arm-none-eabi/lib/thumb/v6-m\libnosys.a(isatty.o)
                                 0x24 (size before relaxing)
 .stab          0x00000054       0x18 c:/gcc-arm-none-eabi-7-2017-q4-major-win32/bin/../lib/gcc/arm-none-eabi/7.2.1/../../../../arm-none-eabi/lib/thumb/v6-m\libnosys.a(lseek.o)
                                 0x24 (size before relaxing)
 .stab          0x0000006c       0x18 c:/gcc-arm-none-eabi-7-2017-q4-major-win32/bin/../lib/gcc/arm-none-eabi/7.2.1/../../../../arm-none-eabi/lib/thumb/v6-m\libnosys.a(read.o)
                                 0x24 (size before relaxing)

.stabstr        0x00000000      0x117
 .stabstr       0x00000000      0x117 c:/gcc-arm-none-eabi-7-2017-q4-major-win32/bin/../lib/gcc/arm-none-eabi/7.2.1/../../../../arm-none-eabi/lib/thumb/v6-m\libnosys.a(close.o)
