Archive member included to satisfy reference by file (symbol)

c:/gcc-arm-none-eabi-7-2017-q4-major-win32/bin/../lib/gcc/arm-none-eabi/7.2.1/thumb/v6-m\libgcc.a(_thumb1_case_uqi.o)
                              ./app/ch57x_usb_device_msc.o (__gnu_thumb1_case_uqi)
c:/gcc-arm-none-eabi-7-2017-q4-major-win32/bin/../lib/gcc/arm-none-eabi/7.2.1/thumb/v6-m\libgcc.a(_udivsi3.o)
                              ./app/ff.o (__aeabi_uidiv)
c:/gcc-arm-none-eabi-7-2017-q4-major-win32/bin/../lib/gcc/arm-none-eabi/7.2.1/thumb/v6-m\libgcc.a(_divsi3.o)
                              ./StdPeriphDriver/CH57x_adc.o (__aeabi_idiv)
c:/gcc-arm-none-eabi-7-2017-q4-major-win32/bin/../lib/gcc/arm-none-eabi/7.2.1/thumb/v6-m\libgcc.a(_dvmd_tls.o)
                              c:/gcc-arm-none-eabi-7-2017-q4-major-win32/bin/../lib/gcc/arm-none-eabi/7.2.1/thumb/v6-m\libgcc.a(_udivsi3.o) (__aeabi_idiv0)
c:/gcc-arm-none-eabi-7-2017-q4-major-win32/bin/../lib/gcc/arm-none-eabi/7.2.1/../../../../arm-none-eabi/lib/thumb/v6-m\libg_nano.a(lib_a-malloc.o)
                              ./hal/hal_led.o (malloc)
c:/gcc-arm-none-eabi-7-2017-q4-major-win32/bin/../lib/gcc/arm-none-eabi/7.2.1/../../../../arm-none-eabi/lib/thumb/v6-m\libg_nano.a(lib_a-memcpy-stub.o)
                              ./hal/hal_led.o (memcpy)
c:/gcc-arm-none-eabi-7-2017-q4-major-win32/bin/../lib/gcc/arm-none-eabi/7.2.1/../../../../arm-none-eabi/lib/thumb/v6-m\libg_nano.a(lib_a-memset.o)
                              ./app/peripheral_main.o (memset)
c:/gcc-arm-none-eabi-7-2017-q4-major-win32/bin/../lib/gcc/arm-none-eabi/7.2.1/../../../../arm-none-eabi/lib/thumb/v6-m\libg_nano.a(lib_a-nano-freer.o)
                              c:/gcc-arm-none-eabi-7-2017-q4-major-win32/bin/../lib/gcc/arm-none-eabi/7.2.1/../../../../arm-none-eabi/lib/thumb/v6-m\libg_nano.a(lib_a-malloc.o) (_free_r)
c:/gcc-arm-none-eabi-7-2017-q4-major-win32/bin/../lib/gcc/arm-none-eabi/7.2.1/../../../../arm-none-eabi/lib/thumb/v6-m\libg_nano.a(lib_a-nano-mallocr.o)
                              c:/gcc-arm-none-eabi-7-2017-q4-major-win32/bin/../lib/gcc/arm-none-eabi/7.2.1/../../../../arm-none-eabi/lib/thumb/v6-m\libg_nano.a(lib_a-malloc.o) (_malloc_r)
c:/gcc-arm-none-eabi-7-2017-q4-major-win32/bin/../lib/gcc/arm-none-eabi/7.2.1/../../../../arm-none-eabi/lib/thumb/v6-m\libg_nano.a(lib_a-sbrkr.o)
                              c:/gcc-arm-none-eabi-7-2017-q4-major-win32/bin/../lib/gcc/arm-none-eabi/7.2.1/../../../../arm-none-eabi/lib/thumb/v6-m\libg_nano.a(lib_a-nano-mallocr.o) (_sbrk_r)
c:/gcc-arm-none-eabi-7-2017-q4-major-win32/bin/../lib/gcc/arm-none-eabi/7.2.1/../../../../arm-none-eabi/lib/thumb/v6-m\libg_nano.a(lib_a-strcmp.o)
                              ./hal/hal_led.o (strcmp)
c:/gcc-arm-none-eabi-7-2017-q4-major-win32/bin/../lib/gcc/arm-none-eabi/7.2.1/../../../../arm-none-eabi/lib/thumb/v6-m\libg_nano.a(lib_a-vprintf.o)
                              ./bsp/bsp_log.o (vprintf)
c:/gcc-arm-none-eabi-7-2017-q4-major-win32/bin/../lib/gcc/arm-none-eabi/7.2.1/../../../../arm-none-eabi/lib/thumb/v6-m\libg_nano.a(lib_a-findfp.o)
                              c:/gcc-arm-none-eabi-7-2017-q4-major-win32/bin/../lib/gcc/arm-none-eabi/7.2.1/../../../../arm-none-eabi/lib/thumb/v6-m\libg_nano.a(lib_a-vprintf.o) (__sinit)
c:/gcc-arm-none-eabi-7-2017-q4-major-win32/bin/../lib/gcc/arm-none-eabi/7.2.1/../../../../arm-none-eabi/lib/thumb/v6-m\libg_nano.a(lib_a-fwalk.o)
                              c:/gcc-arm-none-eabi-7-2017-q4-major-win32/bin/../lib/gcc/arm-none-eabi/7.2.1/../../../../arm-none-eabi/lib/thumb/v6-m\libg_nano.a(lib_a-findfp.o) (_fwalk)
c:/gcc-arm-none-eabi-7-2017-q4-major-win32/bin/../lib/gcc/arm-none-eabi/7.2.1/../../../../arm-none-eabi/lib/thumb/v6-m\libg_nano.a(lib_a-impure.o)
                              c:/gcc-arm-none-eabi-7-2017-q4-major-win32/bin/../lib/gcc/arm-none-eabi/7.2.1/../../../../arm-none-eabi/lib/thumb/v6-m\libg_nano.a(lib_a-findfp.o) (_global_impure_ptr)
c:/gcc-arm-none-eabi-7-2017-q4-major-win32/bin/../lib/gcc/arm-none-eabi/7.2.1/../../../../arm-none-eabi/lib/thumb/v6-m\libg_nano.a(lib_a-mlock.o)
                              c:/gcc-arm-none-eabi-7-2017-q4-major-win32/bin/../lib/gcc/arm-none-eabi/7.2.1/../../../../arm-none-eabi/lib/thumb/v6-m\libg_nano.a(lib_a-nano-freer.o) (__malloc_lock)
c:/gcc-arm-none-eabi-7-2017-q4-major-win32/bin/../lib/gcc/arm-none-eabi/7.2.1/../../../../arm-none-eabi/lib/thumb/v6-m\libg_nano.a(lib_a-nano-vfprintf.o)
                              c:/gcc-arm-none-eabi-7-2017-q4-major-win32/bin/../lib/gcc/arm-none-eabi/7.2.1/../../../../arm-none-eabi/lib/thumb/v6-m\libg_nano.a(lib_a-vprintf.o) (_vfprintf_r)
c:/gcc-arm-none-eabi-7-2017-q4-major-win32/bin/../lib/gcc/arm-none-eabi/7.2.1/../../../../arm-none-eabi/lib/thumb/v6-m\libg_nano.a(lib_a-nano-vfprintf_i.o)
[...]
Memory Configuration

Name             Origin             Length             Attributes
FLASH            0x00000000         0x0003e800         xr
XRAM             0x20003800         0x00001fff         xrw
RAM              0x20004000         0x00004000         xrw
*default*        0x00000000         0xffffffff

Linker script and memory map

LOAD ./hal/hal_led.o
LOAD ./hal/hal_key.o
LOAD ./hal/hal_log.o
LOAD ./hal/hal_spi.o
LOAD ./hal/hal_device.o
LOAD ./hal/hal_uart.o
LOAD ./bsp/bsp_device.o
LOAD ./bsp/bsp_led.o
LOAD ./bsp/bsp_key.o
LOAD ./bsp/bsp_log.o
LOAD ./bsp/bsp_spi.o
LOAD ./bsp/bsp_uart.o
LOAD ./app/app_flash.o
LOAD ./app/app_led.o
LOAD ./app/app_key.o
LOAD ./app/app_uart.o
LOAD ./app/ch57x_code_flash.o
LOAD ./app/ch57x_usb_device_msc.o
LOAD ./app/diskio.o
LOAD ./app/ff.o
LOAD ./app/ffsystem.o
LOAD ./app/ffunicode.o
LOAD ./app/peripheral_main.o
LOAD ./StdPeriphDriver/CH57x_adc.o
LOAD ./StdPeriphDriver/CH57x_clk.o
LOAD ./StdPeriphDriver/CH57x_flash.o
LOAD ./StdPeriphDriver/CH57x_gpio.o
LOAD ./StdPeriphDriver/CH57x_int.o
LOAD ./StdPeriphDriver/CH57x_lcd.o
LOAD ./StdPeriphDriver/CH57x_pwm.o
LOAD ./StdPeriphDriver/CH57x_pwr.o
LOAD ./StdPeriphDriver/CH57x_spi0.o
LOAD ./StdPeriphDriver/CH57x_spi1.o
LOAD ./StdPeriphDriver/CH57x_sys.o
LOAD ./StdPeriphDriver/CH57x_timer0.o
LOAD ./StdPeriphDriver/CH57x_timer1.o
LOAD ./StdPeriphDriver/CH57x_timer2.o
LOAD ./StdPeriphDriver/CH57x_timer3.o
LOAD ./StdPeriphDriver/CH57x_uart0.o
LOAD ./StdPeriphDriver/CH57x_uart1.o
LOAD ./StdPeriphDriver/CH57x_uart2.o
LOAD ./StdPeriphDriver/CH57x_uart3.o
LOAD ./StdPeriphDriver/CH57x_usbdev.o
LOAD ./Startup/startup_ch579.o
START GROUP
LOAD c:/gcc-arm-none-eabi-7-2017-q4-major-win32/bin/../lib/gcc/arm-none-eabi/7.2.1/thumb/v6-m\libgcc.a
LOAD c:/gcc-arm-none-eabi-7-2017-q4-major-win32/bin/../lib/gcc/arm-none-eabi/7.2.1/../../../../arm-none-eabi/lib/thumb/v6-m\libg_nano.a
LOAD c:/gcc-arm-none-eabi-7-2017-q4-major-win32/bin/../lib/gcc/arm-none-eabi/7.2.1/../../../../arm-none-eabi/lib/thumb/v6-m\libc_nano.a
END GROUP
START GROUP
LOAD c:/gcc-arm-none-eabi-7-2017-q4-major-win32/bin/../lib/gcc/arm-none-eabi/7.2.1/thumb/v6-m\libgcc.a
LOAD c:/gcc-arm-none-eabi-7-2017-q4-major-win32/bin/../lib/gcc/arm-none-eabi/7.2.1/../../../../arm-none-eabi/lib/thumb/v6-m\libc_nano.a
LOAD c:/gcc-arm-none-eabi-7-2017-q4-major-win32/bin/../lib/gcc/arm-none-eabi/7.2.1/../../../../arm-none-eabi/lib/thumb/v6-m\libnosys.a
END GROUP
START GROUP
LOAD c:/gcc-arm-none-eabi-7-2017-q4-major-win32/bin/../lib/gcc/arm-none-eabi/7.2.1/thumb/v6-m\libgcc.a
LOAD c:/gcc-arm-none-eabi-7-2017-q4-major-win32/bin/../lib/gcc/arm-none-eabi/7.2.1/../../../../arm-none-eabi/lib/thumb/v6-m\libc_nano.a
LOAD c:/gcc-arm-none-eabi-7-2017-q4-major-win32/bin/../lib/gcc/arm-none-eabi/7.2.1/../../../../arm-none-eabi/lib/thumb/v6-m\libnosys.a
END GROUP
                0x20008000                _estack = 0x20008000
                0x00000400                _Min_Heap_Size = 0x400
                0x00000400                _Min_Stack_Size = 0x400

.stack_data

.isr_vector     0x00000000       0x90
                0x00000000                . = ALIGN (0x4)
 *(.isr_vector)
 .isr_vector    0x00000000       0x90 ./Startup/startup_ch579.o
                0x00000000                g_pfnVectors
                0x00000090                . = ALIGN (0x4)

.text           0x00000090     0x5994
                0x00000090                . = ALIGN (0x4)
 *(.text)
 .text          0x00000090       0x14 c:/gcc-arm-none-eabi-7-2017-q4-major-win32/bin/../lib/gcc/arm-none-eabi/7.2.1/thumb/v6-m\libgcc.a(_thumb1_case_uqi.o)
                0x00000090                __gnu_thumb1_case_uqi
 .text          0x000000a4      0x114 c:/gcc-arm-none-eabi-7-2017-q4-major-win32/bin/../lib/gcc/arm-none-eabi/7.2.1/thumb/v6-m\libgcc.a(_udivsi3.o)
                0x000000a4                __aeabi_uidiv
                0x000000a4                __udivsi3
                0x000001b0                __aeabi_uidivmod
 .text          0x000001b8      0x1d4 c:/gcc-arm-none-eabi-7-2017-q4-major-win32/bin/../lib/gcc/arm-none-eabi/7.2.1/thumb/v6-m\libgcc.a(_divsi3.o)
                0x000001b8                __divsi3
                0x000001b8                __aeabi_idiv
                0x00000384                __aeabi_idivmod
 .text          0x0000038c        0x4 c:/gcc-arm-none-eabi-7-2017-q4-major-win32/bin/../lib/gcc/arm-none-eabi/7.2.1/thumb/v6-m\libgcc.a(_dvmd_tls.o)
                0x0000038c                __aeabi_idiv0
                0x0000038c                __aeabi_ldiv0
 .text          0x00000390       0x14 c:/gcc-arm-none-eabi-7-2017-q4-major-win32/bin/../lib/gcc/arm-none-eabi/7.2.1/../../../../arm-none-eabi/lib/thumb/v6-m\libg_nano.a(lib_a-strcmp.o)
                0x00000390                strcmp
 *(.text*)
 .text.hal_led_write
                0x000003a4       0x30 ./hal/hal_led.o
                0x000003a4                hal_led_write
 .text.hal_led_read
                0x000003d4       0x2c ./hal/hal_led.o
                0x000003d4                hal_led_read
 .text.hal_led_close
                0x00000400       0x2c ./hal/hal_led.o
                0x00000400                hal_led_close
 .text.hal_led_open
                0x0000042c       0x48 ./hal/hal_led.o
                0x0000042c                hal_led_open
 .text.hal_led_init
                0x00000474       0xb8 ./hal/hal_led.o
                0x00000474                hal_led_init
 .text.hal_key_write
                0x0000052c       0x24 ./hal/hal_key.o
                0x0000052c                hal_key_write
 .text.hal_key_read
                0x00000550       0x20 ./hal/hal_key.o
                0x00000550                hal_key_read
 .text.hal_key_close
                0x00000570       0x20 ./hal/hal_key.o
                0x00000570                hal_key_close
 .text.hal_key_open
                0x00000590       0x28 ./hal/hal_key.o
                0x00000590                hal_key_open
 .text.hal_key_init
                0x000005b8       0x9c ./hal/hal_key.o
                0x000005b8                hal_key_init
 .text.hal_spi_write
                0x00000654       0x2c ./hal/hal_spi.o
                0x00000654                hal_spi_write
 .text.hal_spi_read
                0x00000680       0x2c ./hal/hal_spi.o
                0x00000680                hal_spi_read
 .text.hal_spi_close
                0x000006ac       0x20 ./hal/hal_spi.o
                0x000006ac                hal_spi_close
 .text.hal_spi_open
                0x000006cc       0x28 ./hal/hal_spi.o
                0x000006cc                hal_spi_open
 .text.hal_spi_init
                0x000006f4       0x9c ./hal/hal_spi.o
                0x000006f4                hal_spi_init
 .text.hal_device_register
                0x00000790       0x4c ./hal/hal_device.o
                0x00000790                hal_device_register
 .text.hal_device_find
                0x000007dc       0x34 ./hal/hal_device.o
                0x000007dc                hal_device_find
 .text.hal_device_ctrl
                0x00000810       0x38 ./hal/hal_device.o
                0x00000810                hal_device_ctrl
 .text.hal_device_init
                0x00000848       0x30 ./hal/hal_device.o
                0x00000848                hal_device_init
 .text.hal_uart_write
                0x00000878       0x34 ./hal/hal_uart.o
                0x00000878                hal_uart_write
 .text.hal_uart_read
                0x000008ac       0x34 ./hal/hal_uart.o
                0x000008ac                hal_uart_read
 .text.hal_uart_close
                0x000008e0       0x2c ./hal/hal_uart.o
                0x000008e0                hal_uart_close
 .text.hal_uart_open
                0x0000090c       0x48 ./hal/hal_uart.o
                0x0000090c                hal_uart_open
 .text.hal_uart_init
                0x00000954       0x9c ./hal/hal_uart.o
                0x00000954                hal_uart_init
 .text.bsp_device_find
                0x000009f0       0x2c ./bsp/bsp_device.o
 .text.bsp_device_register
                0x00000a1c       0x24 ./bsp/bsp_device.o
                0x00000a1c                bsp_device_register
 .text.bsp_device_open
                0x00000a40       0x24 ./bsp/bsp_device.o
                0x00000a40                bsp_device_open
 .text.bsp_device_write
                0x00000a64       0x14 ./bsp/bsp_device.o
                0x00000a64                bsp_device_write
 .text.bsp_device_read
                0x00000a78       0x14 ./bsp/bsp_device.o
                0x00000a78                bsp_device_read
 .text.bsp_gpioa_readpin
                0x00000a8c        0xc ./bsp/bsp_led.o
 .text.bsp_gpioa_setpin
                0x00000a98       0x1c ./bsp/bsp_led.o
 .text.bsp_gpioa_cfgpin
                0x00000ab4        0x8 ./bsp/bsp_led.o
 .text.__bsp_led_init
                0x00000abc       0x54 ./bsp/bsp_led.o
                0x00000abc                __bsp_led_init
 .text.__bsp_led_control
                0x00000b10       0xa0 ./bsp/bsp_led.o
                0x00000b10                __bsp_led_control
 .text.__bsp_led1_init
                0x00000bb0        0xe ./bsp/bsp_led.o
                0x00000bb0                __bsp_led1_init
 .text.__bsp_led1_deinit
                0x00000bbe        0x4 ./bsp/bsp_led.o
                0x00000bbe                __bsp_led1_deinit
 *fill*         0x00000bc2        0x2 
 .text.__bsp_led1_write
                0x00000bc4       0x30 ./bsp/bsp_led.o
                0x00000bc4                __bsp_led1_write
 .text.__bsp_led1_read
                0x00000bf4       0x10 ./bsp/bsp_led.o
                0x00000bf4                __bsp_led1_read
 .text.bsp_led_register
                0x00000c04       0x78 ./bsp/bsp_led.o
                0x00000c04                bsp_led_register
 .text.bsp_gpiob_readpin
                0x00000c7c        0xc ./bsp/bsp_key.o
 .text.bsp_gpioa_setpin
                0x00000c88       0x1c ./bsp/bsp_key.o
 .text.bsp_gpiob_cfgpin
                0x00000ca4        0x8 ./bsp/bsp_key.o
 .text.__bsp_key_init
                0x00000cac       0x44 ./bsp/bsp_key.o
                0x00000cac                __bsp_key_init
 .text.__bsp_key_read
                0x00000cf0       0x50 ./bsp/bsp_key.o
                0x00000cf0                __bsp_key_read
 .text.__bsp_key1_init
                0x00000d40       0x24 ./bsp/bsp_key.o
                0x00000d40                __bsp_key1_init
 .text.__bsp_key1_deinit
                0x00000d64        0x4 ./bsp/bsp_key.o
                0x00000d64                __bsp_key1_deinit
 .text.__bsp_key1_write
                0x00000d68       0x34 ./bsp/bsp_key.o
                0x00000d68                __bsp_key1_write
 .text.__bsp_key1_read
                0x00000d9c       0x10 ./bsp/bsp_key.o
                0x00000d9c                __bsp_key1_read
 .text.bsp_key_register
                0x00000dac       0x48 ./bsp/bsp_key.o
                0x00000dac                bsp_key_register
 .text.bsp_log_send_write
                0x00000df4       0x16 ./bsp/bsp_log.o
                0x00000df4                bsp_log_send_write
 *fill*         0x00000e0a        0x2 
 .text.__bsp_spi0_init
                0x00000e0c       0x3c ./bsp/bsp_spi.o
                0x00000e0c                __bsp_spi0_init
 .text.__bsp_spi0_deinit
                0x00000e48        0x2 ./bsp/bsp_spi.o
                0x00000e48                __bsp_spi0_deinit
 *fill*         0x00000e4a        0x2 
 .text.__bsp_spi0_read
                0x00000e4c       0x5c ./bsp/bsp_spi.o
                0x00000e4c                __bsp_spi0_read
 .text.__bsp_spi0_write
                0x00000ea8       0x64 ./bsp/bsp_spi.o
                0x00000ea8                __bsp_spi0_write
 .text.bsp_uart0_init
                0x00000f0c       0x48 ./bsp/bsp_uart.o
                0x00000f0c                bsp_uart0_init
 .text.bsp_uart0_write
                0x00000f54        0x8 ./bsp/bsp_uart.o
                0x00000f54                bsp_uart0_write
 .text.bsp_uart0_read
                0x00000f5c        0x8 ./bsp/bsp_uart.o
                0x00000f5c                bsp_uart0_read
 .text.bsp_uart0_deinit
                0x00000f64        0x4 ./bsp/bsp_uart.o
                0x00000f64                bsp_uart0_deinit
 .text.app_flash_read_status_reg
                0x00000f68       0x2c ./app/app_flash.o
                0x00000f68                app_flash_read_status_reg
 .text.app_flash_wait_busy
                0x00000f94        0xe ./app/app_flash.o
                0x00000f94                app_flash_wait_busy
 *fill*         0x00000fa2        0x2 
 .text.app_flash_write_enable
                0x00000fa4       0x24 ./app/app_flash.o
                0x00000fa4                app_flash_write_enable
 .text.app_flash_erase_4k_flash
                0x00000fc8       0x34 ./app/app_flash.o
                0x00000fc8                app_flash_erase_4k_flash
 .text.app_flash_erase_all_flash
                0x00000ffc       0x30 ./app/app_flash.o
                0x00000ffc                app_flash_erase_all_flash
 .text.app_flash_write
                0x0000102c       0x64 ./app/app_flash.o
                0x0000102c                app_flash_write
 .text.app_flash_read
                0x00001090       0x60 ./app/app_flash.o
                0x00001090                app_flash_read
 .text.app_flash_read_flashID
                0x000010f0       0x34 ./app/app_flash.o
                0x000010f0                app_flash_read_flashID
 .text.app_flash_init
                0x00001124       0x80 ./app/app_flash.o
                0x00001124                app_flash_init
 .text.app_led1_init
                0x000011a4       0xec ./app/app_led.o
                0x000011a4                app_led1_init
 .text.app_key1_init
                0x00001290       0x7c ./app/app_key.o
                0x00001290                app_key1_init
 .text.app_uart_init
                0x0000130c       0x58 ./app/app_uart.o
                0x0000130c                app_uart_init
 .text.BulkThirteen
                0x00001364       0x74 ./app/ch57x_usb_device_msc.o
                0x00001364                BulkThirteen
 .text.UFI_modeSense.part.0
                0x000013d8       0x34 ./app/ch57x_usb_device_msc.o
 .text.UFI_readCapacity
                0x0000140c       0x3c ./app/ch57x_usb_device_msc.o
                0x0000140c                UFI_readCapacity
 .text.UFI_inquiry
                0x00001448       0x3c ./app/ch57x_usb_device_msc.o
                0x00001448                UFI_inquiry
 .text.UFI_read10
                0x00001484       0x60 ./app/ch57x_usb_device_msc.o
                0x00001484                UFI_read10
 .text.UFI_modeSense
                0x000014e4       0x50 ./app/ch57x_usb_device_msc.o
                0x000014e4                UFI_modeSense
 .text.UFI_requestSense
                0x00001534       0x80 ./app/ch57x_usb_device_msc.o
                0x00001534                UFI_requestSense
 .text.UFI_testUnit
                0x000015b4       0x2c ./app/ch57x_usb_device_msc.o
                0x000015b4                UFI_testUnit
 .text.UFI_perOrMed
                0x000015e0       0x1c ./app/ch57x_usb_device_msc.o
                0x000015e0                UFI_perOrMed
 .text.UFI_write
                0x000015fc       0x70 ./app/ch57x_usb_device_msc.o
                0x000015fc                UFI_write
 .text.UFI_modeSense5
                0x0000166c       0x50 ./app/ch57x_usb_device_msc.o
                0x0000166c                UFI_modeSense5
 .text.UFI_Hunding
                0x000016bc       0xa4 ./app/ch57x_usb_device_msc.o
                0x000016bc                UFI_Hunding
 .text.mCH375BulkOnly
                0x00001760       0x8c ./app/ch57x_usb_device_msc.o
                0x00001760                mCH375BulkOnly
 .text.mCH375UpCsw
                0x000017ec       0x8c ./app/ch57x_usb_device_msc.o
                0x000017ec                mCH375UpCsw
 .text.CH375bulkUpData
                0x00001878       0x90 ./app/ch57x_usb_device_msc.o
                0x00001878                CH375bulkUpData
 .text.mCH375BulkDownData
                0x00001908       0x58 ./app/ch57x_usb_device_msc.o
                0x00001908                mCH375BulkDownData
 .text.USB_DevTransProcess
                0x00001960      0x37c ./app/ch57x_usb_device_msc.o
                0x00001960                USB_DevTransProcess
 .text.USB_IRQHandler
                0x00001cdc        0x8 ./app/ch57x_usb_device_msc.o
                0x00001cdc                USB_IRQHandler
 .text.disk_status
                0x00001ce4       0x20 ./app/diskio.o
                0x00001ce4                disk_status
 .text.disk_initialize
                0x00001d04       0x24 ./app/diskio.o
                0x00001d04                disk_initialize
 .text.disk_read
                0x00001d28       0x1c ./app/diskio.o
                0x00001d28                disk_read
 .text.disk_ioctl
                0x00001d44       0x28 ./app/diskio.o
                0x00001d44                disk_ioctl
 .text.spi_disk_write
                0x00001d6c       0x16 ./app/diskio.o
                0x00001d6c                spi_disk_write
 .text.disk_write
                0x00001d82       0x26 ./app/diskio.o
                0x00001d82                disk_write
 .text.ld_dword
                0x00001da8       0x16 ./app/ff.o
 .text.st_dword
                0x00001dbe       0x10 ./app/ff.o
 .text.mem_set  0x00001dce        0xc ./app/ff.o
 .text.mem_cmp  0x00001dda       0x1a ./app/ff.o
 .text.clst2sect
                0x00001df4       0x18 ./app/ff.o
 .text.sum_sfn  0x00001e0c       0x1c ./app/ff.o
 .text.get_ldnumber
                0x00001e28       0x40 ./app/ff.o
 .text.validate
                0x00001e68       0x36 ./app/ff.o
 .text.mem_cpy.part.0
                0x00001e9e       0x10 ./app/ff.o
 .text.ld_clust.isra.3
                0x00001eae       0x1e ./app/ff.o
 .text.st_clust.isra.4
                0x00001ecc       0x18 ./app/ff.o
 .text.sync_window
                0x00001ee4       0x48 ./app/ff.o
 .text.move_window
                0x00001f2c       0x34 ./app/ff.o
 .text.check_fs
                0x00001f60       0x80 ./app/ff.o
 .text.find_volume
                0x00001fe0      0x2e0 ./app/ff.o
 .text.put_fat  0x000022c0      0x110 ./app/ff.o
 .text.get_fat.isra.9
                0x000023d0       0xc4 ./app/ff.o
 .text.dir_sdi  0x00002494       0x94 ./app/ff.o
 .text.create_chain
                0x00002528       0xf0 ./app/ff.o
 .text.remove_chain
                0x00002618       0x72 ./app/ff.o
 .text.dir_clear
                0x0000268a       0x5e ./app/ff.o
 .text.dir_next
                0x000026e8       0xac ./app/ff.o
 .text.dir_find
                0x00002794      0x168 ./app/ff.o
 .text.dir_register
                0x000028fc      0x250 ./app/ff.o
 .text.sync_fs  0x00002b4c       0xb0 ./app/ff.o
 .text.follow_path
                0x00002bfc      0x2dc ./app/ff.o
 .text.f_mount  0x00002ed8       0x4c ./app/ff.o
                0x00002ed8                f_mount
 .text.f_open   0x00002f24      0x1a8 ./app/ff.o
                0x00002f24                f_open
 .text.f_read   0x000030cc      0x132 ./app/ff.o
                0x000030cc                f_read
 .text.f_write  0x000031fe      0x17e ./app/ff.o
                0x000031fe                f_write
 .text.putc_bfd
                0x0000337c       0x36 ./app/ff.o
 .text.putc_flush
                0x000033b2       0x2c ./app/ff.o
 .text.f_sync   0x000033de       0x66 ./app/ff.o
                0x000033de                f_sync
 .text.f_close  0x00003444       0x1c ./app/ff.o
                0x00003444                f_close
 .text.f_mkfs   0x00003460      0x5bc ./app/ff.o
                0x00003460                f_mkfs
 .text.f_printf
                0x00003a1c      0x206 ./app/ff.o
                0x00003a1c                f_printf
 *fill*         0x00003c22        0x2 
 .text.ff_uni2oem
                0x00003c24       0x40 ./app/ffunicode.o
                0x00003c24                ff_uni2oem
 .text.ff_oem2uni
                0x00003c64       0x28 ./app/ffunicode.o
                0x00003c64                ff_oem2uni
 .text.ff_wtoupper
                0x00003c8c       0x98 ./app/ffunicode.o
                0x00003c8c                ff_wtoupper
 .text.startup.main
                0x00003d24      0x430 ./app/peripheral_main.o
                0x00003d24                main
 .text.UART0_IRQHandler
                0x00004154       0x6c ./app/peripheral_main.o
                0x00004154                UART0_IRQHandler
 .text.SYS_IsClkXT32MPon
                0x000041c0       0x10 ./StdPeriphDriver/CH57x_clk.o
 .text.SystemInit
                0x000041d0       0x3c ./StdPeriphDriver/CH57x_clk.o
                0x000041d0                SystemInit
 .text.SYS_ClkXT32MPon
                0x0000420c       0x34 ./StdPeriphDriver/CH57x_clk.o
                0x0000420c                SYS_ClkXT32MPon
 .text.SYS_ClkINT32MPon
                0x00004240       0x2c ./StdPeriphDriver/CH57x_clk.o
                0x00004240                SYS_ClkINT32MPon
 .text.SYS_PLLPon
                0x0000426c       0x38 ./StdPeriphDriver/CH57x_clk.o
                0x0000426c                SYS_PLLPon
 .text.GetSysClock
                0x000042a4       0x44 ./StdPeriphDriver/CH57x_clk.o
                0x000042a4                GetSysClock
 .text.LClk32k_Power
                0x000042e8       0x94 ./StdPeriphDriver/CH57x_clk.o
                0x000042e8                LClk32k_Power
 .text.LClk32K_Select
                0x0000437c       0x38 ./StdPeriphDriver/CH57x_clk.o
                0x0000437c                LClk32K_Select
 .text.SetSysClock
                0x000043b4      0x1a4 ./StdPeriphDriver/CH57x_clk.o
                0x000043b4                SetSysClock
 .text.GPIOA_ModeCfg
                0x00004558       0x78 ./StdPeriphDriver/CH57x_gpio.o
                0x00004558                GPIOA_ModeCfg
 .text.GPIOB_ModeCfg
                0x000045d0       0x78 ./StdPeriphDriver/CH57x_gpio.o
                0x000045d0                GPIOB_ModeCfg
 .text.NMI_Handler
                0x00004648       0x80 ./StdPeriphDriver/CH57x_int.o
                0x00004648                NMI_Handler
 .text.PWR_UnitModCfg
                0x000046c8       0x70 ./StdPeriphDriver/CH57x_pwr.o
                0x000046c8                PWR_UnitModCfg
 .text.PowerMonitor
                0x00004738       0x44 ./StdPeriphDriver/CH57x_pwr.o
                0x00004738                PowerMonitor
 .text.SPI0_MasterDefInit
                0x0000477c       0x30 ./StdPeriphDriver/CH57x_spi0.o
                0x0000477c                SPI0_MasterDefInit
 .text.SPI0_CLKCfg
                0x000047ac       0x24 ./StdPeriphDriver/CH57x_spi0.o
                0x000047ac                SPI0_CLKCfg
 .text.SPI0_DataMode
                0x000047d0       0x4c ./StdPeriphDriver/CH57x_spi0.o
                0x000047d0                SPI0_DataMode
 .text.SPI0_MasterSendByte
                0x0000481c       0x28 ./StdPeriphDriver/CH57x_spi0.o
                0x0000481c                SPI0_MasterSendByte
 .text.SPI0_MasterRecv
                0x00004844       0x48 ./StdPeriphDriver/CH57x_spi0.o
                0x00004844                SPI0_MasterRecv
 .text.mDelayuS
                0x0000488c       0x56 ./StdPeriphDriver/CH57x_sys.o
                0x0000488c                mDelayuS
 .text.mDelaymS
                0x000048e2       0x1c ./StdPeriphDriver/CH57x_sys.o
                0x000048e2                mDelaymS
 *fill*         0x000048fe        0x2 
 .text._write   0x00004900       0x28 ./StdPeriphDriver/CH57x_sys.o
                0x00004900                _write
 .text.UART0_BaudRateCfg
                0x00004928       0x28 ./StdPeriphDriver/CH57x_uart0.o
                0x00004928                UART0_BaudRateCfg
 .text.UART0_DefInit
                0x00004950       0x34 ./StdPeriphDriver/CH57x_uart0.o
                0x00004950                UART0_DefInit
 .text.UART0_ByteTrigCfg
                0x00004984       0x18 ./StdPeriphDriver/CH57x_uart0.o
                0x00004984                UART0_ByteTrigCfg
 .text.UART0_INTCfg
                0x0000499c       0x28 ./StdPeriphDriver/CH57x_uart0.o
                0x0000499c                UART0_INTCfg
 .text.UART0_SendString
                0x000049c4       0x28 ./StdPeriphDriver/CH57x_uart0.o
                0x000049c4                UART0_SendString
 .text.UART0_RecvString
                0x000049ec       0x24 ./StdPeriphDriver/CH57x_uart0.o
                0x000049ec                UART0_RecvString
 .text.USB_DeviceInit
                0x00004a10       0xcc ./StdPeriphDriver/CH57x_usbdev.o
                0x00004a10                USB_DeviceInit
 .text.Reset_Handler
                0x00004adc       0x7c ./Startup/startup_ch579.o
                0x00004adc                Reset_Handler
 .text.Default_Handler
                0x00004b58        0x2 ./Startup/startup_ch579.o
                0x00004b58                GPIO_IRQHandler
                0x00004b58                HardFault_Handler
                0x00004b58                SysTick_Handler
                0x00004b58                PendSV_Handler
                0x00004b58                UART1_IRQHandler
                0x00004b58                BB_IRQHandler
                0x00004b58                SPI1_IRQHandler
                0x00004b58                TMR0_IRQHandler
                0x00004b58                RTC_IRQHandler
                0x00004b58                LED_IRQHandler
                0x00004b58                UART2_IRQHandler
                0x00004b58                Default_Handler
                0x00004b58                ADC_IRQHandler
                0x00004b58                TMR2_IRQHandler
                0x00004b58                SLAVE_IRQHandler
                0x00004b58                WDT_IRQHandler
                0x00004b58                SVC_Handler
                0x00004b58                LLE_IRQHandler
                0x00004b58                ETH_IRQHandler
                0x00004b58                TMR3_IRQHandler
                0x00004b58                SPI0_IRQHandler
                0x00004b58                UART3_IRQHandler
                0x00004b58                TMR1_IRQHandler
 *fill*         0x00004b5a        0x2 
 .text.malloc   0x00004b5c       0x14 c:/gcc-arm-none-eabi-7-2017-q4-major-win32/bin/../lib/gcc/arm-none-eabi/7.2.1/../../../../arm-none-eabi/lib/thumb/v6-m\libg_nano.a(lib_a-malloc.o)
                0x00004b5c                malloc
 .text.memcpy   0x00004b70       0x12 c:/gcc-arm-none-eabi-7-2017-q4-major-win32/bin/../lib/gcc/arm-none-eabi/7.2.1/../../../../arm-none-eabi/lib/thumb/v6-m\libg_nano.a(lib_a-memcpy-stub.o)
                0x00004b70                memcpy
 .text.memset   0x00004b82       0x10 c:/gcc-arm-none-eabi-7-2017-q4-major-win32/bin/../lib/gcc/arm-none-eabi/7.2.1/../../../../arm-none-eabi/lib/thumb/v6-m\libg_nano.a(lib_a-memset.o)
                0x00004b82                memset
 *fill*         0x00004b92        0x2 
 .text._free_r  0x00004b94       0x94 c:/gcc-arm-none-eabi-7-2017-q4-major-win32/bin/../lib/gcc/arm-none-eabi/7.2.1/../../../../arm-none-eabi/lib/thumb/v6-m\libg_nano.a(lib_a-nano-freer.o)
                0x00004b94                _free_r
 .text._malloc_r
                0x00004c28       0xbc c:/gcc-arm-none-eabi-7-2017-q4-major-win32/bin/../lib/gcc/arm-none-eabi/7.2.1/../../../../arm-none-eabi/lib/thumb/v6-m\libg_nano.a(lib_a-nano-mallocr.o)
                0x00004c28                _malloc_r
 .text._sbrk_r  0x00004ce4       0x24 c:/gcc-arm-none-eabi-7-2017-q4-major-win32/bin/../lib/gcc/arm-none-eabi/7.2.1/../../../../arm-none-eabi/lib/thumb/v6-m\libg_nano.a(lib_a-sbrkr.o)
                0x00004ce4                _sbrk_r
 .text.vprintf  0x00004d08       0x2c c:/gcc-arm-none-eabi-7-2017-q4-major-win32/bin/../lib/gcc/arm-none-eabi/7.2.1/../../../../arm-none-eabi/lib/thumb/v6-m\libg_nano.a(lib_a-vprintf.o)
                0x00004d08                viprintf
                0x00004d08                vprintf
 .text.std      0x00004d34       0x48 c:/gcc-arm-none-eabi-7-2017-q4-major-win32/bin/../lib/gcc/arm-none-eabi/7.2.1/../../../../arm-none-eabi/lib/thumb/v6-m\libg_nano.a(lib_a-findfp.o)
 .text._cleanup_r
                0x00004d7c       0x10 c:/gcc-arm-none-eabi-7-2017-q4-major-win32/bin/../lib/gcc/arm-none-eabi/7.2.1/../../../../arm-none-eabi/lib/thumb/v6-m\libg_nano.a(lib_a-findfp.o)
                0x00004d7c                _cleanup_r
 .text.__sfmoreglue
                0x00004d8c       0x2c c:/gcc-arm-none-eabi-7-2017-q4-major-win32/bin/../lib/gcc/arm-none-eabi/7.2.1/../../../../arm-none-eabi/lib/thumb/v6-m\libg_nano.a(lib_a-findfp.o)
                0x00004d8c                __sfmoreglue
 .text.__sinit  0x00004db8       0x68 c:/gcc-arm-none-eabi-7-2017-q4-major-win32/bin/../lib/gcc/arm-none-eabi/7.2.1/../../../../arm-none-eabi/lib/thumb/v6-m\libg_nano.a(lib_a-findfp.o)
                0x00004db8                __sinit
 .text.__sfp    0x00004e20       0x7c c:/gcc-arm-none-eabi-7-2017-q4-major-win32/bin/../lib/gcc/arm-none-eabi/7.2.1/../../../../arm-none-eabi/lib/thumb/v6-m\libg_nano.a(lib_a-findfp.o)
                0x00004e20                __sfp
 .text._fwalk_reent
                0x00004e9c       0x42 c:/gcc-arm-none-eabi-7-2017-q4-major-win32/bin/../lib/gcc/arm-none-eabi/7.2.1/../../../../arm-none-eabi/lib/thumb/v6-m\libg_nano.a(lib_a-fwalk.o)
                0x00004e9c                _fwalk_reent
 .text.__malloc_lock
                0x00004ede        0x2 c:/gcc-arm-none-eabi-7-2017-q4-major-win32/bin/../lib/gcc/arm-none-eabi/7.2.1/../../../../arm-none-eabi/lib/thumb/v6-m\libg_nano.a(lib_a-mlock.o)
                0x00004ede                __malloc_lock
 .text.__malloc_unlock
                0x00004ee0        0x2 c:/gcc-arm-none-eabi-7-2017-q4-major-win32/bin/../lib/gcc/arm-none-eabi/7.2.1/../../../../arm-none-eabi/lib/thumb/v6-m\libg_nano.a(lib_a-mlock.o)
                0x00004ee0                __malloc_unlock
 .text.__sfputc_r
                0x00004ee2       0x2a c:/gcc-arm-none-eabi-7-2017-q4-major-win32/bin/../lib/gcc/arm-none-eabi/7.2.1/../../../../arm-none-eabi/lib/thumb/v6-m\libg_nano.a(lib_a-nano-vfprintf.o)
 .text.__sfputs_r
                0x00004f0c       0x24 c:/gcc-arm-none-eabi-7-2017-q4-major-win32/bin/../lib/gcc/arm-none-eabi/7.2.1/../../../../arm-none-eabi/lib/thumb/v6-m\libg_nano.a(lib_a-nano-vfprintf.o)
                0x00004f0c                __sfputs_r
 .text._vfprintf_r
                0x00004f30      0x22c c:/gcc-arm-none-eabi-7-2017-q4-major-win32/bin/../lib/gcc/arm-none-eabi/7.2.1/../../../../arm-none-eabi/lib/thumb/v6-m\libg_nano.a(lib_a-nano-vfprintf.o)
                0x00004f30                _vfprintf_r
                0x00004f30                _vfiprintf_r
 .text._printf_common
                0x0000515c       0xda c:/gcc-arm-none-eabi-7-2017-q4-major-win32/bin/../lib/gcc/arm-none-eabi/7.2.1/../../../../arm-none-eabi/lib/thumb/v6-m\libg_nano.a(lib_a-nano-vfprintf_i.o)
                0x0000515c                _printf_common
 *fill*         0x00005236        0x2 
 .text._printf_i
                0x00005238      0x210 c:/gcc-arm-none-eabi-7-2017-q4-major-win32/bin/../lib/gcc/arm-none-eabi/7.2.1/../../../../arm-none-eabi/lib/thumb/v6-m\libg_nano.a(lib_a-nano-vfprintf_i.o)
                0x00005238                _printf_i
 .text.__sread  0x00005448       0x28 c:/gcc-arm-none-eabi-7-2017-q4-major-win32/bin/../lib/gcc/arm-none-eabi/7.2.1/../../../../arm-none-eabi/lib/thumb/v6-m\libg_nano.a(lib_a-stdio.o)
                0x00005448                __sread
 .text.__swrite
                0x00005470       0x38 c:/gcc-arm-none-eabi-7-2017-q4-major-win32/bin/../lib/gcc/arm-none-eabi/7.2.1/../../../../arm-none-eabi/lib/thumb/v6-m\libg_nano.a(lib_a-stdio.o)
                0x00005470                __swrite
 .text.__sseek  0x000054a8       0x2c c:/gcc-arm-none-eabi-7-2017-q4-major-win32/bin/../lib/gcc/arm-none-eabi/7.2.1/../../../../arm-none-eabi/lib/thumb/v6-m\libg_nano.a(lib_a-stdio.o)
                0x000054a8                __sseek
 .text.__sclose
                0x000054d4        0xc c:/gcc-arm-none-eabi-7-2017-q4-major-win32/bin/../lib/gcc/arm-none-eabi/7.2.1/../../../../arm-none-eabi/lib/thumb/v6-m\libg_nano.a(lib_a-stdio.o)
                0x000054d4                __sclose
 .text.__swbuf_r
                0x000054e0       0xac c:/gcc-arm-none-eabi-7-2017-q4-major-win32/bin/../lib/gcc/arm-none-eabi/7.2.1/../../../../arm-none-eabi/lib/thumb/v6-m\libg_nano.a(lib_a-wbuf.o)
                0x000054e0                __swbuf_r
 .text._write_r
                0x0000558c       0x28 c:/gcc-arm-none-eabi-7-2017-q4-major-win32/bin/../lib/gcc/arm-none-eabi/7.2.1/../../../../arm-none-eabi/lib/thumb/v6-m\libg_nano.a(lib_a-writer.o)
                0x0000558c                _write_r
 .text.__swsetup_r
                0x000055b4       0xec c:/gcc-arm-none-eabi-7-2017-q4-major-win32/bin/../lib/gcc/arm-none-eabi/7.2.1/../../../../arm-none-eabi/lib/thumb/v6-m\libg_nano.a(lib_a-wsetup.o)
                0x000055b4                __swsetup_r
 .text._close_r
                0x000056a0       0x24 c:/gcc-arm-none-eabi-7-2017-q4-major-win32/bin/../lib/gcc/arm-none-eabi/7.2.1/../../../../arm-none-eabi/lib/thumb/v6-m\libg_nano.a(lib_a-closer.o)
                0x000056a0                _close_r
 .text.__sflush_r
                0x000056c4      0x114 c:/gcc-arm-none-eabi-7-2017-q4-major-win32/bin/../lib/gcc/arm-none-eabi/7.2.1/../../../../arm-none-eabi/lib/thumb/v6-m\libg_nano.a(lib_a-fflush.o)
                0x000056c4                __sflush_r
 .text._fflush_r
                0x000057d8       0x58 c:/gcc-arm-none-eabi-7-2017-q4-major-win32/bin/../lib/gcc/arm-none-eabi/7.2.1/../../../../arm-none-eabi/lib/thumb/v6-m\libg_nano.a(lib_a-fflush.o)
                0x000057d8                _fflush_r
 .text._lseek_r
                0x00005830       0x28 c:/gcc-arm-none-eabi-7-2017-q4-major-win32/bin/../lib/gcc/arm-none-eabi/7.2.1/../../../../arm-none-eabi/lib/thumb/v6-m\libg_nano.a(lib_a-lseekr.o)
                0x00005830                _lseek_r
 .text.__swhatbuf_r
                0x00005858       0x50 c:/gcc-arm-none-eabi-7-2017-q4-major-win32/bin/../lib/gcc/arm-none-eabi/7.2.1/../../../../arm-none-eabi/lib/thumb/v6-m\libg_nano.a(lib_a-makebuf.o)
                0x00005858                __swhatbuf_r
 .text.__smakebuf_r
                0x000058a8       0x88 c:/gcc-arm-none-eabi-7-2017-q4-major-win32/bin/../lib/gcc/arm-none-eabi/7.2.1/../../../../arm-none-eabi/lib/thumb/v6-m\libg_nano.a(lib_a-makebuf.o)
                0x000058a8                __smakebuf_r
 .text.memchr   0x00005930       0x16 c:/gcc-arm-none-eabi-7-2017-q4-major-win32/bin/../lib/gcc/arm-none-eabi/7.2.1/../../../../arm-none-eabi/lib/thumb/v6-m\libg_nano.a(lib_a-memchr-stub.o)
                0x00005930                memchr
 *fill*         0x00005946        0x2 
 .text._read_r  0x00005948       0x28 c:/gcc-arm-none-eabi-7-2017-q4-major-win32/bin/../lib/gcc/arm-none-eabi/7.2.1/../../../../arm-none-eabi/lib/thumb/v6-m\libg_nano.a(lib_a-readr.o)
                0x00005948                _read_r
 .text._fstat_r
                0x00005970       0x24 c:/gcc-arm-none-eabi-7-2017-q4-major-win32/bin/../lib/gcc/arm-none-eabi/7.2.1/../../../../arm-none-eabi/lib/thumb/v6-m\libg_nano.a(lib_a-fstatr.o)
                0x00005970                _fstat_r
 .text._isatty_r
                0x00005994       0x24 c:/gcc-arm-none-eabi-7-2017-q4-major-win32/bin/../lib/gcc/arm-none-eabi/7.2.1/../../../../arm-none-eabi/lib/thumb/v6-m\libg_nano.a(lib_a-isattyr.o)
                0x00005994                _isatty_r
 .text._close   0x000059b8       0x10 c:/gcc-arm-none-eabi-7-2017-q4-major-win32/bin/../lib/gcc/arm-none-eabi/7.2.1/../../../../arm-none-eabi/lib/thumb/v6-m\libnosys.a(close.o)
                0x000059b8                _close
 .text._fstat   0x000059c8       0x10 c:/gcc-arm-none-eabi-7-2017-q4-major-win32/bin/../lib/gcc/arm-none-eabi/7.2.1/../../../../arm-none-eabi/lib/thumb/v6-m\libnosys.a(fstat.o)
                0x000059c8                _fstat
 .text._isatty  0x000059d8       0x10 c:/gcc-arm-none-eabi-7-2017-q4-major-win32/bin/../lib/gcc/arm-none-eabi/7.2.1/../../../../arm-none-eabi/lib/thumb/v6-m\libnosys.a(isatty.o)
                0x000059d8                _isatty
 .text._lseek   0x000059e8       0x10 c:/gcc-arm-none-eabi-7-2017-q4-major-win32/bin/../lib/gcc/arm-none-eabi/7.2.1/../../../../arm-none-eabi/lib/thumb/v6-m\libnosys.a(lseek.o)
                0x000059e8                _lseek
 .text._read    0x000059f8       0x10 c:/gcc-arm-none-eabi-7-2017-q4-major-win32/bin/../lib/gcc/arm-none-eabi/7.2.1/../../../../arm-none-eabi/lib/thumb/v6-m\libnosys.a(read.o)
                0x000059f8                _read
 .text._sbrk    0x00005a08       0x1c c:/gcc-arm-none-eabi-7-2017-q4-major-win32/bin/../lib/gcc/arm-none-eabi/7.2.1/../../../../arm-none-eabi/lib/thumb/v6-m\libnosys.a(sbrk.o)
                0x00005a08                _sbrk
 *(.glue_7)
 .glue_7        0x00005a24        0x0 linker stubs
 *(.glue_7t)
 .glue_7t       0x00005a24        0x0 linker stubs
 *(.eh_frame)
 *(.init)
 *(.fini)
                0x00005a24                . = ALIGN (0x4)
                0x00005a24                _etext = .

.vfp11_veneer   0x00005a24        0x0
 .vfp11_veneer  0x00005a24        0x0 linker stubs

.v4_bx          0x00005a24        0x0
 .v4_bx         0x00005a24        0x0 linker stubs

.iplt           0x00005a24        0x0
 .iplt          0x00005a24        0x0 ./hal/hal_led.o

.rodata         0x00005a24     0x10d0
                0x00005a24                . = ALIGN (0x4)
 *(.rodata)
 *(.rodata*)
 .rodata.hal_led_init.str1.1
                0x00005a24       0x40 ./hal/hal_led.o
 .rodata.hal_key_init.str1.1
                0x00005a64       0x11 ./hal/hal_key.o
                                 0x40 (size before relaxing)
 .rodata.hal_spi_init.str1.1
                0x00005a75       0x11 ./hal/hal_spi.o
                                 0x40 (size before relaxing)
 .rodata.hal_device_find.str1.1
                0x00005a86       0x29 ./hal/hal_device.o
 .rodata.hal_device_register.str1.1
                0x00005aaf       0x92 ./hal/hal_device.o
 .rodata.__bsp_led_control.str1.1
                0x00005b41       0x5a ./bsp/bsp_led.o
 .rodata.__bsp_led_init.str1.1
                0x00005b9b       0x11 ./bsp/bsp_led.o
                                 0x40 (size before relaxing)
 .rodata.bsp_led_register.str1.1
                0x00005bac       0x67 ./bsp/bsp_led.o
 .rodata.str1.1
                0x00005c13       0x13 ./bsp/bsp_led.o
 .rodata.__bsp_key1_init.str1.1
                0x00005c26       0x28 ./bsp/bsp_key.o
 .rodata.__bsp_key_init.str1.1
                0x00005c4e       0x11 ./bsp/bsp_key.o
                                 0x40 (size before relaxing)
 .rodata.__bsp_key_read.str1.1
                0x00005c5f       0x2d ./bsp/bsp_key.o
 .rodata.bsp_key_register.str1.1
                0x00005c5f       0x67 ./bsp/bsp_key.o
 .rodata.str1.1
                0x00005cc6        0x5 ./bsp/bsp_key.o
 *fill*         0x00005ccb        0x1 
 .rodata.app_flash_read.cst2
                0x00005ccc        0x2 ./app/app_flash.o
 .rodata.app_flash_init.str1.1
                0x00005cce       0xe7 ./app/app_flash.o
 .rodata.app_led1_init.str1.1
                0x00005db5       0x44 ./app/app_led.o
                                 0x86 (size before relaxing)
 .rodata.app_key1_init.str1.1
                0x00005df9       0x49 ./app/app_key.o
                                 0x81 (size before relaxing)
 .rodata.app_uart_init.str1.1
                0x00005e42       0x4c ./app/app_uart.o
                                 0x85 (size before relaxing)
 .rodata.DBCAPACITY
                0x00005e8e        0x8 ./app/ch57x_usb_device_msc.o
                0x00005e8e                DBCAPACITY
 .rodata.DBINQUITY
                0x00005e96       0x24 ./app/ch57x_usb_device_msc.o
                0x00005e96                DBINQUITY
 .rodata.MAX_LUN
                0x00005eba        0x1 ./app/ch57x_usb_device_msc.o
                0x00005eba                MAX_LUN
 .rodata.MyCfgDescr
                0x00005ebb       0x20 ./app/ch57x_usb_device_msc.o
                0x00005ebb                MyCfgDescr
 .rodata.MyDevDescr
                0x00005edb       0x12 ./app/ch57x_usb_device_msc.o
                0x00005edb                MyDevDescr
 .rodata.MyLangDescr
                0x00005eed        0x4 ./app/ch57x_usb_device_msc.o
                0x00005eed                MyLangDescr
 .rodata.MyManuInfo
                0x00005ef1        0xe ./app/ch57x_usb_device_msc.o
                0x00005ef1                MyManuInfo
 .rodata.MyProdInfo
                0x00005eff        0xc ./app/ch57x_usb_device_msc.o
                0x00005eff                MyProdInfo
 .rodata.mode5sense3F
                0x00005f0b       0x10 ./app/ch57x_usb_device_msc.o
                0x00005f0b                mode5sense3F
 .rodata.modesense3F
                0x00005f1b        0xc ./app/ch57x_usb_device_msc.o
                0x00005f1b                modesense3F
 .rodata.ExCvt  0x00005f27       0x80 ./app/ff.o
 .rodata.LfnOfs
                0x00005fa7        0xd ./app/ff.o
 .rodata.check_fs.str1.1
                0x00005fb4        0xa ./app/ff.o
 .rodata.cst.4916
                0x00005fbe        0xe ./app/ff.o
 .rodata.cst32.4917
                0x00005fcc        0xe ./app/ff.o
 .rodata.f_mkfs.str1.1
                0x00005fda       0x34 ./app/ff.o
 .rodata.follow_path.str1.1
                0x0000600e       0x10 ./app/ff.o
 .rodata.cvt1.4332
                0x0000601e      0x1f2 ./app/ffunicode.o
 .rodata.cvt2.4333
                0x00006210       0xbc ./app/ffunicode.o
 .rodata.uc437  0x000062cc      0x100 ./app/ffunicode.o
 .rodata.UART0_IRQHandler.str1.1
                0x000063cc       0x2e ./app/peripheral_main.o
 .rodata.main.str1.1
                0x000063fa      0x662 ./app/peripheral_main.o
                                0x66d (size before relaxing)
 .rodata.__sf_fake_stderr
                0x00006a5c       0x20 c:/gcc-arm-none-eabi-7-2017-q4-major-win32/bin/../lib/gcc/arm-none-eabi/7.2.1/../../../../arm-none-eabi/lib/thumb/v6-m\libg_nano.a(lib_a-findfp.o)
                0x00006a5c                __sf_fake_stderr
 .rodata.__sf_fake_stdin
                0x00006a7c       0x20 c:/gcc-arm-none-eabi-7-2017-q4-major-win32/bin/../lib/gcc/arm-none-eabi/7.2.1/../../../../arm-none-eabi/lib/thumb/v6-m\libg_nano.a(lib_a-findfp.o)
                0x00006a7c                __sf_fake_stdin
 .rodata.__sf_fake_stdout
                0x00006a9c       0x20 c:/gcc-arm-none-eabi-7-2017-q4-major-win32/bin/../lib/gcc/arm-none-eabi/7.2.1/../../../../arm-none-eabi/lib/thumb/v6-m\libg_nano.a(lib_a-findfp.o)
                0x00006a9c                __sf_fake_stdout
 .rodata._global_impure_ptr
                0x00006abc        0x4 c:/gcc-arm-none-eabi-7-2017-q4-major-win32/bin/../lib/gcc/arm-none-eabi/7.2.1/../../../../arm-none-eabi/lib/thumb/v6-m\libg_nano.a(lib_a-impure.o)
                0x00006abc                _global_impure_ptr
 .rodata._vfprintf_r.str1.1
                0x00006ac0       0x11 c:/gcc-arm-none-eabi-7-2017-q4-major-win32/bin/../lib/gcc/arm-none-eabi/7.2.1/../../../../arm-none-eabi/lib/thumb/v6-m\libg_nano.a(lib_a-nano-vfprintf.o)
 .rodata._printf_i.str1.1
                0x00006ad1       0x22 c:/gcc-arm-none-eabi-7-2017-q4-major-win32/bin/../lib/gcc/arm-none-eabi/7.2.1/../../../../arm-none-eabi/lib/thumb/v6-m\libg_nano.a(lib_a-nano-vfprintf_i.o)
                0x00006af4                . = ALIGN (0x4)
 *fill*         0x00006af3        0x1 

.rel.dyn        0x00006af4        0x0
 .rel.iplt      0x00006af4        0x0 ./hal/hal_led.o

.ARM.extab
 *(.ARM.extab* .gnu.linkonce.armextab.*)

.ARM            0x00006af4        0x0
                0x00006af4                __exidx_start = .
 *(.ARM.exidx*)
                0x00006af4                __exidx_end = .

.preinit_array  0x00006af4        0x0
                [!provide]                PROVIDE (__preinit_array_start, .)
 *(.preinit_array*)
                [!provide]                PROVIDE (__preinit_array_end, .)

.init_array     0x00006af4        0x0
                [!provide]                PROVIDE (__init_array_start, .)
 *(SORT_BY_NAME(.init_array.*))
 *(.init_array*)
                [!provide]                PROVIDE (__init_array_end, .)

.fini_array     0x00006af4        0x0
                [!provide]                PROVIDE (__fini_array_start, .)
 *(SORT_BY_NAME(.fini_array.*))
 *(.fini_array*)
                [!provide]                PROVIDE (__fini_array_end, .)
                0x00006af4                _sidata = LOADADDR (.data)

.data           0x20004000      0x22c load address 0x00006af4
                0x20004000                . = ALIGN (0x4)
                0x20004000                _sdata = .
 *(.data)
 *(.data*)
 .data.dops     0x20004000       0x1c ./bsp/bsp_led.o
 .data.led_list
                0x2000401c       0x68 ./bsp/bsp_led.o
 .data.dops     0x20004084       0x1c ./bsp/bsp_key.o
 .data.key_list
                0x200040a0       0x34 ./bsp/bsp_key.o
 .data.app_flash_fd
                0x200040d4        0x4 ./app/app_flash.o
                0x200040d4                app_flash_fd
 .data.spi0_config
                0x200040d8       0x2c ./app/app_flash.o
                0x200040d8                spi0_config
 .data.led1_config
                0x20004104       0x2c ./app/app_led.o
                0x20004104                led1_config
 .data.app_key_fd
                0x20004130        0x4 ./app/app_key.o
                0x20004130                app_key_fd
 .data.key1_config
                0x20004134       0x2c ./app/app_key.o
                0x20004134                key1_config
 .data.app_uart_fd
                0x20004160        0x4 ./app/app_uart.o
                0x20004160                app_uart_fd
 .data.uart0_config
                0x20004164       0x2c ./app/app_uart.o
                0x20004164                uart0_config
 .data.WriteBuffer
                0x20004190       0x1a ./app/peripheral_main.o
                0x20004190                WriteBuffer
 .data.WriteBuffer2
                0x200041aa       0x1d ./app/peripheral_main.o
                0x200041aa                WriteBuffer2
 *fill*         0x200041c7        0x1 
 .data._impure_ptr
                0x200041c8        0x4 c:/gcc-arm-none-eabi-7-2017-q4-major-win32/bin/../lib/gcc/arm-none-eabi/7.2.1/../../../../arm-none-eabi/lib/thumb/v6-m\libg_nano.a(lib_a-impure.o)
                0x200041c8                _impure_ptr
 .data.impure_data
                0x200041cc       0x60 c:/gcc-arm-none-eabi-7-2017-q4-major-win32/bin/../lib/gcc/arm-none-eabi/7.2.1/../../../../arm-none-eabi/lib/thumb/v6-m\libg_nano.a(lib_a-impure.o)
                0x2000422c                . = ALIGN (0x4)
                0x2000422c                _edata = .

.igot.plt       0x2000422c        0x0 load address 0x00006d20
 .igot.plt      0x2000422c        0x0 ./hal/hal_led.o
                0x2000422c                . = ALIGN (0x4)

.bss            0x2000422c     0x267c load address 0x00006d20
                0x2000422c                _sbss = .
                0x2000422c                __bss_start__ = _sbss
 *(.bss)
 *(.bss*)
 .bss.hal_led_device_list
                0x2000422c        0x8 ./hal/hal_led.o
                0x2000422c                hal_led_device_list
 .bss.local_led_list
                0x20004234        0x8 ./hal/hal_led.o
                0x20004234                local_led_list
 .bss.hal_key_device_list
                0x2000423c        0x4 ./hal/hal_key.o
                0x2000423c                hal_key_device_list
 .bss.local_key_list
                0x20004240        0x4 ./hal/hal_key.o
                0x20004240                local_key_list
 .bss.hal_spi_device_list
                0x20004244        0x4 ./hal/hal_spi.o
                0x20004244                hal_spi_device_list
 .bss.local_spi_list
                0x20004248        0x4 ./hal/hal_spi.o
                0x20004248                local_spi_list
 .bss.hal_uart_device_list
                0x2000424c        0x8 ./hal/hal_uart.o
                0x2000424c                hal_uart_device_list
 .bss.local_uart_list
                0x20004254        0x8 ./hal/hal_uart.o
                0x20004254                local_uart_list
 .bss.global_device_list
                0x2000425c       0x28 ./bsp/bsp_device.o
                0x2000425c                global_device_list
 .bss.led_blue_dev
                0x20004284        0x4 ./app/app_led.o
                0x20004284                led_blue_dev
 .bss.led_green_dev
                0x20004288        0x4 ./app/app_led.o
                0x20004288                led_green_dev
 .bss.key_dev   0x2000428c        0x4 ./app/app_key.o
                0x2000428c                key_dev
 .bss.BcswStatus
                0x20004290        0x1 ./app/ch57x_usb_device_msc.o
                0x20004290                BcswStatus
 .bss.CH375BULKDOWN
                0x20004291        0x1 ./app/ch57x_usb_device_msc.o
                0x20004291                CH375BULKDOWN
 .bss.CH375BULKUP
                0x20004292        0x1 ./app/ch57x_usb_device_msc.o
                0x20004292                CH375BULKUP
 .bss.CH375CSW  0x20004293        0x1 ./app/ch57x_usb_device_msc.o
                0x20004293                CH375CSW
 .bss.DevConfig
                0x20004294        0x1 ./app/ch57x_usb_device_msc.o
                0x20004294                DevConfig
 *fill*         0x20004295        0x3 
 .bss.EP0_Databuf
                0x20004298       0x40 ./app/ch57x_usb_device_msc.o
                0x20004298                EP0_Databuf
 .bss.EP1_Databuf
                0x200042d8       0x80 ./app/ch57x_usb_device_msc.o
                0x200042d8                EP1_Databuf
 .bss.FSTALL    0x20004358        0x1 ./app/ch57x_usb_device_msc.o
                0x20004358                FSTALL
 *fill*         0x20004359        0x3 
 .bss.LEN       0x2000435c        0x4 ./app/ch57x_usb_device_msc.o
                0x2000435c                LEN
 .bss.Locate_Addr
                0x20004360        0x4 ./app/ch57x_usb_device_msc.o
                0x20004360                Locate_Addr
 .bss.MassPara  0x20004364       0x40 ./app/ch57x_usb_device_msc.o
                0x20004364                MassPara
 .bss.SetupReqCode
                0x200043a4        0x1 ./app/ch57x_usb_device_msc.o
                0x200043a4                SetupReqCode
 *fill*         0x200043a5        0x1 
 .bss.SetupReqLen
                0x200043a6        0x2 ./app/ch57x_usb_device_msc.o
                0x200043a6                SetupReqLen
 .bss.buffer    0x200043a8       0x40 ./app/ch57x_usb_device_msc.o
                0x200043a8                buffer
 .bss.lastFSTALL
                0x200043e8        0x1 ./app/ch57x_usb_device_msc.o
                0x200043e8                lastFSTALL
 .bss.mASC      0x200043e9        0x1 ./app/ch57x_usb_device_msc.o
                0x200043e9                mASC
 .bss.mSenseKey
                0x200043ea        0x1 ./app/ch57x_usb_device_msc.o
                0x200043ea                mSenseKey
 .bss.mdCBWTag  0x200043eb        0x4 ./app/ch57x_usb_device_msc.o
                0x200043eb                mdCBWTag
 *fill*         0x200043ef        0x1 
 .bss.pBuf      0x200043f0        0x4 ./app/ch57x_usb_device_msc.o
                0x200043f0                pBuf
 .bss.pBuf_ReSelect
                0x200043f4        0x1 ./app/ch57x_usb_device_msc.o
                0x200043f4                pBuf_ReSelect
 *fill*         0x200043f5        0x3 
 .bss.pDescr    0x200043f8        0x4 ./app/ch57x_usb_device_msc.o
                0x200043f8                pDescr
 .bss.FatFs     0x200043fc        0x4 ./app/ff.o
 .bss.Fsid      0x20004400        0x2 ./app/ff.o
 .bss.ReadBuffer
                0x20004402      0x400 ./app/peripheral_main.o
                0x20004402                ReadBuffer
 *fill*         0x20004802        0x2 
 .bss.fnew      0x20004804       0x28 ./app/peripheral_main.o
                0x20004804                fnew
 .bss.fnum      0x2000482c        0x4 ./app/peripheral_main.o
                0x2000482c                fnum
 .bss.fs        0x20004830     0x1034 ./app/peripheral_main.o
                0x20004830                fs
 .bss.res_flash
                0x20005864        0x1 ./app/peripheral_main.o
                0x20005864                res_flash
 .bss.uart0_read_buf
                0x20005865       0x1f ./app/peripheral_main.o
                0x20005865                uart0_read_buf
 .bss.uart0_read_flag
                0x20005884        0x1 ./app/peripheral_main.o
                0x20005884                uart0_read_flag
 .bss.uart0_read_len
                0x20005885        0x1 ./app/peripheral_main.o
                0x20005885                uart0_read_len
 .bss.uart0_read_timeout
                0x20005886        0x1 ./app/peripheral_main.o
                0x20005886                uart0_read_timeout
 .bss.work      0x20005887     0x1000 ./app/peripheral_main.o
                0x20005887                work
 *fill*         0x20006887        0x1 
 .bss.pEP0_RAM_Addr
                0x20006888        0x4 ./StdPeriphDriver/CH57x_usbdev.o
                0x20006888                pEP0_RAM_Addr
 .bss.pEP1_RAM_Addr
                0x2000688c        0x4 ./StdPeriphDriver/CH57x_usbdev.o
                0x2000688c                pEP1_RAM_Addr
 .bss.pEP2_RAM_Addr
                0x20006890        0x4 ./StdPeriphDriver/CH57x_usbdev.o
                0x20006890                pEP2_RAM_Addr
 .bss.pEP3_RAM_Addr
                0x20006894        0x4 ./StdPeriphDriver/CH57x_usbdev.o
                0x20006894                pEP3_RAM_Addr
 .bss.__malloc_free_list
                0x20006898        0x4 c:/gcc-arm-none-eabi-7-2017-q4-major-win32/bin/../lib/gcc/arm-none-eabi/7.2.1/../../../../arm-none-eabi/lib/thumb/v6-m\libg_nano.a(lib_a-nano-mallocr.o)
                0x20006898                __malloc_free_list
 .bss.__malloc_sbrk_start
                0x2000689c        0x4 c:/gcc-arm-none-eabi-7-2017-q4-major-win32/bin/../lib/gcc/arm-none-eabi/7.2.1/../../../../arm-none-eabi/lib/thumb/v6-m\libg_nano.a(lib_a-nano-mallocr.o)
                0x2000689c                __malloc_sbrk_start
 .bss.heap_end.4102
                0x200068a0        0x4 c:/gcc-arm-none-eabi-7-2017-q4-major-win32/bin/../lib/gcc/arm-none-eabi/7.2.1/../../../../arm-none-eabi/lib/thumb/v6-m\libnosys.a(sbrk.o)
 *(COMMON)
 COMMON         0x200068a4        0x4 c:/gcc-arm-none-eabi-7-2017-q4-major-win32/bin/../lib/gcc/arm-none-eabi/7.2.1/../../../../arm-none-eabi/lib/thumb/v6-m\libg_nano.a(lib_a-reent.o)
                0x200068a4                errno
                0x200068a8                . = ALIGN (0x4)
                0x200068a8                _ebss = .
                0x200068a8                __bss_end__ = _ebss

._user_heap_stack
                0x200068a8      0x800 load address 0x00006d20
                0x200068a8                . = ALIGN (0x4)
                0x200068a8                PROVIDE (end, .)
                [!provide]                PROVIDE (_end, .)
                0x20006ca8                . = (. + _Min_Heap_Size)
 *fill*         0x200068a8      0x400 
                0x200070a8                . = (. + _Min_Stack_Size)
 *fill*         0x20006ca8      0x400 
                0x200070a8                . = ALIGN (0x4)

/DISCARD/
 libc.a(*)
 libm.a(*)
 libgcc.a(*)

.ARM.attributes
                0x00000000       0x2f
 *(.ARM.attributes)
 .ARM.attributes
                0x00000000       0x31 ./hal/hal_led.o
 .ARM.attributes
                0x00000031       0x31 ./hal/hal_key.o
 .ARM.attributes
                0x00000062       0x31 ./hal/hal_spi.o
 .ARM.attributes
                0x00000093       0x31 ./hal/hal_device.o
 .ARM.attributes
                0x000000c4       0x31 ./hal/hal_uart.o
 .ARM.attributes
                0x000000f5       0x31 ./bsp/bsp_device.o
 .ARM.attributes
                0x00000126       0x31 ./bsp/bsp_led.o
 .ARM.attributes
                0x00000157       0x31 ./bsp/bsp_key.o
 .ARM.attributes
                0x00000188       0x31 ./bsp/bsp_log.o
 .ARM.attributes
                0x000001b9       0x31 ./bsp/bsp_spi.o
 .ARM.attributes
                0x000001ea       0x31 ./bsp/bsp_uart.o
 .ARM.attributes
                0x0000021b       0x31 ./app/app_flash.o
 .ARM.attributes
                0x0000024c       0x31 ./app/app_led.o
 .ARM.attributes
                0x0000027d       0x31 ./app/app_key.o
 .ARM.attributes
                0x000002ae       0x31 ./app/app_uart.o
 .ARM.attributes
                0x000002df       0x31 ./app/ch57x_usb_device_msc.o
 .ARM.attributes
                0x00000310       0x31 ./app/diskio.o
 .ARM.attributes
                0x00000341       0x31 ./app/ff.o
 .ARM.attributes
                0x00000372       0x31 ./app/ffunicode.o
 .ARM.attributes
                0x000003a3       0x31 ./app/peripheral_main.o
 .ARM.attributes
                0x000003d4       0x31 ./StdPeriphDriver/CH57x_clk.o
 .ARM.attributes
                0x00000405       0x31 ./StdPeriphDriver/CH57x_gpio.o
 .ARM.attributes
                0x00000436       0x31 ./StdPeriphDriver/CH57x_int.o
 .ARM.attributes
                0x00000467       0x31 ./StdPeriphDriver/CH57x_pwr.o
 .ARM.attributes
                0x00000498       0x31 ./StdPeriphDriver/CH57x_spi0.o
 .ARM.attributes
                0x000004c9       0x31 ./StdPeriphDriver/CH57x_sys.o
 .ARM.attributes
                0x000004fa       0x31 ./StdPeriphDriver/CH57x_uart0.o
 .ARM.attributes
                0x0000052b       0x31 ./StdPeriphDriver/CH57x_usbdev.o
 .ARM.attributes
                0x0000055c       0x21 ./Startup/startup_ch579.o
 .ARM.attributes
                0x0000057d       0x1e c:/gcc-arm-none-eabi-7-2017-q4-major-win32/bin/../lib/gcc/arm-none-eabi/7.2.1/thumb/v6-m\libgcc.a(_thumb1_case_uqi.o)
 .ARM.attributes
                0x0000059b       0x1e c:/gcc-arm-none-eabi-7-2017-q4-major-win32/bin/../lib/gcc/arm-none-eabi/7.2.1/thumb/v6-m\libgcc.a(_udivsi3.o)
 .ARM.attributes
                0x000005b9       0x1e c:/gcc-arm-none-eabi-7-2017-q4-major-win32/bin/../lib/gcc/arm-none-eabi/7.2.1/thumb/v6-m\libgcc.a(_divsi3.o)
 .ARM.attributes
                0x000005d7       0x1e c:/gcc-arm-none-eabi-7-2017-q4-major-win32/bin/../lib/gcc/arm-none-eabi/7.2.1/thumb/v6-m\libgcc.a(_dvmd_tls.o)
 .ARM.attributes
                0x000005f5       0x2c c:/gcc-arm-none-eabi-7-2017-q4-major-win32/bin/../lib/gcc/arm-none-eabi/7.2.1/../../../../arm-none-eabi/lib/thumb/v6-m\libg_nano.a(lib_a-malloc.o)
 .ARM.attributes
                0x00000621       0x2c c:/gcc-arm-none-eabi-7-2017-q4-major-win32/bin/../lib/gcc/arm-none-eabi/7.2.1/../../../../arm-none-eabi/lib/thumb/v6-m\libg_nano.a(lib_a-memcpy-stub.o)
 .ARM.attributes
                0x0000064d       0x2c c:/gcc-arm-none-eabi-7-2017-q4-major-win32/bin/../lib/gcc/arm-none-eabi/7.2.1/../../../../arm-none-eabi/lib/thumb/v6-m\libg_nano.a(lib_a-memset.o)
 .ARM.attributes
                0x00000679       0x2c c:/gcc-arm-none-eabi-7-2017-q4-major-win32/bin/../lib/gcc/arm-none-eabi/7.2.1/../../../../arm-none-eabi/lib/thumb/v6-m\libg_nano.a(lib_a-nano-freer.o)
 .ARM.attributes
                0x000006a5       0x2c c:/gcc-arm-none-eabi-7-2017-q4-major-win32/bin/../lib/gcc/arm-none-eabi/7.2.1/../../../../arm-none-eabi/lib/thumb/v6-m\libg_nano.a(lib_a-nano-mallocr.o)
 .ARM.attributes
                0x000006d1       0x2c c:/gcc-arm-none-eabi-7-2017-q4-major-win32/bin/../lib/gcc/arm-none-eabi/7.2.1/../../../../arm-none-eabi/lib/thumb/v6-m\libg_nano.a(lib_a-sbrkr.o)
 .ARM.attributes
                0x000006fd       0x1c c:/gcc-arm-none-eabi-7-2017-q4-major-win32/bin/../lib/gcc/arm-none-eabi/7.2.1/../../../../arm-none-eabi/lib/thumb/v6-m\libg_nano.a(lib_a-strcmp.o)
 .ARM.attributes
                0x00000719       0x2c c:/gcc-arm-none-eabi-7-2017-q4-major-win32/bin/../lib/gcc/arm-none-eabi/7.2.1/../../../../arm-none-eabi/lib/thumb/v6-m\libg_nano.a(lib_a-vprintf.o)
 .ARM.attributes
                0x00000745       0x2c c:/gcc-arm-none-eabi-7-2017-q4-major-win32/bin/../lib/gcc/arm-none-eabi/7.2.1/../../../../arm-none-eabi/lib/thumb/v6-m\libg_nano.a(lib_a-findfp.o)
 .ARM.attributes
                0x00000771       0x2c c:/gcc-arm-none-eabi-7-2017-q4-major-win32/bin/../lib/gcc/arm-none-eabi/7.2.1/../../../../arm-none-eabi/lib/thumb/v6-m\libg_nano.a(lib_a-fwalk.o)
 .ARM.attributes
                0x0000079d       0x2c c:/gcc-arm-none-eabi-7-2017-q4-major-win32/bin/../lib/gcc/arm-none-eabi/7.2.1/../../../../arm-none-eabi/lib/thumb/v6-m\libg_nano.a(lib_a-impure.o)
 .ARM.attributes
                0x000007c9       0x2c c:/gcc-arm-none-eabi-7-2017-q4-major-win32/bin/../lib/gcc/arm-none-eabi/7.2.1/../../../../arm-none-eabi/lib/thumb/v6-m\libg_nano.a(lib_a-mlock.o)
 .ARM.attributes
                0x000007f5       0x2c c:/gcc-arm-none-eabi-7-2017-q4-major-win32/bin/../lib/gcc/arm-none-eabi/7.2.1/../../../../arm-none-eabi/lib/thumb/v6-m\libg_nano.a(lib_a-nano-vfprintf.o)
 .ARM.attributes
                0x00000821       0x2c c:/gcc-arm-none-eabi-7-2017-q4-major-win32/bin/../lib/gcc/arm-none-eabi/7.2.1/../../../../arm-none-eabi/lib/thumb/v6-m\libg_nano.a(lib_a-nano-vfprintf_i.o)
 .ARM.attributes
                0x0000084d       0x2c c:/gcc-arm-none-eabi-7-2017-q4-major-win32/bin/../lib/gcc/arm-none-eabi/7.2.1/../../../../arm-none-eabi/lib/thumb/v6-m\libg_nano.a(lib_a-reent.o)
 .ARM.attributes
                0x00000879       0x2c c:/gcc-arm-none-eabi-7-2017-q4-major-win32/bin/../lib/gcc/arm-none-eabi/7.2.1/../../../../arm-none-eabi/lib/thumb/v6-m\libg_nano.a(lib_a-stdio.o)
 .ARM.attributes
                0x000008a5       0x2c c:/gcc-arm-none-eabi-7-2017-q4-major-win32/bin/../lib/gcc/arm-none-eabi/7.2.1/../../../../arm-none-eabi/lib/thumb/v6-m\libg_nano.a(lib_a-wbuf.o)
 .ARM.attributes
                0x000008d1       0x2c c:/gcc-arm-none-eabi-7-2017-q4-major-win32/bin/../lib/gcc/arm-none-eabi/7.2.1/../../../../arm-none-eabi/lib/thumb/v6-m\libg_nano.a(lib_a-writer.o)
 .ARM.attributes
                0x000008fd       0x2c c:/gcc-arm-none-eabi-7-2017-q4-major-win32/bin/../lib/gcc/arm-none-eabi/7.2.1/../../../../arm-none-eabi/lib/thumb/v6-m\libg_nano.a(lib_a-wsetup.o)
 .ARM.attributes
                0x00000929       0x2c c:/gcc-arm-none-eabi-7-2017-q4-major-win32/bin/../lib/gcc/arm-none-eabi/7.2.1/../../../../arm-none-eabi/lib/thumb/v6-m\libg_nano.a(lib_a-closer.o)
 .ARM.attributes
                0x00000955       0x2c c:/gcc-arm-none-eabi-7-2017-q4-major-win32/bin/../lib/gcc/arm-none-eabi/7.2.1/../../../../arm-none-eabi/lib/thumb/v6-m\libg_nano.a(lib_a-fflush.o)
 .ARM.attributes
                0x00000981       0x2c c:/gcc-arm-none-eabi-7-2017-q4-major-win32/bin/../lib/gcc/arm-none-eabi/7.2.1/../../../../arm-none-eabi/lib/thumb/v6-m\libg_nano.a(lib_a-lseekr.o)
 .ARM.attributes
                0x000009ad       0x2c c:/gcc-arm-none-eabi-7-2017-q4-major-win32/bin/../lib/gcc/arm-none-eabi/7.2.1/../../../../arm-none-eabi/lib/thumb/v6-m\libg_nano.a(lib_a-makebuf.o)
 .ARM.attributes
                0x000009d9       0x2c c:/gcc-arm-none-eabi-7-2017-q4-major-win32/bin/../lib/gcc/arm-none-eabi/7.2.1/../../../../arm-none-eabi/lib/thumb/v6-m\libg_nano.a(lib_a-memchr-stub.o)
 .ARM.attributes
                0x00000a05       0x2c c:/gcc-arm-none-eabi-7-2017-q4-major-win32/bin/../lib/gcc/arm-none-eabi/7.2.1/../../../../arm-none-eabi/lib/thumb/v6-m\libg_nano.a(lib_a-readr.o)
 .ARM.attributes
                0x00000a31       0x2c c:/gcc-arm-none-eabi-7-2017-q4-major-win32/bin/../lib/gcc/arm-none-eabi/7.2.1/../../../../arm-none-eabi/lib/thumb/v6-m\libg_nano.a(lib_a-fstatr.o)
 .ARM.attributes
                0x00000a5d       0x2c c:/gcc-arm-none-eabi-7-2017-q4-major-win32/bin/../lib/gcc/arm-none-eabi/7.2.1/../../../../arm-none-eabi/lib/thumb/v6-m\libg_nano.a(lib_a-isattyr.o)
 .ARM.attributes
                0x00000a89       0x2c c:/gcc-arm-none-eabi-7-2017-q4-major-win32/bin/../lib/gcc/arm-none-eabi/7.2.1/../../../../arm-none-eabi/lib/thumb/v6-m\libnosys.a(close.o)
 .ARM.attributes
                0x00000ab5       0x2c c:/gcc-arm-none-eabi-7-2017-q4-major-win32/bin/../lib/gcc/arm-none-eabi/7.2.1/../../../../arm-none-eabi/lib/thumb/v6-m\libnosys.a(fstat.o)
 .ARM.attributes
                0x00000ae1       0x2c c:/gcc-arm-none-eabi-7-2017-q4-major-win32/bin/../lib/gcc/arm-none-eabi/7.2.1/../../../../arm-none-eabi/lib/thumb/v6-m\libnosys.a(isatty.o)
 .ARM.attributes
                0x00000b0d       0x2c c:/gcc-arm-none-eabi-7-2017-q4-major-win32/bin/../lib/gcc/arm-none-eabi/7.2.1/../../../../arm-none-eabi/lib/thumb/v6-m\libnosys.a(lseek.o)
 .ARM.attributes
                0x00000b39       0x2c c:/gcc-arm-none-eabi-7-2017-q4-major-win32/bin/../lib/gcc/arm-none-eabi/7.2.1/../../../../arm-none-eabi/lib/thumb/v6-m\libnosys.a(read.o)
 .ARM.attributes
                0x00000b65       0x2c c:/gcc-arm-none-eabi-7-2017-q4-major-win32/bin/../lib/gcc/arm-none-eabi/7.2.1/../../../../arm-none-eabi/lib/thumb/v6-m\libnosys.a(sbrk.o)
OUTPUT(ch57x_ble_uart_mrs_app_only_test.elf elf32-littlearm)

.debug_info     0x00000000    0x1d76d
 .debug_info    0x00000000      0xf7f ./hal/hal_led.o
 .debug_info    0x00000f7f      0xf50 ./hal/hal_key.o
 .debug_info    0x00001ecf      0xfe1 ./hal/hal_spi.o
 .debug_info    0x00002eb0     0x103f ./hal/hal_device.o
 .debug_info    0x00003eef      0xf7d ./hal/hal_uart.o
 .debug_info    0x00004e6c      0xdb0 ./bsp/bsp_device.o
 .debug_info    0x00005c1c     0x1146 ./bsp/bsp_led.o
 .debug_info    0x00006d62     0x10fc ./bsp/bsp_key.o
 .debug_info    0x00007e5e      0xad1 ./bsp/bsp_log.o
 .debug_info    0x0000892f      0xd37 ./bsp/bsp_spi.o
 .debug_info    0x00009666      0xdf7 ./bsp/bsp_uart.o
 .debug_info    0x0000a45d     0x1122 ./app/app_flash.o
 .debug_info    0x0000b57f      0xf05 ./app/app_led.o
 .debug_info    0x0000c484      0xe54 ./app/app_key.o
 .debug_info    0x0000d2d8      0xc40 ./app/app_uart.o
 .debug_info    0x0000df18     0x13d7 ./app/ch57x_usb_device_msc.o
 .debug_info    0x0000f2ef      0xf44 ./app/diskio.o
 .debug_info    0x00010233     0x4bbe ./app/ff.o
 .debug_info    0x00014df1      0x233 ./app/ffunicode.o
 .debug_info    0x00015024     0x1b5b ./app/peripheral_main.o
 .debug_info    0x00016b7f     0x152d ./StdPeriphDriver/CH57x_clk.o
 .debug_info    0x000180ac      0xbd5 ./StdPeriphDriver/CH57x_gpio.o
 .debug_info    0x00018c81      0xcd2 ./StdPeriphDriver/CH57x_int.o
 .debug_info    0x00019953      0xcaa ./StdPeriphDriver/CH57x_pwr.o
 .debug_info    0x0001a5fd      0xd0c ./StdPeriphDriver/CH57x_spi0.o
 .debug_info    0x0001b309      0xd7d ./StdPeriphDriver/CH57x_sys.o
 .debug_info    0x0001c086      0xbbb ./StdPeriphDriver/CH57x_uart0.o
 .debug_info    0x0001cc41      0xb0a ./StdPeriphDriver/CH57x_usbdev.o
 .debug_info    0x0001d74b       0x22 ./Startup/startup_ch579.o

.debug_abbrev   0x00000000     0x4cc7
 .debug_abbrev  0x00000000      0x321 ./hal/hal_led.o
 .debug_abbrev  0x00000321      0x32e ./hal/hal_key.o
 .debug_abbrev  0x0000064f      0x320 ./hal/hal_spi.o
 .debug_abbrev  0x0000096f      0x2d7 ./hal/hal_device.o
 .debug_abbrev  0x00000c46      0x31c ./hal/hal_uart.o
 .debug_abbrev  0x00000f62      0x25e ./bsp/bsp_device.o
 .debug_abbrev  0x000011c0      0x34a ./bsp/bsp_led.o
 .debug_abbrev  0x0000150a      0x373 ./bsp/bsp_key.o
 .debug_abbrev  0x0000187d      0x224 ./bsp/bsp_log.o
 .debug_abbrev  0x00001aa1      0x288 ./bsp/bsp_spi.o
 .debug_abbrev  0x00001d29      0x2d1 ./bsp/bsp_uart.o
 .debug_abbrev  0x00001ffa      0x35c ./app/app_flash.o
 .debug_abbrev  0x00002356      0x21f ./app/app_led.o
 .debug_abbrev  0x00002575      0x255 ./app/app_key.o
 .debug_abbrev  0x000027ca      0x231 ./app/app_uart.o
 .debug_abbrev  0x000029fb      0x341 ./app/ch57x_usb_device_msc.o
 .debug_abbrev  0x00002d3c      0x33b ./app/diskio.o
 .debug_abbrev  0x00003077      0x3af ./app/ff.o
 .debug_abbrev  0x00003426       0xda ./app/ffunicode.o
 .debug_abbrev  0x00003500      0x380 ./app/peripheral_main.o
 .debug_abbrev  0x00003880      0x3cb ./StdPeriphDriver/CH57x_clk.o
 .debug_abbrev  0x00003c4b      0x214 ./StdPeriphDriver/CH57x_gpio.o
 .debug_abbrev  0x00003e5f      0x237 ./StdPeriphDriver/CH57x_int.o
 .debug_abbrev  0x00004096      0x246 ./StdPeriphDriver/CH57x_pwr.o
 .debug_abbrev  0x000042dc      0x2af ./StdPeriphDriver/CH57x_spi0.o
 .debug_abbrev  0x0000458b      0x2b5 ./StdPeriphDriver/CH57x_sys.o
 .debug_abbrev  0x00004840      0x28c ./StdPeriphDriver/CH57x_uart0.o
 .debug_abbrev  0x00004acc      0x1e9 ./StdPeriphDriver/CH57x_usbdev.o
 .debug_abbrev  0x00004cb5       0x12 ./Startup/startup_ch579.o

.debug_loc      0x00000000     0x9e6e
 .debug_loc     0x00000000      0x2f4 ./hal/hal_led.o
 .debug_loc     0x000002f4      0x24d ./hal/hal_key.o
 .debug_loc     0x00000541      0x24d ./hal/hal_spi.o
 .debug_loc     0x0000078e      0x374 ./hal/hal_device.o
 .debug_loc     0x00000b02      0x320 ./hal/hal_uart.o
 .debug_loc     0x00000e22      0x2d9 ./bsp/bsp_device.o
 .debug_loc     0x000010fb      0x2c3 ./bsp/bsp_led.o
 .debug_loc     0x000013be      0x279 ./bsp/bsp_key.o
 .debug_loc     0x00001637       0x21 ./bsp/bsp_log.o
 .debug_loc     0x00001658      0x22e ./bsp/bsp_spi.o
 .debug_loc     0x00001886       0x98 ./bsp/bsp_uart.o
 .debug_loc     0x0000191e      0x23f ./app/app_flash.o
 .debug_loc     0x00001b5d       0x29 ./app/app_key.o
 .debug_loc     0x00001b86       0x34 ./app/app_uart.o
 .debug_loc     0x00001bba      0x327 ./app/ch57x_usb_device_msc.o
 .debug_loc     0x00001ee1      0x3f5 ./app/diskio.o
 .debug_loc     0x000022d6     0x6212 ./app/ff.o
 .debug_loc     0x000084e8      0x24f ./app/ffunicode.o
 .debug_loc     0x00008737       0x72 ./app/peripheral_main.o
 .debug_loc     0x000087a9      0xb41 ./StdPeriphDriver/CH57x_clk.o
 .debug_loc     0x000092ea      0x254 ./StdPeriphDriver/CH57x_gpio.o
 .debug_loc     0x0000953e      0x153 ./StdPeriphDriver/CH57x_int.o
 .debug_loc     0x00009691      0x1d8 ./StdPeriphDriver/CH57x_pwr.o
 .debug_loc     0x00009869      0x282 ./StdPeriphDriver/CH57x_spi0.o
 .debug_loc     0x00009aeb      0x1dc ./StdPeriphDriver/CH57x_sys.o
 .debug_loc     0x00009cc7      0x1a7 ./StdPeriphDriver/CH57x_uart0.o

.debug_aranges  0x00000000      0xa68
 .debug_aranges
                0x00000000       0x40 ./hal/hal_led.o
 .debug_aranges
                0x00000040       0x40 ./hal/hal_key.o
 .debug_aranges
                0x00000080       0x40 ./hal/hal_spi.o
 .debug_aranges
                0x000000c0       0x58 ./hal/hal_device.o
 .debug_aranges
                0x00000118       0x40 ./hal/hal_uart.o
 .debug_aranges
                0x00000158       0x50 ./bsp/bsp_device.o
 .debug_aranges
                0x000001a8       0x80 ./bsp/bsp_led.o
 .debug_aranges
                0x00000228       0x68 ./bsp/bsp_key.o
 .debug_aranges
                0x00000290       0x28 ./bsp/bsp_log.o
 .debug_aranges
                0x000002b8       0x38 ./bsp/bsp_spi.o
 .debug_aranges
                0x000002f0       0x38 ./bsp/bsp_uart.o
 .debug_aranges
                0x00000328       0x68 ./app/app_flash.o
 .debug_aranges
                0x00000390       0x20 ./app/app_led.o
 .debug_aranges
                0x000003b0       0x20 ./app/app_key.o
 .debug_aranges
                0x000003d0       0x20 ./app/app_uart.o
 .debug_aranges
                0x000003f0       0xa8 ./app/ch57x_usb_device_msc.o
 .debug_aranges
                0x00000498       0x58 ./app/diskio.o
 .debug_aranges
                0x000004f0      0x1b8 ./app/ff.o
 .debug_aranges
                0x000006a8       0x30 ./app/ffunicode.o
 .debug_aranges
                0x000006d8       0x30 ./app/peripheral_main.o
 .debug_aranges
                0x00000708       0xd8 ./StdPeriphDriver/CH57x_clk.o
 .debug_aranges
                0x000007e0       0x48 ./StdPeriphDriver/CH57x_gpio.o
 .debug_aranges
                0x00000828       0x40 ./StdPeriphDriver/CH57x_int.o
 .debug_aranges
                0x00000868       0x50 ./StdPeriphDriver/CH57x_pwr.o
 .debug_aranges
                0x000008b8       0x88 ./StdPeriphDriver/CH57x_spi0.o
 .debug_aranges
                0x00000940       0x70 ./StdPeriphDriver/CH57x_sys.o
 .debug_aranges
                0x000009b0       0x50 ./StdPeriphDriver/CH57x_uart0.o
 .debug_aranges
                0x00000a00       0x40 ./StdPeriphDriver/CH57x_usbdev.o
 .debug_aranges
                0x00000a40       0x28 ./Startup/startup_ch579.o

.debug_ranges   0x00000000     0x1198
 .debug_ranges  0x00000000       0xe8 ./hal/hal_led.o
 .debug_ranges  0x000000e8       0xd8 ./hal/hal_key.o
 .debug_ranges  0x000001c0       0xc8 ./hal/hal_spi.o
 .debug_ranges  0x00000288       0x60 ./hal/hal_device.o
 .debug_ranges  0x000002e8       0xf8 ./hal/hal_uart.o
 .debug_ranges  0x000003e0       0x40 ./bsp/bsp_device.o
 .debug_ranges  0x00000420       0xb8 ./bsp/bsp_led.o
 .debug_ranges  0x000004d8       0x70 ./bsp/bsp_key.o
 .debug_ranges  0x00000548       0x18 ./bsp/bsp_log.o
 .debug_ranges  0x00000560       0x70 ./bsp/bsp_spi.o
 .debug_ranges  0x000005d0       0x40 ./bsp/bsp_uart.o
 .debug_ranges  0x00000610       0x58 ./app/app_flash.o
 .debug_ranges  0x00000668       0x10 ./app/app_led.o
 .debug_ranges  0x00000678       0x10 ./app/app_key.o
 .debug_ranges  0x00000688       0x10 ./app/app_uart.o
 .debug_ranges  0x00000698       0xb0 ./app/ch57x_usb_device_msc.o
 .debug_ranges  0x00000748       0x78 ./app/diskio.o
 .debug_ranges  0x000007c0      0x6c0 ./app/ff.o
 .debug_ranges  0x00000e80       0x20 ./app/ffunicode.o
 .debug_ranges  0x00000ea0       0x20 ./app/peripheral_main.o
 .debug_ranges  0x00000ec0       0xc8 ./StdPeriphDriver/CH57x_clk.o
 .debug_ranges  0x00000f88       0x38 ./StdPeriphDriver/CH57x_gpio.o
 .debug_ranges  0x00000fc0       0x30 ./StdPeriphDriver/CH57x_int.o
 .debug_ranges  0x00000ff0       0x40 ./StdPeriphDriver/CH57x_pwr.o
 .debug_ranges  0x00001030       0x78 ./StdPeriphDriver/CH57x_spi0.o
 .debug_ranges  0x000010a8       0x60 ./StdPeriphDriver/CH57x_sys.o
 .debug_ranges  0x00001108       0x40 ./StdPeriphDriver/CH57x_uart0.o
 .debug_ranges  0x00001148       0x30 ./StdPeriphDriver/CH57x_usbdev.o
 .debug_ranges  0x00001178       0x20 ./Startup/startup_ch579.o

.debug_line     0x00000000     0x7eff
 .debug_line    0x00000000      0x44f ./hal/hal_led.o
 .debug_line    0x0000044f      0x451 ./hal/hal_key.o
 .debug_line    0x000008a0      0x45b ./hal/hal_spi.o
 .debug_line    0x00000cfb      0x3b4 ./hal/hal_device.o
 .debug_line    0x000010af      0x449 ./hal/hal_uart.o
 .debug_line    0x000014f8      0x323 ./bsp/bsp_device.o
 .debug_line    0x0000181b      0x49b ./bsp/bsp_led.o
 .debug_line    0x00001cb6      0x43a ./bsp/bsp_key.o
 .debug_line    0x000020f0      0x21e ./bsp/bsp_log.o
 .debug_line    0x0000230e      0x2c0 ./bsp/bsp_spi.o
 .debug_line    0x000025ce      0x306 ./bsp/bsp_uart.o
 .debug_line    0x000028d4      0x4c8 ./app/app_flash.o
 .debug_line    0x00002d9c      0x384 ./app/app_led.o
 .debug_line    0x00003120      0x373 ./app/app_key.o
 .debug_line    0x00003493      0x35c ./app/app_uart.o
 .debug_line    0x000037ef      0x643 ./app/ch57x_usb_device_msc.o
 .debug_line    0x00003e32      0x388 ./app/diskio.o
 .debug_line    0x000041ba     0x1360 ./app/ff.o
 .debug_line    0x0000551a      0x161 ./app/ffunicode.o
 .debug_line    0x0000567b      0x654 ./app/peripheral_main.o
 .debug_line    0x00005ccf      0x88a ./StdPeriphDriver/CH57x_clk.o
 .debug_line    0x00006559      0x2fa ./StdPeriphDriver/CH57x_gpio.o
 .debug_line    0x00006853      0x465 ./StdPeriphDriver/CH57x_int.o
 .debug_line    0x00006cb8      0x419 ./StdPeriphDriver/CH57x_pwr.o
 .debug_line    0x000070d1      0x3bc ./StdPeriphDriver/CH57x_spi0.o
 .debug_line    0x0000748d      0x437 ./StdPeriphDriver/CH57x_sys.o
 .debug_line    0x000078c4      0x2be ./StdPeriphDriver/CH57x_uart0.o
 .debug_line    0x00007b82      0x293 ./StdPeriphDriver/CH57x_usbdev.o
 .debug_line    0x00007e15       0xea ./Startup/startup_ch579.o

.debug_str      0x00000000     0x326f
 .debug_str     0x00000000      0x8e6 ./hal/hal_led.o
                                0x9ba (size before relaxing)
 .debug_str     0x000008e6      0x181 ./hal/hal_key.o
                                0x9ba (size before relaxing)
 .debug_str     0x00000a67      0x1af ./hal/hal_spi.o
                                0x9f8 (size before relaxing)
 .debug_str     0x00000c16      0x111 ./hal/hal_device.o
                                0x8a9 (size before relaxing)
 .debug_str     0x00000d27      0x190 ./hal/hal_uart.o
                                0x9d1 (size before relaxing)
 .debug_str     0x00000eb7       0xba ./bsp/bsp_device.o
                                0x89c (size before relaxing)
 .debug_str     0x00000f71      0x203 ./bsp/bsp_led.o
                                0xa0c (size before relaxing)
 .debug_str     0x00001174       0xd9 ./bsp/bsp_key.o
                                0x9bf (size before relaxing)
 .debug_str     0x0000124d       0x60 ./bsp/bsp_log.o
                                0x7c2 (size before relaxing)
 .debug_str     0x000012ad       0xfc ./bsp/bsp_spi.o
                                0x8f8 (size before relaxing)
 .debug_str     0x000013a9      0x25c ./bsp/bsp_uart.o
                                0xa4f (size before relaxing)
 .debug_str     0x00001605      0x17f ./app/app_flash.o
                                0xa7d (size before relaxing)
 .debug_str     0x00001784       0x51 ./app/app_led.o
                                0x8f1 (size before relaxing)
 .debug_str     0x000017d5       0x3e ./app/app_key.o
                                0x964 (size before relaxing)
 .debug_str     0x00001813       0x39 ./app/app_uart.o
                                0x8d3 (size before relaxing)
 .debug_str     0x0000184c      0x423 ./app/ch57x_usb_device_msc.o
                                0xbf5 (size before relaxing)
 .debug_str     0x00001c6f       0xc9 ./app/diskio.o
                                0x8ac (size before relaxing)
 .debug_str     0x00001d38      0x5c4 ./app/ff.o
                                0x88e (size before relaxing)
 .debug_str     0x000022fc       0x23 ./app/ffunicode.o
                                0x21e (size before relaxing)
 .debug_str     0x0000231f      0x204 ./app/peripheral_main.o
                                0xf71 (size before relaxing)
 .debug_str     0x00002523      0x557 ./StdPeriphDriver/CH57x_clk.o
                                0xdf3 (size before relaxing)
 .debug_str     0x00002a7a      0x11f ./StdPeriphDriver/CH57x_gpio.o
                                0x901 (size before relaxing)
 .debug_str     0x00002b99      0x105 ./StdPeriphDriver/CH57x_int.o
                                0x88a (size before relaxing)
 .debug_str     0x00002c9e       0xdb ./StdPeriphDriver/CH57x_pwr.o
                                0x8b1 (size before relaxing)
 .debug_str     0x00002d79      0x170 ./StdPeriphDriver/CH57x_spi0.o
                                0x967 (size before relaxing)
 .debug_str     0x00002ee9      0x191 ./StdPeriphDriver/CH57x_sys.o
                                0x956 (size before relaxing)
 .debug_str     0x0000307a       0xb7 ./StdPeriphDriver/CH57x_uart0.o
                                0x8a6 (size before relaxing)
 .debug_str     0x00003131       0xb9 ./StdPeriphDriver/CH57x_usbdev.o
                                0x81c (size before relaxing)
 .debug_str     0x000031ea       0x85 ./Startup/startup_ch579.o
                                0x108 (size before relaxing)

.comment        0x00000000       0x7e
 .comment       0x00000000       0x7e ./hal/hal_led.o
                                 0x7f (size before relaxing)
 .comment       0x0000007e       0x7f ./hal/hal_key.o
 .comment       0x0000007e       0x7f ./hal/hal_spi.o
 .comment       0x0000007e       0x7f ./hal/hal_device.o
 .comment       0x0000007e       0x7f ./hal/hal_uart.o
 .comment       0x0000007e       0x7f ./bsp/bsp_device.o
 .comment       0x0000007e       0x7f ./bsp/bsp_led.o
 .comment       0x0000007e       0x7f ./bsp/bsp_key.o
 .comment       0x0000007e       0x7f ./bsp/bsp_log.o
 .comment       0x0000007e       0x7f ./bsp/bsp_spi.o
 .comment       0x0000007e       0x7f ./bsp/bsp_uart.o
 .comment       0x0000007e       0x7f ./app/app_flash.o
 .comment       0x0000007e       0x7f ./app/app_led.o
 .comment       0x0000007e       0x7f ./app/app_key.o
 .comment       0x0000007e       0x7f ./app/app_uart.o
 .comment       0x0000007e       0x7f ./app/ch57x_usb_device_msc.o
 .comment       0x0000007e       0x7f ./app/diskio.o
 .comment       0x0000007e       0x7f ./app/ff.o
 .comment       0x0000007e       0x7f ./app/ffunicode.o
 .comment       0x0000007e       0x7f ./app/peripheral_main.o
 .comment       0x0000007e       0x7f ./StdPeriphDriver/CH57x_clk.o
 .comment       0x0000007e       0x7f ./StdPeriphDriver/CH57x_gpio.o
 .comment       0x0000007e       0x7f ./StdPeriphDriver/CH57x_int.o
 .comment       0x0000007e       0x7f ./StdPeriphDriver/CH57x_pwr.o
 .comment       0x0000007e       0x7f ./StdPeriphDriver/CH57x_spi0.o
 .comment       0x0000007e       0x7f ./StdPeriphDriver/CH57x_sys.o
 .comment       0x0000007e       0x7f ./StdPeriphDriver/CH57x_uart0.o
 .comment       0x0000007e       0x7f ./StdPeriphDriver/CH57x_usbdev.o

.debug_frame    0x00000000     0x2270
 .debug_frame   0x00000000       0x94 ./hal/hal_led.o
 .debug_frame   0x00000094       0x90 ./hal/hal_key.o
 .debug_frame   0x00000124       0xa0 ./hal/hal_spi.o
 .debug_frame   0x000001c4       0xf8 ./hal/hal_device.o
 .debug_frame   0x000002bc       0x98 ./hal/hal_uart.o
 .debug_frame   0x00000354       0xc0 ./bsp/bsp_device.o
 .debug_frame   0x00000414      0x134 ./bsp/bsp_led.o
 .debug_frame   0x00000548       0xe4 ./bsp/bsp_key.o
 .debug_frame   0x0000062c       0x3c ./bsp/bsp_log.o
 .debug_frame   0x00000668       0x78 ./bsp/bsp_spi.o
 .debug_frame   0x000006e0       0x68 ./bsp/bsp_uart.o
 .debug_frame   0x00000748      0x144 ./app/app_flash.o
 .debug_frame   0x0000088c       0x30 ./app/app_led.o
 .debug_frame   0x000008bc       0x2c ./app/app_key.o
 .debug_frame   0x000008e8       0x2c ./app/app_uart.o
 .debug_frame   0x00000914      0x1e8 ./app/ch57x_usb_device_msc.o
 .debug_frame   0x00000afc       0xd0 ./app/diskio.o
 .debug_frame   0x00000bcc      0x620 ./app/ff.o
 .debug_frame   0x000011ec       0x58 ./app/ffunicode.o
 .debug_frame   0x00001244       0x60 ./app/peripheral_main.o
 .debug_frame   0x000012a4      0x20c ./StdPeriphDriver/CH57x_clk.o
 .debug_frame   0x000014b0       0x90 ./StdPeriphDriver/CH57x_gpio.o
 .debug_frame   0x00001540       0xb4 ./StdPeriphDriver/CH57x_int.o
 .debug_frame   0x000015f4       0xd0 ./StdPeriphDriver/CH57x_pwr.o
 .debug_frame   0x000016c4      0x158 ./StdPeriphDriver/CH57x_spi0.o
 .debug_frame   0x0000181c       0xe8 ./StdPeriphDriver/CH57x_sys.o
 .debug_frame   0x00001904       0xa8 ./StdPeriphDriver/CH57x_uart0.o
 .debug_frame   0x000019ac       0x68 ./StdPeriphDriver/CH57x_usbdev.o
 .debug_frame   0x00001a14       0x20 c:/gcc-arm-none-eabi-7-2017-q4-major-win32/bin/../lib/gcc/arm-none-eabi/7.2.1/thumb/v6-m\libgcc.a(_udivsi3.o)
 .debug_frame   0x00001a34       0x20 c:/gcc-arm-none-eabi-7-2017-q4-major-win32/bin/../lib/gcc/arm-none-eabi/7.2.1/thumb/v6-m\libgcc.a(_divsi3.o)
 .debug_frame   0x00001a54       0x40 c:/gcc-arm-none-eabi-7-2017-q4-major-win32/bin/../lib/gcc/arm-none-eabi/7.2.1/../../../../arm-none-eabi/lib/thumb/v6-m\libg_nano.a(lib_a-malloc.o)
 .debug_frame   0x00001a94       0x28 c:/gcc-arm-none-eabi-7-2017-q4-major-win32/bin/../lib/gcc/arm-none-eabi/7.2.1/../../../../arm-none-eabi/lib/thumb/v6-m\libg_nano.a(lib_a-memcpy-stub.o)
 .debug_frame   0x00001abc       0x20 c:/gcc-arm-none-eabi-7-2017-q4-major-win32/bin/../lib/gcc/arm-none-eabi/7.2.1/../../../../arm-none-eabi/lib/thumb/v6-m\libg_nano.a(lib_a-memset.o)
 .debug_frame   0x00001adc       0x2c c:/gcc-arm-none-eabi-7-2017-q4-major-win32/bin/../lib/gcc/arm-none-eabi/7.2.1/../../../../arm-none-eabi/lib/thumb/v6-m\libg_nano.a(lib_a-nano-freer.o)
 .debug_frame   0x00001b08       0x2c c:/gcc-arm-none-eabi-7-2017-q4-major-win32/bin/../lib/gcc/arm-none-eabi/7.2.1/../../../../arm-none-eabi/lib/thumb/v6-m\libg_nano.a(lib_a-nano-mallocr.o)
 .debug_frame   0x00001b34       0x2c c:/gcc-arm-none-eabi-7-2017-q4-major-win32/bin/../lib/gcc/arm-none-eabi/7.2.1/../../../../arm-none-eabi/lib/thumb/v6-m\libg_nano.a(lib_a-sbrkr.o)
 .debug_frame   0x00001b60       0x20 c:/gcc-arm-none-eabi-7-2017-q4-major-win32/bin/../lib/gcc/arm-none-eabi/7.2.1/../../../../arm-none-eabi/lib/thumb/v6-m\libg_nano.a(lib_a-strcmp.o)
 .debug_frame   0x00001b80       0x48 c:/gcc-arm-none-eabi-7-2017-q4-major-win32/bin/../lib/gcc/arm-none-eabi/7.2.1/../../../../arm-none-eabi/lib/thumb/v6-m\libg_nano.a(lib_a-vprintf.o)
 .debug_frame   0x00001bc8      0x140 c:/gcc-arm-none-eabi-7-2017-q4-major-win32/bin/../lib/gcc/arm-none-eabi/7.2.1/../../../../arm-none-eabi/lib/thumb/v6-m\libg_nano.a(lib_a-findfp.o)
 .debug_frame   0x00001d08       0x58 c:/gcc-arm-none-eabi-7-2017-q4-major-win32/bin/../lib/gcc/arm-none-eabi/7.2.1/../../../../arm-none-eabi/lib/thumb/v6-m\libg_nano.a(lib_a-fwalk.o)
 .debug_frame   0x00001d60       0x30 c:/gcc-arm-none-eabi-7-2017-q4-major-win32/bin/../lib/gcc/arm-none-eabi/7.2.1/../../../../arm-none-eabi/lib/thumb/v6-m\libg_nano.a(lib_a-mlock.o)
 .debug_frame   0x00001d90       0x9c c:/gcc-arm-none-eabi-7-2017-q4-major-win32/bin/../lib/gcc/arm-none-eabi/7.2.1/../../../../arm-none-eabi/lib/thumb/v6-m\libg_nano.a(lib_a-nano-vfprintf.o)
 .debug_frame   0x00001e2c       0x54 c:/gcc-arm-none-eabi-7-2017-q4-major-win32/bin/../lib/gcc/arm-none-eabi/7.2.1/../../../../arm-none-eabi/lib/thumb/v6-m\libg_nano.a(lib_a-nano-vfprintf_i.o)
 .debug_frame   0x00001e80       0x48 c:/gcc-arm-none-eabi-7-2017-q4-major-win32/bin/../lib/gcc/arm-none-eabi/7.2.1/../../../../arm-none-eabi/lib/thumb/v6-m\libg_nano.a(lib_a-reent.o)
 .debug_frame   0x00001ec8       0x90 c:/gcc-arm-none-eabi-7-2017-q4-major-win32/bin/../lib/gcc/arm-none-eabi/7.2.1/../../../../arm-none-eabi/lib/thumb/v6-m\libg_nano.a(lib_a-stdio.o)
 .debug_frame   0x00001f58       0x48 c:/gcc-arm-none-eabi-7-2017-q4-major-win32/bin/../lib/gcc/arm-none-eabi/7.2.1/../../../../arm-none-eabi/lib/thumb/v6-m\libg_nano.a(lib_a-wbuf.o)
 .debug_frame   0x00001fa0       0x2c c:/gcc-arm-none-eabi-7-2017-q4-major-win32/bin/../lib/gcc/arm-none-eabi/7.2.1/../../../../arm-none-eabi/lib/thumb/v6-m\libg_nano.a(lib_a-writer.o)
 .debug_frame   0x00001fcc       0x2c c:/gcc-arm-none-eabi-7-2017-q4-major-win32/bin/../lib/gcc/arm-none-eabi/7.2.1/../../../../arm-none-eabi/lib/thumb/v6-m\libg_nano.a(lib_a-wsetup.o)
 .debug_frame   0x00001ff8       0x2c c:/gcc-arm-none-eabi-7-2017-q4-major-win32/bin/../lib/gcc/arm-none-eabi/7.2.1/../../../../arm-none-eabi/lib/thumb/v6-m\libg_nano.a(lib_a-closer.o)
 .debug_frame   0x00002024       0x68 c:/gcc-arm-none-eabi-7-2017-q4-major-win32/bin/../lib/gcc/arm-none-eabi/7.2.1/../../../../arm-none-eabi/lib/thumb/v6-m\libg_nano.a(lib_a-fflush.o)
 .debug_frame   0x0000208c       0x2c c:/gcc-arm-none-eabi-7-2017-q4-major-win32/bin/../lib/gcc/arm-none-eabi/7.2.1/../../../../arm-none-eabi/lib/thumb/v6-m\libg_nano.a(lib_a-lseekr.o)
 .debug_frame   0x000020b8       0x54 c:/gcc-arm-none-eabi-7-2017-q4-major-win32/bin/../lib/gcc/arm-none-eabi/7.2.1/../../../../arm-none-eabi/lib/thumb/v6-m\libg_nano.a(lib_a-makebuf.o)
 .debug_frame   0x0000210c       0x20 c:/gcc-arm-none-eabi-7-2017-q4-major-win32/bin/../lib/gcc/arm-none-eabi/7.2.1/../../../../arm-none-eabi/lib/thumb/v6-m\libg_nano.a(lib_a-memchr-stub.o)
 .debug_frame   0x0000212c       0x2c c:/gcc-arm-none-eabi-7-2017-q4-major-win32/bin/../lib/gcc/arm-none-eabi/7.2.1/../../../../arm-none-eabi/lib/thumb/v6-m\libg_nano.a(lib_a-readr.o)
 .debug_frame   0x00002158       0x2c c:/gcc-arm-none-eabi-7-2017-q4-major-win32/bin/../lib/gcc/arm-none-eabi/7.2.1/../../../../arm-none-eabi/lib/thumb/v6-m\libg_nano.a(lib_a-fstatr.o)
 .debug_frame   0x00002184       0x2c c:/gcc-arm-none-eabi-7-2017-q4-major-win32/bin/../lib/gcc/arm-none-eabi/7.2.1/../../../../arm-none-eabi/lib/thumb/v6-m\libg_nano.a(lib_a-isattyr.o)
 .debug_frame   0x000021b0       0x20 c:/gcc-arm-none-eabi-7-2017-q4-major-win32/bin/../lib/gcc/arm-none-eabi/7.2.1/../../../../arm-none-eabi/lib/thumb/v6-m\libnosys.a(close.o)
 .debug_frame   0x000021d0       0x20 c:/gcc-arm-none-eabi-7-2017-q4-major-win32/bin/../lib/gcc/arm-none-eabi/7.2.1/../../../../arm-none-eabi/lib/thumb/v6-m\libnosys.a(fstat.o)
 .debug_frame   0x000021f0       0x20 c:/gcc-arm-none-eabi-7-2017-q4-major-win32/bin/../lib/gcc/arm-none-eabi/7.2.1/../../../../arm-none-eabi/lib/thumb/v6-m\libnosys.a(isatty.o)
 .debug_frame   0x00002210       0x20 c:/gcc-arm-none-eabi-7-2017-q4-major-win32/bin/../lib/gcc/arm-none-eabi/7.2.1/../../../../arm-none-eabi/lib/thumb/v6-m\libnosys.a(lseek.o)
 .debug_frame   0x00002230       0x20 c:/gcc-arm-none-eabi-7-2017-q4-major-win32/bin/../lib/gcc/arm-none-eabi/7.2.1/../../../../arm-none-eabi/lib/thumb/v6-m\libnosys.a(read.o)
 .debug_frame   0x00002250       0x20 c:/gcc-arm-none-eabi-7-2017-q4-major-win32/bin/../lib/gcc/arm-none-eabi/7.2.1/../../../../arm-none-eabi/lib/thumb/v6-m\libnosys.a(sbrk.o)

.stab           0x00000000       0x84
 .stab          0x00000000       0x24 c:/gcc-arm-none-eabi-7-2017-q4-major-win32/bin/../lib/gcc/arm-none-eabi/7.2.1/../../../../arm-none-eabi/lib/thumb/v6-m\libnosys.a(close.o)
 .stab          0x00000024       0x18 c:/gcc-arm-none-eabi-7-2017-q4-major-win32/bin/../lib/gcc/arm-none-eabi/7.2.1/../../../../arm-none-eabi/lib/thumb/v6-m\libnosys.a(fstat.o)
                                 0x24 (size before relaxing)
 .stab          0x0000003c       0x18 c:/gcc-arm-none-eabi-7-2017-q4-major-win32/bin/../lib/gcc/arm-none-eabi/7.2.1/../../../../arm-none-eabi/lib/thumb/v6-m\libnosys.a(isatty.o)
                                 0x24 (size before relaxing)
 .stab          0x00000054       0x18 c:/gcc-arm-none-eabi-7-2017-q4-major-win32/bin/../lib/gcc/arm-none-eabi/7.2.1/../../../../arm-none-eabi/lib/thumb/v6-m\libnosys.a(lseek.o)
                                 0x24 (size before relaxing)
 .stab          0x0000006c       0x18 c:/gcc-arm-none-eabi-7-2017-q4-major-win32/bin/../lib/gcc/arm-none-eabi/7.2.1/../../../../arm-none-eabi/lib/thumb/v6-m\libnosys.a(read.o)
                                 0x24 (size before relaxing)

.stabstr        0x00000000      0x117
 .stabstr       0x00000000      0x117 c:/gcc-arm-none-eabi-7-2017-q4-major-win32/bin/../lib/gcc/arm-none-eabi/7.2.1/../../../../arm-none-eabi/lib/thumb/v6-m\libnosys.a(close.o)
