Archive member included to satisfy reference by file (symbol)

c:/mounriver/mounriver_studio/toolchain/arm-none-eabi-gcc/bin/../lib/gcc/arm-none-eabi/9.3.1/thumb/v6-m/nofp\libgcc.a(_thumb1_case_sqi.o)
                              ./app/ch57x_usb_device_msc.o (__gnu_thumb1_case_sqi)
c:/mounriver/mounriver_studio/toolchain/arm-none-eabi-gcc/bin/../lib/gcc/arm-none-eabi/9.3.1/thumb/v6-m/nofp\libgcc.a(_thumb1_case_uqi.o)
                              ./app/ch57x_usb_device_msc.o (__gnu_thumb1_case_uqi)
c:/mounriver/mounriver_studio/toolchain/arm-none-eabi-gcc/bin/../lib/gcc/arm-none-eabi/9.3.1/thumb/v6-m/nofp\libgcc.a(_thumb1_case_shi.o)
                              ./app/ff.o (__gnu_thumb1_case_shi)
c:/mounriver/mounriver_studio/toolchain/arm-none-eabi-gcc/bin/../lib/gcc/arm-none-eabi/9.3.1/thumb/v6-m/nofp\libgcc.a(_udivsi3.o)
                              ./app/ff.o (__aeabi_uidiv)
c:/mounriver/mounriver_studio/toolchain/arm-none-eabi-gcc/bin/../lib/gcc/arm-none-eabi/9.3.1/thumb/v6-m/nofp\libgcc.a(_divsi3.o)
                              ./StdPeriphDriver/CH57x_adc.o (__aeabi_idiv)
c:/mounriver/mounriver_studio/toolchain/arm-none-eabi-gcc/bin/../lib/gcc/arm-none-eabi/9.3.1/thumb/v6-m/nofp\libgcc.a(_dvmd_tls.o)
                              c:/mounriver/mounriver_studio/toolchain/arm-none-eabi-gcc/bin/../lib/gcc/arm-none-eabi/9.3.1/thumb/v6-m/nofp\libgcc.a(_udivsi3.o) (__aeabi_idiv0)
c:/mounriver/mounriver_studio/toolchain/arm-none-eabi-gcc/bin/../lib/gcc/arm-none-eabi/9.3.1/../../../../arm-none-eabi/lib/thumb/v6-m/nofp\libg_nano.a(lib_a-malloc.o)
                              ./app/ffsystem.o (malloc)
c:/mounriver/mounriver_studio/toolchain/arm-none-eabi-gcc/bin/../lib/gcc/arm-none-eabi/9.3.1/../../../../arm-none-eabi/lib/thumb/v6-m/nofp\libg_nano.a(lib_a-memcpy-stub.o)
                              ./app/ch57x_usb_device_msc.o (memcpy)
c:/mounriver/mounriver_studio/toolchain/arm-none-eabi-gcc/bin/../lib/gcc/arm-none-eabi/9.3.1/../../../../arm-none-eabi/lib/thumb/v6-m/nofp\libg_nano.a(lib_a-nano-freer.o)
                              c:/mounriver/mounriver_studio/toolchain/arm-none-eabi-gcc/bin/../lib/gcc/arm-none-eabi/9.3.1/../../../../arm-none-eabi/lib/thumb/v6-m/nofp\libg_nano.a(lib_a-malloc.o) (_free_r)
c:/mounriver/mounriver_studio/toolchain/arm-none-eabi-gcc/bin/../lib/gcc/arm-none-eabi/9.3.1/../../../../arm-none-eabi/lib/thumb/v6-m/nofp\libg_nano.a(lib_a-nano-mallocr.o)
                              c:/mounriver/mounriver_studio/toolchain/arm-none-eabi-gcc/bin/../lib/gcc/arm-none-eabi/9.3.1/../../../../arm-none-eabi/lib/thumb/v6-m/nofp\libg_nano.a(lib_a-malloc.o) (_malloc_r)
c:/mounriver/mounriver_studio/toolchain/arm-none-eabi-gcc/bin/../lib/gcc/arm-none-eabi/9.3.1/../../../../arm-none-eabi/lib/thumb/v6-m/nofp\libg_nano.a(lib_a-printf.o)
                              ./app/diskio.o (printf)
c:/mounriver/mounriver_studio/toolchain/arm-none-eabi-gcc/bin/../lib/gcc/arm-none-eabi/9.3.1/../../../../arm-none-eabi/lib/thumb/v6-m/nofp\libg_nano.a(lib_a-puts.o)
                              ./app/diskio.o (puts)
c:/mounriver/mounriver_studio/toolchain/arm-none-eabi-gcc/bin/../lib/gcc/arm-none-eabi/9.3.1/../../../../arm-none-eabi/lib/thumb/v6-m/nofp\libg_nano.a(lib_a-sbrkr.o)
                              c:/mounriver/mounriver_studio/toolchain/arm-none-eabi-gcc/bin/../lib/gcc/arm-none-eabi/9.3.1/../../../../arm-none-eabi/lib/thumb/v6-m/nofp\libg_nano.a(lib_a-nano-mallocr.o) (_sbrk_r)
c:/mounriver/mounriver_studio/toolchain/arm-none-eabi-gcc/bin/../lib/gcc/arm-none-eabi/9.3.1/../../../../arm-none-eabi/lib/thumb/v6-m/nofp\libg_nano.a(lib_a-wbuf.o)
                              c:/mounriver/mounriver_studio/toolchain/arm-none-eabi-gcc/bin/../lib/gcc/arm-none-eabi/9.3.1/../../../../arm-none-eabi/lib/thumb/v6-m/nofp\libg_nano.a(lib_a-puts.o) (__swbuf_r)
c:/mounriver/mounriver_studio/toolchain/arm-none-eabi-gcc/bin/../lib/gcc/arm-none-eabi/9.3.1/../../../../arm-none-eabi/lib/thumb/v6-m/nofp\libg_nano.a(lib_a-wsetup.o)
                              c:/mounriver/mounriver_studio/toolchain/arm-none-eabi-gcc/bin/../lib/gcc/arm-none-eabi/9.3.1/../../../../arm-none-eabi/lib/thumb/v6-m/nofp\libg_nano.a(lib_a-puts.o) (__swsetup_r)
c:/mounriver/mounriver_studio/toolchain/arm-none-eabi-gcc/bin/../lib/gcc/arm-none-eabi/9.3.1/../../../../arm-none-eabi/lib/thumb/v6-m/nofp\libg_nano.a(lib_a-fflush.o)
                              c:/mounriver/mounriver_studio/toolchain/arm-none-eabi-gcc/bin/../lib/gcc/arm-none-eabi/9.3.1/../../../../arm-none-eabi/lib/thumb/v6-m/nofp\libg_nano.a(lib_a-wbuf.o) (_fflush_r)
c:/mounriver/mounriver_studio/toolchain/arm-none-eabi-gcc/bin/../lib/gcc/arm-none-eabi/9.3.1/../../../../arm-none-eabi/lib/thumb/v6-m/nofp\libg_nano.a(lib_a-findfp.o)
                              c:/mounriver/mounriver_studio/toolchain/arm-none-eabi-gcc/bin/../lib/gcc/arm-none-eabi/9.3.1/../../../../arm-none-eabi/lib/thumb/v6-m/nofp\libg_nano.a(lib_a-printf.o) (__sinit)
[...]
Memory Configuration

Name             Origin             Length             Attributes
FLASH            0x00000000         0x0003e800         xr
XRAM             0x20003800         0x00001fff         xrw
RAM              0x20004000         0x00004000         xrw
*default*        0x00000000         0xffffffff

Linker script and memory map

LOAD ./app/ch57x_code_flash.o
LOAD ./app/ch57x_usb_device_msc.o
LOAD ./app/diskio.o
LOAD ./app/ff.o
LOAD ./app/ffsystem.o
LOAD ./app/ffunicode.o
LOAD ./app/peripheral_main.o
LOAD ./app/spi_flash.o
LOAD ./StdPeriphDriver/CH57x_adc.o
LOAD ./StdPeriphDriver/CH57x_clk.o
LOAD ./StdPeriphDriver/CH57x_flash.o
LOAD ./StdPeriphDriver/CH57x_gpio.o
LOAD ./StdPeriphDriver/CH57x_int.o
LOAD ./StdPeriphDriver/CH57x_lcd.o
LOAD ./StdPeriphDriver/CH57x_pwm.o
LOAD ./StdPeriphDriver/CH57x_pwr.o
LOAD ./StdPeriphDriver/CH57x_spi0.o
LOAD ./StdPeriphDriver/CH57x_spi1.o
LOAD ./StdPeriphDriver/CH57x_sys.o
LOAD ./StdPeriphDriver/CH57x_timer0.o
LOAD ./StdPeriphDriver/CH57x_timer1.o
LOAD ./StdPeriphDriver/CH57x_timer2.o
LOAD ./StdPeriphDriver/CH57x_timer3.o
LOAD ./StdPeriphDriver/CH57x_uart0.o
LOAD ./StdPeriphDriver/CH57x_uart1.o
LOAD ./StdPeriphDriver/CH57x_uart2.o
LOAD ./StdPeriphDriver/CH57x_uart3.o
LOAD ./StdPeriphDriver/CH57x_usbdev.o
LOAD ./Startup/startup_ch579.o
START GROUP
LOAD c:/mounriver/mounriver_studio/toolchain/arm-none-eabi-gcc/bin/../lib/gcc/arm-none-eabi/9.3.1/thumb/v6-m/nofp\libgcc.a
LOAD c:/mounriver/mounriver_studio/toolchain/arm-none-eabi-gcc/bin/../lib/gcc/arm-none-eabi/9.3.1/../../../../arm-none-eabi/lib/thumb/v6-m/nofp\libg_nano.a
LOAD c:/mounriver/mounriver_studio/toolchain/arm-none-eabi-gcc/bin/../lib/gcc/arm-none-eabi/9.3.1/../../../../arm-none-eabi/lib/thumb/v6-m/nofp\libc_nano.a
END GROUP
START GROUP
LOAD c:/mounriver/mounriver_studio/toolchain/arm-none-eabi-gcc/bin/../lib/gcc/arm-none-eabi/9.3.1/thumb/v6-m/nofp\libgcc.a
LOAD c:/mounriver/mounriver_studio/toolchain/arm-none-eabi-gcc/bin/../lib/gcc/arm-none-eabi/9.3.1/../../../../arm-none-eabi/lib/thumb/v6-m/nofp\libc_nano.a
LOAD c:/mounriver/mounriver_studio/toolchain/arm-none-eabi-gcc/bin/../lib/gcc/arm-none-eabi/9.3.1/../../../../arm-none-eabi/lib/thumb/v6-m/nofp\libnosys.a
END GROUP
START GROUP
LOAD c:/mounriver/mounriver_studio/toolchain/arm-none-eabi-gcc/bin/../lib/gcc/arm-none-eabi/9.3.1/thumb/v6-m/nofp\libgcc.a
LOAD c:/mounriver/mounriver_studio/toolchain/arm-none-eabi-gcc/bin/../lib/gcc/arm-none-eabi/9.3.1/../../../../arm-none-eabi/lib/thumb/v6-m/nofp\libc_nano.a
LOAD c:/mounriver/mounriver_studio/toolchain/arm-none-eabi-gcc/bin/../lib/gcc/arm-none-eabi/9.3.1/../../../../arm-none-eabi/lib/thumb/v6-m/nofp\libnosys.a
END GROUP
                0x20008000                _estack = 0x20008000
                0x00000400                _Min_Heap_Size = 0x400
                0x00000400                _Min_Stack_Size = 0x400

.stack_data

.isr_vector     0x00000000       0x90
                0x00000000                . = ALIGN (0x4)
 *(.isr_vector)
 .isr_vector    0x00000000       0x90 ./Startup/startup_ch579.o
                0x00000000                g_pfnVectors
                0x00000090                . = ALIGN (0x4)

.text           0x00000090     0x49b8
                0x00000090                . = ALIGN (0x4)
 *(.text)
 .text          0x00000090       0x14 c:/mounriver/mounriver_studio/toolchain/arm-none-eabi-gcc/bin/../lib/gcc/arm-none-eabi/9.3.1/thumb/v6-m/nofp\libgcc.a(_thumb1_case_sqi.o)
                0x00000090                __gnu_thumb1_case_sqi
 .text          0x000000a4       0x14 c:/mounriver/mounriver_studio/toolchain/arm-none-eabi-gcc/bin/../lib/gcc/arm-none-eabi/9.3.1/thumb/v6-m/nofp\libgcc.a(_thumb1_case_uqi.o)
                0x000000a4                __gnu_thumb1_case_uqi
 .text          0x000000b8       0x14 c:/mounriver/mounriver_studio/toolchain/arm-none-eabi-gcc/bin/../lib/gcc/arm-none-eabi/9.3.1/thumb/v6-m/nofp\libgcc.a(_thumb1_case_shi.o)
                0x000000b8                __gnu_thumb1_case_shi
 .text          0x000000cc      0x114 c:/mounriver/mounriver_studio/toolchain/arm-none-eabi-gcc/bin/../lib/gcc/arm-none-eabi/9.3.1/thumb/v6-m/nofp\libgcc.a(_udivsi3.o)
                0x000000cc                __aeabi_uidiv
                0x000000cc                __udivsi3
                0x000001d8                __aeabi_uidivmod
 .text          0x000001e0      0x1d4 c:/mounriver/mounriver_studio/toolchain/arm-none-eabi-gcc/bin/../lib/gcc/arm-none-eabi/9.3.1/thumb/v6-m/nofp\libgcc.a(_divsi3.o)
                0x000001e0                __divsi3
                0x000001e0                __aeabi_idiv
                0x000003ac                __aeabi_idivmod
 .text          0x000003b4        0x4 c:/mounriver/mounriver_studio/toolchain/arm-none-eabi-gcc/bin/../lib/gcc/arm-none-eabi/9.3.1/thumb/v6-m/nofp\libgcc.a(_dvmd_tls.o)
                0x000003b4                __aeabi_idiv0
                0x000003b4                __aeabi_ldiv0
 *(.text*)
 .text.BulkThirteen
                0x000003b8       0x74 ./app/ch57x_usb_device_msc.o
                0x000003b8                BulkThirteen
 .text.UFI_modeSense.part.0
                0x0000042c       0x34 ./app/ch57x_usb_device_msc.o
 .text.UFI_readCapacity
                0x00000460       0x3c ./app/ch57x_usb_device_msc.o
                0x00000460                UFI_readCapacity
 .text.UFI_inquiry
                0x0000049c       0x3c ./app/ch57x_usb_device_msc.o
                0x0000049c                UFI_inquiry
 .text.UFI_read10
                0x000004d8       0x5c ./app/ch57x_usb_device_msc.o
                0x000004d8                UFI_read10
 .text.UFI_modeSense
                0x00000534       0x50 ./app/ch57x_usb_device_msc.o
                0x00000534                UFI_modeSense
 .text.UFI_requestSense
                0x00000584       0x6c ./app/ch57x_usb_device_msc.o
                0x00000584                UFI_requestSense
 .text.UFI_testUnit
                0x000005f0       0x2c ./app/ch57x_usb_device_msc.o
                0x000005f0                UFI_testUnit
 .text.UFI_perOrMed
                0x0000061c       0x1c ./app/ch57x_usb_device_msc.o
                0x0000061c                UFI_perOrMed
 .text.UFI_write
                0x00000638       0x6c ./app/ch57x_usb_device_msc.o
                0x00000638                UFI_write
 .text.UFI_modeSense5
                0x000006a4       0x50 ./app/ch57x_usb_device_msc.o
                0x000006a4                UFI_modeSense5
 .text.UFI_Hunding
                0x000006f4       0xa8 ./app/ch57x_usb_device_msc.o
                0x000006f4                UFI_Hunding
 .text.mCH375BulkOnly
                0x0000079c       0x80 ./app/ch57x_usb_device_msc.o
                0x0000079c                mCH375BulkOnly
 .text.mCH375UpCsw
                0x0000081c       0x88 ./app/ch57x_usb_device_msc.o
                0x0000081c                mCH375UpCsw
 .text.CH375bulkUpData
                0x000008a4       0x88 ./app/ch57x_usb_device_msc.o
                0x000008a4                CH375bulkUpData
 .text.mCH375BulkDownData
                0x0000092c       0x58 ./app/ch57x_usb_device_msc.o
                0x0000092c                mCH375BulkDownData
 .text.USB_DevTransProcess
                0x00000984      0x368 ./app/ch57x_usb_device_msc.o
                0x00000984                USB_DevTransProcess
 .text.USB_IRQHandler
                0x00000cec        0x8 ./app/ch57x_usb_device_msc.o
                0x00000cec                USB_IRQHandler
 .text.disk_status
                0x00000cf4       0x28 ./app/diskio.o
                0x00000cf4                disk_status
 .text.disk_initialize
                0x00000d1c       0x2c ./app/diskio.o
                0x00000d1c                disk_initialize
 .text.disk_ioctl
                0x00000d48       0x3c ./app/diskio.o
                0x00000d48                disk_ioctl
 .text.spi_disk_read
                0x00000d84       0x28 ./app/diskio.o
                0x00000d84                spi_disk_read
 .text.disk_read
                0x00000dac       0x2c ./app/diskio.o
                0x00000dac                disk_read
 .text.spi_disk_write
                0x00000dd8       0x30 ./app/diskio.o
                0x00000dd8                spi_disk_write
 .text.spi_disk_erase
                0x00000e08       0x24 ./app/diskio.o
                0x00000e08                spi_disk_erase
 .text.disk_write
                0x00000e2c       0x34 ./app/diskio.o
                0x00000e2c                disk_write
 .text.ld_dword
                0x00000e60       0x16 ./app/ff.o
 .text.st_dword
                0x00000e76       0x10 ./app/ff.o
 .text.mem_set  0x00000e86        0xc ./app/ff.o
 .text.mem_cmp  0x00000e92       0x1a ./app/ff.o
 .text.clst2sect
                0x00000eac       0x18 ./app/ff.o
 .text.sum_sfn  0x00000ec4       0x1c ./app/ff.o
 .text.get_ldnumber
                0x00000ee0       0x34 ./app/ff.o
 .text.validate
                0x00000f14       0x3c ./app/ff.o
 .text.mem_cpy.part.0
                0x00000f50       0x10 ./app/ff.o
 .text.ld_clust.isra.0
                0x00000f60       0x1e ./app/ff.o
 .text.st_clust.isra.0
                0x00000f7e       0x18 ./app/ff.o
 .text.sync_window
                0x00000f96       0x4a ./app/ff.o
 .text.move_window
                0x00000fe0       0x34 ./app/ff.o
 .text.check_fs
                0x00001014       0x80 ./app/ff.o
 .text.find_volume
                0x00001094      0x2f8 ./app/ff.o
 .text.put_fat  0x0000138c      0x114 ./app/ff.o
 .text.get_fat.isra.0
                0x000014a0       0xc4 ./app/ff.o
 .text.dir_sdi  0x00001564       0x8e ./app/ff.o
 .text.create_chain
                0x000015f2       0xec ./app/ff.o
 .text.remove_chain
                0x000016de       0x72 ./app/ff.o
 .text.dir_clear
                0x00001750       0xac ./app/ff.o
 .text.dir_next
                0x000017fc       0xac ./app/ff.o
 .text.dir_find
                0x000018a8      0x170 ./app/ff.o
 .text.dir_register
                0x00001a18      0x258 ./app/ff.o
 .text.sync_fs  0x00001c70       0xb0 ./app/ff.o
 .text.follow_path
                0x00001d20      0x2e8 ./app/ff.o
 .text.f_mount  0x00002008       0x4c ./app/ff.o
                0x00002008                f_mount
 .text.f_open   0x00002054      0x1c2 ./app/ff.o
                0x00002054                f_open
 .text.f_read   0x00002216      0x146 ./app/ff.o
                0x00002216                f_read
 .text.f_write  0x0000235c      0x190 ./app/ff.o
                0x0000235c                f_write
 .text.f_sync   0x000024ec       0x6a ./app/ff.o
                0x000024ec                f_sync
 .text.f_close  0x00002556       0x1c ./app/ff.o
                0x00002556                f_close
 *fill*         0x00002572        0x2 
 .text.f_mkfs   0x00002574      0x628 ./app/ff.o
                0x00002574                f_mkfs
 .text.ff_memalloc
                0x00002b9c        0x8 ./app/ffsystem.o
                0x00002b9c                ff_memalloc
 .text.ff_memfree
                0x00002ba4        0x8 ./app/ffsystem.o
                0x00002ba4                ff_memfree
 .text.ff_uni2oem
                0x00002bac       0x38 ./app/ffunicode.o
                0x00002bac                ff_uni2oem
 .text.ff_oem2uni
                0x00002be4       0x28 ./app/ffunicode.o
                0x00002be4                ff_oem2uni
 .text.ff_wtoupper
                0x00002c0c       0x94 ./app/ffunicode.o
                0x00002c0c                ff_wtoupper
 .text.DebugInit
                0x00002ca0       0x1c ./app/peripheral_main.o
                0x00002ca0                DebugInit
 .text.startup.main
                0x00002cbc      0x1cc ./app/peripheral_main.o
                0x00002cbc                main
 .text.ReadExternalFlashStatusReg_SPI
                0x00002e88       0x2c ./app/spi_flash.o
                0x00002e88                ReadExternalFlashStatusReg_SPI
 .text.WaitExternalFlashIfBusy
                0x00002eb4        0xe ./app/spi_flash.o
                0x00002eb4                WaitExternalFlashIfBusy
 *fill*         0x00002ec2        0x2 
 .text.WriteExternalFlashEnable_SPI
                0x00002ec4       0x28 ./app/spi_flash.o
                0x00002ec4                WriteExternalFlashEnable_SPI
 .text.EraseExternal4KFlash_SPI
                0x00002eec       0x4c ./app/spi_flash.o
                0x00002eec                EraseExternal4KFlash_SPI
 .text.PageWriteExternalFlash_SPI
                0x00002f38       0x5c ./app/spi_flash.o
                0x00002f38                PageWriteExternalFlash_SPI
 .text.BlukWriteExternalFlash_SPI
                0x00002f94       0x42 ./app/spi_flash.o
                0x00002f94                BlukWriteExternalFlash_SPI
 *fill*         0x00002fd6        0x2 
 .text.ReadExternalFlash_SPI
                0x00002fd8       0x58 ./app/spi_flash.o
                0x00002fd8                ReadExternalFlash_SPI
 .text.BlukReadExternalFlash_SPI
                0x00003030       0x42 ./app/spi_flash.o
                0x00003030                BlukReadExternalFlash_SPI
 *fill*         0x00003072        0x2 
 .text.SPIFlash_ReadID
                0x00003074       0x54 ./app/spi_flash.o
                0x00003074                SPIFlash_ReadID
 .text.spi_flash_init
                0x000030c8       0x4c ./app/spi_flash.o
                0x000030c8                spi_flash_init
 .text.SYS_IsClkXT32MPon
                0x00003114       0x10 ./StdPeriphDriver/CH57x_clk.o
 .text.SystemInit
                0x00003124       0x3c ./StdPeriphDriver/CH57x_clk.o
                0x00003124                SystemInit
 .text.SYS_ClkXT32MPon
                0x00003160       0x34 ./StdPeriphDriver/CH57x_clk.o
                0x00003160                SYS_ClkXT32MPon
 .text.SYS_ClkINT32MPon
                0x00003194       0x2c ./StdPeriphDriver/CH57x_clk.o
                0x00003194                SYS_ClkINT32MPon
 .text.SYS_PLLPon
                0x000031c0       0x38 ./StdPeriphDriver/CH57x_clk.o
                0x000031c0                SYS_PLLPon
 .text.GetSysClock
                0x000031f8       0x44 ./StdPeriphDriver/CH57x_clk.o
                0x000031f8                GetSysClock
 .text.LClk32k_Power
                0x0000323c       0x90 ./StdPeriphDriver/CH57x_clk.o
                0x0000323c                LClk32k_Power
 .text.LClk32K_Select
                0x000032cc       0x38 ./StdPeriphDriver/CH57x_clk.o
                0x000032cc                LClk32K_Select
 .text.SetSysClock
                0x00003304      0x1a4 ./StdPeriphDriver/CH57x_clk.o
                0x00003304                SetSysClock
 .text.GPIOA_ModeCfg
                0x000034a8       0x64 ./StdPeriphDriver/CH57x_gpio.o
                0x000034a8                GPIOA_ModeCfg
 .text.GPIOB_ModeCfg
                0x0000350c       0x64 ./StdPeriphDriver/CH57x_gpio.o
                0x0000350c                GPIOB_ModeCfg
 .text.NMI_Handler
                0x00003570       0x88 ./StdPeriphDriver/CH57x_int.o
                0x00003570                NMI_Handler
 .text.PWR_UnitModCfg
                0x000035f8       0x70 ./StdPeriphDriver/CH57x_pwr.o
                0x000035f8                PWR_UnitModCfg
 .text.PowerMonitor
                0x00003668       0x44 ./StdPeriphDriver/CH57x_pwr.o
                0x00003668                PowerMonitor
 .text.SPI0_MasterDefInit
                0x000036ac       0x30 ./StdPeriphDriver/CH57x_spi0.o
                0x000036ac                SPI0_MasterDefInit
 .text.SPI0_CLKCfg
                0x000036dc       0x24 ./StdPeriphDriver/CH57x_spi0.o
                0x000036dc                SPI0_CLKCfg
 .text.SPI0_DataMode
                0x00003700       0x4c ./StdPeriphDriver/CH57x_spi0.o
                0x00003700                SPI0_DataMode
 .text.SPI0_MasterSendByte
                0x0000374c       0x28 ./StdPeriphDriver/CH57x_spi0.o
                0x0000374c                SPI0_MasterSendByte
 .text.SPI0_MasterRecvByte
                0x00003774       0x2c ./StdPeriphDriver/CH57x_spi0.o
                0x00003774                SPI0_MasterRecvByte
 .text.SPI0_MasterRecv
                0x000037a0       0x44 ./StdPeriphDriver/CH57x_spi0.o
                0x000037a0                SPI0_MasterRecv
 .text.mDelayuS
                0x000037e4       0x58 ./StdPeriphDriver/CH57x_sys.o
                0x000037e4                mDelayuS
 .text.mDelaymS
                0x0000383c       0x1c ./StdPeriphDriver/CH57x_sys.o
                0x0000383c                mDelaymS
 .text._write   0x00003858       0x28 ./StdPeriphDriver/CH57x_sys.o
                0x00003858                _write
 .text.UART0_BaudRateCfg
                0x00003880       0x28 ./StdPeriphDriver/CH57x_uart0.o
                0x00003880                UART0_BaudRateCfg
 .text.UART0_DefInit
                0x000038a8       0x34 ./StdPeriphDriver/CH57x_uart0.o
                0x000038a8                UART0_DefInit
 .text.Reset_Handler
                0x000038dc       0x7c ./Startup/startup_ch579.o
                0x000038dc                Reset_Handler
 .text.Default_Handler
                0x00003958        0x2 ./Startup/startup_ch579.o
                0x00003958                GPIO_IRQHandler
                0x00003958                HardFault_Handler
                0x00003958                SysTick_Handler
                0x00003958                PendSV_Handler
                0x00003958                UART1_IRQHandler
                0x00003958                UART0_IRQHandler
                0x00003958                BB_IRQHandler
                0x00003958                SPI1_IRQHandler
                0x00003958                TMR0_IRQHandler
                0x00003958                RTC_IRQHandler
                0x00003958                LED_IRQHandler
                0x00003958                UART2_IRQHandler
                0x00003958                Default_Handler
                0x00003958                ADC_IRQHandler
                0x00003958                TMR2_IRQHandler
                0x00003958                SLAVE_IRQHandler
                0x00003958                WDT_IRQHandler
                0x00003958                SVC_Handler
                0x00003958                LLE_IRQHandler
                0x00003958                ETH_IRQHandler
                0x00003958                TMR3_IRQHandler
                0x00003958                SPI0_IRQHandler
                0x00003958                UART3_IRQHandler
                0x00003958                TMR1_IRQHandler
 *fill*         0x0000395a        0x2 
 .text.malloc   0x0000395c       0x14 c:/mounriver/mounriver_studio/toolchain/arm-none-eabi-gcc/bin/../lib/gcc/arm-none-eabi/9.3.1/../../../../arm-none-eabi/lib/thumb/v6-m/nofp\libg_nano.a(lib_a-malloc.o)
                0x0000395c                malloc
 .text.free     0x00003970       0x14 c:/mounriver/mounriver_studio/toolchain/arm-none-eabi-gcc/bin/../lib/gcc/arm-none-eabi/9.3.1/../../../../arm-none-eabi/lib/thumb/v6-m/nofp\libg_nano.a(lib_a-malloc.o)
                0x00003970                free
 .text.memcpy   0x00003984       0x12 c:/mounriver/mounriver_studio/toolchain/arm-none-eabi-gcc/bin/../lib/gcc/arm-none-eabi/9.3.1/../../../../arm-none-eabi/lib/thumb/v6-m/nofp\libg_nano.a(lib_a-memcpy-stub.o)
                0x00003984                memcpy
 *fill*         0x00003996        0x2 
 .text._free_r  0x00003998       0x94 c:/mounriver/mounriver_studio/toolchain/arm-none-eabi-gcc/bin/../lib/gcc/arm-none-eabi/9.3.1/../../../../arm-none-eabi/lib/thumb/v6-m/nofp\libg_nano.a(lib_a-nano-freer.o)
                0x00003998                _free_r
 .text._malloc_r
                0x00003a2c       0xbc c:/mounriver/mounriver_studio/toolchain/arm-none-eabi-gcc/bin/../lib/gcc/arm-none-eabi/9.3.1/../../../../arm-none-eabi/lib/thumb/v6-m/nofp\libg_nano.a(lib_a-nano-mallocr.o)
                0x00003a2c                _malloc_r
 .text.printf   0x00003ae8       0x34 c:/mounriver/mounriver_studio/toolchain/arm-none-eabi-gcc/bin/../lib/gcc/arm-none-eabi/9.3.1/../../../../arm-none-eabi/lib/thumb/v6-m/nofp\libg_nano.a(lib_a-printf.o)
                0x00003ae8                iprintf
                0x00003ae8                printf
 .text._puts_r  0x00003b1c       0xe4 c:/mounriver/mounriver_studio/toolchain/arm-none-eabi-gcc/bin/../lib/gcc/arm-none-eabi/9.3.1/../../../../arm-none-eabi/lib/thumb/v6-m/nofp\libg_nano.a(lib_a-puts.o)
                0x00003b1c                _puts_r
 .text.puts     0x00003c00       0x14 c:/mounriver/mounriver_studio/toolchain/arm-none-eabi-gcc/bin/../lib/gcc/arm-none-eabi/9.3.1/../../../../arm-none-eabi/lib/thumb/v6-m/nofp\libg_nano.a(lib_a-puts.o)
                0x00003c00                puts
 .text._sbrk_r  0x00003c14       0x24 c:/mounriver/mounriver_studio/toolchain/arm-none-eabi-gcc/bin/../lib/gcc/arm-none-eabi/9.3.1/../../../../arm-none-eabi/lib/thumb/v6-m/nofp\libg_nano.a(lib_a-sbrkr.o)
                0x00003c14                _sbrk_r
 .text.__swbuf_r
                0x00003c38       0xac c:/mounriver/mounriver_studio/toolchain/arm-none-eabi-gcc/bin/../lib/gcc/arm-none-eabi/9.3.1/../../../../arm-none-eabi/lib/thumb/v6-m/nofp\libg_nano.a(lib_a-wbuf.o)
                0x00003c38                __swbuf_r
 .text.__swsetup_r
                0x00003ce4       0xf0 c:/mounriver/mounriver_studio/toolchain/arm-none-eabi-gcc/bin/../lib/gcc/arm-none-eabi/9.3.1/../../../../arm-none-eabi/lib/thumb/v6-m/nofp\libg_nano.a(lib_a-wsetup.o)
                0x00003ce4                __swsetup_r
 .text.__sflush_r
                0x00003dd4      0x118 c:/mounriver/mounriver_studio/toolchain/arm-none-eabi-gcc/bin/../lib/gcc/arm-none-eabi/9.3.1/../../../../arm-none-eabi/lib/thumb/v6-m/nofp\libg_nano.a(lib_a-fflush.o)
                0x00003dd4                __sflush_r
 .text._fflush_r
                0x00003eec       0x80 c:/mounriver/mounriver_studio/toolchain/arm-none-eabi-gcc/bin/../lib/gcc/arm-none-eabi/9.3.1/../../../../arm-none-eabi/lib/thumb/v6-m/nofp\libg_nano.a(lib_a-fflush.o)
                0x00003eec                _fflush_r
 .text.std      0x00003f6c       0x48 c:/mounriver/mounriver_studio/toolchain/arm-none-eabi-gcc/bin/../lib/gcc/arm-none-eabi/9.3.1/../../../../arm-none-eabi/lib/thumb/v6-m/nofp\libg_nano.a(lib_a-findfp.o)
 .text._cleanup_r
                0x00003fb4       0x10 c:/mounriver/mounriver_studio/toolchain/arm-none-eabi-gcc/bin/../lib/gcc/arm-none-eabi/9.3.1/../../../../arm-none-eabi/lib/thumb/v6-m/nofp\libg_nano.a(lib_a-findfp.o)
                0x00003fb4                _cleanup_r
 .text.__sfmoreglue
                0x00003fc4       0x2c c:/mounriver/mounriver_studio/toolchain/arm-none-eabi-gcc/bin/../lib/gcc/arm-none-eabi/9.3.1/../../../../arm-none-eabi/lib/thumb/v6-m/nofp\libg_nano.a(lib_a-findfp.o)
                0x00003fc4                __sfmoreglue
 .text.__sfp_lock_acquire
                0x00003ff0       0x10 c:/mounriver/mounriver_studio/toolchain/arm-none-eabi-gcc/bin/../lib/gcc/arm-none-eabi/9.3.1/../../../../arm-none-eabi/lib/thumb/v6-m/nofp\libg_nano.a(lib_a-findfp.o)
                0x00003ff0                __sfp_lock_acquire
 .text.__sfp_lock_release
                0x00004000       0x10 c:/mounriver/mounriver_studio/toolchain/arm-none-eabi-gcc/bin/../lib/gcc/arm-none-eabi/9.3.1/../../../../arm-none-eabi/lib/thumb/v6-m/nofp\libg_nano.a(lib_a-findfp.o)
                0x00004000                __sfp_lock_release
 .text.__sinit_lock_acquire
                0x00004010       0x10 c:/mounriver/mounriver_studio/toolchain/arm-none-eabi-gcc/bin/../lib/gcc/arm-none-eabi/9.3.1/../../../../arm-none-eabi/lib/thumb/v6-m/nofp\libg_nano.a(lib_a-findfp.o)
                0x00004010                __sinit_lock_acquire
 .text.__sinit_lock_release
                0x00004020       0x10 c:/mounriver/mounriver_studio/toolchain/arm-none-eabi-gcc/bin/../lib/gcc/arm-none-eabi/9.3.1/../../../../arm-none-eabi/lib/thumb/v6-m/nofp\libg_nano.a(lib_a-findfp.o)
                0x00004020                __sinit_lock_release
 .text.__sinit  0x00004030       0x70 c:/mounriver/mounriver_studio/toolchain/arm-none-eabi-gcc/bin/../lib/gcc/arm-none-eabi/9.3.1/../../../../arm-none-eabi/lib/thumb/v6-m/nofp\libg_nano.a(lib_a-findfp.o)
                0x00004030                __sinit
 .text.__sfp    0x000040a0       0x90 c:/mounriver/mounriver_studio/toolchain/arm-none-eabi-gcc/bin/../lib/gcc/arm-none-eabi/9.3.1/../../../../arm-none-eabi/lib/thumb/v6-m/nofp\libg_nano.a(lib_a-findfp.o)
                0x000040a0                __sfp
 .text._fwalk_reent
                0x00004130       0x40 c:/mounriver/mounriver_studio/toolchain/arm-none-eabi-gcc/bin/../lib/gcc/arm-none-eabi/9.3.1/../../../../arm-none-eabi/lib/thumb/v6-m/nofp\libg_nano.a(lib_a-fwalk.o)
                0x00004130                _fwalk_reent
 .text.__retarget_lock_init_recursive
                0x00004170        0x2 c:/mounriver/mounriver_studio/toolchain/arm-none-eabi-gcc/bin/../lib/gcc/arm-none-eabi/9.3.1/../../../../arm-none-eabi/lib/thumb/v6-m/nofp\libg_nano.a(lib_a-lock.o)
                0x00004170                __retarget_lock_init_recursive
 .text.__retarget_lock_acquire_recursive
                0x00004172        0x2 c:/mounriver/mounriver_studio/toolchain/arm-none-eabi-gcc/bin/../lib/gcc/arm-none-eabi/9.3.1/../../../../arm-none-eabi/lib/thumb/v6-m/nofp\libg_nano.a(lib_a-lock.o)
                0x00004172                __retarget_lock_acquire_recursive
 .text.__retarget_lock_release_recursive
                0x00004174        0x2 c:/mounriver/mounriver_studio/toolchain/arm-none-eabi-gcc/bin/../lib/gcc/arm-none-eabi/9.3.1/../../../../arm-none-eabi/lib/thumb/v6-m/nofp\libg_nano.a(lib_a-lock.o)
                0x00004174                __retarget_lock_release_recursive
 *fill*         0x00004176        0x2 
 .text.__swhatbuf_r
                0x00004178       0x50 c:/mounriver/mounriver_studio/toolchain/arm-none-eabi-gcc/bin/../lib/gcc/arm-none-eabi/9.3.1/../../../../arm-none-eabi/lib/thumb/v6-m/nofp\libg_nano.a(lib_a-makebuf.o)
                0x00004178                __swhatbuf_r
 .text.__smakebuf_r
                0x000041c8       0x88 c:/mounriver/mounriver_studio/toolchain/arm-none-eabi-gcc/bin/../lib/gcc/arm-none-eabi/9.3.1/../../../../arm-none-eabi/lib/thumb/v6-m/nofp\libg_nano.a(lib_a-makebuf.o)
                0x000041c8                __smakebuf_r
 .text.memset   0x00004250       0x10 c:/mounriver/mounriver_studio/toolchain/arm-none-eabi-gcc/bin/../lib/gcc/arm-none-eabi/9.3.1/../../../../arm-none-eabi/lib/thumb/v6-m/nofp\libg_nano.a(lib_a-memset.o)
                0x00004250                memset
 .text.__malloc_lock
                0x00004260       0x10 c:/mounriver/mounriver_studio/toolchain/arm-none-eabi-gcc/bin/../lib/gcc/arm-none-eabi/9.3.1/../../../../arm-none-eabi/lib/thumb/v6-m/nofp\libg_nano.a(lib_a-mlock.o)
                0x00004260                __malloc_lock
 .text.__malloc_unlock
                0x00004270       0x10 c:/mounriver/mounriver_studio/toolchain/arm-none-eabi-gcc/bin/../lib/gcc/arm-none-eabi/9.3.1/../../../../arm-none-eabi/lib/thumb/v6-m/nofp\libg_nano.a(lib_a-mlock.o)
                0x00004270                __malloc_unlock
 .text.__sfputc_r
                0x00004280       0x2a c:/mounriver/mounriver_studio/toolchain/arm-none-eabi-gcc/bin/../lib/gcc/arm-none-eabi/9.3.1/../../../../arm-none-eabi/lib/thumb/v6-m/nofp\libg_nano.a(lib_a-nano-vfprintf.o)
 .text.__sfputs_r
                0x000042aa       0x24 c:/mounriver/mounriver_studio/toolchain/arm-none-eabi-gcc/bin/../lib/gcc/arm-none-eabi/9.3.1/../../../../arm-none-eabi/lib/thumb/v6-m/nofp\libg_nano.a(lib_a-nano-vfprintf.o)
                0x000042aa                __sfputs_r
 *fill*         0x000042ce        0x2 
 .text._vfprintf_r
                0x000042d0      0x274 c:/mounriver/mounriver_studio/toolchain/arm-none-eabi-gcc/bin/../lib/gcc/arm-none-eabi/9.3.1/../../../../arm-none-eabi/lib/thumb/v6-m/nofp\libg_nano.a(lib_a-nano-vfprintf.o)
                0x000042d0                _vfprintf_r
                0x000042d0                _vfiprintf_r
 .text._printf_common
                0x00004544       0xde c:/mounriver/mounriver_studio/toolchain/arm-none-eabi-gcc/bin/../lib/gcc/arm-none-eabi/9.3.1/../../../../arm-none-eabi/lib/thumb/v6-m/nofp\libg_nano.a(lib_a-nano-vfprintf_i.o)
                0x00004544                _printf_common
 *fill*         0x00004622        0x2 
 .text._printf_i
                0x00004624      0x224 c:/mounriver/mounriver_studio/toolchain/arm-none-eabi-gcc/bin/../lib/gcc/arm-none-eabi/9.3.1/../../../../arm-none-eabi/lib/thumb/v6-m/nofp\libg_nano.a(lib_a-nano-vfprintf_i.o)
                0x00004624                _printf_i
 .text.__sread  0x00004848       0x28 c:/mounriver/mounriver_studio/toolchain/arm-none-eabi-gcc/bin/../lib/gcc/arm-none-eabi/9.3.1/../../../../arm-none-eabi/lib/thumb/v6-m/nofp\libg_nano.a(lib_a-stdio.o)
                0x00004848                __sread
 .text.__swrite
                0x00004870       0x38 c:/mounriver/mounriver_studio/toolchain/arm-none-eabi-gcc/bin/../lib/gcc/arm-none-eabi/9.3.1/../../../../arm-none-eabi/lib/thumb/v6-m/nofp\libg_nano.a(lib_a-stdio.o)
                0x00004870                __swrite
 .text.__sseek  0x000048a8       0x2c c:/mounriver/mounriver_studio/toolchain/arm-none-eabi-gcc/bin/../lib/gcc/arm-none-eabi/9.3.1/../../../../arm-none-eabi/lib/thumb/v6-m/nofp\libg_nano.a(lib_a-stdio.o)
                0x000048a8                __sseek
 .text.__sclose
                0x000048d4        0xc c:/mounriver/mounriver_studio/toolchain/arm-none-eabi-gcc/bin/../lib/gcc/arm-none-eabi/9.3.1/../../../../arm-none-eabi/lib/thumb/v6-m/nofp\libg_nano.a(lib_a-stdio.o)
                0x000048d4                __sclose
 .text._write_r
                0x000048e0       0x28 c:/mounriver/mounriver_studio/toolchain/arm-none-eabi-gcc/bin/../lib/gcc/arm-none-eabi/9.3.1/../../../../arm-none-eabi/lib/thumb/v6-m/nofp\libg_nano.a(lib_a-writer.o)
                0x000048e0                _write_r
 .text._close_r
                0x00004908       0x24 c:/mounriver/mounriver_studio/toolchain/arm-none-eabi-gcc/bin/../lib/gcc/arm-none-eabi/9.3.1/../../../../arm-none-eabi/lib/thumb/v6-m/nofp\libg_nano.a(lib_a-closer.o)
                0x00004908                _close_r
 .text._fstat_r
                0x0000492c       0x24 c:/mounriver/mounriver_studio/toolchain/arm-none-eabi-gcc/bin/../lib/gcc/arm-none-eabi/9.3.1/../../../../arm-none-eabi/lib/thumb/v6-m/nofp\libg_nano.a(lib_a-fstatr.o)
                0x0000492c                _fstat_r
 .text._isatty_r
                0x00004950       0x24 c:/mounriver/mounriver_studio/toolchain/arm-none-eabi-gcc/bin/../lib/gcc/arm-none-eabi/9.3.1/../../../../arm-none-eabi/lib/thumb/v6-m/nofp\libg_nano.a(lib_a-isattyr.o)
                0x00004950                _isatty_r
 .text._lseek_r
                0x00004974       0x28 c:/mounriver/mounriver_studio/toolchain/arm-none-eabi-gcc/bin/../lib/gcc/arm-none-eabi/9.3.1/../../../../arm-none-eabi/lib/thumb/v6-m/nofp\libg_nano.a(lib_a-lseekr.o)
                0x00004974                _lseek_r
 .text.memchr   0x0000499c       0x16 c:/mounriver/mounriver_studio/toolchain/arm-none-eabi-gcc/bin/../lib/gcc/arm-none-eabi/9.3.1/../../../../arm-none-eabi/lib/thumb/v6-m/nofp\libg_nano.a(lib_a-memchr-stub.o)
                0x0000499c                memchr
 *fill*         0x000049b2        0x2 
 .text._read_r  0x000049b4       0x28 c:/mounriver/mounriver_studio/toolchain/arm-none-eabi-gcc/bin/../lib/gcc/arm-none-eabi/9.3.1/../../../../arm-none-eabi/lib/thumb/v6-m/nofp\libg_nano.a(lib_a-readr.o)
                0x000049b4                _read_r
 .text._close   0x000049dc       0x10 c:/mounriver/mounriver_studio/toolchain/arm-none-eabi-gcc/bin/../lib/gcc/arm-none-eabi/9.3.1/../../../../arm-none-eabi/lib/thumb/v6-m/nofp\libnosys.a(close.o)
                0x000049dc                _close
 .text._fstat   0x000049ec       0x10 c:/mounriver/mounriver_studio/toolchain/arm-none-eabi-gcc/bin/../lib/gcc/arm-none-eabi/9.3.1/../../../../arm-none-eabi/lib/thumb/v6-m/nofp\libnosys.a(fstat.o)
                0x000049ec                _fstat
 .text._isatty  0x000049fc       0x10 c:/mounriver/mounriver_studio/toolchain/arm-none-eabi-gcc/bin/../lib/gcc/arm-none-eabi/9.3.1/../../../../arm-none-eabi/lib/thumb/v6-m/nofp\libnosys.a(isatty.o)
                0x000049fc                _isatty
 .text._lseek   0x00004a0c       0x10 c:/mounriver/mounriver_studio/toolchain/arm-none-eabi-gcc/bin/../lib/gcc/arm-none-eabi/9.3.1/../../../../arm-none-eabi/lib/thumb/v6-m/nofp\libnosys.a(lseek.o)
                0x00004a0c                _lseek
 .text._read    0x00004a1c       0x10 c:/mounriver/mounriver_studio/toolchain/arm-none-eabi-gcc/bin/../lib/gcc/arm-none-eabi/9.3.1/../../../../arm-none-eabi/lib/thumb/v6-m/nofp\libnosys.a(read.o)
                0x00004a1c                _read
 .text._sbrk    0x00004a2c       0x1c c:/mounriver/mounriver_studio/toolchain/arm-none-eabi-gcc/bin/../lib/gcc/arm-none-eabi/9.3.1/../../../../arm-none-eabi/lib/thumb/v6-m/nofp\libnosys.a(sbrk.o)
                0x00004a2c                _sbrk
 *(.glue_7)
 .glue_7        0x00004a48        0x0 linker stubs
 *(.glue_7t)
 .glue_7t       0x00004a48        0x0 linker stubs
 *(.eh_frame)
 *(.init)
 *(.fini)
                0x00004a48                . = ALIGN (0x4)
                0x00004a48                _etext = .

.vfp11_veneer   0x00004a48        0x0
 .vfp11_veneer  0x00004a48        0x0 linker stubs

.v4_bx          0x00004a48        0x0
 .v4_bx         0x00004a48        0x0 linker stubs

.iplt           0x00004a48        0x0
 .iplt          0x00004a48        0x0 ./app/ch57x_usb_device_msc.o

.rodata         0x00004a48      0xa2c
                0x00004a48                . = ALIGN (0x4)
 *(.rodata)
 *(.rodata*)
 .rodata.DBCAPACITY
                0x00004a48        0x8 ./app/ch57x_usb_device_msc.o
                0x00004a48                DBCAPACITY
 .rodata.DBINQUITY
                0x00004a50       0x24 ./app/ch57x_usb_device_msc.o
                0x00004a50                DBINQUITY
 .rodata.MAX_LUN
                0x00004a74        0x1 ./app/ch57x_usb_device_msc.o
                0x00004a74                MAX_LUN
 .rodata.MyCfgDescr
                0x00004a75       0x20 ./app/ch57x_usb_device_msc.o
                0x00004a75                MyCfgDescr
 .rodata.MyDevDescr
                0x00004a95       0x12 ./app/ch57x_usb_device_msc.o
                0x00004a95                MyDevDescr
 .rodata.MyLangDescr
                0x00004aa7        0x4 ./app/ch57x_usb_device_msc.o
                0x00004aa7                MyLangDescr
 .rodata.MyManuInfo
                0x00004aab        0xe ./app/ch57x_usb_device_msc.o
                0x00004aab                MyManuInfo
 .rodata.MyProdInfo
                0x00004ab9        0xc ./app/ch57x_usb_device_msc.o
                0x00004ab9                MyProdInfo
 .rodata.mode5sense3F
                0x00004ac5       0x10 ./app/ch57x_usb_device_msc.o
                0x00004ac5                mode5sense3F
 .rodata.modesense3F
                0x00004ad5        0xc ./app/ch57x_usb_device_msc.o
                0x00004ad5                modesense3F
 .rodata.disk_status.str1.1
                0x00004ae1        0xc ./app/diskio.o
 .rodata.disk_initialize.str1.1
                0x00004aed       0x23 ./app/diskio.o
 .rodata.disk_ioctl.str1.1
                0x00004b10       0x14 ./app/diskio.o
 .rodata.spi_disk_read.str1.1
                0x00004b24       0x2e ./app/diskio.o
 .rodata.disk_read.str1.1
                0x00004b52        0xa ./app/diskio.o
 .rodata.spi_disk_write.str1.1
                0x00004b5c       0x30 ./app/diskio.o
 .rodata.spi_disk_erase.str1.1
                0x00004b8c       0x25 ./app/diskio.o
 .rodata.disk_write.str1.1
                0x00004bb1        0xb ./app/diskio.o
 .rodata.check_fs.str1.1
                0x00004bbc        0xa ./app/ff.o
 .rodata.follow_path.str1.1
                0x00004bc6       0x10 ./app/ff.o
 .rodata.f_mkfs.str1.1
                0x00004bd6       0x34 ./app/ff.o
 .rodata.ExCvt  0x00004c0a       0x80 ./app/ff.o
 .rodata.LfnOfs
                0x00004c8a        0xd ./app/ff.o
 *fill*         0x00004c97        0x1 
 .rodata.cst.4968
                0x00004c98        0xe ./app/ff.o
 .rodata.cst32.4969
                0x00004ca6        0xe ./app/ff.o
 .rodata.cvt1.4378
                0x00004cb4      0x1f2 ./app/ffunicode.o
 .rodata.cvt2.4379
                0x00004ea6       0xbc ./app/ffunicode.o
 .rodata.uc437  0x00004f62      0x100 ./app/ffunicode.o
 .rodata.main.str1.1
                0x00005062      0x35e ./app/peripheral_main.o
 .rodata.ReadExternalFlash_SPI.str1.1
                0x000053c0       0x25 ./app/spi_flash.o
 .rodata.SPIFlash_ReadID.str1.1
                0x000053c0       0x10 ./app/spi_flash.o
 .rodata.spi_flash_init.str1.1
                0x000053d0        0xb ./app/spi_flash.o
 *fill*         0x000053db        0x1 
 .rodata.__sf_fake_stderr
                0x000053dc       0x20 c:/mounriver/mounriver_studio/toolchain/arm-none-eabi-gcc/bin/../lib/gcc/arm-none-eabi/9.3.1/../../../../arm-none-eabi/lib/thumb/v6-m/nofp\libg_nano.a(lib_a-findfp.o)
                0x000053dc                __sf_fake_stderr
 .rodata.__sf_fake_stdin
                0x000053fc       0x20 c:/mounriver/mounriver_studio/toolchain/arm-none-eabi-gcc/bin/../lib/gcc/arm-none-eabi/9.3.1/../../../../arm-none-eabi/lib/thumb/v6-m/nofp\libg_nano.a(lib_a-findfp.o)
                0x000053fc                __sf_fake_stdin
 .rodata.__sf_fake_stdout
                0x0000541c       0x20 c:/mounriver/mounriver_studio/toolchain/arm-none-eabi-gcc/bin/../lib/gcc/arm-none-eabi/9.3.1/../../../../arm-none-eabi/lib/thumb/v6-m/nofp\libg_nano.a(lib_a-findfp.o)
                0x0000541c                __sf_fake_stdout
 .rodata._global_impure_ptr
                0x0000543c        0x4 c:/mounriver/mounriver_studio/toolchain/arm-none-eabi-gcc/bin/../lib/gcc/arm-none-eabi/9.3.1/../../../../arm-none-eabi/lib/thumb/v6-m/nofp\libg_nano.a(lib_a-impure.o)
                0x0000543c                _global_impure_ptr
 .rodata._vfprintf_r.str1.1
                0x00005440       0x11 c:/mounriver/mounriver_studio/toolchain/arm-none-eabi-gcc/bin/../lib/gcc/arm-none-eabi/9.3.1/../../../../arm-none-eabi/lib/thumb/v6-m/nofp\libg_nano.a(lib_a-nano-vfprintf.o)
 .rodata._printf_i.str1.1
                0x00005451       0x22 c:/mounriver/mounriver_studio/toolchain/arm-none-eabi-gcc/bin/../lib/gcc/arm-none-eabi/9.3.1/../../../../arm-none-eabi/lib/thumb/v6-m/nofp\libg_nano.a(lib_a-nano-vfprintf_i.o)
                0x00005474                . = ALIGN (0x4)
 *fill*         0x00005473        0x1 

.rel.dyn        0x00005474        0x0
 .rel.iplt      0x00005474        0x0 ./app/ch57x_usb_device_msc.o

.ARM.extab
 *(.ARM.extab* .gnu.linkonce.armextab.*)

.ARM            0x00005474        0x0
                0x00005474                __exidx_start = .
 *(.ARM.exidx*)
                0x00005474                __exidx_end = .

.preinit_array  0x00005474        0x0
                [!provide]                PROVIDE (__preinit_array_start = .)
 *(.preinit_array*)
                [!provide]                PROVIDE (__preinit_array_end = .)

.init_array     0x00005474        0x0
                [!provide]                PROVIDE (__init_array_start = .)
 *(SORT_BY_NAME(.init_array.*))
 *(.init_array*)
                [!provide]                PROVIDE (__init_array_end = .)

.fini_array     0x00005474        0x0
                [!provide]                PROVIDE (__fini_array_start = .)
 *(SORT_BY_NAME(.fini_array.*))
 *(.fini_array*)
                [!provide]                PROVIDE (__fini_array_end = .)
                0x00005474                _sidata = LOADADDR (.data)

.data           0x20004000       0x80 load address 0x00005474
                0x20004000                . = ALIGN (0x4)
                0x20004000                _sdata = .
 *(.data)
 *(.data*)
 .data.WriteBuffer
                0x20004000       0x1a ./app/peripheral_main.o
                0x20004000                WriteBuffer
 *fill*         0x2000401a        0x2 
 .data._impure_ptr
                0x2000401c        0x4 c:/mounriver/mounriver_studio/toolchain/arm-none-eabi-gcc/bin/../lib/gcc/arm-none-eabi/9.3.1/../../../../arm-none-eabi/lib/thumb/v6-m/nofp\libg_nano.a(lib_a-impure.o)
                0x2000401c                _impure_ptr
 .data.impure_data
                0x20004020       0x60 c:/mounriver/mounriver_studio/toolchain/arm-none-eabi-gcc/bin/../lib/gcc/arm-none-eabi/9.3.1/../../../../arm-none-eabi/lib/thumb/v6-m/nofp\libg_nano.a(lib_a-impure.o)
                0x20004080                . = ALIGN (0x4)
                0x20004080                _edata = .

.igot.plt       0x20004080        0x0 load address 0x000054f4
 .igot.plt      0x20004080        0x0 ./app/ch57x_usb_device_msc.o
                0x20004080                . = ALIGN (0x4)

.bss            0x20004080     0x15f8 load address 0x000054f4
                0x20004080                _sbss = .
                0x20004080                __bss_start__ = _sbss
 *(.bss)
 *(.bss*)
 .bss.BcswStatus
                0x20004080        0x1 ./app/ch57x_usb_device_msc.o
                0x20004080                BcswStatus
 .bss.CH375BULKDOWN
                0x20004081        0x1 ./app/ch57x_usb_device_msc.o
                0x20004081                CH375BULKDOWN
 .bss.CH375BULKUP
                0x20004082        0x1 ./app/ch57x_usb_device_msc.o
                0x20004082                CH375BULKUP
 .bss.CH375CSW  0x20004083        0x1 ./app/ch57x_usb_device_msc.o
                0x20004083                CH375CSW
 .bss.DevConfig
                0x20004084        0x1 ./app/ch57x_usb_device_msc.o
                0x20004084                DevConfig
 *fill*         0x20004085        0x3 
 .bss.EP0_Databuf
                0x20004088       0x40 ./app/ch57x_usb_device_msc.o
                0x20004088                EP0_Databuf
 .bss.EP1_Databuf
                0x200040c8       0x80 ./app/ch57x_usb_device_msc.o
                0x200040c8                EP1_Databuf
 .bss.FSTALL    0x20004148        0x1 ./app/ch57x_usb_device_msc.o
                0x20004148                FSTALL
 *fill*         0x20004149        0x3 
 .bss.LEN       0x2000414c        0x4 ./app/ch57x_usb_device_msc.o
                0x2000414c                LEN
 .bss.Locate_Addr
                0x20004150        0x4 ./app/ch57x_usb_device_msc.o
                0x20004150                Locate_Addr
 .bss.MassPara  0x20004154       0x40 ./app/ch57x_usb_device_msc.o
                0x20004154                MassPara
 .bss.SetupReqCode
                0x20004194        0x1 ./app/ch57x_usb_device_msc.o
                0x20004194                SetupReqCode
 *fill*         0x20004195        0x1 
 .bss.SetupReqLen
                0x20004196        0x2 ./app/ch57x_usb_device_msc.o
                0x20004196                SetupReqLen
 .bss.buffer    0x20004198       0x40 ./app/ch57x_usb_device_msc.o
                0x20004198                buffer
 .bss.lastFSTALL
                0x200041d8        0x1 ./app/ch57x_usb_device_msc.o
                0x200041d8                lastFSTALL
 .bss.mASC      0x200041d9        0x1 ./app/ch57x_usb_device_msc.o
                0x200041d9                mASC
 .bss.mSenseKey
                0x200041da        0x1 ./app/ch57x_usb_device_msc.o
                0x200041da                mSenseKey
 .bss.mdCBWTag  0x200041db        0x4 ./app/ch57x_usb_device_msc.o
                0x200041db                mdCBWTag
 *fill*         0x200041df        0x1 
 .bss.pBuf      0x200041e0        0x4 ./app/ch57x_usb_device_msc.o
                0x200041e0                pBuf
 .bss.pBuf_ReSelect
                0x200041e4        0x1 ./app/ch57x_usb_device_msc.o
                0x200041e4                pBuf_ReSelect
 *fill*         0x200041e5        0x3 
 .bss.pDescr    0x200041e8        0x4 ./app/ch57x_usb_device_msc.o
                0x200041e8                pDescr
 .bss.FatFs     0x200041ec        0x4 ./app/ff.o
 .bss.Fsid      0x200041f0        0x2 ./app/ff.o
 .bss.ReadBuffer
                0x200041f2      0x400 ./app/peripheral_main.o
                0x200041f2                ReadBuffer
 *fill*         0x200045f2        0x2 
 .bss.fnew      0x200045f4       0x28 ./app/peripheral_main.o
                0x200045f4                fnew
 .bss.fnum      0x2000461c        0x4 ./app/peripheral_main.o
                0x2000461c                fnum
 .bss.fs        0x20004620     0x1034 ./app/peripheral_main.o
                0x20004620                fs
 .bss.res_flash
                0x20005654        0x1 ./app/peripheral_main.o
                0x20005654                res_flash
 *fill*         0x20005655        0x3 
 .bss.pEP0_RAM_Addr
                0x20005658        0x4 ./StdPeriphDriver/CH57x_usbdev.o
                0x20005658                pEP0_RAM_Addr
 .bss.__malloc_free_list
                0x2000565c        0x4 c:/mounriver/mounriver_studio/toolchain/arm-none-eabi-gcc/bin/../lib/gcc/arm-none-eabi/9.3.1/../../../../arm-none-eabi/lib/thumb/v6-m/nofp\libg_nano.a(lib_a-nano-mallocr.o)
                0x2000565c                __malloc_free_list
 .bss.__malloc_sbrk_start
                0x20005660        0x4 c:/mounriver/mounriver_studio/toolchain/arm-none-eabi-gcc/bin/../lib/gcc/arm-none-eabi/9.3.1/../../../../arm-none-eabi/lib/thumb/v6-m/nofp\libg_nano.a(lib_a-nano-mallocr.o)
                0x20005660                __malloc_sbrk_start
 .bss.heap_end.4144
                0x20005664        0x4 c:/mounriver/mounriver_studio/toolchain/arm-none-eabi-gcc/bin/../lib/gcc/arm-none-eabi/9.3.1/../../../../arm-none-eabi/lib/thumb/v6-m/nofp\libnosys.a(sbrk.o)
 *(COMMON)
 COMMON         0x20005668        0x9 c:/mounriver/mounriver_studio/toolchain/arm-none-eabi-gcc/bin/../lib/gcc/arm-none-eabi/9.3.1/../../../../arm-none-eabi/lib/thumb/v6-m/nofp\libg_nano.a(lib_a-lock.o)
                0x20005668                __lock___atexit_recursive_mutex
                0x20005669                __lock___arc4random_mutex
                0x2000566a                __lock___env_recursive_mutex
                0x2000566b                __lock___sinit_recursive_mutex
                0x2000566c                __lock___malloc_recursive_mutex
                0x2000566d                __lock___at_quick_exit_mutex
                0x2000566e                __lock___dd_hash_mutex
                0x2000566f                __lock___tz_mutex
                0x20005670                __lock___sfp_recursive_mutex
 *fill*         0x20005671        0x3 
 COMMON         0x20005674        0x4 c:/mounriver/mounriver_studio/toolchain/arm-none-eabi-gcc/bin/../lib/gcc/arm-none-eabi/9.3.1/../../../../arm-none-eabi/lib/thumb/v6-m/nofp\libg_nano.a(lib_a-reent.o)
                0x20005674                errno
                0x20005678                . = ALIGN (0x4)
                0x20005678                _ebss = .
                0x20005678                __bss_end__ = _ebss

._user_heap_stack
                0x20005678      0x800 load address 0x000054f4
                0x20005678                . = ALIGN (0x4)
                0x20005678                PROVIDE (end = .)
                [!provide]                PROVIDE (_end = .)
                0x20005a78                . = (. + _Min_Heap_Size)
 *fill*         0x20005678      0x400 
                0x20005e78                . = (. + _Min_Stack_Size)
 *fill*         0x20005a78      0x400 
                0x20005e78                . = ALIGN (0x4)

/DISCARD/
 libc.a(*)
 libm.a(*)
 libgcc.a(*)

.ARM.attributes
                0x00000000       0x2a
 *(.ARM.attributes)
 .ARM.attributes
                0x00000000       0x2c ./app/ch57x_usb_device_msc.o
 .ARM.attributes
                0x0000002c       0x2c ./app/diskio.o
 .ARM.attributes
                0x00000058       0x2c ./app/ff.o
 .ARM.attributes
                0x00000084       0x2c ./app/ffsystem.o
 .ARM.attributes
                0x000000b0       0x2c ./app/ffunicode.o
 .ARM.attributes
                0x000000dc       0x2c ./app/peripheral_main.o
 .ARM.attributes
                0x00000108       0x2c ./app/spi_flash.o
 .ARM.attributes
                0x00000134       0x2c ./StdPeriphDriver/CH57x_clk.o
 .ARM.attributes
                0x00000160       0x2c ./StdPeriphDriver/CH57x_gpio.o
 .ARM.attributes
                0x0000018c       0x2c ./StdPeriphDriver/CH57x_int.o
 .ARM.attributes
                0x000001b8       0x2c ./StdPeriphDriver/CH57x_pwr.o
 .ARM.attributes
                0x000001e4       0x2c ./StdPeriphDriver/CH57x_spi0.o
 .ARM.attributes
                0x00000210       0x2c ./StdPeriphDriver/CH57x_sys.o
 .ARM.attributes
                0x0000023c       0x2c ./StdPeriphDriver/CH57x_uart0.o
 .ARM.attributes
                0x00000268       0x2c ./StdPeriphDriver/CH57x_usbdev.o
 .ARM.attributes
                0x00000294       0x21 ./Startup/startup_ch579.o
 .ARM.attributes
                0x000002b5       0x1e c:/mounriver/mounriver_studio/toolchain/arm-none-eabi-gcc/bin/../lib/gcc/arm-none-eabi/9.3.1/thumb/v6-m/nofp\libgcc.a(_thumb1_case_sqi.o)
 .ARM.attributes
                0x000002d3       0x1e c:/mounriver/mounriver_studio/toolchain/arm-none-eabi-gcc/bin/../lib/gcc/arm-none-eabi/9.3.1/thumb/v6-m/nofp\libgcc.a(_thumb1_case_uqi.o)
 .ARM.attributes
                0x000002f1       0x1e c:/mounriver/mounriver_studio/toolchain/arm-none-eabi-gcc/bin/../lib/gcc/arm-none-eabi/9.3.1/thumb/v6-m/nofp\libgcc.a(_thumb1_case_shi.o)
 .ARM.attributes
                0x0000030f       0x1e c:/mounriver/mounriver_studio/toolchain/arm-none-eabi-gcc/bin/../lib/gcc/arm-none-eabi/9.3.1/thumb/v6-m/nofp\libgcc.a(_udivsi3.o)
 .ARM.attributes
                0x0000032d       0x1e c:/mounriver/mounriver_studio/toolchain/arm-none-eabi-gcc/bin/../lib/gcc/arm-none-eabi/9.3.1/thumb/v6-m/nofp\libgcc.a(_divsi3.o)
 .ARM.attributes
                0x0000034b       0x1e c:/mounriver/mounriver_studio/toolchain/arm-none-eabi-gcc/bin/../lib/gcc/arm-none-eabi/9.3.1/thumb/v6-m/nofp\libgcc.a(_dvmd_tls.o)
 .ARM.attributes
                0x00000369       0x2c c:/mounriver/mounriver_studio/toolchain/arm-none-eabi-gcc/bin/../lib/gcc/arm-none-eabi/9.3.1/../../../../arm-none-eabi/lib/thumb/v6-m/nofp\libg_nano.a(lib_a-malloc.o)
 .ARM.attributes
                0x00000395       0x2c c:/mounriver/mounriver_studio/toolchain/arm-none-eabi-gcc/bin/../lib/gcc/arm-none-eabi/9.3.1/../../../../arm-none-eabi/lib/thumb/v6-m/nofp\libg_nano.a(lib_a-memcpy-stub.o)
 .ARM.attributes
                0x000003c1       0x2c c:/mounriver/mounriver_studio/toolchain/arm-none-eabi-gcc/bin/../lib/gcc/arm-none-eabi/9.3.1/../../../../arm-none-eabi/lib/thumb/v6-m/nofp\libg_nano.a(lib_a-nano-freer.o)
 .ARM.attributes
                0x000003ed       0x2c c:/mounriver/mounriver_studio/toolchain/arm-none-eabi-gcc/bin/../lib/gcc/arm-none-eabi/9.3.1/../../../../arm-none-eabi/lib/thumb/v6-m/nofp\libg_nano.a(lib_a-nano-mallocr.o)
 .ARM.attributes
                0x00000419       0x2c c:/mounriver/mounriver_studio/toolchain/arm-none-eabi-gcc/bin/../lib/gcc/arm-none-eabi/9.3.1/../../../../arm-none-eabi/lib/thumb/v6-m/nofp\libg_nano.a(lib_a-printf.o)
 .ARM.attributes
                0x00000445       0x2c c:/mounriver/mounriver_studio/toolchain/arm-none-eabi-gcc/bin/../lib/gcc/arm-none-eabi/9.3.1/../../../../arm-none-eabi/lib/thumb/v6-m/nofp\libg_nano.a(lib_a-puts.o)
 .ARM.attributes
                0x00000471       0x2c c:/mounriver/mounriver_studio/toolchain/arm-none-eabi-gcc/bin/../lib/gcc/arm-none-eabi/9.3.1/../../../../arm-none-eabi/lib/thumb/v6-m/nofp\libg_nano.a(lib_a-sbrkr.o)
 .ARM.attributes
                0x0000049d       0x2c c:/mounriver/mounriver_studio/toolchain/arm-none-eabi-gcc/bin/../lib/gcc/arm-none-eabi/9.3.1/../../../../arm-none-eabi/lib/thumb/v6-m/nofp\libg_nano.a(lib_a-wbuf.o)
 .ARM.attributes
                0x000004c9       0x2c c:/mounriver/mounriver_studio/toolchain/arm-none-eabi-gcc/bin/../lib/gcc/arm-none-eabi/9.3.1/../../../../arm-none-eabi/lib/thumb/v6-m/nofp\libg_nano.a(lib_a-wsetup.o)
 .ARM.attributes
                0x000004f5       0x2c c:/mounriver/mounriver_studio/toolchain/arm-none-eabi-gcc/bin/../lib/gcc/arm-none-eabi/9.3.1/../../../../arm-none-eabi/lib/thumb/v6-m/nofp\libg_nano.a(lib_a-fflush.o)
 .ARM.attributes
                0x00000521       0x2c c:/mounriver/mounriver_studio/toolchain/arm-none-eabi-gcc/bin/../lib/gcc/arm-none-eabi/9.3.1/../../../../arm-none-eabi/lib/thumb/v6-m/nofp\libg_nano.a(lib_a-findfp.o)
 .ARM.attributes
                0x0000054d       0x2c c:/mounriver/mounriver_studio/toolchain/arm-none-eabi-gcc/bin/../lib/gcc/arm-none-eabi/9.3.1/../../../../arm-none-eabi/lib/thumb/v6-m/nofp\libg_nano.a(lib_a-fwalk.o)
 .ARM.attributes
                0x00000579       0x2c c:/mounriver/mounriver_studio/toolchain/arm-none-eabi-gcc/bin/../lib/gcc/arm-none-eabi/9.3.1/../../../../arm-none-eabi/lib/thumb/v6-m/nofp\libg_nano.a(lib_a-impure.o)
 .ARM.attributes
                0x000005a5       0x2c c:/mounriver/mounriver_studio/toolchain/arm-none-eabi-gcc/bin/../lib/gcc/arm-none-eabi/9.3.1/../../../../arm-none-eabi/lib/thumb/v6-m/nofp\libg_nano.a(lib_a-lock.o)
 .ARM.attributes
                0x000005d1       0x2c c:/mounriver/mounriver_studio/toolchain/arm-none-eabi-gcc/bin/../lib/gcc/arm-none-eabi/9.3.1/../../../../arm-none-eabi/lib/thumb/v6-m/nofp\libg_nano.a(lib_a-makebuf.o)
 .ARM.attributes
                0x000005fd       0x2c c:/mounriver/mounriver_studio/toolchain/arm-none-eabi-gcc/bin/../lib/gcc/arm-none-eabi/9.3.1/../../../../arm-none-eabi/lib/thumb/v6-m/nofp\libg_nano.a(lib_a-memset.o)
 .ARM.attributes
                0x00000629       0x2c c:/mounriver/mounriver_studio/toolchain/arm-none-eabi-gcc/bin/../lib/gcc/arm-none-eabi/9.3.1/../../../../arm-none-eabi/lib/thumb/v6-m/nofp\libg_nano.a(lib_a-mlock.o)
 .ARM.attributes
                0x00000655       0x2c c:/mounriver/mounriver_studio/toolchain/arm-none-eabi-gcc/bin/../lib/gcc/arm-none-eabi/9.3.1/../../../../arm-none-eabi/lib/thumb/v6-m/nofp\libg_nano.a(lib_a-nano-vfprintf.o)
 .ARM.attributes
                0x00000681       0x2c c:/mounriver/mounriver_studio/toolchain/arm-none-eabi-gcc/bin/../lib/gcc/arm-none-eabi/9.3.1/../../../../arm-none-eabi/lib/thumb/v6-m/nofp\libg_nano.a(lib_a-nano-vfprintf_i.o)
 .ARM.attributes
                0x000006ad       0x2c c:/mounriver/mounriver_studio/toolchain/arm-none-eabi-gcc/bin/../lib/gcc/arm-none-eabi/9.3.1/../../../../arm-none-eabi/lib/thumb/v6-m/nofp\libg_nano.a(lib_a-reent.o)
 .ARM.attributes
                0x000006d9       0x2c c:/mounriver/mounriver_studio/toolchain/arm-none-eabi-gcc/bin/../lib/gcc/arm-none-eabi/9.3.1/../../../../arm-none-eabi/lib/thumb/v6-m/nofp\libg_nano.a(lib_a-stdio.o)
 .ARM.attributes
                0x00000705       0x2c c:/mounriver/mounriver_studio/toolchain/arm-none-eabi-gcc/bin/../lib/gcc/arm-none-eabi/9.3.1/../../../../arm-none-eabi/lib/thumb/v6-m/nofp\libg_nano.a(lib_a-writer.o)
 .ARM.attributes
                0x00000731       0x2c c:/mounriver/mounriver_studio/toolchain/arm-none-eabi-gcc/bin/../lib/gcc/arm-none-eabi/9.3.1/../../../../arm-none-eabi/lib/thumb/v6-m/nofp\libg_nano.a(lib_a-closer.o)
 .ARM.attributes
                0x0000075d       0x2c c:/mounriver/mounriver_studio/toolchain/arm-none-eabi-gcc/bin/../lib/gcc/arm-none-eabi/9.3.1/../../../../arm-none-eabi/lib/thumb/v6-m/nofp\libg_nano.a(lib_a-fstatr.o)
 .ARM.attributes
                0x00000789       0x2c c:/mounriver/mounriver_studio/toolchain/arm-none-eabi-gcc/bin/../lib/gcc/arm-none-eabi/9.3.1/../../../../arm-none-eabi/lib/thumb/v6-m/nofp\libg_nano.a(lib_a-isattyr.o)
 .ARM.attributes
                0x000007b5       0x2c c:/mounriver/mounriver_studio/toolchain/arm-none-eabi-gcc/bin/../lib/gcc/arm-none-eabi/9.3.1/../../../../arm-none-eabi/lib/thumb/v6-m/nofp\libg_nano.a(lib_a-lseekr.o)
 .ARM.attributes
                0x000007e1       0x2c c:/mounriver/mounriver_studio/toolchain/arm-none-eabi-gcc/bin/../lib/gcc/arm-none-eabi/9.3.1/../../../../arm-none-eabi/lib/thumb/v6-m/nofp\libg_nano.a(lib_a-memchr-stub.o)
 .ARM.attributes
                0x0000080d       0x2c c:/mounriver/mounriver_studio/toolchain/arm-none-eabi-gcc/bin/../lib/gcc/arm-none-eabi/9.3.1/../../../../arm-none-eabi/lib/thumb/v6-m/nofp\libg_nano.a(lib_a-readr.o)
 .ARM.attributes
                0x00000839       0x2c c:/mounriver/mounriver_studio/toolchain/arm-none-eabi-gcc/bin/../lib/gcc/arm-none-eabi/9.3.1/../../../../arm-none-eabi/lib/thumb/v6-m/nofp\libnosys.a(close.o)
 .ARM.attributes
                0x00000865       0x2c c:/mounriver/mounriver_studio/toolchain/arm-none-eabi-gcc/bin/../lib/gcc/arm-none-eabi/9.3.1/../../../../arm-none-eabi/lib/thumb/v6-m/nofp\libnosys.a(fstat.o)
 .ARM.attributes
                0x00000891       0x2c c:/mounriver/mounriver_studio/toolchain/arm-none-eabi-gcc/bin/../lib/gcc/arm-none-eabi/9.3.1/../../../../arm-none-eabi/lib/thumb/v6-m/nofp\libnosys.a(isatty.o)
 .ARM.attributes
                0x000008bd       0x2c c:/mounriver/mounriver_studio/toolchain/arm-none-eabi-gcc/bin/../lib/gcc/arm-none-eabi/9.3.1/../../../../arm-none-eabi/lib/thumb/v6-m/nofp\libnosys.a(lseek.o)
 .ARM.attributes
                0x000008e9       0x2c c:/mounriver/mounriver_studio/toolchain/arm-none-eabi-gcc/bin/../lib/gcc/arm-none-eabi/9.3.1/../../../../arm-none-eabi/lib/thumb/v6-m/nofp\libnosys.a(read.o)
 .ARM.attributes
                0x00000915       0x2c c:/mounriver/mounriver_studio/toolchain/arm-none-eabi-gcc/bin/../lib/gcc/arm-none-eabi/9.3.1/../../../../arm-none-eabi/lib/thumb/v6-m/nofp\libnosys.a(sbrk.o)
OUTPUT(ch57x_ble_uart_mrs_app_only_test.elf elf32-littlearm)
LOAD linker stubs
LOAD c:/mounriver/mounriver_studio/toolchain/arm-none-eabi-gcc/bin/../lib/gcc/arm-none-eabi/9.3.1/../../../../arm-none-eabi/lib/thumb/v6-m/nofp\libc.a
LOAD c:/mounriver/mounriver_studio/toolchain/arm-none-eabi-gcc/bin/../lib/gcc/arm-none-eabi/9.3.1/../../../../arm-none-eabi/lib/thumb/v6-m/nofp\libm.a
LOAD c:/mounriver/mounriver_studio/toolchain/arm-none-eabi-gcc/bin/../lib/gcc/arm-none-eabi/9.3.1/thumb/v6-m/nofp\libgcc.a

.debug_info     0x00000000    0x11d9b
 .debug_info    0x00000000     0x1575 ./app/ch57x_usb_device_msc.o
 .debug_info    0x00001575     0x10f0 ./app/diskio.o
 .debug_info    0x00002665     0x5977 ./app/ff.o
 .debug_info    0x00007fdc      0x12b ./app/ffsystem.o
 .debug_info    0x00008107      0x276 ./app/ffunicode.o
 .debug_info    0x0000837d     0x13e0 ./app/peripheral_main.o
 .debug_info    0x0000975d     0x118a ./app/spi_flash.o
 .debug_info    0x0000a8e7     0x176f ./StdPeriphDriver/CH57x_clk.o
 .debug_info    0x0000c056      0xcb3 ./StdPeriphDriver/CH57x_gpio.o
 .debug_info    0x0000cd09      0xdfa ./StdPeriphDriver/CH57x_int.o
 .debug_info    0x0000db03      0xda4 ./StdPeriphDriver/CH57x_pwr.o
 .debug_info    0x0000e8a7      0xe1a ./StdPeriphDriver/CH57x_spi0.o
 .debug_info    0x0000f6c1      0xe6e ./StdPeriphDriver/CH57x_sys.o
 .debug_info    0x0001052f      0xc93 ./StdPeriphDriver/CH57x_uart0.o
 .debug_info    0x000111c2      0xbb7 ./StdPeriphDriver/CH57x_usbdev.o
 .debug_info    0x00011d79       0x22 ./Startup/startup_ch579.o

.debug_abbrev   0x00000000     0x29cb
 .debug_abbrev  0x00000000      0x402 ./app/ch57x_usb_device_msc.o
 .debug_abbrev  0x00000402      0x340 ./app/diskio.o
 .debug_abbrev  0x00000742      0x40a ./app/ff.o
 .debug_abbrev  0x00000b4c       0xe5 ./app/ffsystem.o
 .debug_abbrev  0x00000c31       0xf0 ./app/ffunicode.o
 .debug_abbrev  0x00000d21      0x30b ./app/peripheral_main.o
 .debug_abbrev  0x0000102c      0x306 ./app/spi_flash.o
 .debug_abbrev  0x00001332      0x43a ./StdPeriphDriver/CH57x_clk.o
 .debug_abbrev  0x0000176c      0x24c ./StdPeriphDriver/CH57x_gpio.o
 .debug_abbrev  0x000019b8      0x27b ./StdPeriphDriver/CH57x_int.o
 .debug_abbrev  0x00001c33      0x28c ./StdPeriphDriver/CH57x_pwr.o
 .debug_abbrev  0x00001ebf      0x305 ./StdPeriphDriver/CH57x_spi0.o
 .debug_abbrev  0x000021c4      0x30f ./StdPeriphDriver/CH57x_sys.o
 .debug_abbrev  0x000024d3      0x2cf ./StdPeriphDriver/CH57x_uart0.o
 .debug_abbrev  0x000027a2      0x217 ./StdPeriphDriver/CH57x_usbdev.o
 .debug_abbrev  0x000029b9       0x12 ./Startup/startup_ch579.o

.debug_loc      0x00000000     0xa76d
 .debug_loc     0x00000000      0x3e7 ./app/ch57x_usb_device_msc.o
 .debug_loc     0x000003e7      0x468 ./app/diskio.o
 .debug_loc     0x0000084f     0x7ee4 ./app/ff.o
 .debug_loc     0x00008733       0x4a ./app/ffsystem.o
 .debug_loc     0x0000877d      0x2b0 ./app/ffunicode.o
 .debug_loc     0x00008a2d      0x37f ./app/spi_flash.o
 .debug_loc     0x00008dac      0xdab ./StdPeriphDriver/CH57x_clk.o
 .debug_loc     0x00009b57      0x22e ./StdPeriphDriver/CH57x_gpio.o
 .debug_loc     0x00009d85      0x17f ./StdPeriphDriver/CH57x_int.o
 .debug_loc     0x00009f04      0x1fd ./StdPeriphDriver/CH57x_pwr.o
 .debug_loc     0x0000a101      0x2e2 ./StdPeriphDriver/CH57x_spi0.o
 .debug_loc     0x0000a3e3      0x1cd ./StdPeriphDriver/CH57x_sys.o
 .debug_loc     0x0000a5b0      0x1bd ./StdPeriphDriver/CH57x_uart0.o

.debug_aranges  0x00000000      0x710
 .debug_aranges
                0x00000000       0xa8 ./app/ch57x_usb_device_msc.o
 .debug_aranges
                0x000000a8       0x58 ./app/diskio.o
 .debug_aranges
                0x00000100      0x1b8 ./app/ff.o
 .debug_aranges
                0x000002b8       0x28 ./app/ffsystem.o
 .debug_aranges
                0x000002e0       0x30 ./app/ffunicode.o
 .debug_aranges
                0x00000310       0x28 ./app/peripheral_main.o
 .debug_aranges
                0x00000338       0x78 ./app/spi_flash.o
 .debug_aranges
                0x000003b0       0xd8 ./StdPeriphDriver/CH57x_clk.o
 .debug_aranges
                0x00000488       0x48 ./StdPeriphDriver/CH57x_gpio.o
 .debug_aranges
                0x000004d0       0x40 ./StdPeriphDriver/CH57x_int.o
 .debug_aranges
                0x00000510       0x50 ./StdPeriphDriver/CH57x_pwr.o
 .debug_aranges
                0x00000560       0x88 ./StdPeriphDriver/CH57x_spi0.o
 .debug_aranges
                0x000005e8       0x70 ./StdPeriphDriver/CH57x_sys.o
 .debug_aranges
                0x00000658       0x50 ./StdPeriphDriver/CH57x_uart0.o
 .debug_aranges
                0x000006a8       0x40 ./StdPeriphDriver/CH57x_usbdev.o
 .debug_aranges
                0x000006e8       0x28 ./Startup/startup_ch579.o

.debug_ranges   0x00000000      0xcb8
 .debug_ranges  0x00000000       0xc8 ./app/ch57x_usb_device_msc.o
 .debug_ranges  0x000000c8       0x48 ./app/diskio.o
 .debug_ranges  0x00000110      0x7a0 ./app/ff.o
 .debug_ranges  0x000008b0       0x18 ./app/ffsystem.o
 .debug_ranges  0x000008c8       0x20 ./app/ffunicode.o
 .debug_ranges  0x000008e8       0x18 ./app/peripheral_main.o
 .debug_ranges  0x00000900       0x68 ./app/spi_flash.o
 .debug_ranges  0x00000968      0x140 ./StdPeriphDriver/CH57x_clk.o
 .debug_ranges  0x00000aa8       0x38 ./StdPeriphDriver/CH57x_gpio.o
 .debug_ranges  0x00000ae0       0x30 ./StdPeriphDriver/CH57x_int.o
 .debug_ranges  0x00000b10       0x40 ./StdPeriphDriver/CH57x_pwr.o
 .debug_ranges  0x00000b50       0x78 ./StdPeriphDriver/CH57x_spi0.o
 .debug_ranges  0x00000bc8       0x60 ./StdPeriphDriver/CH57x_sys.o
 .debug_ranges  0x00000c28       0x40 ./StdPeriphDriver/CH57x_uart0.o
 .debug_ranges  0x00000c68       0x30 ./StdPeriphDriver/CH57x_usbdev.o
 .debug_ranges  0x00000c98       0x20 ./Startup/startup_ch579.o

.debug_line     0x00000000     0xb0d4
 .debug_line    0x00000000      0xed1 ./app/ch57x_usb_device_msc.o
 .debug_line    0x00000ed1      0x4ad ./app/diskio.o
 .debug_line    0x0000137e     0x4f58 ./app/ff.o
 .debug_line    0x000062d6      0x116 ./app/ffsystem.o
 .debug_line    0x000063ec      0x2ce ./app/ffunicode.o
 .debug_line    0x000066ba      0x483 ./app/peripheral_main.o
 .debug_line    0x00006b3d      0x5b2 ./app/spi_flash.o
 .debug_line    0x000070ef     0x14e6 ./StdPeriphDriver/CH57x_clk.o
 .debug_line    0x000085d5      0x4ae ./StdPeriphDriver/CH57x_gpio.o
 .debug_line    0x00008a83      0x8b8 ./StdPeriphDriver/CH57x_int.o
 .debug_line    0x0000933b      0x724 ./StdPeriphDriver/CH57x_pwr.o
 .debug_line    0x00009a5f      0x756 ./StdPeriphDriver/CH57x_spi0.o
 .debug_line    0x0000a1b5      0x666 ./StdPeriphDriver/CH57x_sys.o
 .debug_line    0x0000a81b      0x3e9 ./StdPeriphDriver/CH57x_uart0.o
 .debug_line    0x0000ac04      0x3e4 ./StdPeriphDriver/CH57x_usbdev.o
 .debug_line    0x0000afe8       0xec ./Startup/startup_ch579.o

.debug_str      0x00000000     0x2586
 .debug_str     0x00000000      0xb3c ./app/ch57x_usb_device_msc.o
                                0xbfc (size before relaxing)
 .debug_str     0x00000b3c       0xf7 ./app/diskio.o
                                0x8c7 (size before relaxing)
 .debug_str     0x00000c33      0x5f9 ./app/ff.o
                                0x89b (size before relaxing)
 .debug_str     0x0000122c       0x1f ./app/ffsystem.o
                                0x20a (size before relaxing)
 .debug_str     0x0000124b       0x23 ./app/ffunicode.o
                                0x219 (size before relaxing)
 .debug_str     0x0000126e      0x301 ./app/peripheral_main.o
                                0xcce (size before relaxing)
 .debug_str     0x0000156f      0x1c3 ./app/spi_flash.o
                                0xa04 (size before relaxing)
 .debug_str     0x00001732      0x575 ./StdPeriphDriver/CH57x_clk.o
                                0xdf0 (size before relaxing)
 .debug_str     0x00001ca7      0x131 ./StdPeriphDriver/CH57x_gpio.o
                                0x8fe (size before relaxing)
 .debug_str     0x00001dd8      0x111 ./StdPeriphDriver/CH57x_int.o
                                0x887 (size before relaxing)
 .debug_str     0x00001ee9       0xdd ./StdPeriphDriver/CH57x_pwr.o
                                0x8ae (size before relaxing)
 .debug_str     0x00001fc6      0x15e ./StdPeriphDriver/CH57x_spi0.o
                                0x964 (size before relaxing)
 .debug_str     0x00002124      0x1d8 ./StdPeriphDriver/CH57x_sys.o
                                0x953 (size before relaxing)
 .debug_str     0x000022fc      0x13a ./StdPeriphDriver/CH57x_uart0.o
                                0x8a3 (size before relaxing)
 .debug_str     0x00002436       0xca ./StdPeriphDriver/CH57x_usbdev.o
                                0x819 (size before relaxing)
 .debug_str     0x00002500       0x86 ./Startup/startup_ch579.o
                                0x10b (size before relaxing)

.comment        0x00000000       0x4c
 .comment       0x00000000       0x4c ./app/ch57x_usb_device_msc.o
                                 0x4d (size before relaxing)
 .comment       0x0000004c       0x4d ./app/diskio.o
 .comment       0x0000004c       0x4d ./app/ff.o
 .comment       0x0000004c       0x4d ./app/ffsystem.o
 .comment       0x0000004c       0x4d ./app/ffunicode.o
 .comment       0x0000004c       0x4d ./app/peripheral_main.o
 .comment       0x0000004c       0x4d ./app/spi_flash.o
 .comment       0x0000004c       0x4d ./StdPeriphDriver/CH57x_clk.o
 .comment       0x0000004c       0x4d ./StdPeriphDriver/CH57x_gpio.o
 .comment       0x0000004c       0x4d ./StdPeriphDriver/CH57x_int.o
 .comment       0x0000004c       0x4d ./StdPeriphDriver/CH57x_pwr.o
 .comment       0x0000004c       0x4d ./StdPeriphDriver/CH57x_spi0.o
 .comment       0x0000004c       0x4d ./StdPeriphDriver/CH57x_sys.o
 .comment       0x0000004c       0x4d ./StdPeriphDriver/CH57x_uart0.o
 .comment       0x0000004c       0x4d ./StdPeriphDriver/CH57x_usbdev.o

.debug_frame    0x00000000     0x1c28
 .debug_frame   0x00000000      0x1e8 ./app/ch57x_usb_device_msc.o
 .debug_frame   0x000001e8       0xec ./app/diskio.o
 .debug_frame   0x000002d4      0x620 ./app/ff.o
 .debug_frame   0x000008f4       0x40 ./app/ffsystem.o
 .debug_frame   0x00000934       0x50 ./app/ffunicode.o
 .debug_frame   0x00000984       0x4c ./app/peripheral_main.o
 .debug_frame   0x000009d0      0x15c ./app/spi_flash.o
 .debug_frame   0x00000b2c      0x20c ./StdPeriphDriver/CH57x_clk.o
 .debug_frame   0x00000d38       0x90 ./StdPeriphDriver/CH57x_gpio.o
 .debug_frame   0x00000dc8       0xb4 ./StdPeriphDriver/CH57x_int.o
 .debug_frame   0x00000e7c       0xd0 ./StdPeriphDriver/CH57x_pwr.o
 .debug_frame   0x00000f4c      0x158 ./StdPeriphDriver/CH57x_spi0.o
 .debug_frame   0x000010a4       0xf8 ./StdPeriphDriver/CH57x_sys.o
 .debug_frame   0x0000119c       0xa8 ./StdPeriphDriver/CH57x_uart0.o
 .debug_frame   0x00001244       0x68 ./StdPeriphDriver/CH57x_usbdev.o
 .debug_frame   0x000012ac       0x20 c:/mounriver/mounriver_studio/toolchain/arm-none-eabi-gcc/bin/../lib/gcc/arm-none-eabi/9.3.1/thumb/v6-m/nofp\libgcc.a(_udivsi3.o)
 .debug_frame   0x000012cc       0x20 c:/mounriver/mounriver_studio/toolchain/arm-none-eabi-gcc/bin/../lib/gcc/arm-none-eabi/9.3.1/thumb/v6-m/nofp\libgcc.a(_divsi3.o)
 .debug_frame   0x000012ec       0x40 c:/mounriver/mounriver_studio/toolchain/arm-none-eabi-gcc/bin/../lib/gcc/arm-none-eabi/9.3.1/../../../../arm-none-eabi/lib/thumb/v6-m/nofp\libg_nano.a(lib_a-malloc.o)
 .debug_frame   0x0000132c       0x28 c:/mounriver/mounriver_studio/toolchain/arm-none-eabi-gcc/bin/../lib/gcc/arm-none-eabi/9.3.1/../../../../arm-none-eabi/lib/thumb/v6-m/nofp\libg_nano.a(lib_a-memcpy-stub.o)
 .debug_frame   0x00001354       0x2c c:/mounriver/mounriver_studio/toolchain/arm-none-eabi-gcc/bin/../lib/gcc/arm-none-eabi/9.3.1/../../../../arm-none-eabi/lib/thumb/v6-m/nofp\libg_nano.a(lib_a-nano-freer.o)
 .debug_frame   0x00001380       0x30 c:/mounriver/mounriver_studio/toolchain/arm-none-eabi-gcc/bin/../lib/gcc/arm-none-eabi/9.3.1/../../../../arm-none-eabi/lib/thumb/v6-m/nofp\libg_nano.a(lib_a-nano-mallocr.o)
 .debug_frame   0x000013b0       0x50 c:/mounriver/mounriver_studio/toolchain/arm-none-eabi-gcc/bin/../lib/gcc/arm-none-eabi/9.3.1/../../../../arm-none-eabi/lib/thumb/v6-m/nofp\libg_nano.a(lib_a-printf.o)
 .debug_frame   0x00001400       0x44 c:/mounriver/mounriver_studio/toolchain/arm-none-eabi-gcc/bin/../lib/gcc/arm-none-eabi/9.3.1/../../../../arm-none-eabi/lib/thumb/v6-m/nofp\libg_nano.a(lib_a-puts.o)
 .debug_frame   0x00001444       0x2c c:/mounriver/mounriver_studio/toolchain/arm-none-eabi-gcc/bin/../lib/gcc/arm-none-eabi/9.3.1/../../../../arm-none-eabi/lib/thumb/v6-m/nofp\libg_nano.a(lib_a-sbrkr.o)
 .debug_frame   0x00001470       0x48 c:/mounriver/mounriver_studio/toolchain/arm-none-eabi-gcc/bin/../lib/gcc/arm-none-eabi/9.3.1/../../../../arm-none-eabi/lib/thumb/v6-m/nofp\libg_nano.a(lib_a-wbuf.o)
 .debug_frame   0x000014b8       0x2c c:/mounriver/mounriver_studio/toolchain/arm-none-eabi-gcc/bin/../lib/gcc/arm-none-eabi/9.3.1/../../../../arm-none-eabi/lib/thumb/v6-m/nofp\libg_nano.a(lib_a-wsetup.o)
 .debug_frame   0x000014e4       0x68 c:/mounriver/mounriver_studio/toolchain/arm-none-eabi-gcc/bin/../lib/gcc/arm-none-eabi/9.3.1/../../../../arm-none-eabi/lib/thumb/v6-m/nofp\libg_nano.a(lib_a-fflush.o)
 .debug_frame   0x0000154c      0x170 c:/mounriver/mounriver_studio/toolchain/arm-none-eabi-gcc/bin/../lib/gcc/arm-none-eabi/9.3.1/../../../../arm-none-eabi/lib/thumb/v6-m/nofp\libg_nano.a(lib_a-findfp.o)
 .debug_frame   0x000016bc       0x58 c:/mounriver/mounriver_studio/toolchain/arm-none-eabi-gcc/bin/../lib/gcc/arm-none-eabi/9.3.1/../../../../arm-none-eabi/lib/thumb/v6-m/nofp\libg_nano.a(lib_a-fwalk.o)
 .debug_frame   0x00001714       0xb0 c:/mounriver/mounriver_studio/toolchain/arm-none-eabi-gcc/bin/../lib/gcc/arm-none-eabi/9.3.1/../../../../arm-none-eabi/lib/thumb/v6-m/nofp\libg_nano.a(lib_a-lock.o)
 .debug_frame   0x000017c4       0x54 c:/mounriver/mounriver_studio/toolchain/arm-none-eabi-gcc/bin/../lib/gcc/arm-none-eabi/9.3.1/../../../../arm-none-eabi/lib/thumb/v6-m/nofp\libg_nano.a(lib_a-makebuf.o)
 .debug_frame   0x00001818       0x20 c:/mounriver/mounriver_studio/toolchain/arm-none-eabi-gcc/bin/../lib/gcc/arm-none-eabi/9.3.1/../../../../arm-none-eabi/lib/thumb/v6-m/nofp\libg_nano.a(lib_a-memset.o)
 .debug_frame   0x00001838       0x40 c:/mounriver/mounriver_studio/toolchain/arm-none-eabi-gcc/bin/../lib/gcc/arm-none-eabi/9.3.1/../../../../arm-none-eabi/lib/thumb/v6-m/nofp\libg_nano.a(lib_a-mlock.o)
 .debug_frame   0x00001878       0x9c c:/mounriver/mounriver_studio/toolchain/arm-none-eabi-gcc/bin/../lib/gcc/arm-none-eabi/9.3.1/../../../../arm-none-eabi/lib/thumb/v6-m/nofp\libg_nano.a(lib_a-nano-vfprintf.o)
 .debug_frame   0x00001914       0x54 c:/mounriver/mounriver_studio/toolchain/arm-none-eabi-gcc/bin/../lib/gcc/arm-none-eabi/9.3.1/../../../../arm-none-eabi/lib/thumb/v6-m/nofp\libg_nano.a(lib_a-nano-vfprintf_i.o)
 .debug_frame   0x00001968       0x48 c:/mounriver/mounriver_studio/toolchain/arm-none-eabi-gcc/bin/../lib/gcc/arm-none-eabi/9.3.1/../../../../arm-none-eabi/lib/thumb/v6-m/nofp\libg_nano.a(lib_a-reent.o)
 .debug_frame   0x000019b0       0x90 c:/mounriver/mounriver_studio/toolchain/arm-none-eabi-gcc/bin/../lib/gcc/arm-none-eabi/9.3.1/../../../../arm-none-eabi/lib/thumb/v6-m/nofp\libg_nano.a(lib_a-stdio.o)
 .debug_frame   0x00001a40       0x2c c:/mounriver/mounriver_studio/toolchain/arm-none-eabi-gcc/bin/../lib/gcc/arm-none-eabi/9.3.1/../../../../arm-none-eabi/lib/thumb/v6-m/nofp\libg_nano.a(lib_a-writer.o)
 .debug_frame   0x00001a6c       0x2c c:/mounriver/mounriver_studio/toolchain/arm-none-eabi-gcc/bin/../lib/gcc/arm-none-eabi/9.3.1/../../../../arm-none-eabi/lib/thumb/v6-m/nofp\libg_nano.a(lib_a-closer.o)
 .debug_frame   0x00001a98       0x2c c:/mounriver/mounriver_studio/toolchain/arm-none-eabi-gcc/bin/../lib/gcc/arm-none-eabi/9.3.1/../../../../arm-none-eabi/lib/thumb/v6-m/nofp\libg_nano.a(lib_a-fstatr.o)
 .debug_frame   0x00001ac4       0x2c c:/mounriver/mounriver_studio/toolchain/arm-none-eabi-gcc/bin/../lib/gcc/arm-none-eabi/9.3.1/../../../../arm-none-eabi/lib/thumb/v6-m/nofp\libg_nano.a(lib_a-isattyr.o)
 .debug_frame   0x00001af0       0x2c c:/mounriver/mounriver_studio/toolchain/arm-none-eabi-gcc/bin/../lib/gcc/arm-none-eabi/9.3.1/../../../../arm-none-eabi/lib/thumb/v6-m/nofp\libg_nano.a(lib_a-lseekr.o)
 .debug_frame   0x00001b1c       0x20 c:/mounriver/mounriver_studio/toolchain/arm-none-eabi-gcc/bin/../lib/gcc/arm-none-eabi/9.3.1/../../../../arm-none-eabi/lib/thumb/v6-m/nofp\libg_nano.a(lib_a-memchr-stub.o)
 .debug_frame   0x00001b3c       0x2c c:/mounriver/mounriver_studio/toolchain/arm-none-eabi-gcc/bin/../lib/gcc/arm-none-eabi/9.3.1/../../../../arm-none-eabi/lib/thumb/v6-m/nofp\libg_nano.a(lib_a-readr.o)
 .debug_frame   0x00001b68       0x20 c:/mounriver/mounriver_studio/toolchain/arm-none-eabi-gcc/bin/../lib/gcc/arm-none-eabi/9.3.1/../../../../arm-none-eabi/lib/thumb/v6-m/nofp\libnosys.a(close.o)
 .debug_frame   0x00001b88       0x20 c:/mounriver/mounriver_studio/toolchain/arm-none-eabi-gcc/bin/../lib/gcc/arm-none-eabi/9.3.1/../../../../arm-none-eabi/lib/thumb/v6-m/nofp\libnosys.a(fstat.o)
 .debug_frame   0x00001ba8       0x20 c:/mounriver/mounriver_studio/toolchain/arm-none-eabi-gcc/bin/../lib/gcc/arm-none-eabi/9.3.1/../../../../arm-none-eabi/lib/thumb/v6-m/nofp\libnosys.a(isatty.o)
 .debug_frame   0x00001bc8       0x20 c:/mounriver/mounriver_studio/toolchain/arm-none-eabi-gcc/bin/../lib/gcc/arm-none-eabi/9.3.1/../../../../arm-none-eabi/lib/thumb/v6-m/nofp\libnosys.a(lseek.o)
 .debug_frame   0x00001be8       0x20 c:/mounriver/mounriver_studio/toolchain/arm-none-eabi-gcc/bin/../lib/gcc/arm-none-eabi/9.3.1/../../../../arm-none-eabi/lib/thumb/v6-m/nofp\libnosys.a(read.o)
 .debug_frame   0x00001c08       0x20 c:/mounriver/mounriver_studio/toolchain/arm-none-eabi-gcc/bin/../lib/gcc/arm-none-eabi/9.3.1/../../../../arm-none-eabi/lib/thumb/v6-m/nofp\libnosys.a(sbrk.o)

.stab           0x00000000       0x84
 .stab          0x00000000       0x24 c:/mounriver/mounriver_studio/toolchain/arm-none-eabi-gcc/bin/../lib/gcc/arm-none-eabi/9.3.1/../../../../arm-none-eabi/lib/thumb/v6-m/nofp\libnosys.a(close.o)
 .stab          0x00000024       0x18 c:/mounriver/mounriver_studio/toolchain/arm-none-eabi-gcc/bin/../lib/gcc/arm-none-eabi/9.3.1/../../../../arm-none-eabi/lib/thumb/v6-m/nofp\libnosys.a(fstat.o)
                                 0x24 (size before relaxing)
 .stab          0x0000003c       0x18 c:/mounriver/mounriver_studio/toolchain/arm-none-eabi-gcc/bin/../lib/gcc/arm-none-eabi/9.3.1/../../../../arm-none-eabi/lib/thumb/v6-m/nofp\libnosys.a(isatty.o)
                                 0x24 (size before relaxing)
 .stab          0x00000054       0x18 c:/mounriver/mounriver_studio/toolchain/arm-none-eabi-gcc/bin/../lib/gcc/arm-none-eabi/9.3.1/../../../../arm-none-eabi/lib/thumb/v6-m/nofp\libnosys.a(lseek.o)
                                 0x24 (size before relaxing)
 .stab          0x0000006c       0x18 c:/mounriver/mounriver_studio/toolchain/arm-none-eabi-gcc/bin/../lib/gcc/arm-none-eabi/9.3.1/../../../../arm-none-eabi/lib/thumb/v6-m/nofp\libnosys.a(read.o)
                                 0x24 (size before relaxing)

.stabstr        0x00000000      0x117
 .stabstr       0x00000000      0x117 c:/mounriver/mounriver_studio/toolchain/arm-none-eabi-gcc/bin/../lib/gcc/arm-none-eabi/9.3.1/../../../../arm-none-eabi/lib/thumb/v6-m/nofp\libnosys.a(close.o)
