Archive member included to satisfy reference by file (symbol)

c:/toolchain/gcc-arm-none-eabi-9-2019-q4-major-win32/bin/../lib/gcc/arm-none-eabi/9.2.1/thumb/v6-m/nofp\libgcc.a(_thumb1_case_sqi.o)
                              ./app/ch57x_usb_device_msc.o (__gnu_thumb1_case_sqi)
c:/toolchain/gcc-arm-none-eabi-9-2019-q4-major-win32/bin/../lib/gcc/arm-none-eabi/9.2.1/thumb/v6-m/nofp\libgcc.a(_thumb1_case_uqi.o)
                              ./app/ch57x_usb_device_msc.o (__gnu_thumb1_case_uqi)
c:/toolchain/gcc-arm-none-eabi-9-2019-q4-major-win32/bin/../lib/gcc/arm-none-eabi/9.2.1/thumb/v6-m/nofp\libgcc.a(_thumb1_case_shi.o)
                              ./app/ff.o (__gnu_thumb1_case_shi)
c:/toolchain/gcc-arm-none-eabi-9-2019-q4-major-win32/bin/../lib/gcc/arm-none-eabi/9.2.1/thumb/v6-m/nofp\libgcc.a(_udivsi3.o)
                              ./app/ff.o (__aeabi_uidiv)
c:/toolchain/gcc-arm-none-eabi-9-2019-q4-major-win32/bin/../lib/gcc/arm-none-eabi/9.2.1/thumb/v6-m/nofp\libgcc.a(_divsi3.o)
                              ./StdPeriphDriver/CH57x_adc.o (__aeabi_idiv)
c:/toolchain/gcc-arm-none-eabi-9-2019-q4-major-win32/bin/../lib/gcc/arm-none-eabi/9.2.1/thumb/v6-m/nofp\libgcc.a(_dvmd_tls.o)
                              c:/toolchain/gcc-arm-none-eabi-9-2019-q4-major-win32/bin/../lib/gcc/arm-none-eabi/9.2.1/thumb/v6-m/nofp\libgcc.a(_udivsi3.o) (__aeabi_idiv0)
c:/toolchain/gcc-arm-none-eabi-9-2019-q4-major-win32/bin/../lib/gcc/arm-none-eabi/9.2.1/../../../../arm-none-eabi/lib/thumb/v6-m/nofp\libg_nano.a(lib_a-memcmp.o)
                              ./app/peripheral_main.o (memcmp)
c:/toolchain/gcc-arm-none-eabi-9-2019-q4-major-win32/bin/../lib/gcc/arm-none-eabi/9.2.1/../../../../arm-none-eabi/lib/thumb/v6-m/nofp\libg_nano.a(lib_a-memcpy-stub.o)
                              ./app/ch57x_usb_device_msc.o (memcpy)
c:/toolchain/gcc-arm-none-eabi-9-2019-q4-major-win32/bin/../lib/gcc/arm-none-eabi/9.2.1/../../../../arm-none-eabi/lib/thumb/v6-m/nofp\libg_nano.a(lib_a-memset.o)
                              ./app/peripheral_main.o (memset)
c:/toolchain/gcc-arm-none-eabi-9-2019-q4-major-win32/bin/../lib/gcc/arm-none-eabi/9.2.1/../../../../arm-none-eabi/lib/thumb/v6-m/nofp\libg_nano.a(lib_a-printf.o)
                              ./app/peripheral_main.o (printf)
c:/toolchain/gcc-arm-none-eabi-9-2019-q4-major-win32/bin/../lib/gcc/arm-none-eabi/9.2.1/../../../../arm-none-eabi/lib/thumb/v6-m/nofp\libg_nano.a(lib_a-puts.o)
                              ./app/peripheral_main.o (puts)
c:/toolchain/gcc-arm-none-eabi-9-2019-q4-major-win32/bin/../lib/gcc/arm-none-eabi/9.2.1/../../../../arm-none-eabi/lib/thumb/v6-m/nofp\libg_nano.a(lib_a-wbuf.o)
                              c:/toolchain/gcc-arm-none-eabi-9-2019-q4-major-win32/bin/../lib/gcc/arm-none-eabi/9.2.1/../../../../arm-none-eabi/lib/thumb/v6-m/nofp\libg_nano.a(lib_a-puts.o) (__swbuf_r)
c:/toolchain/gcc-arm-none-eabi-9-2019-q4-major-win32/bin/../lib/gcc/arm-none-eabi/9.2.1/../../../../arm-none-eabi/lib/thumb/v6-m/nofp\libg_nano.a(lib_a-wsetup.o)
                              c:/toolchain/gcc-arm-none-eabi-9-2019-q4-major-win32/bin/../lib/gcc/arm-none-eabi/9.2.1/../../../../arm-none-eabi/lib/thumb/v6-m/nofp\libg_nano.a(lib_a-puts.o) (__swsetup_r)
c:/toolchain/gcc-arm-none-eabi-9-2019-q4-major-win32/bin/../lib/gcc/arm-none-eabi/9.2.1/../../../../arm-none-eabi/lib/thumb/v6-m/nofp\libg_nano.a(lib_a-fflush.o)
                              c:/toolchain/gcc-arm-none-eabi-9-2019-q4-major-win32/bin/../lib/gcc/arm-none-eabi/9.2.1/../../../../arm-none-eabi/lib/thumb/v6-m/nofp\libg_nano.a(lib_a-wbuf.o) (_fflush_r)
c:/toolchain/gcc-arm-none-eabi-9-2019-q4-major-win32/bin/../lib/gcc/arm-none-eabi/9.2.1/../../../../arm-none-eabi/lib/thumb/v6-m/nofp\libg_nano.a(lib_a-findfp.o)
                              c:/toolchain/gcc-arm-none-eabi-9-2019-q4-major-win32/bin/../lib/gcc/arm-none-eabi/9.2.1/../../../../arm-none-eabi/lib/thumb/v6-m/nofp\libg_nano.a(lib_a-printf.o) (__sinit)
c:/toolchain/gcc-arm-none-eabi-9-2019-q4-major-win32/bin/../lib/gcc/arm-none-eabi/9.2.1/../../../../arm-none-eabi/lib/thumb/v6-m/nofp\libg_nano.a(lib_a-fwalk.o)
                              c:/toolchain/gcc-arm-none-eabi-9-2019-q4-major-win32/bin/../lib/gcc/arm-none-eabi/9.2.1/../../../../arm-none-eabi/lib/thumb/v6-m/nofp\libg_nano.a(lib_a-findfp.o) (_fwalk)
c:/toolchain/gcc-arm-none-eabi-9-2019-q4-major-win32/bin/../lib/gcc/arm-none-eabi/9.2.1/../../../../arm-none-eabi/lib/thumb/v6-m/nofp\libg_nano.a(lib_a-impure.o)
                              c:/toolchain/gcc-arm-none-eabi-9-2019-q4-major-win32/bin/../lib/gcc/arm-none-eabi/9.2.1/../../../../arm-none-eabi/lib/thumb/v6-m/nofp\libg_nano.a(lib_a-fflush.o) (_global_impure_ptr)
c:/toolchain/gcc-arm-none-eabi-9-2019-q4-major-win32/bin/../lib/gcc/arm-none-eabi/9.2.1/../../../../arm-none-eabi/lib/thumb/v6-m/nofp\libg_nano.a(lib_a-lock.o)
[...]
Memory Configuration

Name             Origin             Length             Attributes
FLASH            0x00000000         0x0003e800         xr
XRAM             0x20003800         0x00001fff         xrw
RAM              0x20004000         0x00004000         xrw
*default*        0x00000000         0xffffffff

Linker script and memory map

LOAD ./app/ch57x_code_flash.o
LOAD ./app/ch57x_usb_device_msc.o
LOAD ./app/diskio.o
LOAD ./app/ff.o
LOAD ./app/ffsystem.o
LOAD ./app/ffunicode.o
LOAD ./app/peripheral_main.o
LOAD ./app/spi_flash.o
LOAD ./StdPeriphDriver/CH57x_adc.o
LOAD ./StdPeriphDriver/CH57x_clk.o
LOAD ./StdPeriphDriver/CH57x_flash.o
LOAD ./StdPeriphDriver/CH57x_gpio.o
LOAD ./StdPeriphDriver/CH57x_int.o
LOAD ./StdPeriphDriver/CH57x_lcd.o
LOAD ./StdPeriphDriver/CH57x_pwm.o
LOAD ./StdPeriphDriver/CH57x_pwr.o
LOAD ./StdPeriphDriver/CH57x_spi0.o
LOAD ./StdPeriphDriver/CH57x_spi1.o
LOAD ./StdPeriphDriver/CH57x_sys.o
LOAD ./StdPeriphDriver/CH57x_timer0.o
LOAD ./StdPeriphDriver/CH57x_timer1.o
LOAD ./StdPeriphDriver/CH57x_timer2.o
LOAD ./StdPeriphDriver/CH57x_timer3.o
LOAD ./StdPeriphDriver/CH57x_uart0.o
LOAD ./StdPeriphDriver/CH57x_uart1.o
LOAD ./StdPeriphDriver/CH57x_uart2.o
LOAD ./StdPeriphDriver/CH57x_uart3.o
LOAD ./StdPeriphDriver/CH57x_usbdev.o
LOAD ./Startup/startup_ch579.o
START GROUP
LOAD c:/toolchain/gcc-arm-none-eabi-9-2019-q4-major-win32/bin/../lib/gcc/arm-none-eabi/9.2.1/thumb/v6-m/nofp\libgcc.a
LOAD c:/toolchain/gcc-arm-none-eabi-9-2019-q4-major-win32/bin/../lib/gcc/arm-none-eabi/9.2.1/../../../../arm-none-eabi/lib/thumb/v6-m/nofp\libg_nano.a
LOAD c:/toolchain/gcc-arm-none-eabi-9-2019-q4-major-win32/bin/../lib/gcc/arm-none-eabi/9.2.1/../../../../arm-none-eabi/lib/thumb/v6-m/nofp\libc_nano.a
END GROUP
START GROUP
LOAD c:/toolchain/gcc-arm-none-eabi-9-2019-q4-major-win32/bin/../lib/gcc/arm-none-eabi/9.2.1/thumb/v6-m/nofp\libgcc.a
LOAD c:/toolchain/gcc-arm-none-eabi-9-2019-q4-major-win32/bin/../lib/gcc/arm-none-eabi/9.2.1/../../../../arm-none-eabi/lib/thumb/v6-m/nofp\libc_nano.a
LOAD c:/toolchain/gcc-arm-none-eabi-9-2019-q4-major-win32/bin/../lib/gcc/arm-none-eabi/9.2.1/../../../../arm-none-eabi/lib/thumb/v6-m/nofp\libnosys.a
END GROUP
START GROUP
LOAD c:/toolchain/gcc-arm-none-eabi-9-2019-q4-major-win32/bin/../lib/gcc/arm-none-eabi/9.2.1/thumb/v6-m/nofp\libgcc.a
LOAD c:/toolchain/gcc-arm-none-eabi-9-2019-q4-major-win32/bin/../lib/gcc/arm-none-eabi/9.2.1/../../../../arm-none-eabi/lib/thumb/v6-m/nofp\libc_nano.a
LOAD c:/toolchain/gcc-arm-none-eabi-9-2019-q4-major-win32/bin/../lib/gcc/arm-none-eabi/9.2.1/../../../../arm-none-eabi/lib/thumb/v6-m/nofp\libnosys.a
END GROUP
                0x20008000                _estack = 0x20008000
                0x00000400                _Min_Heap_Size = 0x400
                0x00000400                _Min_Stack_Size = 0x400

.stack_data

.isr_vector     0x00000000       0x90
                0x00000000                . = ALIGN (0x4)
 *(.isr_vector)
 .isr_vector    0x00000000       0x90 ./Startup/startup_ch579.o
                0x00000000                g_pfnVectors
                0x00000090                . = ALIGN (0x4)

.text           0x00000090     0x4b34
                0x00000090                . = ALIGN (0x4)
 *(.text)
 .text          0x00000090       0x14 c:/toolchain/gcc-arm-none-eabi-9-2019-q4-major-win32/bin/../lib/gcc/arm-none-eabi/9.2.1/thumb/v6-m/nofp\libgcc.a(_thumb1_case_sqi.o)
                0x00000090                __gnu_thumb1_case_sqi
 .text          0x000000a4       0x14 c:/toolchain/gcc-arm-none-eabi-9-2019-q4-major-win32/bin/../lib/gcc/arm-none-eabi/9.2.1/thumb/v6-m/nofp\libgcc.a(_thumb1_case_uqi.o)
                0x000000a4                __gnu_thumb1_case_uqi
 .text          0x000000b8       0x14 c:/toolchain/gcc-arm-none-eabi-9-2019-q4-major-win32/bin/../lib/gcc/arm-none-eabi/9.2.1/thumb/v6-m/nofp\libgcc.a(_thumb1_case_shi.o)
                0x000000b8                __gnu_thumb1_case_shi
 .text          0x000000cc      0x114 c:/toolchain/gcc-arm-none-eabi-9-2019-q4-major-win32/bin/../lib/gcc/arm-none-eabi/9.2.1/thumb/v6-m/nofp\libgcc.a(_udivsi3.o)
                0x000000cc                __aeabi_uidiv
                0x000000cc                __udivsi3
                0x000001d8                __aeabi_uidivmod
 .text          0x000001e0      0x1d4 c:/toolchain/gcc-arm-none-eabi-9-2019-q4-major-win32/bin/../lib/gcc/arm-none-eabi/9.2.1/thumb/v6-m/nofp\libgcc.a(_divsi3.o)
                0x000001e0                __divsi3
                0x000001e0                __aeabi_idiv
                0x000003ac                __aeabi_idivmod
 .text          0x000003b4        0x4 c:/toolchain/gcc-arm-none-eabi-9-2019-q4-major-win32/bin/../lib/gcc/arm-none-eabi/9.2.1/thumb/v6-m/nofp\libgcc.a(_dvmd_tls.o)
                0x000003b4                __aeabi_idiv0
                0x000003b4                __aeabi_ldiv0
 *(.text*)
 .text.BulkThirteen
                0x000003b8       0x74 ./app/ch57x_usb_device_msc.o
                0x000003b8                BulkThirteen
 .text.UFI_modeSense.part.0
                0x0000042c       0x34 ./app/ch57x_usb_device_msc.o
 .text.UFI_readCapacity
                0x00000460       0x3c ./app/ch57x_usb_device_msc.o
                0x00000460                UFI_readCapacity
 .text.UFI_inquiry
                0x0000049c       0x3c ./app/ch57x_usb_device_msc.o
                0x0000049c                UFI_inquiry
 .text.UFI_read10
                0x000004d8       0x5c ./app/ch57x_usb_device_msc.o
                0x000004d8                UFI_read10
 .text.UFI_modeSense
                0x00000534       0x50 ./app/ch57x_usb_device_msc.o
                0x00000534                UFI_modeSense
 .text.UFI_requestSense
                0x00000584       0x6c ./app/ch57x_usb_device_msc.o
                0x00000584                UFI_requestSense
 .text.UFI_testUnit
                0x000005f0       0x2c ./app/ch57x_usb_device_msc.o
                0x000005f0                UFI_testUnit
 .text.UFI_perOrMed
                0x0000061c       0x1c ./app/ch57x_usb_device_msc.o
                0x0000061c                UFI_perOrMed
 .text.UFI_write
                0x00000638       0x6c ./app/ch57x_usb_device_msc.o
                0x00000638                UFI_write
 .text.UFI_modeSense5
                0x000006a4       0x50 ./app/ch57x_usb_device_msc.o
                0x000006a4                UFI_modeSense5
 .text.UFI_Hunding
                0x000006f4       0xa8 ./app/ch57x_usb_device_msc.o
                0x000006f4                UFI_Hunding
 .text.mCH375BulkOnly
                0x0000079c       0x80 ./app/ch57x_usb_device_msc.o
                0x0000079c                mCH375BulkOnly
 .text.mCH375UpCsw
                0x0000081c       0x88 ./app/ch57x_usb_device_msc.o
                0x0000081c                mCH375UpCsw
 .text.CH375bulkUpData
                0x000008a4       0x88 ./app/ch57x_usb_device_msc.o
                0x000008a4                CH375bulkUpData
 .text.mCH375BulkDownData
                0x0000092c       0x58 ./app/ch57x_usb_device_msc.o
                0x0000092c                mCH375BulkDownData
 .text.USB_DevTransProcess
                0x00000984      0x368 ./app/ch57x_usb_device_msc.o
                0x00000984                USB_DevTransProcess
 .text.USB_IRQHandler
                0x00000cec        0x8 ./app/ch57x_usb_device_msc.o
                0x00000cec                USB_IRQHandler
 .text.disk_status
                0x00000cf4       0x20 ./app/diskio.o
                0x00000cf4                disk_status
 .text.disk_initialize
                0x00000d14       0x24 ./app/diskio.o
                0x00000d14                disk_initialize
 .text.disk_read
                0x00000d38       0x1e ./app/diskio.o
                0x00000d38                disk_read
 .text.disk_ioctl
                0x00000d56       0x28 ./app/diskio.o
                0x00000d56                disk_ioctl
 .text.spi_disk_write
                0x00000d7e       0x16 ./app/diskio.o
                0x00000d7e                spi_disk_write
 .text.disk_write
                0x00000d94       0x28 ./app/diskio.o
                0x00000d94                disk_write
 .text.ld_dword
                0x00000dbc       0x16 ./app/ff.o
 .text.st_dword
                0x00000dd2       0x10 ./app/ff.o
 .text.mem_set  0x00000de2        0xc ./app/ff.o
 .text.mem_cmp  0x00000dee       0x1a ./app/ff.o
 .text.clst2sect
                0x00000e08       0x18 ./app/ff.o
 .text.sum_sfn  0x00000e20       0x1c ./app/ff.o
 .text.get_ldnumber
                0x00000e3c       0x34 ./app/ff.o
 .text.validate
                0x00000e70       0x3c ./app/ff.o
 .text.mem_cpy.part.0
                0x00000eac       0x10 ./app/ff.o
 .text.ld_clust.isra.0
                0x00000ebc       0x1e ./app/ff.o
 .text.st_clust.isra.0
                0x00000eda       0x18 ./app/ff.o
 .text.sync_window
                0x00000ef2       0x4a ./app/ff.o
 .text.move_window
                0x00000f3c       0x34 ./app/ff.o
 .text.check_fs
                0x00000f70       0x80 ./app/ff.o
 .text.find_volume
                0x00000ff0      0x2f8 ./app/ff.o
 .text.put_fat  0x000012e8      0x114 ./app/ff.o
 .text.get_fat.isra.0
                0x000013fc       0xc4 ./app/ff.o
 .text.dir_sdi  0x000014c0       0x8e ./app/ff.o
 .text.create_chain
                0x0000154e       0xec ./app/ff.o
 .text.remove_chain
                0x0000163a       0x72 ./app/ff.o
 .text.dir_clear
                0x000016ac       0x54 ./app/ff.o
 .text.dir_next
                0x00001700       0xac ./app/ff.o
 .text.dir_find
                0x000017ac      0x170 ./app/ff.o
 .text.dir_register
                0x0000191c      0x258 ./app/ff.o
 .text.sync_fs  0x00001b74       0xb0 ./app/ff.o
 .text.follow_path
                0x00001c24      0x2e8 ./app/ff.o
 .text.f_mount  0x00001f0c       0x4c ./app/ff.o
                0x00001f0c                f_mount
 .text.f_open   0x00001f58      0x1b4 ./app/ff.o
                0x00001f58                f_open
 .text.f_read   0x0000210c      0x146 ./app/ff.o
                0x0000210c                f_read
 .text.f_write  0x00002252      0x190 ./app/ff.o
                0x00002252                f_write
 .text.f_sync   0x000023e2       0x6a ./app/ff.o
                0x000023e2                f_sync
 .text.f_close  0x0000244c       0x1c ./app/ff.o
                0x0000244c                f_close
 .text.f_mkfs   0x00002468      0x5d8 ./app/ff.o
                0x00002468                f_mkfs
 .text.ff_uni2oem
                0x00002a40       0x38 ./app/ffunicode.o
                0x00002a40                ff_uni2oem
 .text.ff_oem2uni
                0x00002a78       0x28 ./app/ffunicode.o
                0x00002a78                ff_oem2uni
 .text.ff_wtoupper
                0x00002aa0       0x94 ./app/ffunicode.o
                0x00002aa0                ff_wtoupper
 .text.DebugInit
                0x00002b34       0x44 ./app/peripheral_main.o
                0x00002b34                DebugInit
 .text.fatfs_test
                0x00002b78       0xc4 ./app/peripheral_main.o
                0x00002b78                fatfs_test
 .text.startup.main
                0x00002c3c      0x254 ./app/peripheral_main.o
                0x00002c3c                main
 .text.UART0_IRQHandler
                0x00002e90       0x60 ./app/peripheral_main.o
                0x00002e90                UART0_IRQHandler
 .text.ReadExternalFlashStatusReg_SPI
                0x00002ef0       0x2c ./app/spi_flash.o
                0x00002ef0                ReadExternalFlashStatusReg_SPI
 .text.WaitExternalFlashIfBusy
                0x00002f1c        0xe ./app/spi_flash.o
                0x00002f1c                WaitExternalFlashIfBusy
 *fill*         0x00002f2a        0x2 
 .text.WriteExternalFlashEnable_SPI
                0x00002f2c       0x28 ./app/spi_flash.o
                0x00002f2c                WriteExternalFlashEnable_SPI
 .text.EraseExternal4KFlash_SPI
                0x00002f54       0x4c ./app/spi_flash.o
                0x00002f54                EraseExternal4KFlash_SPI
 .text.PageWriteExternalFlash_SPI
                0x00002fa0       0x5c ./app/spi_flash.o
                0x00002fa0                PageWriteExternalFlash_SPI
 .text.BlukWriteExternalFlash_SPI
                0x00002ffc       0x42 ./app/spi_flash.o
                0x00002ffc                BlukWriteExternalFlash_SPI
 *fill*         0x0000303e        0x2 
 .text.ReadExternalFlash_SPI
                0x00003040       0x4c ./app/spi_flash.o
                0x00003040                ReadExternalFlash_SPI
 .text.BlukReadExternalFlash_SPI
                0x0000308c       0x42 ./app/spi_flash.o
                0x0000308c                BlukReadExternalFlash_SPI
 *fill*         0x000030ce        0x2 
 .text.SPIFlash_ReadID
                0x000030d0       0x54 ./app/spi_flash.o
                0x000030d0                SPIFlash_ReadID
 .text.spi_flash_init
                0x00003124       0x4c ./app/spi_flash.o
                0x00003124                spi_flash_init
 .text.SYS_IsClkXT32MPon
                0x00003170       0x10 ./StdPeriphDriver/CH57x_clk.o
 .text.SystemInit
                0x00003180       0x3c ./StdPeriphDriver/CH57x_clk.o
                0x00003180                SystemInit
 .text.SYS_ClkXT32MPon
                0x000031bc       0x34 ./StdPeriphDriver/CH57x_clk.o
                0x000031bc                SYS_ClkXT32MPon
 .text.SYS_ClkINT32MPon
                0x000031f0       0x2c ./StdPeriphDriver/CH57x_clk.o
                0x000031f0                SYS_ClkINT32MPon
 .text.SYS_PLLPon
                0x0000321c       0x38 ./StdPeriphDriver/CH57x_clk.o
                0x0000321c                SYS_PLLPon
 .text.GetSysClock
                0x00003254       0x44 ./StdPeriphDriver/CH57x_clk.o
                0x00003254                GetSysClock
 .text.LClk32k_Power
                0x00003298       0x90 ./StdPeriphDriver/CH57x_clk.o
                0x00003298                LClk32k_Power
 .text.LClk32K_Select
                0x00003328       0x38 ./StdPeriphDriver/CH57x_clk.o
                0x00003328                LClk32K_Select
 .text.SetSysClock
                0x00003360      0x1a4 ./StdPeriphDriver/CH57x_clk.o
                0x00003360                SetSysClock
 .text.GPIOA_ModeCfg
                0x00003504       0x64 ./StdPeriphDriver/CH57x_gpio.o
                0x00003504                GPIOA_ModeCfg
 .text.GPIOB_ModeCfg
                0x00003568       0x64 ./StdPeriphDriver/CH57x_gpio.o
                0x00003568                GPIOB_ModeCfg
 .text.NMI_Handler
                0x000035cc       0x88 ./StdPeriphDriver/CH57x_int.o
                0x000035cc                NMI_Handler
 .text.PWR_UnitModCfg
                0x00003654       0x70 ./StdPeriphDriver/CH57x_pwr.o
                0x00003654                PWR_UnitModCfg
 .text.PowerMonitor
                0x000036c4       0x44 ./StdPeriphDriver/CH57x_pwr.o
                0x000036c4                PowerMonitor
 .text.SPI0_MasterDefInit
                0x00003708       0x30 ./StdPeriphDriver/CH57x_spi0.o
                0x00003708                SPI0_MasterDefInit
 .text.SPI0_CLKCfg
                0x00003738       0x24 ./StdPeriphDriver/CH57x_spi0.o
                0x00003738                SPI0_CLKCfg
 .text.SPI0_DataMode
                0x0000375c       0x4c ./StdPeriphDriver/CH57x_spi0.o
                0x0000375c                SPI0_DataMode
 .text.SPI0_MasterSendByte
                0x000037a8       0x28 ./StdPeriphDriver/CH57x_spi0.o
                0x000037a8                SPI0_MasterSendByte
 .text.SPI0_MasterRecvByte
                0x000037d0       0x2c ./StdPeriphDriver/CH57x_spi0.o
                0x000037d0                SPI0_MasterRecvByte
 .text.SPI0_MasterRecv
                0x000037fc       0x44 ./StdPeriphDriver/CH57x_spi0.o
                0x000037fc                SPI0_MasterRecv
 .text.mDelayuS
                0x00003840       0x58 ./StdPeriphDriver/CH57x_sys.o
                0x00003840                mDelayuS
 .text.mDelaymS
                0x00003898       0x1c ./StdPeriphDriver/CH57x_sys.o
                0x00003898                mDelaymS
 .text._write   0x000038b4       0x28 ./StdPeriphDriver/CH57x_sys.o
                0x000038b4                _write
 .text.UART0_BaudRateCfg
                0x000038dc       0x28 ./StdPeriphDriver/CH57x_uart0.o
                0x000038dc                UART0_BaudRateCfg
 .text.UART0_DefInit
                0x00003904       0x34 ./StdPeriphDriver/CH57x_uart0.o
                0x00003904                UART0_DefInit
 .text.UART0_ByteTrigCfg
                0x00003938       0x18 ./StdPeriphDriver/CH57x_uart0.o
                0x00003938                UART0_ByteTrigCfg
 .text.UART0_INTCfg
                0x00003950       0x28 ./StdPeriphDriver/CH57x_uart0.o
                0x00003950                UART0_INTCfg
 .text.UART0_SendString
                0x00003978       0x24 ./StdPeriphDriver/CH57x_uart0.o
                0x00003978                UART0_SendString
 .text.USB_DeviceInit
                0x0000399c       0xcc ./StdPeriphDriver/CH57x_usbdev.o
                0x0000399c                USB_DeviceInit
 .text.Reset_Handler
                0x00003a68       0x7c ./Startup/startup_ch579.o
                0x00003a68                Reset_Handler
 .text.Default_Handler
                0x00003ae4        0x2 ./Startup/startup_ch579.o
                0x00003ae4                GPIO_IRQHandler
                0x00003ae4                HardFault_Handler
                0x00003ae4                SysTick_Handler
                0x00003ae4                PendSV_Handler
                0x00003ae4                UART1_IRQHandler
                0x00003ae4                BB_IRQHandler
                0x00003ae4                SPI1_IRQHandler
                0x00003ae4                TMR0_IRQHandler
                0x00003ae4                RTC_IRQHandler
                0x00003ae4                LED_IRQHandler
                0x00003ae4                UART2_IRQHandler
                0x00003ae4                Default_Handler
                0x00003ae4                ADC_IRQHandler
                0x00003ae4                TMR2_IRQHandler
                0x00003ae4                SLAVE_IRQHandler
                0x00003ae4                WDT_IRQHandler
                0x00003ae4                SVC_Handler
                0x00003ae4                LLE_IRQHandler
                0x00003ae4                ETH_IRQHandler
                0x00003ae4                TMR3_IRQHandler
                0x00003ae4                SPI0_IRQHandler
                0x00003ae4                UART3_IRQHandler
                0x00003ae4                TMR1_IRQHandler
 .text.memcmp   0x00003ae6       0x1c c:/toolchain/gcc-arm-none-eabi-9-2019-q4-major-win32/bin/../lib/gcc/arm-none-eabi/9.2.1/../../../../arm-none-eabi/lib/thumb/v6-m/nofp\libg_nano.a(lib_a-memcmp.o)
                0x00003ae6                memcmp
 .text.memcpy   0x00003b02       0x12 c:/toolchain/gcc-arm-none-eabi-9-2019-q4-major-win32/bin/../lib/gcc/arm-none-eabi/9.2.1/../../../../arm-none-eabi/lib/thumb/v6-m/nofp\libg_nano.a(lib_a-memcpy-stub.o)
                0x00003b02                memcpy
 .text.memset   0x00003b14       0x10 c:/toolchain/gcc-arm-none-eabi-9-2019-q4-major-win32/bin/../lib/gcc/arm-none-eabi/9.2.1/../../../../arm-none-eabi/lib/thumb/v6-m/nofp\libg_nano.a(lib_a-memset.o)
                0x00003b14                memset
 .text.printf   0x00003b24       0x34 c:/toolchain/gcc-arm-none-eabi-9-2019-q4-major-win32/bin/../lib/gcc/arm-none-eabi/9.2.1/../../../../arm-none-eabi/lib/thumb/v6-m/nofp\libg_nano.a(lib_a-printf.o)
                0x00003b24                iprintf
                0x00003b24                printf
 .text._puts_r  0x00003b58       0xe4 c:/toolchain/gcc-arm-none-eabi-9-2019-q4-major-win32/bin/../lib/gcc/arm-none-eabi/9.2.1/../../../../arm-none-eabi/lib/thumb/v6-m/nofp\libg_nano.a(lib_a-puts.o)
                0x00003b58                _puts_r
 .text.puts     0x00003c3c       0x14 c:/toolchain/gcc-arm-none-eabi-9-2019-q4-major-win32/bin/../lib/gcc/arm-none-eabi/9.2.1/../../../../arm-none-eabi/lib/thumb/v6-m/nofp\libg_nano.a(lib_a-puts.o)
                0x00003c3c                puts
 .text.__swbuf_r
                0x00003c50       0xac c:/toolchain/gcc-arm-none-eabi-9-2019-q4-major-win32/bin/../lib/gcc/arm-none-eabi/9.2.1/../../../../arm-none-eabi/lib/thumb/v6-m/nofp\libg_nano.a(lib_a-wbuf.o)
                0x00003c50                __swbuf_r
 .text.__swsetup_r
                0x00003cfc       0xf0 c:/toolchain/gcc-arm-none-eabi-9-2019-q4-major-win32/bin/../lib/gcc/arm-none-eabi/9.2.1/../../../../arm-none-eabi/lib/thumb/v6-m/nofp\libg_nano.a(lib_a-wsetup.o)
                0x00003cfc                __swsetup_r
 .text.__sflush_r
                0x00003dec      0x118 c:/toolchain/gcc-arm-none-eabi-9-2019-q4-major-win32/bin/../lib/gcc/arm-none-eabi/9.2.1/../../../../arm-none-eabi/lib/thumb/v6-m/nofp\libg_nano.a(lib_a-fflush.o)
                0x00003dec                __sflush_r
 .text._fflush_r
                0x00003f04       0x80 c:/toolchain/gcc-arm-none-eabi-9-2019-q4-major-win32/bin/../lib/gcc/arm-none-eabi/9.2.1/../../../../arm-none-eabi/lib/thumb/v6-m/nofp\libg_nano.a(lib_a-fflush.o)
                0x00003f04                _fflush_r
 .text.std      0x00003f84       0x48 c:/toolchain/gcc-arm-none-eabi-9-2019-q4-major-win32/bin/../lib/gcc/arm-none-eabi/9.2.1/../../../../arm-none-eabi/lib/thumb/v6-m/nofp\libg_nano.a(lib_a-findfp.o)
 .text._cleanup_r
                0x00003fcc       0x10 c:/toolchain/gcc-arm-none-eabi-9-2019-q4-major-win32/bin/../lib/gcc/arm-none-eabi/9.2.1/../../../../arm-none-eabi/lib/thumb/v6-m/nofp\libg_nano.a(lib_a-findfp.o)
                0x00003fcc                _cleanup_r
 .text.__sfmoreglue
                0x00003fdc       0x2c c:/toolchain/gcc-arm-none-eabi-9-2019-q4-major-win32/bin/../lib/gcc/arm-none-eabi/9.2.1/../../../../arm-none-eabi/lib/thumb/v6-m/nofp\libg_nano.a(lib_a-findfp.o)
                0x00003fdc                __sfmoreglue
 .text.__sfp_lock_acquire
                0x00004008       0x10 c:/toolchain/gcc-arm-none-eabi-9-2019-q4-major-win32/bin/../lib/gcc/arm-none-eabi/9.2.1/../../../../arm-none-eabi/lib/thumb/v6-m/nofp\libg_nano.a(lib_a-findfp.o)
                0x00004008                __sfp_lock_acquire
 .text.__sfp_lock_release
                0x00004018       0x10 c:/toolchain/gcc-arm-none-eabi-9-2019-q4-major-win32/bin/../lib/gcc/arm-none-eabi/9.2.1/../../../../arm-none-eabi/lib/thumb/v6-m/nofp\libg_nano.a(lib_a-findfp.o)
                0x00004018                __sfp_lock_release
 .text.__sinit_lock_acquire
                0x00004028       0x10 c:/toolchain/gcc-arm-none-eabi-9-2019-q4-major-win32/bin/../lib/gcc/arm-none-eabi/9.2.1/../../../../arm-none-eabi/lib/thumb/v6-m/nofp\libg_nano.a(lib_a-findfp.o)
                0x00004028                __sinit_lock_acquire
 .text.__sinit_lock_release
                0x00004038       0x10 c:/toolchain/gcc-arm-none-eabi-9-2019-q4-major-win32/bin/../lib/gcc/arm-none-eabi/9.2.1/../../../../arm-none-eabi/lib/thumb/v6-m/nofp\libg_nano.a(lib_a-findfp.o)
                0x00004038                __sinit_lock_release
 .text.__sinit  0x00004048       0x70 c:/toolchain/gcc-arm-none-eabi-9-2019-q4-major-win32/bin/../lib/gcc/arm-none-eabi/9.2.1/../../../../arm-none-eabi/lib/thumb/v6-m/nofp\libg_nano.a(lib_a-findfp.o)
                0x00004048                __sinit
 .text.__sfp    0x000040b8       0x90 c:/toolchain/gcc-arm-none-eabi-9-2019-q4-major-win32/bin/../lib/gcc/arm-none-eabi/9.2.1/../../../../arm-none-eabi/lib/thumb/v6-m/nofp\libg_nano.a(lib_a-findfp.o)
                0x000040b8                __sfp
 .text._fwalk_reent
                0x00004148       0x40 c:/toolchain/gcc-arm-none-eabi-9-2019-q4-major-win32/bin/../lib/gcc/arm-none-eabi/9.2.1/../../../../arm-none-eabi/lib/thumb/v6-m/nofp\libg_nano.a(lib_a-fwalk.o)
                0x00004148                _fwalk_reent
 .text.__retarget_lock_init_recursive
                0x00004188        0x2 c:/toolchain/gcc-arm-none-eabi-9-2019-q4-major-win32/bin/../lib/gcc/arm-none-eabi/9.2.1/../../../../arm-none-eabi/lib/thumb/v6-m/nofp\libg_nano.a(lib_a-lock.o)
                0x00004188                __retarget_lock_init_recursive
 .text.__retarget_lock_acquire_recursive
                0x0000418a        0x2 c:/toolchain/gcc-arm-none-eabi-9-2019-q4-major-win32/bin/../lib/gcc/arm-none-eabi/9.2.1/../../../../arm-none-eabi/lib/thumb/v6-m/nofp\libg_nano.a(lib_a-lock.o)
                0x0000418a                __retarget_lock_acquire_recursive
 .text.__retarget_lock_release_recursive
                0x0000418c        0x2 c:/toolchain/gcc-arm-none-eabi-9-2019-q4-major-win32/bin/../lib/gcc/arm-none-eabi/9.2.1/../../../../arm-none-eabi/lib/thumb/v6-m/nofp\libg_nano.a(lib_a-lock.o)
                0x0000418c                __retarget_lock_release_recursive
 *fill*         0x0000418e        0x2 
 .text.__swhatbuf_r
                0x00004190       0x50 c:/toolchain/gcc-arm-none-eabi-9-2019-q4-major-win32/bin/../lib/gcc/arm-none-eabi/9.2.1/../../../../arm-none-eabi/lib/thumb/v6-m/nofp\libg_nano.a(lib_a-makebuf.o)
                0x00004190                __swhatbuf_r
 .text.__smakebuf_r
                0x000041e0       0x88 c:/toolchain/gcc-arm-none-eabi-9-2019-q4-major-win32/bin/../lib/gcc/arm-none-eabi/9.2.1/../../../../arm-none-eabi/lib/thumb/v6-m/nofp\libg_nano.a(lib_a-makebuf.o)
                0x000041e0                __smakebuf_r
 .text._free_r  0x00004268       0x94 c:/toolchain/gcc-arm-none-eabi-9-2019-q4-major-win32/bin/../lib/gcc/arm-none-eabi/9.2.1/../../../../arm-none-eabi/lib/thumb/v6-m/nofp\libg_nano.a(lib_a-nano-freer.o)
                0x00004268                _free_r
 .text._malloc_r
                0x000042fc       0xbc c:/toolchain/gcc-arm-none-eabi-9-2019-q4-major-win32/bin/../lib/gcc/arm-none-eabi/9.2.1/../../../../arm-none-eabi/lib/thumb/v6-m/nofp\libg_nano.a(lib_a-nano-mallocr.o)
                0x000042fc                _malloc_r
 .text.__sfputc_r
                0x000043b8       0x2a c:/toolchain/gcc-arm-none-eabi-9-2019-q4-major-win32/bin/../lib/gcc/arm-none-eabi/9.2.1/../../../../arm-none-eabi/lib/thumb/v6-m/nofp\libg_nano.a(lib_a-nano-vfprintf.o)
 .text.__sfputs_r
                0x000043e2       0x24 c:/toolchain/gcc-arm-none-eabi-9-2019-q4-major-win32/bin/../lib/gcc/arm-none-eabi/9.2.1/../../../../arm-none-eabi/lib/thumb/v6-m/nofp\libg_nano.a(lib_a-nano-vfprintf.o)
                0x000043e2                __sfputs_r
 *fill*         0x00004406        0x2 
 .text._vfprintf_r
                0x00004408      0x274 c:/toolchain/gcc-arm-none-eabi-9-2019-q4-major-win32/bin/../lib/gcc/arm-none-eabi/9.2.1/../../../../arm-none-eabi/lib/thumb/v6-m/nofp\libg_nano.a(lib_a-nano-vfprintf.o)
                0x00004408                _vfprintf_r
                0x00004408                _vfiprintf_r
 .text._printf_common
                0x0000467c       0xde c:/toolchain/gcc-arm-none-eabi-9-2019-q4-major-win32/bin/../lib/gcc/arm-none-eabi/9.2.1/../../../../arm-none-eabi/lib/thumb/v6-m/nofp\libg_nano.a(lib_a-nano-vfprintf_i.o)
                0x0000467c                _printf_common
 *fill*         0x0000475a        0x2 
 .text._printf_i
                0x0000475c      0x224 c:/toolchain/gcc-arm-none-eabi-9-2019-q4-major-win32/bin/../lib/gcc/arm-none-eabi/9.2.1/../../../../arm-none-eabi/lib/thumb/v6-m/nofp\libg_nano.a(lib_a-nano-vfprintf_i.o)
                0x0000475c                _printf_i
 .text._sbrk_r  0x00004980       0x24 c:/toolchain/gcc-arm-none-eabi-9-2019-q4-major-win32/bin/../lib/gcc/arm-none-eabi/9.2.1/../../../../arm-none-eabi/lib/thumb/v6-m/nofp\libg_nano.a(lib_a-sbrkr.o)
                0x00004980                _sbrk_r
 .text.__sread  0x000049a4       0x28 c:/toolchain/gcc-arm-none-eabi-9-2019-q4-major-win32/bin/../lib/gcc/arm-none-eabi/9.2.1/../../../../arm-none-eabi/lib/thumb/v6-m/nofp\libg_nano.a(lib_a-stdio.o)
                0x000049a4                __sread
 .text.__swrite
                0x000049cc       0x38 c:/toolchain/gcc-arm-none-eabi-9-2019-q4-major-win32/bin/../lib/gcc/arm-none-eabi/9.2.1/../../../../arm-none-eabi/lib/thumb/v6-m/nofp\libg_nano.a(lib_a-stdio.o)
                0x000049cc                __swrite
 .text.__sseek  0x00004a04       0x2c c:/toolchain/gcc-arm-none-eabi-9-2019-q4-major-win32/bin/../lib/gcc/arm-none-eabi/9.2.1/../../../../arm-none-eabi/lib/thumb/v6-m/nofp\libg_nano.a(lib_a-stdio.o)
                0x00004a04                __sseek
 .text.__sclose
                0x00004a30        0xc c:/toolchain/gcc-arm-none-eabi-9-2019-q4-major-win32/bin/../lib/gcc/arm-none-eabi/9.2.1/../../../../arm-none-eabi/lib/thumb/v6-m/nofp\libg_nano.a(lib_a-stdio.o)
                0x00004a30                __sclose
 .text._write_r
                0x00004a3c       0x28 c:/toolchain/gcc-arm-none-eabi-9-2019-q4-major-win32/bin/../lib/gcc/arm-none-eabi/9.2.1/../../../../arm-none-eabi/lib/thumb/v6-m/nofp\libg_nano.a(lib_a-writer.o)
                0x00004a3c                _write_r
 .text._close_r
                0x00004a64       0x24 c:/toolchain/gcc-arm-none-eabi-9-2019-q4-major-win32/bin/../lib/gcc/arm-none-eabi/9.2.1/../../../../arm-none-eabi/lib/thumb/v6-m/nofp\libg_nano.a(lib_a-closer.o)
                0x00004a64                _close_r
 .text._fstat_r
                0x00004a88       0x24 c:/toolchain/gcc-arm-none-eabi-9-2019-q4-major-win32/bin/../lib/gcc/arm-none-eabi/9.2.1/../../../../arm-none-eabi/lib/thumb/v6-m/nofp\libg_nano.a(lib_a-fstatr.o)
                0x00004a88                _fstat_r
 .text._isatty_r
                0x00004aac       0x24 c:/toolchain/gcc-arm-none-eabi-9-2019-q4-major-win32/bin/../lib/gcc/arm-none-eabi/9.2.1/../../../../arm-none-eabi/lib/thumb/v6-m/nofp\libg_nano.a(lib_a-isattyr.o)
                0x00004aac                _isatty_r
 .text._lseek_r
                0x00004ad0       0x28 c:/toolchain/gcc-arm-none-eabi-9-2019-q4-major-win32/bin/../lib/gcc/arm-none-eabi/9.2.1/../../../../arm-none-eabi/lib/thumb/v6-m/nofp\libg_nano.a(lib_a-lseekr.o)
                0x00004ad0                _lseek_r
 .text.memchr   0x00004af8       0x16 c:/toolchain/gcc-arm-none-eabi-9-2019-q4-major-win32/bin/../lib/gcc/arm-none-eabi/9.2.1/../../../../arm-none-eabi/lib/thumb/v6-m/nofp\libg_nano.a(lib_a-memchr-stub.o)
                0x00004af8                memchr
 *fill*         0x00004b0e        0x2 
 .text.__malloc_lock
                0x00004b10       0x10 c:/toolchain/gcc-arm-none-eabi-9-2019-q4-major-win32/bin/../lib/gcc/arm-none-eabi/9.2.1/../../../../arm-none-eabi/lib/thumb/v6-m/nofp\libg_nano.a(lib_a-mlock.o)
                0x00004b10                __malloc_lock
 .text.__malloc_unlock
                0x00004b20       0x10 c:/toolchain/gcc-arm-none-eabi-9-2019-q4-major-win32/bin/../lib/gcc/arm-none-eabi/9.2.1/../../../../arm-none-eabi/lib/thumb/v6-m/nofp\libg_nano.a(lib_a-mlock.o)
                0x00004b20                __malloc_unlock
 .text._read_r  0x00004b30       0x28 c:/toolchain/gcc-arm-none-eabi-9-2019-q4-major-win32/bin/../lib/gcc/arm-none-eabi/9.2.1/../../../../arm-none-eabi/lib/thumb/v6-m/nofp\libg_nano.a(lib_a-readr.o)
                0x00004b30                _read_r
 .text._close   0x00004b58       0x10 c:/toolchain/gcc-arm-none-eabi-9-2019-q4-major-win32/bin/../lib/gcc/arm-none-eabi/9.2.1/../../../../arm-none-eabi/lib/thumb/v6-m/nofp\libnosys.a(close.o)
                0x00004b58                _close
 .text._fstat   0x00004b68       0x10 c:/toolchain/gcc-arm-none-eabi-9-2019-q4-major-win32/bin/../lib/gcc/arm-none-eabi/9.2.1/../../../../arm-none-eabi/lib/thumb/v6-m/nofp\libnosys.a(fstat.o)
                0x00004b68                _fstat
 .text._isatty  0x00004b78       0x10 c:/toolchain/gcc-arm-none-eabi-9-2019-q4-major-win32/bin/../lib/gcc/arm-none-eabi/9.2.1/../../../../arm-none-eabi/lib/thumb/v6-m/nofp\libnosys.a(isatty.o)
                0x00004b78                _isatty
 .text._lseek   0x00004b88       0x10 c:/toolchain/gcc-arm-none-eabi-9-2019-q4-major-win32/bin/../lib/gcc/arm-none-eabi/9.2.1/../../../../arm-none-eabi/lib/thumb/v6-m/nofp\libnosys.a(lseek.o)
                0x00004b88                _lseek
 .text._read    0x00004b98       0x10 c:/toolchain/gcc-arm-none-eabi-9-2019-q4-major-win32/bin/../lib/gcc/arm-none-eabi/9.2.1/../../../../arm-none-eabi/lib/thumb/v6-m/nofp\libnosys.a(read.o)
                0x00004b98                _read
 .text._sbrk    0x00004ba8       0x1c c:/toolchain/gcc-arm-none-eabi-9-2019-q4-major-win32/bin/../lib/gcc/arm-none-eabi/9.2.1/../../../../arm-none-eabi/lib/thumb/v6-m/nofp\libnosys.a(sbrk.o)
                0x00004ba8                _sbrk
 *(.glue_7)
 .glue_7        0x00004bc4        0x0 linker stubs
 *(.glue_7t)
 .glue_7t       0x00004bc4        0x0 linker stubs
 *(.eh_frame)
 *(.init)
 *(.fini)
                0x00004bc4                . = ALIGN (0x4)
                0x00004bc4                _etext = .

.vfp11_veneer   0x00004bc4        0x0
 .vfp11_veneer  0x00004bc4        0x0 linker stubs

.v4_bx          0x00004bc4        0x0
 .v4_bx         0x00004bc4        0x0 linker stubs

.iplt           0x00004bc4        0x0
 .iplt          0x00004bc4        0x0 ./app/ch57x_usb_device_msc.o

.rodata         0x00004bc4      0x920
                0x00004bc4                . = ALIGN (0x4)
 *(.rodata)
 *(.rodata*)
 .rodata.DBCAPACITY
                0x00004bc4        0x8 ./app/ch57x_usb_device_msc.o
                0x00004bc4                DBCAPACITY
 .rodata.DBINQUITY
                0x00004bcc       0x24 ./app/ch57x_usb_device_msc.o
                0x00004bcc                DBINQUITY
 .rodata.MAX_LUN
                0x00004bf0        0x1 ./app/ch57x_usb_device_msc.o
                0x00004bf0                MAX_LUN
 .rodata.MyCfgDescr
                0x00004bf1       0x20 ./app/ch57x_usb_device_msc.o
                0x00004bf1                MyCfgDescr
 .rodata.MyDevDescr
                0x00004c11       0x12 ./app/ch57x_usb_device_msc.o
                0x00004c11                MyDevDescr
 .rodata.MyLangDescr
                0x00004c23        0x4 ./app/ch57x_usb_device_msc.o
                0x00004c23                MyLangDescr
 .rodata.MyManuInfo
                0x00004c27        0xe ./app/ch57x_usb_device_msc.o
                0x00004c27                MyManuInfo
 .rodata.MyProdInfo
                0x00004c35        0xc ./app/ch57x_usb_device_msc.o
                0x00004c35                MyProdInfo
 .rodata.mode5sense3F
                0x00004c41       0x10 ./app/ch57x_usb_device_msc.o
                0x00004c41                mode5sense3F
 .rodata.modesense3F
                0x00004c51        0xc ./app/ch57x_usb_device_msc.o
                0x00004c51                modesense3F
 .rodata.check_fs.str1.1
                0x00004c5d        0xa ./app/ff.o
 .rodata.follow_path.str1.1
                0x00004c67       0x10 ./app/ff.o
 .rodata.f_mkfs.str1.1
                0x00004c77       0x34 ./app/ff.o
 .rodata.ExCvt  0x00004cab       0x80 ./app/ff.o
 .rodata.LfnOfs
                0x00004d2b        0xd ./app/ff.o
 .rodata.cst.4958
                0x00004d38        0xe ./app/ff.o
 .rodata.cst32.4959
                0x00004d46        0xe ./app/ff.o
 .rodata.cvt1.4374
                0x00004d54      0x1f2 ./app/ffunicode.o
 .rodata.cvt2.4375
                0x00004f46       0xbc ./app/ffunicode.o
 .rodata.uc437  0x00005002      0x100 ./app/ffunicode.o
 .rodata.fatfs_test.str1.1
                0x00005102       0x63 ./app/peripheral_main.o
 .rodata.main.str1.1
                0x00005165      0x2ba ./app/peripheral_main.o
 .rodata.UART0_IRQHandler.str1.1
                0x0000541f       0x11 ./app/peripheral_main.o
 .rodata.SPIFlash_ReadID.str1.1
                0x00005430       0x10 ./app/spi_flash.o
 .rodata.spi_flash_init.str1.1
                0x00005440        0xb ./app/spi_flash.o
 *fill*         0x0000544b        0x1 
 .rodata.__sf_fake_stderr
                0x0000544c       0x20 c:/toolchain/gcc-arm-none-eabi-9-2019-q4-major-win32/bin/../lib/gcc/arm-none-eabi/9.2.1/../../../../arm-none-eabi/lib/thumb/v6-m/nofp\libg_nano.a(lib_a-findfp.o)
                0x0000544c                __sf_fake_stderr
 .rodata.__sf_fake_stdin
                0x0000546c       0x20 c:/toolchain/gcc-arm-none-eabi-9-2019-q4-major-win32/bin/../lib/gcc/arm-none-eabi/9.2.1/../../../../arm-none-eabi/lib/thumb/v6-m/nofp\libg_nano.a(lib_a-findfp.o)
                0x0000546c                __sf_fake_stdin
 .rodata.__sf_fake_stdout
                0x0000548c       0x20 c:/toolchain/gcc-arm-none-eabi-9-2019-q4-major-win32/bin/../lib/gcc/arm-none-eabi/9.2.1/../../../../arm-none-eabi/lib/thumb/v6-m/nofp\libg_nano.a(lib_a-findfp.o)
                0x0000548c                __sf_fake_stdout
 .rodata._global_impure_ptr
                0x000054ac        0x4 c:/toolchain/gcc-arm-none-eabi-9-2019-q4-major-win32/bin/../lib/gcc/arm-none-eabi/9.2.1/../../../../arm-none-eabi/lib/thumb/v6-m/nofp\libg_nano.a(lib_a-impure.o)
                0x000054ac                _global_impure_ptr
 .rodata._vfprintf_r.str1.1
                0x000054b0       0x11 c:/toolchain/gcc-arm-none-eabi-9-2019-q4-major-win32/bin/../lib/gcc/arm-none-eabi/9.2.1/../../../../arm-none-eabi/lib/thumb/v6-m/nofp\libg_nano.a(lib_a-nano-vfprintf.o)
 .rodata._printf_i.str1.1
                0x000054c1       0x22 c:/toolchain/gcc-arm-none-eabi-9-2019-q4-major-win32/bin/../lib/gcc/arm-none-eabi/9.2.1/../../../../arm-none-eabi/lib/thumb/v6-m/nofp\libg_nano.a(lib_a-nano-vfprintf_i.o)
                0x000054e4                . = ALIGN (0x4)
 *fill*         0x000054e3        0x1 

.rel.dyn        0x000054e4        0x0
 .rel.iplt      0x000054e4        0x0 ./app/ch57x_usb_device_msc.o

.ARM.extab
 *(.ARM.extab* .gnu.linkonce.armextab.*)

.ARM            0x000054e4        0x0
                0x000054e4                __exidx_start = .
 *(.ARM.exidx*)
                0x000054e4                __exidx_end = .

.preinit_array  0x000054e4        0x0
                [!provide]                PROVIDE (__preinit_array_start = .)
 *(.preinit_array*)
                [!provide]                PROVIDE (__preinit_array_end = .)

.init_array     0x000054e4        0x0
                [!provide]                PROVIDE (__init_array_start = .)
 *(SORT_BY_NAME(.init_array.*))
 *(.init_array*)
                [!provide]                PROVIDE (__init_array_end = .)

.fini_array     0x000054e4        0x0
                [!provide]                PROVIDE (__fini_array_start = .)
 *(SORT_BY_NAME(.fini_array.*))
 *(.fini_array*)
                [!provide]                PROVIDE (__fini_array_end = .)
                0x000054e4                _sidata = LOADADDR (.data)

.data           0x20004000       0x9c load address 0x000054e4
                0x20004000                . = ALIGN (0x4)
                0x20004000                _sdata = .
 *(.data)
 *(.data*)
 .data.WriteBuffer
                0x20004000       0x1a ./app/peripheral_main.o
                0x20004000                WriteBuffer
 .data.WriteBuffer2
                0x2000401a       0x1d ./app/peripheral_main.o
                0x2000401a                WriteBuffer2
 *fill*         0x20004037        0x1 
 .data._impure_ptr
                0x20004038        0x4 c:/toolchain/gcc-arm-none-eabi-9-2019-q4-major-win32/bin/../lib/gcc/arm-none-eabi/9.2.1/../../../../arm-none-eabi/lib/thumb/v6-m/nofp\libg_nano.a(lib_a-impure.o)
                0x20004038                _impure_ptr
 .data.impure_data
                0x2000403c       0x60 c:/toolchain/gcc-arm-none-eabi-9-2019-q4-major-win32/bin/../lib/gcc/arm-none-eabi/9.2.1/../../../../arm-none-eabi/lib/thumb/v6-m/nofp\libg_nano.a(lib_a-impure.o)
                0x2000409c                . = ALIGN (0x4)
                0x2000409c                _edata = .

.igot.plt       0x2000409c        0x0 load address 0x00005580
 .igot.plt      0x2000409c        0x0 ./app/ch57x_usb_device_msc.o
                0x2000409c                . = ALIGN (0x4)

.bss            0x2000409c     0x2a04 load address 0x00005580
                0x2000409c                _sbss = .
                0x2000409c                __bss_start__ = _sbss
 *(.bss)
 *(.bss*)
 .bss.BcswStatus
                0x2000409c        0x1 ./app/ch57x_usb_device_msc.o
                0x2000409c                BcswStatus
 .bss.CH375BULKDOWN
                0x2000409d        0x1 ./app/ch57x_usb_device_msc.o
                0x2000409d                CH375BULKDOWN
 .bss.CH375BULKUP
                0x2000409e        0x1 ./app/ch57x_usb_device_msc.o
                0x2000409e                CH375BULKUP
 .bss.CH375CSW  0x2000409f        0x1 ./app/ch57x_usb_device_msc.o
                0x2000409f                CH375CSW
 .bss.DevConfig
                0x200040a0        0x1 ./app/ch57x_usb_device_msc.o
                0x200040a0                DevConfig
 *fill*         0x200040a1        0x3 
 .bss.EP0_Databuf
                0x200040a4       0x40 ./app/ch57x_usb_device_msc.o
                0x200040a4                EP0_Databuf
 .bss.EP1_Databuf
                0x200040e4       0x80 ./app/ch57x_usb_device_msc.o
                0x200040e4                EP1_Databuf
 .bss.FSTALL    0x20004164        0x1 ./app/ch57x_usb_device_msc.o
                0x20004164                FSTALL
 *fill*         0x20004165        0x3 
 .bss.LEN       0x20004168        0x4 ./app/ch57x_usb_device_msc.o
                0x20004168                LEN
 .bss.Locate_Addr
                0x2000416c        0x4 ./app/ch57x_usb_device_msc.o
                0x2000416c                Locate_Addr
 .bss.MassPara  0x20004170       0x40 ./app/ch57x_usb_device_msc.o
                0x20004170                MassPara
 .bss.SetupReqCode
                0x200041b0        0x1 ./app/ch57x_usb_device_msc.o
                0x200041b0                SetupReqCode
 *fill*         0x200041b1        0x1 
 .bss.SetupReqLen
                0x200041b2        0x2 ./app/ch57x_usb_device_msc.o
                0x200041b2                SetupReqLen
 .bss.buffer    0x200041b4       0x40 ./app/ch57x_usb_device_msc.o
                0x200041b4                buffer
 .bss.lastFSTALL
                0x200041f4        0x1 ./app/ch57x_usb_device_msc.o
                0x200041f4                lastFSTALL
 .bss.mASC      0x200041f5        0x1 ./app/ch57x_usb_device_msc.o
                0x200041f5                mASC
 .bss.mSenseKey
                0x200041f6        0x1 ./app/ch57x_usb_device_msc.o
                0x200041f6                mSenseKey
 .bss.mdCBWTag  0x200041f7        0x4 ./app/ch57x_usb_device_msc.o
                0x200041f7                mdCBWTag
 *fill*         0x200041fb        0x1 
 .bss.pBuf      0x200041fc        0x4 ./app/ch57x_usb_device_msc.o
                0x200041fc                pBuf
 .bss.pBuf_ReSelect
                0x20004200        0x1 ./app/ch57x_usb_device_msc.o
                0x20004200                pBuf_ReSelect
 *fill*         0x20004201        0x3 
 .bss.pDescr    0x20004204        0x4 ./app/ch57x_usb_device_msc.o
                0x20004204                pDescr
 .bss.FatFs     0x20004208        0x4 ./app/ff.o
 .bss.Fsid      0x2000420c        0x2 ./app/ff.o
 .bss.ReadBuffer
                0x2000420e      0x400 ./app/peripheral_main.o
                0x2000420e                ReadBuffer
 *fill*         0x2000460e        0x2 
 .bss.fnew      0x20004610       0x28 ./app/peripheral_main.o
                0x20004610                fnew
 .bss.fnum      0x20004638        0x4 ./app/peripheral_main.o
                0x20004638                fnum
 .bss.fs        0x2000463c     0x1034 ./app/peripheral_main.o
                0x2000463c                fs
 .bss.res_flash
                0x20005670        0x1 ./app/peripheral_main.o
                0x20005670                res_flash
 .bss.uart0_read_buf
                0x20005671      0x400 ./app/peripheral_main.o
                0x20005671                uart0_read_buf
 .bss.uart0_read_flag
                0x20005a71        0x1 ./app/peripheral_main.o
                0x20005a71                uart0_read_flag
 .bss.uart0_read_len
                0x20005a72        0x1 ./app/peripheral_main.o
                0x20005a72                uart0_read_len
 .bss.uart0_read_timeout
                0x20005a73        0x1 ./app/peripheral_main.o
                0x20005a73                uart0_read_timeout
 .bss.work      0x20005a74     0x1000 ./app/peripheral_main.o
                0x20005a74                work
 .bss.pEP0_RAM_Addr
                0x20006a74        0x4 ./StdPeriphDriver/CH57x_usbdev.o
                0x20006a74                pEP0_RAM_Addr
 .bss.pEP1_RAM_Addr
                0x20006a78        0x4 ./StdPeriphDriver/CH57x_usbdev.o
                0x20006a78                pEP1_RAM_Addr
 .bss.pEP2_RAM_Addr
                0x20006a7c        0x4 ./StdPeriphDriver/CH57x_usbdev.o
                0x20006a7c                pEP2_RAM_Addr
 .bss.pEP3_RAM_Addr
                0x20006a80        0x4 ./StdPeriphDriver/CH57x_usbdev.o
                0x20006a80                pEP3_RAM_Addr
 .bss.__malloc_free_list
                0x20006a84        0x4 c:/toolchain/gcc-arm-none-eabi-9-2019-q4-major-win32/bin/../lib/gcc/arm-none-eabi/9.2.1/../../../../arm-none-eabi/lib/thumb/v6-m/nofp\libg_nano.a(lib_a-nano-mallocr.o)
                0x20006a84                __malloc_free_list
 .bss.__malloc_sbrk_start
                0x20006a88        0x4 c:/toolchain/gcc-arm-none-eabi-9-2019-q4-major-win32/bin/../lib/gcc/arm-none-eabi/9.2.1/../../../../arm-none-eabi/lib/thumb/v6-m/nofp\libg_nano.a(lib_a-nano-mallocr.o)
                0x20006a88                __malloc_sbrk_start
 .bss.heap_end.4144
                0x20006a8c        0x4 c:/toolchain/gcc-arm-none-eabi-9-2019-q4-major-win32/bin/../lib/gcc/arm-none-eabi/9.2.1/../../../../arm-none-eabi/lib/thumb/v6-m/nofp\libnosys.a(sbrk.o)
 *(COMMON)
 COMMON         0x20006a90        0x9 c:/toolchain/gcc-arm-none-eabi-9-2019-q4-major-win32/bin/../lib/gcc/arm-none-eabi/9.2.1/../../../../arm-none-eabi/lib/thumb/v6-m/nofp\libg_nano.a(lib_a-lock.o)
                0x20006a90                __lock___atexit_recursive_mutex
                0x20006a91                __lock___arc4random_mutex
                0x20006a92                __lock___env_recursive_mutex
                0x20006a93                __lock___sinit_recursive_mutex
                0x20006a94                __lock___malloc_recursive_mutex
                0x20006a95                __lock___at_quick_exit_mutex
                0x20006a96                __lock___dd_hash_mutex
                0x20006a97                __lock___tz_mutex
                0x20006a98                __lock___sfp_recursive_mutex
 *fill*         0x20006a99        0x3 
 COMMON         0x20006a9c        0x4 c:/toolchain/gcc-arm-none-eabi-9-2019-q4-major-win32/bin/../lib/gcc/arm-none-eabi/9.2.1/../../../../arm-none-eabi/lib/thumb/v6-m/nofp\libg_nano.a(lib_a-reent.o)
                0x20006a9c                errno
                0x20006aa0                . = ALIGN (0x4)
                0x20006aa0                _ebss = .
                0x20006aa0                __bss_end__ = _ebss

._user_heap_stack
                0x20006aa0      0x800 load address 0x00005580
                0x20006aa0                . = ALIGN (0x4)
                0x20006aa0                PROVIDE (end = .)
                [!provide]                PROVIDE (_end = .)
                0x20006ea0                . = (. + _Min_Heap_Size)
 *fill*         0x20006aa0      0x400 
                0x200072a0                . = (. + _Min_Stack_Size)
 *fill*         0x20006ea0      0x400 
                0x200072a0                . = ALIGN (0x4)

/DISCARD/
 libc.a(*)
 libm.a(*)
 libgcc.a(*)

.ARM.attributes
                0x00000000       0x2a
 *(.ARM.attributes)
 .ARM.attributes
                0x00000000       0x2c ./app/ch57x_usb_device_msc.o
 .ARM.attributes
                0x0000002c       0x2c ./app/diskio.o
 .ARM.attributes
                0x00000058       0x2c ./app/ff.o
 .ARM.attributes
                0x00000084       0x2c ./app/ffunicode.o
 .ARM.attributes
                0x000000b0       0x2c ./app/peripheral_main.o
 .ARM.attributes
                0x000000dc       0x2c ./app/spi_flash.o
 .ARM.attributes
                0x00000108       0x2c ./StdPeriphDriver/CH57x_clk.o
 .ARM.attributes
                0x00000134       0x2c ./StdPeriphDriver/CH57x_gpio.o
 .ARM.attributes
                0x00000160       0x2c ./StdPeriphDriver/CH57x_int.o
 .ARM.attributes
                0x0000018c       0x2c ./StdPeriphDriver/CH57x_pwr.o
 .ARM.attributes
                0x000001b8       0x2c ./StdPeriphDriver/CH57x_spi0.o
 .ARM.attributes
                0x000001e4       0x2c ./StdPeriphDriver/CH57x_sys.o
 .ARM.attributes
                0x00000210       0x2c ./StdPeriphDriver/CH57x_uart0.o
 .ARM.attributes
                0x0000023c       0x2c ./StdPeriphDriver/CH57x_usbdev.o
 .ARM.attributes
                0x00000268       0x21 ./Startup/startup_ch579.o
 .ARM.attributes
                0x00000289       0x1e c:/toolchain/gcc-arm-none-eabi-9-2019-q4-major-win32/bin/../lib/gcc/arm-none-eabi/9.2.1/thumb/v6-m/nofp\libgcc.a(_thumb1_case_sqi.o)
 .ARM.attributes
                0x000002a7       0x1e c:/toolchain/gcc-arm-none-eabi-9-2019-q4-major-win32/bin/../lib/gcc/arm-none-eabi/9.2.1/thumb/v6-m/nofp\libgcc.a(_thumb1_case_uqi.o)
 .ARM.attributes
                0x000002c5       0x1e c:/toolchain/gcc-arm-none-eabi-9-2019-q4-major-win32/bin/../lib/gcc/arm-none-eabi/9.2.1/thumb/v6-m/nofp\libgcc.a(_thumb1_case_shi.o)
 .ARM.attributes
                0x000002e3       0x1e c:/toolchain/gcc-arm-none-eabi-9-2019-q4-major-win32/bin/../lib/gcc/arm-none-eabi/9.2.1/thumb/v6-m/nofp\libgcc.a(_udivsi3.o)
 .ARM.attributes
                0x00000301       0x1e c:/toolchain/gcc-arm-none-eabi-9-2019-q4-major-win32/bin/../lib/gcc/arm-none-eabi/9.2.1/thumb/v6-m/nofp\libgcc.a(_divsi3.o)
 .ARM.attributes
                0x0000031f       0x1e c:/toolchain/gcc-arm-none-eabi-9-2019-q4-major-win32/bin/../lib/gcc/arm-none-eabi/9.2.1/thumb/v6-m/nofp\libgcc.a(_dvmd_tls.o)
 .ARM.attributes
                0x0000033d       0x2c c:/toolchain/gcc-arm-none-eabi-9-2019-q4-major-win32/bin/../lib/gcc/arm-none-eabi/9.2.1/../../../../arm-none-eabi/lib/thumb/v6-m/nofp\libg_nano.a(lib_a-memcmp.o)
 .ARM.attributes
                0x00000369       0x2c c:/toolchain/gcc-arm-none-eabi-9-2019-q4-major-win32/bin/../lib/gcc/arm-none-eabi/9.2.1/../../../../arm-none-eabi/lib/thumb/v6-m/nofp\libg_nano.a(lib_a-memcpy-stub.o)
 .ARM.attributes
                0x00000395       0x2c c:/toolchain/gcc-arm-none-eabi-9-2019-q4-major-win32/bin/../lib/gcc/arm-none-eabi/9.2.1/../../../../arm-none-eabi/lib/thumb/v6-m/nofp\libg_nano.a(lib_a-memset.o)
 .ARM.attributes
                0x000003c1       0x2c c:/toolchain/gcc-arm-none-eabi-9-2019-q4-major-win32/bin/../lib/gcc/arm-none-eabi/9.2.1/../../../../arm-none-eabi/lib/thumb/v6-m/nofp\libg_nano.a(lib_a-printf.o)
 .ARM.attributes
                0x000003ed       0x2c c:/toolchain/gcc-arm-none-eabi-9-2019-q4-major-win32/bin/../lib/gcc/arm-none-eabi/9.2.1/../../../../arm-none-eabi/lib/thumb/v6-m/nofp\libg_nano.a(lib_a-puts.o)
 .ARM.attributes
                0x00000419       0x2c c:/toolchain/gcc-arm-none-eabi-9-2019-q4-major-win32/bin/../lib/gcc/arm-none-eabi/9.2.1/../../../../arm-none-eabi/lib/thumb/v6-m/nofp\libg_nano.a(lib_a-wbuf.o)
 .ARM.attributes
                0x00000445       0x2c c:/toolchain/gcc-arm-none-eabi-9-2019-q4-major-win32/bin/../lib/gcc/arm-none-eabi/9.2.1/../../../../arm-none-eabi/lib/thumb/v6-m/nofp\libg_nano.a(lib_a-wsetup.o)
 .ARM.attributes
                0x00000471       0x2c c:/toolchain/gcc-arm-none-eabi-9-2019-q4-major-win32/bin/../lib/gcc/arm-none-eabi/9.2.1/../../../../arm-none-eabi/lib/thumb/v6-m/nofp\libg_nano.a(lib_a-fflush.o)
 .ARM.attributes
                0x0000049d       0x2c c:/toolchain/gcc-arm-none-eabi-9-2019-q4-major-win32/bin/../lib/gcc/arm-none-eabi/9.2.1/../../../../arm-none-eabi/lib/thumb/v6-m/nofp\libg_nano.a(lib_a-findfp.o)
 .ARM.attributes
                0x000004c9       0x2c c:/toolchain/gcc-arm-none-eabi-9-2019-q4-major-win32/bin/../lib/gcc/arm-none-eabi/9.2.1/../../../../arm-none-eabi/lib/thumb/v6-m/nofp\libg_nano.a(lib_a-fwalk.o)
 .ARM.attributes
                0x000004f5       0x2c c:/toolchain/gcc-arm-none-eabi-9-2019-q4-major-win32/bin/../lib/gcc/arm-none-eabi/9.2.1/../../../../arm-none-eabi/lib/thumb/v6-m/nofp\libg_nano.a(lib_a-impure.o)
 .ARM.attributes
                0x00000521       0x2c c:/toolchain/gcc-arm-none-eabi-9-2019-q4-major-win32/bin/../lib/gcc/arm-none-eabi/9.2.1/../../../../arm-none-eabi/lib/thumb/v6-m/nofp\libg_nano.a(lib_a-lock.o)
 .ARM.attributes
                0x0000054d       0x2c c:/toolchain/gcc-arm-none-eabi-9-2019-q4-major-win32/bin/../lib/gcc/arm-none-eabi/9.2.1/../../../../arm-none-eabi/lib/thumb/v6-m/nofp\libg_nano.a(lib_a-makebuf.o)
 .ARM.attributes
                0x00000579       0x2c c:/toolchain/gcc-arm-none-eabi-9-2019-q4-major-win32/bin/../lib/gcc/arm-none-eabi/9.2.1/../../../../arm-none-eabi/lib/thumb/v6-m/nofp\libg_nano.a(lib_a-nano-freer.o)
 .ARM.attributes
                0x000005a5       0x2c c:/toolchain/gcc-arm-none-eabi-9-2019-q4-major-win32/bin/../lib/gcc/arm-none-eabi/9.2.1/../../../../arm-none-eabi/lib/thumb/v6-m/nofp\libg_nano.a(lib_a-nano-mallocr.o)
 .ARM.attributes
                0x000005d1       0x2c c:/toolchain/gcc-arm-none-eabi-9-2019-q4-major-win32/bin/../lib/gcc/arm-none-eabi/9.2.1/../../../../arm-none-eabi/lib/thumb/v6-m/nofp\libg_nano.a(lib_a-nano-vfprintf.o)
 .ARM.attributes
                0x000005fd       0x2c c:/toolchain/gcc-arm-none-eabi-9-2019-q4-major-win32/bin/../lib/gcc/arm-none-eabi/9.2.1/../../../../arm-none-eabi/lib/thumb/v6-m/nofp\libg_nano.a(lib_a-nano-vfprintf_i.o)
 .ARM.attributes
                0x00000629       0x2c c:/toolchain/gcc-arm-none-eabi-9-2019-q4-major-win32/bin/../lib/gcc/arm-none-eabi/9.2.1/../../../../arm-none-eabi/lib/thumb/v6-m/nofp\libg_nano.a(lib_a-sbrkr.o)
 .ARM.attributes
                0x00000655       0x2c c:/toolchain/gcc-arm-none-eabi-9-2019-q4-major-win32/bin/../lib/gcc/arm-none-eabi/9.2.1/../../../../arm-none-eabi/lib/thumb/v6-m/nofp\libg_nano.a(lib_a-stdio.o)
 .ARM.attributes
                0x00000681       0x2c c:/toolchain/gcc-arm-none-eabi-9-2019-q4-major-win32/bin/../lib/gcc/arm-none-eabi/9.2.1/../../../../arm-none-eabi/lib/thumb/v6-m/nofp\libg_nano.a(lib_a-writer.o)
 .ARM.attributes
                0x000006ad       0x2c c:/toolchain/gcc-arm-none-eabi-9-2019-q4-major-win32/bin/../lib/gcc/arm-none-eabi/9.2.1/../../../../arm-none-eabi/lib/thumb/v6-m/nofp\libg_nano.a(lib_a-closer.o)
 .ARM.attributes
                0x000006d9       0x2c c:/toolchain/gcc-arm-none-eabi-9-2019-q4-major-win32/bin/../lib/gcc/arm-none-eabi/9.2.1/../../../../arm-none-eabi/lib/thumb/v6-m/nofp\libg_nano.a(lib_a-fstatr.o)
 .ARM.attributes
                0x00000705       0x2c c:/toolchain/gcc-arm-none-eabi-9-2019-q4-major-win32/bin/../lib/gcc/arm-none-eabi/9.2.1/../../../../arm-none-eabi/lib/thumb/v6-m/nofp\libg_nano.a(lib_a-isattyr.o)
 .ARM.attributes
                0x00000731       0x2c c:/toolchain/gcc-arm-none-eabi-9-2019-q4-major-win32/bin/../lib/gcc/arm-none-eabi/9.2.1/../../../../arm-none-eabi/lib/thumb/v6-m/nofp\libg_nano.a(lib_a-lseekr.o)
 .ARM.attributes
                0x0000075d       0x2c c:/toolchain/gcc-arm-none-eabi-9-2019-q4-major-win32/bin/../lib/gcc/arm-none-eabi/9.2.1/../../../../arm-none-eabi/lib/thumb/v6-m/nofp\libg_nano.a(lib_a-memchr-stub.o)
 .ARM.attributes
                0x00000789       0x2c c:/toolchain/gcc-arm-none-eabi-9-2019-q4-major-win32/bin/../lib/gcc/arm-none-eabi/9.2.1/../../../../arm-none-eabi/lib/thumb/v6-m/nofp\libg_nano.a(lib_a-mlock.o)
 .ARM.attributes
                0x000007b5       0x2c c:/toolchain/gcc-arm-none-eabi-9-2019-q4-major-win32/bin/../lib/gcc/arm-none-eabi/9.2.1/../../../../arm-none-eabi/lib/thumb/v6-m/nofp\libg_nano.a(lib_a-readr.o)
 .ARM.attributes
                0x000007e1       0x2c c:/toolchain/gcc-arm-none-eabi-9-2019-q4-major-win32/bin/../lib/gcc/arm-none-eabi/9.2.1/../../../../arm-none-eabi/lib/thumb/v6-m/nofp\libg_nano.a(lib_a-reent.o)
 .ARM.attributes
                0x0000080d       0x2c c:/toolchain/gcc-arm-none-eabi-9-2019-q4-major-win32/bin/../lib/gcc/arm-none-eabi/9.2.1/../../../../arm-none-eabi/lib/thumb/v6-m/nofp\libnosys.a(close.o)
 .ARM.attributes
                0x00000839       0x2c c:/toolchain/gcc-arm-none-eabi-9-2019-q4-major-win32/bin/../lib/gcc/arm-none-eabi/9.2.1/../../../../arm-none-eabi/lib/thumb/v6-m/nofp\libnosys.a(fstat.o)
 .ARM.attributes
                0x00000865       0x2c c:/toolchain/gcc-arm-none-eabi-9-2019-q4-major-win32/bin/../lib/gcc/arm-none-eabi/9.2.1/../../../../arm-none-eabi/lib/thumb/v6-m/nofp\libnosys.a(isatty.o)
 .ARM.attributes
                0x00000891       0x2c c:/toolchain/gcc-arm-none-eabi-9-2019-q4-major-win32/bin/../lib/gcc/arm-none-eabi/9.2.1/../../../../arm-none-eabi/lib/thumb/v6-m/nofp\libnosys.a(lseek.o)
 .ARM.attributes
                0x000008bd       0x2c c:/toolchain/gcc-arm-none-eabi-9-2019-q4-major-win32/bin/../lib/gcc/arm-none-eabi/9.2.1/../../../../arm-none-eabi/lib/thumb/v6-m/nofp\libnosys.a(read.o)
 .ARM.attributes
                0x000008e9       0x2c c:/toolchain/gcc-arm-none-eabi-9-2019-q4-major-win32/bin/../lib/gcc/arm-none-eabi/9.2.1/../../../../arm-none-eabi/lib/thumb/v6-m/nofp\libnosys.a(sbrk.o)
OUTPUT(ch57x_ble_uart_mrs_app_only_test.elf elf32-littlearm)

.debug_info     0x00000000    0x11ed6
 .debug_info    0x00000000     0x1575 ./app/ch57x_usb_device_msc.o
 .debug_info    0x00001575     0x1081 ./app/diskio.o
 .debug_info    0x000025f6     0x5769 ./app/ff.o
 .debug_info    0x00007d5f      0x276 ./app/ffunicode.o
 .debug_info    0x00007fd5     0x18e6 ./app/peripheral_main.o
 .debug_info    0x000098bb     0x1167 ./app/spi_flash.o
 .debug_info    0x0000aa22     0x176f ./StdPeriphDriver/CH57x_clk.o
 .debug_info    0x0000c191      0xcb3 ./StdPeriphDriver/CH57x_gpio.o
 .debug_info    0x0000ce44      0xdfa ./StdPeriphDriver/CH57x_int.o
 .debug_info    0x0000dc3e      0xda4 ./StdPeriphDriver/CH57x_pwr.o
 .debug_info    0x0000e9e2      0xe1a ./StdPeriphDriver/CH57x_spi0.o
 .debug_info    0x0000f7fc      0xe6e ./StdPeriphDriver/CH57x_sys.o
 .debug_info    0x0001066a      0xc93 ./StdPeriphDriver/CH57x_uart0.o
 .debug_info    0x000112fd      0xbb7 ./StdPeriphDriver/CH57x_usbdev.o
 .debug_info    0x00011eb4       0x22 ./Startup/startup_ch579.o

.debug_abbrev   0x00000000     0x29c1
 .debug_abbrev  0x00000000      0x402 ./app/ch57x_usb_device_msc.o
 .debug_abbrev  0x00000402      0x3a1 ./app/diskio.o
 .debug_abbrev  0x000007a3      0x40a ./app/ff.o
 .debug_abbrev  0x00000bad       0xf0 ./app/ffunicode.o
 .debug_abbrev  0x00000c9d      0x385 ./app/peripheral_main.o
 .debug_abbrev  0x00001022      0x306 ./app/spi_flash.o
 .debug_abbrev  0x00001328      0x43a ./StdPeriphDriver/CH57x_clk.o
 .debug_abbrev  0x00001762      0x24c ./StdPeriphDriver/CH57x_gpio.o
 .debug_abbrev  0x000019ae      0x27b ./StdPeriphDriver/CH57x_int.o
 .debug_abbrev  0x00001c29      0x28c ./StdPeriphDriver/CH57x_pwr.o
 .debug_abbrev  0x00001eb5      0x305 ./StdPeriphDriver/CH57x_spi0.o
 .debug_abbrev  0x000021ba      0x30f ./StdPeriphDriver/CH57x_sys.o
 .debug_abbrev  0x000024c9      0x2cf ./StdPeriphDriver/CH57x_uart0.o
 .debug_abbrev  0x00002798      0x217 ./StdPeriphDriver/CH57x_usbdev.o
 .debug_abbrev  0x000029af       0x12 ./Startup/startup_ch579.o

.debug_loc      0x00000000     0xa555
 .debug_loc     0x00000000      0x3e7 ./app/ch57x_usb_device_msc.o
 .debug_loc     0x000003e7      0x4c9 ./app/diskio.o
 .debug_loc     0x000008b0     0x7c3f ./app/ff.o
 .debug_loc     0x000084ef      0x2b0 ./app/ffunicode.o
 .debug_loc     0x0000879f       0x83 ./app/peripheral_main.o
 .debug_loc     0x00008822      0x372 ./app/spi_flash.o
 .debug_loc     0x00008b94      0xdab ./StdPeriphDriver/CH57x_clk.o
 .debug_loc     0x0000993f      0x22e ./StdPeriphDriver/CH57x_gpio.o
 .debug_loc     0x00009b6d      0x17f ./StdPeriphDriver/CH57x_int.o
 .debug_loc     0x00009cec      0x1fd ./StdPeriphDriver/CH57x_pwr.o
 .debug_loc     0x00009ee9      0x2e2 ./StdPeriphDriver/CH57x_spi0.o
 .debug_loc     0x0000a1cb      0x1cd ./StdPeriphDriver/CH57x_sys.o
 .debug_loc     0x0000a398      0x1bd ./StdPeriphDriver/CH57x_uart0.o

.debug_aranges  0x00000000      0x6f8
 .debug_aranges
                0x00000000       0xa8 ./app/ch57x_usb_device_msc.o
 .debug_aranges
                0x000000a8       0x58 ./app/diskio.o
 .debug_aranges
                0x00000100      0x1b8 ./app/ff.o
 .debug_aranges
                0x000002b8       0x30 ./app/ffunicode.o
 .debug_aranges
                0x000002e8       0x38 ./app/peripheral_main.o
 .debug_aranges
                0x00000320       0x78 ./app/spi_flash.o
 .debug_aranges
                0x00000398       0xd8 ./StdPeriphDriver/CH57x_clk.o
 .debug_aranges
                0x00000470       0x48 ./StdPeriphDriver/CH57x_gpio.o
 .debug_aranges
                0x000004b8       0x40 ./StdPeriphDriver/CH57x_int.o
 .debug_aranges
                0x000004f8       0x50 ./StdPeriphDriver/CH57x_pwr.o
 .debug_aranges
                0x00000548       0x88 ./StdPeriphDriver/CH57x_spi0.o
 .debug_aranges
                0x000005d0       0x70 ./StdPeriphDriver/CH57x_sys.o
 .debug_aranges
                0x00000640       0x50 ./StdPeriphDriver/CH57x_uart0.o
 .debug_aranges
                0x00000690       0x40 ./StdPeriphDriver/CH57x_usbdev.o
 .debug_aranges
                0x000006d0       0x28 ./Startup/startup_ch579.o

.debug_ranges   0x00000000      0xcb8
 .debug_ranges  0x00000000       0xc8 ./app/ch57x_usb_device_msc.o
 .debug_ranges  0x000000c8       0x78 ./app/diskio.o
 .debug_ranges  0x00000140      0x778 ./app/ff.o
 .debug_ranges  0x000008b8       0x20 ./app/ffunicode.o
 .debug_ranges  0x000008d8       0x28 ./app/peripheral_main.o
 .debug_ranges  0x00000900       0x68 ./app/spi_flash.o
 .debug_ranges  0x00000968      0x140 ./StdPeriphDriver/CH57x_clk.o
 .debug_ranges  0x00000aa8       0x38 ./StdPeriphDriver/CH57x_gpio.o
 .debug_ranges  0x00000ae0       0x30 ./StdPeriphDriver/CH57x_int.o
 .debug_ranges  0x00000b10       0x40 ./StdPeriphDriver/CH57x_pwr.o
 .debug_ranges  0x00000b50       0x78 ./StdPeriphDriver/CH57x_spi0.o
 .debug_ranges  0x00000bc8       0x60 ./StdPeriphDriver/CH57x_sys.o
 .debug_ranges  0x00000c28       0x40 ./StdPeriphDriver/CH57x_uart0.o
 .debug_ranges  0x00000c68       0x30 ./StdPeriphDriver/CH57x_usbdev.o
 .debug_ranges  0x00000c98       0x20 ./Startup/startup_ch579.o

.debug_line     0x00000000     0xae45
 .debug_line    0x00000000      0xec3 ./app/ch57x_usb_device_msc.o
 .debug_line    0x00000ec3      0x44e ./app/diskio.o
 .debug_line    0x00001311     0x4c44 ./app/ff.o
 .debug_line    0x00005f55      0x2cc ./app/ffunicode.o
 .debug_line    0x00006221      0x70b ./app/peripheral_main.o
 .debug_line    0x0000692c      0x59a ./app/spi_flash.o
 .debug_line    0x00006ec6     0x14d7 ./StdPeriphDriver/CH57x_clk.o
 .debug_line    0x0000839d      0x4a4 ./StdPeriphDriver/CH57x_gpio.o
 .debug_line    0x00008841      0x8a9 ./StdPeriphDriver/CH57x_int.o
 .debug_line    0x000090ea      0x715 ./StdPeriphDriver/CH57x_pwr.o
 .debug_line    0x000097ff      0x74c ./StdPeriphDriver/CH57x_spi0.o
 .debug_line    0x00009f4b      0x657 ./StdPeriphDriver/CH57x_sys.o
 .debug_line    0x0000a5a2      0x3df ./StdPeriphDriver/CH57x_uart0.o
 .debug_line    0x0000a981      0x3da ./StdPeriphDriver/CH57x_usbdev.o
 .debug_line    0x0000ad5b       0xea ./Startup/startup_ch579.o

.debug_str      0x00000000     0x26ce
 .debug_str     0x00000000      0xb5d ./app/ch57x_usb_device_msc.o
                                0xc1d (size before relaxing)
 .debug_str     0x00000b5d       0xe8 ./app/diskio.o
                                0x8cd (size before relaxing)
 .debug_str     0x00000c45      0x5e7 ./app/ff.o
                                0x8aa (size before relaxing)
 .debug_str     0x0000122c       0xf2 ./app/ffunicode.o
                                0x217 (size before relaxing)
 .debug_str     0x0000131e      0x484 ./app/peripheral_main.o
                                0xe78 (size before relaxing)
 .debug_str     0x000017a2      0x1c3 ./app/spi_flash.o
                                0xa25 (size before relaxing)
 .debug_str     0x00001965      0x568 ./StdPeriphDriver/CH57x_clk.o
                                0xdec (size before relaxing)
 .debug_str     0x00001ecd      0x12f ./StdPeriphDriver/CH57x_gpio.o
                                0x8fa (size before relaxing)
 .debug_str     0x00001ffc      0x105 ./StdPeriphDriver/CH57x_int.o
                                0x883 (size before relaxing)
 .debug_str     0x00002101       0xdb ./StdPeriphDriver/CH57x_pwr.o
                                0x8aa (size before relaxing)
 .debug_str     0x000021dc      0x15c ./StdPeriphDriver/CH57x_spi0.o
                                0x960 (size before relaxing)
 .debug_str     0x00002338      0x191 ./StdPeriphDriver/CH57x_sys.o
                                0x94f (size before relaxing)
 .debug_str     0x000024c9       0xc8 ./StdPeriphDriver/CH57x_uart0.o
                                0x89f (size before relaxing)
 .debug_str     0x00002591       0xb9 ./StdPeriphDriver/CH57x_usbdev.o
                                0x815 (size before relaxing)
 .debug_str     0x0000264a       0x84 ./Startup/startup_ch579.o
                                0x107 (size before relaxing)

.comment        0x00000000       0xc5
 .comment       0x00000000       0x79 ./app/ch57x_usb_device_msc.o
                                 0x7a (size before relaxing)
 .comment       0x00000079       0x7a ./app/diskio.o
 .comment       0x00000079       0x7a ./app/ff.o
 .comment       0x00000079       0x4c ./app/ffunicode.o
                                 0x4d (size before relaxing)
 .comment       0x000000c5       0x7a ./app/peripheral_main.o
 .comment       0x000000c5       0x7a ./app/spi_flash.o
 .comment       0x000000c5       0x4d ./StdPeriphDriver/CH57x_clk.o
 .comment       0x000000c5       0x4d ./StdPeriphDriver/CH57x_gpio.o
 .comment       0x000000c5       0x4d ./StdPeriphDriver/CH57x_int.o
 .comment       0x000000c5       0x4d ./StdPeriphDriver/CH57x_pwr.o
 .comment       0x000000c5       0x4d ./StdPeriphDriver/CH57x_spi0.o
 .comment       0x000000c5       0x4d ./StdPeriphDriver/CH57x_sys.o
 .comment       0x000000c5       0x4d ./StdPeriphDriver/CH57x_uart0.o
 .comment       0x000000c5       0x4d ./StdPeriphDriver/CH57x_usbdev.o

.debug_frame    0x00000000     0x1bf0
 .debug_frame   0x00000000      0x1e8 ./app/ch57x_usb_device_msc.o
 .debug_frame   0x000001e8       0xd4 ./app/diskio.o
 .debug_frame   0x000002bc      0x620 ./app/ff.o
 .debug_frame   0x000008dc       0x50 ./app/ffunicode.o
 .debug_frame   0x0000092c       0x80 ./app/peripheral_main.o
 .debug_frame   0x000009ac      0x15c ./app/spi_flash.o
 .debug_frame   0x00000b08      0x20c ./StdPeriphDriver/CH57x_clk.o
 .debug_frame   0x00000d14       0x90 ./StdPeriphDriver/CH57x_gpio.o
 .debug_frame   0x00000da4       0xb4 ./StdPeriphDriver/CH57x_int.o
 .debug_frame   0x00000e58       0xd0 ./StdPeriphDriver/CH57x_pwr.o
 .debug_frame   0x00000f28      0x158 ./StdPeriphDriver/CH57x_spi0.o
 .debug_frame   0x00001080       0xf8 ./StdPeriphDriver/CH57x_sys.o
 .debug_frame   0x00001178       0xa8 ./StdPeriphDriver/CH57x_uart0.o
 .debug_frame   0x00001220       0x68 ./StdPeriphDriver/CH57x_usbdev.o
 .debug_frame   0x00001288       0x20 c:/toolchain/gcc-arm-none-eabi-9-2019-q4-major-win32/bin/../lib/gcc/arm-none-eabi/9.2.1/thumb/v6-m/nofp\libgcc.a(_udivsi3.o)
 .debug_frame   0x000012a8       0x20 c:/toolchain/gcc-arm-none-eabi-9-2019-q4-major-win32/bin/../lib/gcc/arm-none-eabi/9.2.1/thumb/v6-m/nofp\libgcc.a(_divsi3.o)
 .debug_frame   0x000012c8       0x2c c:/toolchain/gcc-arm-none-eabi-9-2019-q4-major-win32/bin/../lib/gcc/arm-none-eabi/9.2.1/../../../../arm-none-eabi/lib/thumb/v6-m/nofp\libg_nano.a(lib_a-memcmp.o)
 .debug_frame   0x000012f4       0x28 c:/toolchain/gcc-arm-none-eabi-9-2019-q4-major-win32/bin/../lib/gcc/arm-none-eabi/9.2.1/../../../../arm-none-eabi/lib/thumb/v6-m/nofp\libg_nano.a(lib_a-memcpy-stub.o)
 .debug_frame   0x0000131c       0x20 c:/toolchain/gcc-arm-none-eabi-9-2019-q4-major-win32/bin/../lib/gcc/arm-none-eabi/9.2.1/../../../../arm-none-eabi/lib/thumb/v6-m/nofp\libg_nano.a(lib_a-memset.o)
 .debug_frame   0x0000133c       0x50 c:/toolchain/gcc-arm-none-eabi-9-2019-q4-major-win32/bin/../lib/gcc/arm-none-eabi/9.2.1/../../../../arm-none-eabi/lib/thumb/v6-m/nofp\libg_nano.a(lib_a-printf.o)
 .debug_frame   0x0000138c       0x44 c:/toolchain/gcc-arm-none-eabi-9-2019-q4-major-win32/bin/../lib/gcc/arm-none-eabi/9.2.1/../../../../arm-none-eabi/lib/thumb/v6-m/nofp\libg_nano.a(lib_a-puts.o)
 .debug_frame   0x000013d0       0x48 c:/toolchain/gcc-arm-none-eabi-9-2019-q4-major-win32/bin/../lib/gcc/arm-none-eabi/9.2.1/../../../../arm-none-eabi/lib/thumb/v6-m/nofp\libg_nano.a(lib_a-wbuf.o)
 .debug_frame   0x00001418       0x2c c:/toolchain/gcc-arm-none-eabi-9-2019-q4-major-win32/bin/../lib/gcc/arm-none-eabi/9.2.1/../../../../arm-none-eabi/lib/thumb/v6-m/nofp\libg_nano.a(lib_a-wsetup.o)
 .debug_frame   0x00001444       0x68 c:/toolchain/gcc-arm-none-eabi-9-2019-q4-major-win32/bin/../lib/gcc/arm-none-eabi/9.2.1/../../../../arm-none-eabi/lib/thumb/v6-m/nofp\libg_nano.a(lib_a-fflush.o)
 .debug_frame   0x000014ac      0x170 c:/toolchain/gcc-arm-none-eabi-9-2019-q4-major-win32/bin/../lib/gcc/arm-none-eabi/9.2.1/../../../../arm-none-eabi/lib/thumb/v6-m/nofp\libg_nano.a(lib_a-findfp.o)
 .debug_frame   0x0000161c       0x58 c:/toolchain/gcc-arm-none-eabi-9-2019-q4-major-win32/bin/../lib/gcc/arm-none-eabi/9.2.1/../../../../arm-none-eabi/lib/thumb/v6-m/nofp\libg_nano.a(lib_a-fwalk.o)
 .debug_frame   0x00001674       0xb0 c:/toolchain/gcc-arm-none-eabi-9-2019-q4-major-win32/bin/../lib/gcc/arm-none-eabi/9.2.1/../../../../arm-none-eabi/lib/thumb/v6-m/nofp\libg_nano.a(lib_a-lock.o)
 .debug_frame   0x00001724       0x54 c:/toolchain/gcc-arm-none-eabi-9-2019-q4-major-win32/bin/../lib/gcc/arm-none-eabi/9.2.1/../../../../arm-none-eabi/lib/thumb/v6-m/nofp\libg_nano.a(lib_a-makebuf.o)
 .debug_frame   0x00001778       0x2c c:/toolchain/gcc-arm-none-eabi-9-2019-q4-major-win32/bin/../lib/gcc/arm-none-eabi/9.2.1/../../../../arm-none-eabi/lib/thumb/v6-m/nofp\libg_nano.a(lib_a-nano-freer.o)
 .debug_frame   0x000017a4       0x30 c:/toolchain/gcc-arm-none-eabi-9-2019-q4-major-win32/bin/../lib/gcc/arm-none-eabi/9.2.1/../../../../arm-none-eabi/lib/thumb/v6-m/nofp\libg_nano.a(lib_a-nano-mallocr.o)
 .debug_frame   0x000017d4       0x9c c:/toolchain/gcc-arm-none-eabi-9-2019-q4-major-win32/bin/../lib/gcc/arm-none-eabi/9.2.1/../../../../arm-none-eabi/lib/thumb/v6-m/nofp\libg_nano.a(lib_a-nano-vfprintf.o)
 .debug_frame   0x00001870       0x54 c:/toolchain/gcc-arm-none-eabi-9-2019-q4-major-win32/bin/../lib/gcc/arm-none-eabi/9.2.1/../../../../arm-none-eabi/lib/thumb/v6-m/nofp\libg_nano.a(lib_a-nano-vfprintf_i.o)
 .debug_frame   0x000018c4       0x2c c:/toolchain/gcc-arm-none-eabi-9-2019-q4-major-win32/bin/../lib/gcc/arm-none-eabi/9.2.1/../../../../arm-none-eabi/lib/thumb/v6-m/nofp\libg_nano.a(lib_a-sbrkr.o)
 .debug_frame   0x000018f0       0x90 c:/toolchain/gcc-arm-none-eabi-9-2019-q4-major-win32/bin/../lib/gcc/arm-none-eabi/9.2.1/../../../../arm-none-eabi/lib/thumb/v6-m/nofp\libg_nano.a(lib_a-stdio.o)
 .debug_frame   0x00001980       0x2c c:/toolchain/gcc-arm-none-eabi-9-2019-q4-major-win32/bin/../lib/gcc/arm-none-eabi/9.2.1/../../../../arm-none-eabi/lib/thumb/v6-m/nofp\libg_nano.a(lib_a-writer.o)
 .debug_frame   0x000019ac       0x2c c:/toolchain/gcc-arm-none-eabi-9-2019-q4-major-win32/bin/../lib/gcc/arm-none-eabi/9.2.1/../../../../arm-none-eabi/lib/thumb/v6-m/nofp\libg_nano.a(lib_a-closer.o)
 .debug_frame   0x000019d8       0x2c c:/toolchain/gcc-arm-none-eabi-9-2019-q4-major-win32/bin/../lib/gcc/arm-none-eabi/9.2.1/../../../../arm-none-eabi/lib/thumb/v6-m/nofp\libg_nano.a(lib_a-fstatr.o)
 .debug_frame   0x00001a04       0x2c c:/toolchain/gcc-arm-none-eabi-9-2019-q4-major-win32/bin/../lib/gcc/arm-none-eabi/9.2.1/../../../../arm-none-eabi/lib/thumb/v6-m/nofp\libg_nano.a(lib_a-isattyr.o)
 .debug_frame   0x00001a30       0x2c c:/toolchain/gcc-arm-none-eabi-9-2019-q4-major-win32/bin/../lib/gcc/arm-none-eabi/9.2.1/../../../../arm-none-eabi/lib/thumb/v6-m/nofp\libg_nano.a(lib_a-lseekr.o)
 .debug_frame   0x00001a5c       0x20 c:/toolchain/gcc-arm-none-eabi-9-2019-q4-major-win32/bin/../lib/gcc/arm-none-eabi/9.2.1/../../../../arm-none-eabi/lib/thumb/v6-m/nofp\libg_nano.a(lib_a-memchr-stub.o)
 .debug_frame   0x00001a7c       0x40 c:/toolchain/gcc-arm-none-eabi-9-2019-q4-major-win32/bin/../lib/gcc/arm-none-eabi/9.2.1/../../../../arm-none-eabi/lib/thumb/v6-m/nofp\libg_nano.a(lib_a-mlock.o)
 .debug_frame   0x00001abc       0x2c c:/toolchain/gcc-arm-none-eabi-9-2019-q4-major-win32/bin/../lib/gcc/arm-none-eabi/9.2.1/../../../../arm-none-eabi/lib/thumb/v6-m/nofp\libg_nano.a(lib_a-readr.o)
 .debug_frame   0x00001ae8       0x48 c:/toolchain/gcc-arm-none-eabi-9-2019-q4-major-win32/bin/../lib/gcc/arm-none-eabi/9.2.1/../../../../arm-none-eabi/lib/thumb/v6-m/nofp\libg_nano.a(lib_a-reent.o)
 .debug_frame   0x00001b30       0x20 c:/toolchain/gcc-arm-none-eabi-9-2019-q4-major-win32/bin/../lib/gcc/arm-none-eabi/9.2.1/../../../../arm-none-eabi/lib/thumb/v6-m/nofp\libnosys.a(close.o)
 .debug_frame   0x00001b50       0x20 c:/toolchain/gcc-arm-none-eabi-9-2019-q4-major-win32/bin/../lib/gcc/arm-none-eabi/9.2.1/../../../../arm-none-eabi/lib/thumb/v6-m/nofp\libnosys.a(fstat.o)
 .debug_frame   0x00001b70       0x20 c:/toolchain/gcc-arm-none-eabi-9-2019-q4-major-win32/bin/../lib/gcc/arm-none-eabi/9.2.1/../../../../arm-none-eabi/lib/thumb/v6-m/nofp\libnosys.a(isatty.o)
 .debug_frame   0x00001b90       0x20 c:/toolchain/gcc-arm-none-eabi-9-2019-q4-major-win32/bin/../lib/gcc/arm-none-eabi/9.2.1/../../../../arm-none-eabi/lib/thumb/v6-m/nofp\libnosys.a(lseek.o)
 .debug_frame   0x00001bb0       0x20 c:/toolchain/gcc-arm-none-eabi-9-2019-q4-major-win32/bin/../lib/gcc/arm-none-eabi/9.2.1/../../../../arm-none-eabi/lib/thumb/v6-m/nofp\libnosys.a(read.o)
 .debug_frame   0x00001bd0       0x20 c:/toolchain/gcc-arm-none-eabi-9-2019-q4-major-win32/bin/../lib/gcc/arm-none-eabi/9.2.1/../../../../arm-none-eabi/lib/thumb/v6-m/nofp\libnosys.a(sbrk.o)

.stab           0x00000000       0x84
 .stab          0x00000000       0x24 c:/toolchain/gcc-arm-none-eabi-9-2019-q4-major-win32/bin/../lib/gcc/arm-none-eabi/9.2.1/../../../../arm-none-eabi/lib/thumb/v6-m/nofp\libnosys.a(close.o)
 .stab          0x00000024       0x18 c:/toolchain/gcc-arm-none-eabi-9-2019-q4-major-win32/bin/../lib/gcc/arm-none-eabi/9.2.1/../../../../arm-none-eabi/lib/thumb/v6-m/nofp\libnosys.a(fstat.o)
                                 0x24 (size before relaxing)
 .stab          0x0000003c       0x18 c:/toolchain/gcc-arm-none-eabi-9-2019-q4-major-win32/bin/../lib/gcc/arm-none-eabi/9.2.1/../../../../arm-none-eabi/lib/thumb/v6-m/nofp\libnosys.a(isatty.o)
                                 0x24 (size before relaxing)
 .stab          0x00000054       0x18 c:/toolchain/gcc-arm-none-eabi-9-2019-q4-major-win32/bin/../lib/gcc/arm-none-eabi/9.2.1/../../../../arm-none-eabi/lib/thumb/v6-m/nofp\libnosys.a(lseek.o)
                                 0x24 (size before relaxing)
 .stab          0x0000006c       0x18 c:/toolchain/gcc-arm-none-eabi-9-2019-q4-major-win32/bin/../lib/gcc/arm-none-eabi/9.2.1/../../../../arm-none-eabi/lib/thumb/v6-m/nofp\libnosys.a(read.o)
                                 0x24 (size before relaxing)

.stabstr        0x00000000      0x117
 .stabstr       0x00000000      0x117 c:/toolchain/gcc-arm-none-eabi-9-2019-q4-major-win32/bin/../lib/gcc/arm-none-eabi/9.2.1/../../../../arm-none-eabi/lib/thumb/v6-m/nofp\libnosys.a(close.o)
