Archive member included to satisfy reference by file (symbol)

c:/gcc-arm-none-eabi-7-2017-q4-major-win32/bin/../lib/gcc/arm-none-eabi/7.2.1/thumb/v6-m\libgcc.a(_thumb1_case_uqi.o)
                              ./app/ch57x_usb_device_msc.o (__gnu_thumb1_case_uqi)
c:/gcc-arm-none-eabi-7-2017-q4-major-win32/bin/../lib/gcc/arm-none-eabi/7.2.1/thumb/v6-m\libgcc.a(_udivsi3.o)
                              ./app/ff.o (__aeabi_uidiv)
c:/gcc-arm-none-eabi-7-2017-q4-major-win32/bin/../lib/gcc/arm-none-eabi/7.2.1/thumb/v6-m\libgcc.a(_divsi3.o)
                              ./StdPeriphDriver/CH57x_adc.o (__aeabi_idiv)
c:/gcc-arm-none-eabi-7-2017-q4-major-win32/bin/../lib/gcc/arm-none-eabi/7.2.1/thumb/v6-m\libgcc.a(_dvmd_tls.o)
                              c:/gcc-arm-none-eabi-7-2017-q4-major-win32/bin/../lib/gcc/arm-none-eabi/7.2.1/thumb/v6-m\libgcc.a(_udivsi3.o) (__aeabi_idiv0)
c:/gcc-arm-none-eabi-7-2017-q4-major-win32/bin/../lib/gcc/arm-none-eabi/7.2.1/../../../../arm-none-eabi/lib/thumb/v6-m\libg_nano.a(lib_a-malloc.o)
                              ./hal/hal_spi.o (malloc)
c:/gcc-arm-none-eabi-7-2017-q4-major-win32/bin/../lib/gcc/arm-none-eabi/7.2.1/../../../../arm-none-eabi/lib/thumb/v6-m\libg_nano.a(lib_a-memcpy-stub.o)
                              ./hal/hal_spi.o (memcpy)
c:/gcc-arm-none-eabi-7-2017-q4-major-win32/bin/../lib/gcc/arm-none-eabi/7.2.1/../../../../arm-none-eabi/lib/thumb/v6-m\libg_nano.a(lib_a-memset.o)
                              ./app/peripheral_main.o (memset)
c:/gcc-arm-none-eabi-7-2017-q4-major-win32/bin/../lib/gcc/arm-none-eabi/7.2.1/../../../../arm-none-eabi/lib/thumb/v6-m\libg_nano.a(lib_a-nano-freer.o)
                              c:/gcc-arm-none-eabi-7-2017-q4-major-win32/bin/../lib/gcc/arm-none-eabi/7.2.1/../../../../arm-none-eabi/lib/thumb/v6-m\libg_nano.a(lib_a-malloc.o) (_free_r)
c:/gcc-arm-none-eabi-7-2017-q4-major-win32/bin/../lib/gcc/arm-none-eabi/7.2.1/../../../../arm-none-eabi/lib/thumb/v6-m\libg_nano.a(lib_a-nano-mallocr.o)
                              c:/gcc-arm-none-eabi-7-2017-q4-major-win32/bin/../lib/gcc/arm-none-eabi/7.2.1/../../../../arm-none-eabi/lib/thumb/v6-m\libg_nano.a(lib_a-malloc.o) (_malloc_r)
c:/gcc-arm-none-eabi-7-2017-q4-major-win32/bin/../lib/gcc/arm-none-eabi/7.2.1/../../../../arm-none-eabi/lib/thumb/v6-m\libg_nano.a(lib_a-sbrkr.o)
                              c:/gcc-arm-none-eabi-7-2017-q4-major-win32/bin/../lib/gcc/arm-none-eabi/7.2.1/../../../../arm-none-eabi/lib/thumb/v6-m\libg_nano.a(lib_a-nano-mallocr.o) (_sbrk_r)
c:/gcc-arm-none-eabi-7-2017-q4-major-win32/bin/../lib/gcc/arm-none-eabi/7.2.1/../../../../arm-none-eabi/lib/thumb/v6-m\libg_nano.a(lib_a-strcmp.o)
                              ./hal/hal_device.o (strcmp)
c:/gcc-arm-none-eabi-7-2017-q4-major-win32/bin/../lib/gcc/arm-none-eabi/7.2.1/../../../../arm-none-eabi/lib/thumb/v6-m\libg_nano.a(lib_a-vprintf.o)
                              ./bsp/bsp_log.o (vprintf)
c:/gcc-arm-none-eabi-7-2017-q4-major-win32/bin/../lib/gcc/arm-none-eabi/7.2.1/../../../../arm-none-eabi/lib/thumb/v6-m\libg_nano.a(lib_a-findfp.o)
                              c:/gcc-arm-none-eabi-7-2017-q4-major-win32/bin/../lib/gcc/arm-none-eabi/7.2.1/../../../../arm-none-eabi/lib/thumb/v6-m\libg_nano.a(lib_a-vprintf.o) (__sinit)
c:/gcc-arm-none-eabi-7-2017-q4-major-win32/bin/../lib/gcc/arm-none-eabi/7.2.1/../../../../arm-none-eabi/lib/thumb/v6-m\libg_nano.a(lib_a-fwalk.o)
                              c:/gcc-arm-none-eabi-7-2017-q4-major-win32/bin/../lib/gcc/arm-none-eabi/7.2.1/../../../../arm-none-eabi/lib/thumb/v6-m\libg_nano.a(lib_a-findfp.o) (_fwalk)
c:/gcc-arm-none-eabi-7-2017-q4-major-win32/bin/../lib/gcc/arm-none-eabi/7.2.1/../../../../arm-none-eabi/lib/thumb/v6-m\libg_nano.a(lib_a-impure.o)
                              c:/gcc-arm-none-eabi-7-2017-q4-major-win32/bin/../lib/gcc/arm-none-eabi/7.2.1/../../../../arm-none-eabi/lib/thumb/v6-m\libg_nano.a(lib_a-findfp.o) (_global_impure_ptr)
c:/gcc-arm-none-eabi-7-2017-q4-major-win32/bin/../lib/gcc/arm-none-eabi/7.2.1/../../../../arm-none-eabi/lib/thumb/v6-m\libg_nano.a(lib_a-mlock.o)
                              c:/gcc-arm-none-eabi-7-2017-q4-major-win32/bin/../lib/gcc/arm-none-eabi/7.2.1/../../../../arm-none-eabi/lib/thumb/v6-m\libg_nano.a(lib_a-nano-freer.o) (__malloc_lock)
c:/gcc-arm-none-eabi-7-2017-q4-major-win32/bin/../lib/gcc/arm-none-eabi/7.2.1/../../../../arm-none-eabi/lib/thumb/v6-m\libg_nano.a(lib_a-nano-vfprintf.o)
                              c:/gcc-arm-none-eabi-7-2017-q4-major-win32/bin/../lib/gcc/arm-none-eabi/7.2.1/../../../../arm-none-eabi/lib/thumb/v6-m\libg_nano.a(lib_a-vprintf.o) (_vfprintf_r)
c:/gcc-arm-none-eabi-7-2017-q4-major-win32/bin/../lib/gcc/arm-none-eabi/7.2.1/../../../../arm-none-eabi/lib/thumb/v6-m\libg_nano.a(lib_a-nano-vfprintf_i.o)
[...]
Memory Configuration

Name             Origin             Length             Attributes
FLASH            0x00000000         0x0003e800         xr
XRAM             0x20003800         0x00001fff         xrw
RAM              0x20004000         0x00004000         xrw
*default*        0x00000000         0xffffffff

Linker script and memory map

LOAD ./hal/hal_flash.o
LOAD ./hal/hal_device.o
LOAD ./hal/hal_spi.o
LOAD ./bsp/bsp_log.o
LOAD ./bsp/bsp_spi.o
LOAD ./app/ch57x_code_flash.o
LOAD ./app/ch57x_usb_device_msc.o
LOAD ./app/diskio.o
LOAD ./app/ff.o
LOAD ./app/ffsystem.o
LOAD ./app/ffunicode.o
LOAD ./app/peripheral_main.o
LOAD ./StdPeriphDriver/CH57x_adc.o
LOAD ./StdPeriphDriver/CH57x_clk.o
LOAD ./StdPeriphDriver/CH57x_flash.o
LOAD ./StdPeriphDriver/CH57x_gpio.o
LOAD ./StdPeriphDriver/CH57x_int.o
LOAD ./StdPeriphDriver/CH57x_lcd.o
LOAD ./StdPeriphDriver/CH57x_pwm.o
LOAD ./StdPeriphDriver/CH57x_pwr.o
LOAD ./StdPeriphDriver/CH57x_spi0.o
LOAD ./StdPeriphDriver/CH57x_spi1.o
LOAD ./StdPeriphDriver/CH57x_sys.o
LOAD ./StdPeriphDriver/CH57x_timer0.o
LOAD ./StdPeriphDriver/CH57x_timer1.o
LOAD ./StdPeriphDriver/CH57x_timer2.o
LOAD ./StdPeriphDriver/CH57x_timer3.o
LOAD ./StdPeriphDriver/CH57x_uart0.o
LOAD ./StdPeriphDriver/CH57x_uart1.o
LOAD ./StdPeriphDriver/CH57x_uart2.o
LOAD ./StdPeriphDriver/CH57x_uart3.o
LOAD ./StdPeriphDriver/CH57x_usbdev.o
LOAD ./Startup/startup_ch579.o
START GROUP
LOAD c:/gcc-arm-none-eabi-7-2017-q4-major-win32/bin/../lib/gcc/arm-none-eabi/7.2.1/thumb/v6-m\libgcc.a
LOAD c:/gcc-arm-none-eabi-7-2017-q4-major-win32/bin/../lib/gcc/arm-none-eabi/7.2.1/../../../../arm-none-eabi/lib/thumb/v6-m\libg_nano.a
LOAD c:/gcc-arm-none-eabi-7-2017-q4-major-win32/bin/../lib/gcc/arm-none-eabi/7.2.1/../../../../arm-none-eabi/lib/thumb/v6-m\libc_nano.a
END GROUP
START GROUP
LOAD c:/gcc-arm-none-eabi-7-2017-q4-major-win32/bin/../lib/gcc/arm-none-eabi/7.2.1/thumb/v6-m\libgcc.a
LOAD c:/gcc-arm-none-eabi-7-2017-q4-major-win32/bin/../lib/gcc/arm-none-eabi/7.2.1/../../../../arm-none-eabi/lib/thumb/v6-m\libc_nano.a
LOAD c:/gcc-arm-none-eabi-7-2017-q4-major-win32/bin/../lib/gcc/arm-none-eabi/7.2.1/../../../../arm-none-eabi/lib/thumb/v6-m\libnosys.a
END GROUP
START GROUP
LOAD c:/gcc-arm-none-eabi-7-2017-q4-major-win32/bin/../lib/gcc/arm-none-eabi/7.2.1/thumb/v6-m\libgcc.a
LOAD c:/gcc-arm-none-eabi-7-2017-q4-major-win32/bin/../lib/gcc/arm-none-eabi/7.2.1/../../../../arm-none-eabi/lib/thumb/v6-m\libc_nano.a
LOAD c:/gcc-arm-none-eabi-7-2017-q4-major-win32/bin/../lib/gcc/arm-none-eabi/7.2.1/../../../../arm-none-eabi/lib/thumb/v6-m\libnosys.a
END GROUP
                0x20008000                _estack = 0x20008000
                0x00000400                _Min_Heap_Size = 0x400
                0x00000400                _Min_Stack_Size = 0x400

.stack_data

.isr_vector     0x00000000       0x90
                0x00000000                . = ALIGN (0x4)
 *(.isr_vector)
 .isr_vector    0x00000000       0x90 ./Startup/startup_ch579.o
                0x00000000                g_pfnVectors
                0x00000090                . = ALIGN (0x4)

.text           0x00000090     0x4e00
                0x00000090                . = ALIGN (0x4)
 *(.text)
 .text          0x00000090       0x14 c:/gcc-arm-none-eabi-7-2017-q4-major-win32/bin/../lib/gcc/arm-none-eabi/7.2.1/thumb/v6-m\libgcc.a(_thumb1_case_uqi.o)
                0x00000090                __gnu_thumb1_case_uqi
 .text          0x000000a4      0x114 c:/gcc-arm-none-eabi-7-2017-q4-major-win32/bin/../lib/gcc/arm-none-eabi/7.2.1/thumb/v6-m\libgcc.a(_udivsi3.o)
                0x000000a4                __aeabi_uidiv
                0x000000a4                __udivsi3
                0x000001b0                __aeabi_uidivmod
 .text          0x000001b8      0x1d4 c:/gcc-arm-none-eabi-7-2017-q4-major-win32/bin/../lib/gcc/arm-none-eabi/7.2.1/thumb/v6-m\libgcc.a(_divsi3.o)
                0x000001b8                __divsi3
                0x000001b8                __aeabi_idiv
                0x00000384                __aeabi_idivmod
 .text          0x0000038c        0x4 c:/gcc-arm-none-eabi-7-2017-q4-major-win32/bin/../lib/gcc/arm-none-eabi/7.2.1/thumb/v6-m\libgcc.a(_dvmd_tls.o)
                0x0000038c                __aeabi_idiv0
                0x0000038c                __aeabi_ldiv0
 .text          0x00000390       0x14 c:/gcc-arm-none-eabi-7-2017-q4-major-win32/bin/../lib/gcc/arm-none-eabi/7.2.1/../../../../arm-none-eabi/lib/thumb/v6-m\libg_nano.a(lib_a-strcmp.o)
                0x00000390                strcmp
 *(.text*)
 .text.hal_flash_read_status_reg
                0x000003a4       0x2c ./hal/hal_flash.o
                0x000003a4                hal_flash_read_status_reg
 .text.hal_flash_wait_busy
                0x000003d0        0xe ./hal/hal_flash.o
                0x000003d0                hal_flash_wait_busy
 *fill*         0x000003de        0x2 
 .text.hal_flash_write_enable
                0x000003e0       0x24 ./hal/hal_flash.o
                0x000003e0                hal_flash_write_enable
 .text.hal_flash_erase_4k_flash
                0x00000404       0x34 ./hal/hal_flash.o
                0x00000404                hal_flash_erase_4k_flash
 .text.hal_flash_write
                0x00000438       0x64 ./hal/hal_flash.o
                0x00000438                hal_flash_write
 .text.hal_flash_read
                0x0000049c       0x60 ./hal/hal_flash.o
                0x0000049c                hal_flash_read
 .text.SPIFlash_ReadID
                0x000004fc       0x30 ./hal/hal_flash.o
                0x000004fc                SPIFlash_ReadID
 .text.hal_flash_init
                0x0000052c       0x78 ./hal/hal_flash.o
                0x0000052c                hal_flash_init
 .text.hal_device_find
                0x000005a4       0x2c ./hal/hal_device.o
 .text.hal_device_register
                0x000005d0       0x24 ./hal/hal_device.o
                0x000005d0                hal_device_register
 .text.hal_device_open
                0x000005f4       0x24 ./hal/hal_device.o
                0x000005f4                hal_device_open
 .text.hal_device_write
                0x00000618       0x14 ./hal/hal_device.o
                0x00000618                hal_device_write
 .text.hal_device_read
                0x0000062c       0x14 ./hal/hal_device.o
                0x0000062c                hal_device_read
 .text.hal_spi_write
                0x00000640       0x38 ./hal/hal_spi.o
                0x00000640                hal_spi_write
 .text.hal_spi_read
                0x00000678       0x38 ./hal/hal_spi.o
                0x00000678                hal_spi_read
 .text.hal_spi_close
                0x000006b0       0x2c ./hal/hal_spi.o
                0x000006b0                hal_spi_close
 .text.hal_spi_open
                0x000006dc       0x48 ./hal/hal_spi.o
                0x000006dc                hal_spi_open
 .text.hal_spi_init
                0x00000724       0xb0 ./hal/hal_spi.o
                0x00000724                hal_spi_init
 .text.bsp_log_send_error
                0x000007d4       0x28 ./bsp/bsp_log.o
                0x000007d4                bsp_log_send_error
 .text.bsp_log_send_info
                0x000007fc       0x28 ./bsp/bsp_log.o
                0x000007fc                bsp_log_send_info
 .text.bsp_spi0_init
                0x00000824       0x3c ./bsp/bsp_spi.o
                0x00000824                bsp_spi0_init
 .text.bsp_spi0_deinit
                0x00000860        0x2 ./bsp/bsp_spi.o
                0x00000860                bsp_spi0_deinit
 *fill*         0x00000862        0x2 
 .text.bsp_spi0_read
                0x00000864       0x5c ./bsp/bsp_spi.o
                0x00000864                bsp_spi0_read
 .text.bsp_spi0_write
                0x000008c0       0x64 ./bsp/bsp_spi.o
                0x000008c0                bsp_spi0_write
 .text.BulkThirteen
                0x00000924       0x74 ./app/ch57x_usb_device_msc.o
                0x00000924                BulkThirteen
 .text.UFI_modeSense.part.0
                0x00000998       0x34 ./app/ch57x_usb_device_msc.o
 .text.UFI_readCapacity
                0x000009cc       0x3c ./app/ch57x_usb_device_msc.o
                0x000009cc                UFI_readCapacity
 .text.UFI_inquiry
                0x00000a08       0x3c ./app/ch57x_usb_device_msc.o
                0x00000a08                UFI_inquiry
 .text.UFI_read10
                0x00000a44       0x60 ./app/ch57x_usb_device_msc.o
                0x00000a44                UFI_read10
 .text.UFI_modeSense
                0x00000aa4       0x50 ./app/ch57x_usb_device_msc.o
                0x00000aa4                UFI_modeSense
 .text.UFI_requestSense
                0x00000af4       0x80 ./app/ch57x_usb_device_msc.o
                0x00000af4                UFI_requestSense
 .text.UFI_testUnit
                0x00000b74       0x2c ./app/ch57x_usb_device_msc.o
                0x00000b74                UFI_testUnit
 .text.UFI_perOrMed
                0x00000ba0       0x1c ./app/ch57x_usb_device_msc.o
                0x00000ba0                UFI_perOrMed
 .text.UFI_write
                0x00000bbc       0x70 ./app/ch57x_usb_device_msc.o
                0x00000bbc                UFI_write
 .text.UFI_modeSense5
                0x00000c2c       0x50 ./app/ch57x_usb_device_msc.o
                0x00000c2c                UFI_modeSense5
 .text.UFI_Hunding
                0x00000c7c       0xa4 ./app/ch57x_usb_device_msc.o
                0x00000c7c                UFI_Hunding
 .text.mCH375BulkOnly
                0x00000d20       0x8c ./app/ch57x_usb_device_msc.o
                0x00000d20                mCH375BulkOnly
 .text.mCH375UpCsw
                0x00000dac       0x8c ./app/ch57x_usb_device_msc.o
                0x00000dac                mCH375UpCsw
 .text.CH375bulkUpData
                0x00000e38       0x90 ./app/ch57x_usb_device_msc.o
                0x00000e38                CH375bulkUpData
 .text.mCH375BulkDownData
                0x00000ec8       0x58 ./app/ch57x_usb_device_msc.o
                0x00000ec8                mCH375BulkDownData
 .text.USB_DevTransProcess
                0x00000f20      0x37c ./app/ch57x_usb_device_msc.o
                0x00000f20                USB_DevTransProcess
 .text.USB_IRQHandler
                0x0000129c        0x8 ./app/ch57x_usb_device_msc.o
                0x0000129c                USB_IRQHandler
 .text.disk_status
                0x000012a4       0x20 ./app/diskio.o
                0x000012a4                disk_status
 .text.disk_initialize
                0x000012c4       0x24 ./app/diskio.o
                0x000012c4                disk_initialize
 .text.disk_read
                0x000012e8       0x1c ./app/diskio.o
                0x000012e8                disk_read
 .text.disk_ioctl
                0x00001304       0x28 ./app/diskio.o
                0x00001304                disk_ioctl
 .text.spi_disk_write
                0x0000132c       0x16 ./app/diskio.o
                0x0000132c                spi_disk_write
 .text.disk_write
                0x00001342       0x26 ./app/diskio.o
                0x00001342                disk_write
 .text.ld_dword
                0x00001368       0x16 ./app/ff.o
 .text.st_dword
                0x0000137e       0x10 ./app/ff.o
 .text.mem_set  0x0000138e        0xc ./app/ff.o
 .text.mem_cmp  0x0000139a       0x1a ./app/ff.o
 .text.clst2sect
                0x000013b4       0x18 ./app/ff.o
 .text.sum_sfn  0x000013cc       0x1c ./app/ff.o
 .text.get_ldnumber
                0x000013e8       0x40 ./app/ff.o
 .text.validate
                0x00001428       0x36 ./app/ff.o
 .text.mem_cpy.part.0
                0x0000145e       0x10 ./app/ff.o
 .text.ld_clust.isra.3
                0x0000146e       0x1e ./app/ff.o
 .text.st_clust.isra.4
                0x0000148c       0x18 ./app/ff.o
 .text.sync_window
                0x000014a4       0x48 ./app/ff.o
 .text.move_window
                0x000014ec       0x34 ./app/ff.o
 .text.check_fs
                0x00001520       0x80 ./app/ff.o
 .text.find_volume
                0x000015a0      0x2e0 ./app/ff.o
 .text.put_fat  0x00001880      0x110 ./app/ff.o
 .text.get_fat.isra.9
                0x00001990       0xc4 ./app/ff.o
 .text.dir_sdi  0x00001a54       0x94 ./app/ff.o
 .text.create_chain
                0x00001ae8       0xf0 ./app/ff.o
 .text.remove_chain
                0x00001bd8       0x72 ./app/ff.o
 .text.dir_clear
                0x00001c4a       0x5e ./app/ff.o
 .text.dir_next
                0x00001ca8       0xac ./app/ff.o
 .text.dir_find
                0x00001d54      0x168 ./app/ff.o
 .text.dir_register
                0x00001ebc      0x250 ./app/ff.o
 .text.sync_fs  0x0000210c       0xb0 ./app/ff.o
 .text.follow_path
                0x000021bc      0x2dc ./app/ff.o
 .text.f_mount  0x00002498       0x4c ./app/ff.o
                0x00002498                f_mount
 .text.f_open   0x000024e4      0x1a8 ./app/ff.o
                0x000024e4                f_open
 .text.f_read   0x0000268c      0x132 ./app/ff.o
                0x0000268c                f_read
 .text.f_write  0x000027be      0x17e ./app/ff.o
                0x000027be                f_write
 .text.putc_bfd
                0x0000293c       0x36 ./app/ff.o
 .text.putc_flush
                0x00002972       0x2c ./app/ff.o
 .text.f_sync   0x0000299e       0x66 ./app/ff.o
                0x0000299e                f_sync
 .text.f_close  0x00002a04       0x1c ./app/ff.o
                0x00002a04                f_close
 .text.f_mkfs   0x00002a20      0x5bc ./app/ff.o
                0x00002a20                f_mkfs
 .text.f_printf
                0x00002fdc      0x206 ./app/ff.o
                0x00002fdc                f_printf
 *fill*         0x000031e2        0x2 
 .text.ff_uni2oem
                0x000031e4       0x40 ./app/ffunicode.o
                0x000031e4                ff_uni2oem
 .text.ff_oem2uni
                0x00003224       0x28 ./app/ffunicode.o
                0x00003224                ff_oem2uni
 .text.ff_wtoupper
                0x0000324c       0x98 ./app/ffunicode.o
                0x0000324c                ff_wtoupper
 .text.DebugInit
                0x000032e4       0x44 ./app/peripheral_main.o
                0x000032e4                DebugInit
 .text.startup.main
                0x00003328      0x2c0 ./app/peripheral_main.o
                0x00003328                main
 .text.UART0_IRQHandler
                0x000035e8       0x68 ./app/peripheral_main.o
                0x000035e8                UART0_IRQHandler
 .text.SYS_IsClkXT32MPon
                0x00003650       0x10 ./StdPeriphDriver/CH57x_clk.o
 .text.SystemInit
                0x00003660       0x3c ./StdPeriphDriver/CH57x_clk.o
                0x00003660                SystemInit
 .text.SYS_ClkXT32MPon
                0x0000369c       0x34 ./StdPeriphDriver/CH57x_clk.o
                0x0000369c                SYS_ClkXT32MPon
 .text.SYS_ClkINT32MPon
                0x000036d0       0x2c ./StdPeriphDriver/CH57x_clk.o
                0x000036d0                SYS_ClkINT32MPon
 .text.SYS_PLLPon
                0x000036fc       0x38 ./StdPeriphDriver/CH57x_clk.o
                0x000036fc                SYS_PLLPon
 .text.GetSysClock
                0x00003734       0x44 ./StdPeriphDriver/CH57x_clk.o
                0x00003734                GetSysClock
 .text.LClk32k_Power
                0x00003778       0x94 ./StdPeriphDriver/CH57x_clk.o
                0x00003778                LClk32k_Power
 .text.LClk32K_Select
                0x0000380c       0x38 ./StdPeriphDriver/CH57x_clk.o
                0x0000380c                LClk32K_Select
 .text.SetSysClock
                0x00003844      0x1a4 ./StdPeriphDriver/CH57x_clk.o
                0x00003844                SetSysClock
 .text.GPIOA_ModeCfg
                0x000039e8       0x78 ./StdPeriphDriver/CH57x_gpio.o
                0x000039e8                GPIOA_ModeCfg
 .text.GPIOB_ModeCfg
                0x00003a60       0x78 ./StdPeriphDriver/CH57x_gpio.o
                0x00003a60                GPIOB_ModeCfg
 .text.NMI_Handler
                0x00003ad8       0x80 ./StdPeriphDriver/CH57x_int.o
                0x00003ad8                NMI_Handler
 .text.PWR_UnitModCfg
                0x00003b58       0x70 ./StdPeriphDriver/CH57x_pwr.o
                0x00003b58                PWR_UnitModCfg
 .text.PowerMonitor
                0x00003bc8       0x44 ./StdPeriphDriver/CH57x_pwr.o
                0x00003bc8                PowerMonitor
 .text.SPI0_MasterDefInit
                0x00003c0c       0x30 ./StdPeriphDriver/CH57x_spi0.o
                0x00003c0c                SPI0_MasterDefInit
 .text.SPI0_CLKCfg
                0x00003c3c       0x24 ./StdPeriphDriver/CH57x_spi0.o
                0x00003c3c                SPI0_CLKCfg
 .text.SPI0_DataMode
                0x00003c60       0x4c ./StdPeriphDriver/CH57x_spi0.o
                0x00003c60                SPI0_DataMode
 .text.SPI0_MasterSendByte
                0x00003cac       0x28 ./StdPeriphDriver/CH57x_spi0.o
                0x00003cac                SPI0_MasterSendByte
 .text.SPI0_MasterRecv
                0x00003cd4       0x48 ./StdPeriphDriver/CH57x_spi0.o
                0x00003cd4                SPI0_MasterRecv
 .text.mDelayuS
                0x00003d1c       0x56 ./StdPeriphDriver/CH57x_sys.o
                0x00003d1c                mDelayuS
 .text.mDelaymS
                0x00003d72       0x1c ./StdPeriphDriver/CH57x_sys.o
                0x00003d72                mDelaymS
 *fill*         0x00003d8e        0x2 
 .text._write   0x00003d90       0x28 ./StdPeriphDriver/CH57x_sys.o
                0x00003d90                _write
 .text.UART0_BaudRateCfg
                0x00003db8       0x28 ./StdPeriphDriver/CH57x_uart0.o
                0x00003db8                UART0_BaudRateCfg
 .text.UART0_DefInit
                0x00003de0       0x34 ./StdPeriphDriver/CH57x_uart0.o
                0x00003de0                UART0_DefInit
 .text.UART0_ByteTrigCfg
                0x00003e14       0x18 ./StdPeriphDriver/CH57x_uart0.o
                0x00003e14                UART0_ByteTrigCfg
 .text.UART0_INTCfg
                0x00003e2c       0x28 ./StdPeriphDriver/CH57x_uart0.o
                0x00003e2c                UART0_INTCfg
 .text.UART0_SendString
                0x00003e54       0x28 ./StdPeriphDriver/CH57x_uart0.o
                0x00003e54                UART0_SendString
 .text.USB_DeviceInit
                0x00003e7c       0xcc ./StdPeriphDriver/CH57x_usbdev.o
                0x00003e7c                USB_DeviceInit
 .text.Reset_Handler
                0x00003f48       0x7c ./Startup/startup_ch579.o
                0x00003f48                Reset_Handler
 .text.Default_Handler
                0x00003fc4        0x2 ./Startup/startup_ch579.o
                0x00003fc4                GPIO_IRQHandler
                0x00003fc4                HardFault_Handler
                0x00003fc4                SysTick_Handler
                0x00003fc4                PendSV_Handler
                0x00003fc4                UART1_IRQHandler
                0x00003fc4                BB_IRQHandler
                0x00003fc4                SPI1_IRQHandler
                0x00003fc4                TMR0_IRQHandler
                0x00003fc4                RTC_IRQHandler
                0x00003fc4                LED_IRQHandler
                0x00003fc4                UART2_IRQHandler
                0x00003fc4                Default_Handler
                0x00003fc4                ADC_IRQHandler
                0x00003fc4                TMR2_IRQHandler
                0x00003fc4                SLAVE_IRQHandler
                0x00003fc4                WDT_IRQHandler
                0x00003fc4                SVC_Handler
                0x00003fc4                LLE_IRQHandler
                0x00003fc4                ETH_IRQHandler
                0x00003fc4                TMR3_IRQHandler
                0x00003fc4                SPI0_IRQHandler
                0x00003fc4                UART3_IRQHandler
                0x00003fc4                TMR1_IRQHandler
 *fill*         0x00003fc6        0x2 
 .text.malloc   0x00003fc8       0x14 c:/gcc-arm-none-eabi-7-2017-q4-major-win32/bin/../lib/gcc/arm-none-eabi/7.2.1/../../../../arm-none-eabi/lib/thumb/v6-m\libg_nano.a(lib_a-malloc.o)
                0x00003fc8                malloc
 .text.memcpy   0x00003fdc       0x12 c:/gcc-arm-none-eabi-7-2017-q4-major-win32/bin/../lib/gcc/arm-none-eabi/7.2.1/../../../../arm-none-eabi/lib/thumb/v6-m\libg_nano.a(lib_a-memcpy-stub.o)
                0x00003fdc                memcpy
 .text.memset   0x00003fee       0x10 c:/gcc-arm-none-eabi-7-2017-q4-major-win32/bin/../lib/gcc/arm-none-eabi/7.2.1/../../../../arm-none-eabi/lib/thumb/v6-m\libg_nano.a(lib_a-memset.o)
                0x00003fee                memset
 *fill*         0x00003ffe        0x2 
 .text._free_r  0x00004000       0x94 c:/gcc-arm-none-eabi-7-2017-q4-major-win32/bin/../lib/gcc/arm-none-eabi/7.2.1/../../../../arm-none-eabi/lib/thumb/v6-m\libg_nano.a(lib_a-nano-freer.o)
                0x00004000                _free_r
 .text._malloc_r
                0x00004094       0xbc c:/gcc-arm-none-eabi-7-2017-q4-major-win32/bin/../lib/gcc/arm-none-eabi/7.2.1/../../../../arm-none-eabi/lib/thumb/v6-m\libg_nano.a(lib_a-nano-mallocr.o)
                0x00004094                _malloc_r
 .text._sbrk_r  0x00004150       0x24 c:/gcc-arm-none-eabi-7-2017-q4-major-win32/bin/../lib/gcc/arm-none-eabi/7.2.1/../../../../arm-none-eabi/lib/thumb/v6-m\libg_nano.a(lib_a-sbrkr.o)
                0x00004150                _sbrk_r
 .text.vprintf  0x00004174       0x2c c:/gcc-arm-none-eabi-7-2017-q4-major-win32/bin/../lib/gcc/arm-none-eabi/7.2.1/../../../../arm-none-eabi/lib/thumb/v6-m\libg_nano.a(lib_a-vprintf.o)
                0x00004174                viprintf
                0x00004174                vprintf
 .text.std      0x000041a0       0x48 c:/gcc-arm-none-eabi-7-2017-q4-major-win32/bin/../lib/gcc/arm-none-eabi/7.2.1/../../../../arm-none-eabi/lib/thumb/v6-m\libg_nano.a(lib_a-findfp.o)
 .text._cleanup_r
                0x000041e8       0x10 c:/gcc-arm-none-eabi-7-2017-q4-major-win32/bin/../lib/gcc/arm-none-eabi/7.2.1/../../../../arm-none-eabi/lib/thumb/v6-m\libg_nano.a(lib_a-findfp.o)
                0x000041e8                _cleanup_r
 .text.__sfmoreglue
                0x000041f8       0x2c c:/gcc-arm-none-eabi-7-2017-q4-major-win32/bin/../lib/gcc/arm-none-eabi/7.2.1/../../../../arm-none-eabi/lib/thumb/v6-m\libg_nano.a(lib_a-findfp.o)
                0x000041f8                __sfmoreglue
 .text.__sinit  0x00004224       0x68 c:/gcc-arm-none-eabi-7-2017-q4-major-win32/bin/../lib/gcc/arm-none-eabi/7.2.1/../../../../arm-none-eabi/lib/thumb/v6-m\libg_nano.a(lib_a-findfp.o)
                0x00004224                __sinit
 .text.__sfp    0x0000428c       0x7c c:/gcc-arm-none-eabi-7-2017-q4-major-win32/bin/../lib/gcc/arm-none-eabi/7.2.1/../../../../arm-none-eabi/lib/thumb/v6-m\libg_nano.a(lib_a-findfp.o)
                0x0000428c                __sfp
 .text._fwalk_reent
                0x00004308       0x42 c:/gcc-arm-none-eabi-7-2017-q4-major-win32/bin/../lib/gcc/arm-none-eabi/7.2.1/../../../../arm-none-eabi/lib/thumb/v6-m\libg_nano.a(lib_a-fwalk.o)
                0x00004308                _fwalk_reent
 .text.__malloc_lock
                0x0000434a        0x2 c:/gcc-arm-none-eabi-7-2017-q4-major-win32/bin/../lib/gcc/arm-none-eabi/7.2.1/../../../../arm-none-eabi/lib/thumb/v6-m\libg_nano.a(lib_a-mlock.o)
                0x0000434a                __malloc_lock
 .text.__malloc_unlock
                0x0000434c        0x2 c:/gcc-arm-none-eabi-7-2017-q4-major-win32/bin/../lib/gcc/arm-none-eabi/7.2.1/../../../../arm-none-eabi/lib/thumb/v6-m\libg_nano.a(lib_a-mlock.o)
                0x0000434c                __malloc_unlock
 .text.__sfputc_r
                0x0000434e       0x2a c:/gcc-arm-none-eabi-7-2017-q4-major-win32/bin/../lib/gcc/arm-none-eabi/7.2.1/../../../../arm-none-eabi/lib/thumb/v6-m\libg_nano.a(lib_a-nano-vfprintf.o)
 .text.__sfputs_r
                0x00004378       0x24 c:/gcc-arm-none-eabi-7-2017-q4-major-win32/bin/../lib/gcc/arm-none-eabi/7.2.1/../../../../arm-none-eabi/lib/thumb/v6-m\libg_nano.a(lib_a-nano-vfprintf.o)
                0x00004378                __sfputs_r
 .text._vfprintf_r
                0x0000439c      0x22c c:/gcc-arm-none-eabi-7-2017-q4-major-win32/bin/../lib/gcc/arm-none-eabi/7.2.1/../../../../arm-none-eabi/lib/thumb/v6-m\libg_nano.a(lib_a-nano-vfprintf.o)
                0x0000439c                _vfprintf_r
                0x0000439c                _vfiprintf_r
 .text._printf_common
                0x000045c8       0xda c:/gcc-arm-none-eabi-7-2017-q4-major-win32/bin/../lib/gcc/arm-none-eabi/7.2.1/../../../../arm-none-eabi/lib/thumb/v6-m\libg_nano.a(lib_a-nano-vfprintf_i.o)
                0x000045c8                _printf_common
 *fill*         0x000046a2        0x2 
 .text._printf_i
                0x000046a4      0x210 c:/gcc-arm-none-eabi-7-2017-q4-major-win32/bin/../lib/gcc/arm-none-eabi/7.2.1/../../../../arm-none-eabi/lib/thumb/v6-m\libg_nano.a(lib_a-nano-vfprintf_i.o)
                0x000046a4                _printf_i
 .text.__sread  0x000048b4       0x28 c:/gcc-arm-none-eabi-7-2017-q4-major-win32/bin/../lib/gcc/arm-none-eabi/7.2.1/../../../../arm-none-eabi/lib/thumb/v6-m\libg_nano.a(lib_a-stdio.o)
                0x000048b4                __sread
 .text.__swrite
                0x000048dc       0x38 c:/gcc-arm-none-eabi-7-2017-q4-major-win32/bin/../lib/gcc/arm-none-eabi/7.2.1/../../../../arm-none-eabi/lib/thumb/v6-m\libg_nano.a(lib_a-stdio.o)
                0x000048dc                __swrite
 .text.__sseek  0x00004914       0x2c c:/gcc-arm-none-eabi-7-2017-q4-major-win32/bin/../lib/gcc/arm-none-eabi/7.2.1/../../../../arm-none-eabi/lib/thumb/v6-m\libg_nano.a(lib_a-stdio.o)
                0x00004914                __sseek
 .text.__sclose
                0x00004940        0xc c:/gcc-arm-none-eabi-7-2017-q4-major-win32/bin/../lib/gcc/arm-none-eabi/7.2.1/../../../../arm-none-eabi/lib/thumb/v6-m\libg_nano.a(lib_a-stdio.o)
                0x00004940                __sclose
 .text.__swbuf_r
                0x0000494c       0xac c:/gcc-arm-none-eabi-7-2017-q4-major-win32/bin/../lib/gcc/arm-none-eabi/7.2.1/../../../../arm-none-eabi/lib/thumb/v6-m\libg_nano.a(lib_a-wbuf.o)
                0x0000494c                __swbuf_r
 .text._write_r
                0x000049f8       0x28 c:/gcc-arm-none-eabi-7-2017-q4-major-win32/bin/../lib/gcc/arm-none-eabi/7.2.1/../../../../arm-none-eabi/lib/thumb/v6-m\libg_nano.a(lib_a-writer.o)
                0x000049f8                _write_r
 .text.__swsetup_r
                0x00004a20       0xec c:/gcc-arm-none-eabi-7-2017-q4-major-win32/bin/../lib/gcc/arm-none-eabi/7.2.1/../../../../arm-none-eabi/lib/thumb/v6-m\libg_nano.a(lib_a-wsetup.o)
                0x00004a20                __swsetup_r
 .text._close_r
                0x00004b0c       0x24 c:/gcc-arm-none-eabi-7-2017-q4-major-win32/bin/../lib/gcc/arm-none-eabi/7.2.1/../../../../arm-none-eabi/lib/thumb/v6-m\libg_nano.a(lib_a-closer.o)
                0x00004b0c                _close_r
 .text.__sflush_r
                0x00004b30      0x114 c:/gcc-arm-none-eabi-7-2017-q4-major-win32/bin/../lib/gcc/arm-none-eabi/7.2.1/../../../../arm-none-eabi/lib/thumb/v6-m\libg_nano.a(lib_a-fflush.o)
                0x00004b30                __sflush_r
 .text._fflush_r
                0x00004c44       0x58 c:/gcc-arm-none-eabi-7-2017-q4-major-win32/bin/../lib/gcc/arm-none-eabi/7.2.1/../../../../arm-none-eabi/lib/thumb/v6-m\libg_nano.a(lib_a-fflush.o)
                0x00004c44                _fflush_r
 .text._lseek_r
                0x00004c9c       0x28 c:/gcc-arm-none-eabi-7-2017-q4-major-win32/bin/../lib/gcc/arm-none-eabi/7.2.1/../../../../arm-none-eabi/lib/thumb/v6-m\libg_nano.a(lib_a-lseekr.o)
                0x00004c9c                _lseek_r
 .text.__swhatbuf_r
                0x00004cc4       0x50 c:/gcc-arm-none-eabi-7-2017-q4-major-win32/bin/../lib/gcc/arm-none-eabi/7.2.1/../../../../arm-none-eabi/lib/thumb/v6-m\libg_nano.a(lib_a-makebuf.o)
                0x00004cc4                __swhatbuf_r
 .text.__smakebuf_r
                0x00004d14       0x88 c:/gcc-arm-none-eabi-7-2017-q4-major-win32/bin/../lib/gcc/arm-none-eabi/7.2.1/../../../../arm-none-eabi/lib/thumb/v6-m\libg_nano.a(lib_a-makebuf.o)
                0x00004d14                __smakebuf_r
 .text.memchr   0x00004d9c       0x16 c:/gcc-arm-none-eabi-7-2017-q4-major-win32/bin/../lib/gcc/arm-none-eabi/7.2.1/../../../../arm-none-eabi/lib/thumb/v6-m\libg_nano.a(lib_a-memchr-stub.o)
                0x00004d9c                memchr
 *fill*         0x00004db2        0x2 
 .text._read_r  0x00004db4       0x28 c:/gcc-arm-none-eabi-7-2017-q4-major-win32/bin/../lib/gcc/arm-none-eabi/7.2.1/../../../../arm-none-eabi/lib/thumb/v6-m\libg_nano.a(lib_a-readr.o)
                0x00004db4                _read_r
 .text._fstat_r
                0x00004ddc       0x24 c:/gcc-arm-none-eabi-7-2017-q4-major-win32/bin/../lib/gcc/arm-none-eabi/7.2.1/../../../../arm-none-eabi/lib/thumb/v6-m\libg_nano.a(lib_a-fstatr.o)
                0x00004ddc                _fstat_r
 .text._isatty_r
                0x00004e00       0x24 c:/gcc-arm-none-eabi-7-2017-q4-major-win32/bin/../lib/gcc/arm-none-eabi/7.2.1/../../../../arm-none-eabi/lib/thumb/v6-m\libg_nano.a(lib_a-isattyr.o)
                0x00004e00                _isatty_r
 .text._close   0x00004e24       0x10 c:/gcc-arm-none-eabi-7-2017-q4-major-win32/bin/../lib/gcc/arm-none-eabi/7.2.1/../../../../arm-none-eabi/lib/thumb/v6-m\libnosys.a(close.o)
                0x00004e24                _close
 .text._fstat   0x00004e34       0x10 c:/gcc-arm-none-eabi-7-2017-q4-major-win32/bin/../lib/gcc/arm-none-eabi/7.2.1/../../../../arm-none-eabi/lib/thumb/v6-m\libnosys.a(fstat.o)
                0x00004e34                _fstat
 .text._isatty  0x00004e44       0x10 c:/gcc-arm-none-eabi-7-2017-q4-major-win32/bin/../lib/gcc/arm-none-eabi/7.2.1/../../../../arm-none-eabi/lib/thumb/v6-m\libnosys.a(isatty.o)
                0x00004e44                _isatty
 .text._lseek   0x00004e54       0x10 c:/gcc-arm-none-eabi-7-2017-q4-major-win32/bin/../lib/gcc/arm-none-eabi/7.2.1/../../../../arm-none-eabi/lib/thumb/v6-m\libnosys.a(lseek.o)
                0x00004e54                _lseek
 .text._read    0x00004e64       0x10 c:/gcc-arm-none-eabi-7-2017-q4-major-win32/bin/../lib/gcc/arm-none-eabi/7.2.1/../../../../arm-none-eabi/lib/thumb/v6-m\libnosys.a(read.o)
                0x00004e64                _read
 .text._sbrk    0x00004e74       0x1c c:/gcc-arm-none-eabi-7-2017-q4-major-win32/bin/../lib/gcc/arm-none-eabi/7.2.1/../../../../arm-none-eabi/lib/thumb/v6-m\libnosys.a(sbrk.o)
                0x00004e74                _sbrk
 *(.glue_7)
 .glue_7        0x00004e90        0x0 linker stubs
 *(.glue_7t)
 .glue_7t       0x00004e90        0x0 linker stubs
 *(.eh_frame)
 *(.init)
 *(.fini)
                0x00004e90                . = ALIGN (0x4)
                0x00004e90                _etext = .

.vfp11_veneer   0x00004e90        0x0
 .vfp11_veneer  0x00004e90        0x0 linker stubs

.v4_bx          0x00004e90        0x0
 .v4_bx         0x00004e90        0x0 linker stubs

.iplt           0x00004e90        0x0
 .iplt          0x00004e90        0x0 ./hal/hal_flash.o

.rodata         0x00004e90      0xb58
                0x00004e90                . = ALIGN (0x4)
 *(.rodata)
 *(.rodata*)
 .rodata.hal_flash_read.cst2
                0x00004e90        0x2 ./hal/hal_flash.o
 .rodata.hal_flash_init.str1.1
                0x00004e92       0xba ./hal/hal_flash.o
 .rodata.hal_spi_init.str1.1
                0x00004f4c       0x35 ./hal/hal_spi.o
 .rodata.DBCAPACITY
                0x00004f81        0x8 ./app/ch57x_usb_device_msc.o
                0x00004f81                DBCAPACITY
 .rodata.DBINQUITY
                0x00004f89       0x24 ./app/ch57x_usb_device_msc.o
                0x00004f89                DBINQUITY
 .rodata.MAX_LUN
                0x00004fad        0x1 ./app/ch57x_usb_device_msc.o
                0x00004fad                MAX_LUN
 .rodata.MyCfgDescr
                0x00004fae       0x20 ./app/ch57x_usb_device_msc.o
                0x00004fae                MyCfgDescr
 .rodata.MyDevDescr
                0x00004fce       0x12 ./app/ch57x_usb_device_msc.o
                0x00004fce                MyDevDescr
 .rodata.MyLangDescr
                0x00004fe0        0x4 ./app/ch57x_usb_device_msc.o
                0x00004fe0                MyLangDescr
 .rodata.MyManuInfo
                0x00004fe4        0xe ./app/ch57x_usb_device_msc.o
                0x00004fe4                MyManuInfo
 .rodata.MyProdInfo
                0x00004ff2        0xc ./app/ch57x_usb_device_msc.o
                0x00004ff2                MyProdInfo
 .rodata.mode5sense3F
                0x00004ffe       0x10 ./app/ch57x_usb_device_msc.o
                0x00004ffe                mode5sense3F
 .rodata.modesense3F
                0x0000500e        0xc ./app/ch57x_usb_device_msc.o
                0x0000500e                modesense3F
 .rodata.ExCvt  0x0000501a       0x80 ./app/ff.o
 .rodata.LfnOfs
                0x0000509a        0xd ./app/ff.o
 .rodata.check_fs.str1.1
                0x000050a7        0xa ./app/ff.o
 *fill*         0x000050b1        0x1 
 .rodata.cst.4916
                0x000050b2        0xe ./app/ff.o
 .rodata.cst32.4917
                0x000050c0        0xe ./app/ff.o
 .rodata.f_mkfs.str1.1
                0x000050ce       0x34 ./app/ff.o
 .rodata.follow_path.str1.1
                0x00005102       0x10 ./app/ff.o
 .rodata.cvt1.4332
                0x00005112      0x1f2 ./app/ffunicode.o
 .rodata.cvt2.4333
                0x00005304       0xbc ./app/ffunicode.o
 .rodata.uc437  0x000053c0      0x100 ./app/ffunicode.o
 .rodata.UART0_IRQHandler.str1.1
                0x000054c0       0x23 ./app/peripheral_main.o
 .rodata.main.str1.1
                0x000054e3      0x46a ./app/peripheral_main.o
 *fill*         0x0000594d        0x3 
 .rodata.__sf_fake_stderr
                0x00005950       0x20 c:/gcc-arm-none-eabi-7-2017-q4-major-win32/bin/../lib/gcc/arm-none-eabi/7.2.1/../../../../arm-none-eabi/lib/thumb/v6-m\libg_nano.a(lib_a-findfp.o)
                0x00005950                __sf_fake_stderr
 .rodata.__sf_fake_stdin
                0x00005970       0x20 c:/gcc-arm-none-eabi-7-2017-q4-major-win32/bin/../lib/gcc/arm-none-eabi/7.2.1/../../../../arm-none-eabi/lib/thumb/v6-m\libg_nano.a(lib_a-findfp.o)
                0x00005970                __sf_fake_stdin
 .rodata.__sf_fake_stdout
                0x00005990       0x20 c:/gcc-arm-none-eabi-7-2017-q4-major-win32/bin/../lib/gcc/arm-none-eabi/7.2.1/../../../../arm-none-eabi/lib/thumb/v6-m\libg_nano.a(lib_a-findfp.o)
                0x00005990                __sf_fake_stdout
 .rodata._global_impure_ptr
                0x000059b0        0x4 c:/gcc-arm-none-eabi-7-2017-q4-major-win32/bin/../lib/gcc/arm-none-eabi/7.2.1/../../../../arm-none-eabi/lib/thumb/v6-m\libg_nano.a(lib_a-impure.o)
                0x000059b0                _global_impure_ptr
 .rodata._vfprintf_r.str1.1
                0x000059b4       0x11 c:/gcc-arm-none-eabi-7-2017-q4-major-win32/bin/../lib/gcc/arm-none-eabi/7.2.1/../../../../arm-none-eabi/lib/thumb/v6-m\libg_nano.a(lib_a-nano-vfprintf.o)
 .rodata._printf_i.str1.1
                0x000059c5       0x22 c:/gcc-arm-none-eabi-7-2017-q4-major-win32/bin/../lib/gcc/arm-none-eabi/7.2.1/../../../../arm-none-eabi/lib/thumb/v6-m\libg_nano.a(lib_a-nano-vfprintf_i.o)
                0x000059e8                . = ALIGN (0x4)
 *fill*         0x000059e7        0x1 

.rel.dyn        0x000059e8        0x0
 .rel.iplt      0x000059e8        0x0 ./hal/hal_flash.o

.ARM.extab
 *(.ARM.extab* .gnu.linkonce.armextab.*)

.ARM            0x000059e8        0x0
                0x000059e8                __exidx_start = .
 *(.ARM.exidx*)
                0x000059e8                __exidx_end = .

.preinit_array  0x000059e8        0x0
                [!provide]                PROVIDE (__preinit_array_start, .)
 *(.preinit_array*)
                [!provide]                PROVIDE (__preinit_array_end, .)

.init_array     0x000059e8        0x0
                [!provide]                PROVIDE (__init_array_start, .)
 *(SORT_BY_NAME(.init_array.*))
 *(.init_array*)
                [!provide]                PROVIDE (__init_array_end, .)

.fini_array     0x000059e8        0x0
                [!provide]                PROVIDE (__fini_array_start, .)
 *(SORT_BY_NAME(.fini_array.*))
 *(.fini_array*)
                [!provide]                PROVIDE (__fini_array_end, .)
                0x000059e8                _sidata = LOADADDR (.data)

.data           0x20004000       0xb4 load address 0x000059e8
                0x20004000                . = ALIGN (0x4)
                0x20004000                _sdata = .
 *(.data)
 *(.data*)
 .data.hal_flash_fd
                0x20004000        0x4 ./hal/hal_flash.o
                0x20004000                hal_flash_fd
 .data.spi0_config
                0x20004004       0x2c ./hal/hal_flash.o
                0x20004004                spi0_config
 .data.bsp_log_level
                0x20004030        0x4 ./bsp/bsp_log.o
 .data.WriteBuffer
                0x20004034       0x1a ./app/peripheral_main.o
                0x20004034                WriteBuffer
 *fill*         0x2000404e        0x2 
 .data._impure_ptr
                0x20004050        0x4 c:/gcc-arm-none-eabi-7-2017-q4-major-win32/bin/../lib/gcc/arm-none-eabi/7.2.1/../../../../arm-none-eabi/lib/thumb/v6-m\libg_nano.a(lib_a-impure.o)
                0x20004050                _impure_ptr
 .data.impure_data
                0x20004054       0x60 c:/gcc-arm-none-eabi-7-2017-q4-major-win32/bin/../lib/gcc/arm-none-eabi/7.2.1/../../../../arm-none-eabi/lib/thumb/v6-m\libg_nano.a(lib_a-impure.o)
                0x200040b4                . = ALIGN (0x4)
                0x200040b4                _edata = .

.igot.plt       0x200040b4        0x0 load address 0x00005a9c
 .igot.plt      0x200040b4        0x0 ./hal/hal_flash.o
                0x200040b4                . = ALIGN (0x4)

.bss            0x200040b4     0x2a30 load address 0x00005a9c
                0x200040b4                _sbss = .
                0x200040b4                __bss_start__ = _sbss
 *(.bss)
 *(.bss*)
 .bss.global_device_list
                0x200040b4       0x28 ./hal/hal_device.o
                0x200040b4                global_device_list
 .bss.hal_spi_device_list
                0x200040dc        0x8 ./hal/hal_spi.o
                0x200040dc                hal_spi_device_list
 .bss.local_spi_list
                0x200040e4        0x8 ./hal/hal_spi.o
                0x200040e4                local_spi_list
 .bss.BcswStatus
                0x200040ec        0x1 ./app/ch57x_usb_device_msc.o
                0x200040ec                BcswStatus
 .bss.CH375BULKDOWN
                0x200040ed        0x1 ./app/ch57x_usb_device_msc.o
                0x200040ed                CH375BULKDOWN
 .bss.CH375BULKUP
                0x200040ee        0x1 ./app/ch57x_usb_device_msc.o
                0x200040ee                CH375BULKUP
 .bss.CH375CSW  0x200040ef        0x1 ./app/ch57x_usb_device_msc.o
                0x200040ef                CH375CSW
 .bss.DevConfig
                0x200040f0        0x1 ./app/ch57x_usb_device_msc.o
                0x200040f0                DevConfig
 *fill*         0x200040f1        0x3 
 .bss.EP0_Databuf
                0x200040f4       0x40 ./app/ch57x_usb_device_msc.o
                0x200040f4                EP0_Databuf
 .bss.EP1_Databuf
                0x20004134       0x80 ./app/ch57x_usb_device_msc.o
                0x20004134                EP1_Databuf
 .bss.FSTALL    0x200041b4        0x1 ./app/ch57x_usb_device_msc.o
                0x200041b4                FSTALL
 *fill*         0x200041b5        0x3 
 .bss.LEN       0x200041b8        0x4 ./app/ch57x_usb_device_msc.o
                0x200041b8                LEN
 .bss.Locate_Addr
                0x200041bc        0x4 ./app/ch57x_usb_device_msc.o
                0x200041bc                Locate_Addr
 .bss.MassPara  0x200041c0       0x40 ./app/ch57x_usb_device_msc.o
                0x200041c0                MassPara
 .bss.SetupReqCode
                0x20004200        0x1 ./app/ch57x_usb_device_msc.o
                0x20004200                SetupReqCode
 *fill*         0x20004201        0x1 
 .bss.SetupReqLen
                0x20004202        0x2 ./app/ch57x_usb_device_msc.o
                0x20004202                SetupReqLen
 .bss.buffer    0x20004204       0x40 ./app/ch57x_usb_device_msc.o
                0x20004204                buffer
 .bss.lastFSTALL
                0x20004244        0x1 ./app/ch57x_usb_device_msc.o
                0x20004244                lastFSTALL
 .bss.mASC      0x20004245        0x1 ./app/ch57x_usb_device_msc.o
                0x20004245                mASC
 .bss.mSenseKey
                0x20004246        0x1 ./app/ch57x_usb_device_msc.o
                0x20004246                mSenseKey
 .bss.mdCBWTag  0x20004247        0x4 ./app/ch57x_usb_device_msc.o
                0x20004247                mdCBWTag
 *fill*         0x2000424b        0x1 
 .bss.pBuf      0x2000424c        0x4 ./app/ch57x_usb_device_msc.o
                0x2000424c                pBuf
 .bss.pBuf_ReSelect
                0x20004250        0x1 ./app/ch57x_usb_device_msc.o
                0x20004250                pBuf_ReSelect
 *fill*         0x20004251        0x3 
 .bss.pDescr    0x20004254        0x4 ./app/ch57x_usb_device_msc.o
                0x20004254                pDescr
 .bss.FatFs     0x20004258        0x4 ./app/ff.o
 .bss.Fsid      0x2000425c        0x2 ./app/ff.o
 .bss.ReadBuffer
                0x2000425e      0x400 ./app/peripheral_main.o
                0x2000425e                ReadBuffer
 *fill*         0x2000465e        0x2 
 .bss.fnew      0x20004660       0x28 ./app/peripheral_main.o
                0x20004660                fnew
 .bss.fnum      0x20004688        0x4 ./app/peripheral_main.o
                0x20004688                fnum
 .bss.fs        0x2000468c     0x1034 ./app/peripheral_main.o
                0x2000468c                fs
 .bss.res_flash
                0x200056c0        0x1 ./app/peripheral_main.o
                0x200056c0                res_flash
 .bss.uart0_read_buf
                0x200056c1      0x400 ./app/peripheral_main.o
                0x200056c1                uart0_read_buf
 .bss.uart0_read_flag
                0x20005ac1        0x1 ./app/peripheral_main.o
                0x20005ac1                uart0_read_flag
 .bss.uart0_read_len
                0x20005ac2        0x1 ./app/peripheral_main.o
                0x20005ac2                uart0_read_len
 .bss.uart0_read_timeout
                0x20005ac3        0x1 ./app/peripheral_main.o
                0x20005ac3                uart0_read_timeout
 .bss.work      0x20005ac4     0x1000 ./app/peripheral_main.o
                0x20005ac4                work
 .bss.pEP0_RAM_Addr
                0x20006ac4        0x4 ./StdPeriphDriver/CH57x_usbdev.o
                0x20006ac4                pEP0_RAM_Addr
 .bss.pEP1_RAM_Addr
                0x20006ac8        0x4 ./StdPeriphDriver/CH57x_usbdev.o
                0x20006ac8                pEP1_RAM_Addr
 .bss.pEP2_RAM_Addr
                0x20006acc        0x4 ./StdPeriphDriver/CH57x_usbdev.o
                0x20006acc                pEP2_RAM_Addr
 .bss.pEP3_RAM_Addr
                0x20006ad0        0x4 ./StdPeriphDriver/CH57x_usbdev.o
                0x20006ad0                pEP3_RAM_Addr
 .bss.__malloc_free_list
                0x20006ad4        0x4 c:/gcc-arm-none-eabi-7-2017-q4-major-win32/bin/../lib/gcc/arm-none-eabi/7.2.1/../../../../arm-none-eabi/lib/thumb/v6-m\libg_nano.a(lib_a-nano-mallocr.o)
                0x20006ad4                __malloc_free_list
 .bss.__malloc_sbrk_start
                0x20006ad8        0x4 c:/gcc-arm-none-eabi-7-2017-q4-major-win32/bin/../lib/gcc/arm-none-eabi/7.2.1/../../../../arm-none-eabi/lib/thumb/v6-m\libg_nano.a(lib_a-nano-mallocr.o)
                0x20006ad8                __malloc_sbrk_start
 .bss.heap_end.4102
                0x20006adc        0x4 c:/gcc-arm-none-eabi-7-2017-q4-major-win32/bin/../lib/gcc/arm-none-eabi/7.2.1/../../../../arm-none-eabi/lib/thumb/v6-m\libnosys.a(sbrk.o)
 *(COMMON)
 COMMON         0x20006ae0        0x4 c:/gcc-arm-none-eabi-7-2017-q4-major-win32/bin/../lib/gcc/arm-none-eabi/7.2.1/../../../../arm-none-eabi/lib/thumb/v6-m\libg_nano.a(lib_a-reent.o)
                0x20006ae0                errno
                0x20006ae4                . = ALIGN (0x4)
                0x20006ae4                _ebss = .
                0x20006ae4                __bss_end__ = _ebss

._user_heap_stack
                0x20006ae4      0x800 load address 0x00005a9c
                0x20006ae4                . = ALIGN (0x4)
                0x20006ae4                PROVIDE (end, .)
                [!provide]                PROVIDE (_end, .)
                0x20006ee4                . = (. + _Min_Heap_Size)
 *fill*         0x20006ae4      0x400 
                0x200072e4                . = (. + _Min_Stack_Size)
 *fill*         0x20006ee4      0x400 
                0x200072e4                . = ALIGN (0x4)

/DISCARD/
 libc.a(*)
 libm.a(*)
 libgcc.a(*)

.ARM.attributes
                0x00000000       0x2f
 *(.ARM.attributes)
 .ARM.attributes
                0x00000000       0x31 ./hal/hal_flash.o
 .ARM.attributes
                0x00000031       0x31 ./hal/hal_device.o
 .ARM.attributes
                0x00000062       0x31 ./hal/hal_spi.o
 .ARM.attributes
                0x00000093       0x31 ./bsp/bsp_log.o
 .ARM.attributes
                0x000000c4       0x31 ./bsp/bsp_spi.o
 .ARM.attributes
                0x000000f5       0x31 ./app/ch57x_usb_device_msc.o
 .ARM.attributes
                0x00000126       0x31 ./app/diskio.o
 .ARM.attributes
                0x00000157       0x31 ./app/ff.o
 .ARM.attributes
                0x00000188       0x31 ./app/ffunicode.o
 .ARM.attributes
                0x000001b9       0x31 ./app/peripheral_main.o
 .ARM.attributes
                0x000001ea       0x31 ./StdPeriphDriver/CH57x_clk.o
 .ARM.attributes
                0x0000021b       0x31 ./StdPeriphDriver/CH57x_gpio.o
 .ARM.attributes
                0x0000024c       0x31 ./StdPeriphDriver/CH57x_int.o
 .ARM.attributes
                0x0000027d       0x31 ./StdPeriphDriver/CH57x_pwr.o
 .ARM.attributes
                0x000002ae       0x31 ./StdPeriphDriver/CH57x_spi0.o
 .ARM.attributes
                0x000002df       0x31 ./StdPeriphDriver/CH57x_sys.o
 .ARM.attributes
                0x00000310       0x31 ./StdPeriphDriver/CH57x_uart0.o
 .ARM.attributes
                0x00000341       0x31 ./StdPeriphDriver/CH57x_usbdev.o
 .ARM.attributes
                0x00000372       0x21 ./Startup/startup_ch579.o
 .ARM.attributes
                0x00000393       0x1e c:/gcc-arm-none-eabi-7-2017-q4-major-win32/bin/../lib/gcc/arm-none-eabi/7.2.1/thumb/v6-m\libgcc.a(_thumb1_case_uqi.o)
 .ARM.attributes
                0x000003b1       0x1e c:/gcc-arm-none-eabi-7-2017-q4-major-win32/bin/../lib/gcc/arm-none-eabi/7.2.1/thumb/v6-m\libgcc.a(_udivsi3.o)
 .ARM.attributes
                0x000003cf       0x1e c:/gcc-arm-none-eabi-7-2017-q4-major-win32/bin/../lib/gcc/arm-none-eabi/7.2.1/thumb/v6-m\libgcc.a(_divsi3.o)
 .ARM.attributes
                0x000003ed       0x1e c:/gcc-arm-none-eabi-7-2017-q4-major-win32/bin/../lib/gcc/arm-none-eabi/7.2.1/thumb/v6-m\libgcc.a(_dvmd_tls.o)
 .ARM.attributes
                0x0000040b       0x2c c:/gcc-arm-none-eabi-7-2017-q4-major-win32/bin/../lib/gcc/arm-none-eabi/7.2.1/../../../../arm-none-eabi/lib/thumb/v6-m\libg_nano.a(lib_a-malloc.o)
 .ARM.attributes
                0x00000437       0x2c c:/gcc-arm-none-eabi-7-2017-q4-major-win32/bin/../lib/gcc/arm-none-eabi/7.2.1/../../../../arm-none-eabi/lib/thumb/v6-m\libg_nano.a(lib_a-memcpy-stub.o)
 .ARM.attributes
                0x00000463       0x2c c:/gcc-arm-none-eabi-7-2017-q4-major-win32/bin/../lib/gcc/arm-none-eabi/7.2.1/../../../../arm-none-eabi/lib/thumb/v6-m\libg_nano.a(lib_a-memset.o)
 .ARM.attributes
                0x0000048f       0x2c c:/gcc-arm-none-eabi-7-2017-q4-major-win32/bin/../lib/gcc/arm-none-eabi/7.2.1/../../../../arm-none-eabi/lib/thumb/v6-m\libg_nano.a(lib_a-nano-freer.o)
 .ARM.attributes
                0x000004bb       0x2c c:/gcc-arm-none-eabi-7-2017-q4-major-win32/bin/../lib/gcc/arm-none-eabi/7.2.1/../../../../arm-none-eabi/lib/thumb/v6-m\libg_nano.a(lib_a-nano-mallocr.o)
 .ARM.attributes
                0x000004e7       0x2c c:/gcc-arm-none-eabi-7-2017-q4-major-win32/bin/../lib/gcc/arm-none-eabi/7.2.1/../../../../arm-none-eabi/lib/thumb/v6-m\libg_nano.a(lib_a-sbrkr.o)
 .ARM.attributes
                0x00000513       0x1c c:/gcc-arm-none-eabi-7-2017-q4-major-win32/bin/../lib/gcc/arm-none-eabi/7.2.1/../../../../arm-none-eabi/lib/thumb/v6-m\libg_nano.a(lib_a-strcmp.o)
 .ARM.attributes
                0x0000052f       0x2c c:/gcc-arm-none-eabi-7-2017-q4-major-win32/bin/../lib/gcc/arm-none-eabi/7.2.1/../../../../arm-none-eabi/lib/thumb/v6-m\libg_nano.a(lib_a-vprintf.o)
 .ARM.attributes
                0x0000055b       0x2c c:/gcc-arm-none-eabi-7-2017-q4-major-win32/bin/../lib/gcc/arm-none-eabi/7.2.1/../../../../arm-none-eabi/lib/thumb/v6-m\libg_nano.a(lib_a-findfp.o)
 .ARM.attributes
                0x00000587       0x2c c:/gcc-arm-none-eabi-7-2017-q4-major-win32/bin/../lib/gcc/arm-none-eabi/7.2.1/../../../../arm-none-eabi/lib/thumb/v6-m\libg_nano.a(lib_a-fwalk.o)
 .ARM.attributes
                0x000005b3       0x2c c:/gcc-arm-none-eabi-7-2017-q4-major-win32/bin/../lib/gcc/arm-none-eabi/7.2.1/../../../../arm-none-eabi/lib/thumb/v6-m\libg_nano.a(lib_a-impure.o)
 .ARM.attributes
                0x000005df       0x2c c:/gcc-arm-none-eabi-7-2017-q4-major-win32/bin/../lib/gcc/arm-none-eabi/7.2.1/../../../../arm-none-eabi/lib/thumb/v6-m\libg_nano.a(lib_a-mlock.o)
 .ARM.attributes
                0x0000060b       0x2c c:/gcc-arm-none-eabi-7-2017-q4-major-win32/bin/../lib/gcc/arm-none-eabi/7.2.1/../../../../arm-none-eabi/lib/thumb/v6-m\libg_nano.a(lib_a-nano-vfprintf.o)
 .ARM.attributes
                0x00000637       0x2c c:/gcc-arm-none-eabi-7-2017-q4-major-win32/bin/../lib/gcc/arm-none-eabi/7.2.1/../../../../arm-none-eabi/lib/thumb/v6-m\libg_nano.a(lib_a-nano-vfprintf_i.o)
 .ARM.attributes
                0x00000663       0x2c c:/gcc-arm-none-eabi-7-2017-q4-major-win32/bin/../lib/gcc/arm-none-eabi/7.2.1/../../../../arm-none-eabi/lib/thumb/v6-m\libg_nano.a(lib_a-reent.o)
 .ARM.attributes
                0x0000068f       0x2c c:/gcc-arm-none-eabi-7-2017-q4-major-win32/bin/../lib/gcc/arm-none-eabi/7.2.1/../../../../arm-none-eabi/lib/thumb/v6-m\libg_nano.a(lib_a-stdio.o)
 .ARM.attributes
                0x000006bb       0x2c c:/gcc-arm-none-eabi-7-2017-q4-major-win32/bin/../lib/gcc/arm-none-eabi/7.2.1/../../../../arm-none-eabi/lib/thumb/v6-m\libg_nano.a(lib_a-wbuf.o)
 .ARM.attributes
                0x000006e7       0x2c c:/gcc-arm-none-eabi-7-2017-q4-major-win32/bin/../lib/gcc/arm-none-eabi/7.2.1/../../../../arm-none-eabi/lib/thumb/v6-m\libg_nano.a(lib_a-writer.o)
 .ARM.attributes
                0x00000713       0x2c c:/gcc-arm-none-eabi-7-2017-q4-major-win32/bin/../lib/gcc/arm-none-eabi/7.2.1/../../../../arm-none-eabi/lib/thumb/v6-m\libg_nano.a(lib_a-wsetup.o)
 .ARM.attributes
                0x0000073f       0x2c c:/gcc-arm-none-eabi-7-2017-q4-major-win32/bin/../lib/gcc/arm-none-eabi/7.2.1/../../../../arm-none-eabi/lib/thumb/v6-m\libg_nano.a(lib_a-closer.o)
 .ARM.attributes
                0x0000076b       0x2c c:/gcc-arm-none-eabi-7-2017-q4-major-win32/bin/../lib/gcc/arm-none-eabi/7.2.1/../../../../arm-none-eabi/lib/thumb/v6-m\libg_nano.a(lib_a-fflush.o)
 .ARM.attributes
                0x00000797       0x2c c:/gcc-arm-none-eabi-7-2017-q4-major-win32/bin/../lib/gcc/arm-none-eabi/7.2.1/../../../../arm-none-eabi/lib/thumb/v6-m\libg_nano.a(lib_a-lseekr.o)
 .ARM.attributes
                0x000007c3       0x2c c:/gcc-arm-none-eabi-7-2017-q4-major-win32/bin/../lib/gcc/arm-none-eabi/7.2.1/../../../../arm-none-eabi/lib/thumb/v6-m\libg_nano.a(lib_a-makebuf.o)
 .ARM.attributes
                0x000007ef       0x2c c:/gcc-arm-none-eabi-7-2017-q4-major-win32/bin/../lib/gcc/arm-none-eabi/7.2.1/../../../../arm-none-eabi/lib/thumb/v6-m\libg_nano.a(lib_a-memchr-stub.o)
 .ARM.attributes
                0x0000081b       0x2c c:/gcc-arm-none-eabi-7-2017-q4-major-win32/bin/../lib/gcc/arm-none-eabi/7.2.1/../../../../arm-none-eabi/lib/thumb/v6-m\libg_nano.a(lib_a-readr.o)
 .ARM.attributes
                0x00000847       0x2c c:/gcc-arm-none-eabi-7-2017-q4-major-win32/bin/../lib/gcc/arm-none-eabi/7.2.1/../../../../arm-none-eabi/lib/thumb/v6-m\libg_nano.a(lib_a-fstatr.o)
 .ARM.attributes
                0x00000873       0x2c c:/gcc-arm-none-eabi-7-2017-q4-major-win32/bin/../lib/gcc/arm-none-eabi/7.2.1/../../../../arm-none-eabi/lib/thumb/v6-m\libg_nano.a(lib_a-isattyr.o)
 .ARM.attributes
                0x0000089f       0x2c c:/gcc-arm-none-eabi-7-2017-q4-major-win32/bin/../lib/gcc/arm-none-eabi/7.2.1/../../../../arm-none-eabi/lib/thumb/v6-m\libnosys.a(close.o)
 .ARM.attributes
                0x000008cb       0x2c c:/gcc-arm-none-eabi-7-2017-q4-major-win32/bin/../lib/gcc/arm-none-eabi/7.2.1/../../../../arm-none-eabi/lib/thumb/v6-m\libnosys.a(fstat.o)
 .ARM.attributes
                0x000008f7       0x2c c:/gcc-arm-none-eabi-7-2017-q4-major-win32/bin/../lib/gcc/arm-none-eabi/7.2.1/../../../../arm-none-eabi/lib/thumb/v6-m\libnosys.a(isatty.o)
 .ARM.attributes
                0x00000923       0x2c c:/gcc-arm-none-eabi-7-2017-q4-major-win32/bin/../lib/gcc/arm-none-eabi/7.2.1/../../../../arm-none-eabi/lib/thumb/v6-m\libnosys.a(lseek.o)
 .ARM.attributes
                0x0000094f       0x2c c:/gcc-arm-none-eabi-7-2017-q4-major-win32/bin/../lib/gcc/arm-none-eabi/7.2.1/../../../../arm-none-eabi/lib/thumb/v6-m\libnosys.a(read.o)
 .ARM.attributes
                0x0000097b       0x2c c:/gcc-arm-none-eabi-7-2017-q4-major-win32/bin/../lib/gcc/arm-none-eabi/7.2.1/../../../../arm-none-eabi/lib/thumb/v6-m\libnosys.a(sbrk.o)
OUTPUT(ch57x_ble_uart_mrs_app_only_test.elf elf32-littlearm)

.debug_info     0x00000000    0x13aa3
 .debug_info    0x00000000     0x1125 ./hal/hal_flash.o
 .debug_info    0x00001125      0xc56 ./hal/hal_device.o
 .debug_info    0x00001d7b     0x100a ./hal/hal_spi.o
 .debug_info    0x00002d85      0xbda ./bsp/bsp_log.o
 .debug_info    0x0000395f      0xd37 ./bsp/bsp_spi.o
 .debug_info    0x00004696     0x13d7 ./app/ch57x_usb_device_msc.o
 .debug_info    0x00005a6d      0xf44 ./app/diskio.o
 .debug_info    0x000069b1     0x4bbe ./app/ff.o
 .debug_info    0x0000b56f      0x233 ./app/ffunicode.o
 .debug_info    0x0000b7a2     0x1713 ./app/peripheral_main.o
 .debug_info    0x0000ceb5     0x152d ./StdPeriphDriver/CH57x_clk.o
 .debug_info    0x0000e3e2      0xbd5 ./StdPeriphDriver/CH57x_gpio.o
 .debug_info    0x0000efb7      0xcd2 ./StdPeriphDriver/CH57x_int.o
 .debug_info    0x0000fc89      0xcaa ./StdPeriphDriver/CH57x_pwr.o
 .debug_info    0x00010933      0xd0c ./StdPeriphDriver/CH57x_spi0.o
 .debug_info    0x0001163f      0xd7d ./StdPeriphDriver/CH57x_sys.o
 .debug_info    0x000123bc      0xbbb ./StdPeriphDriver/CH57x_uart0.o
 .debug_info    0x00012f77      0xb0a ./StdPeriphDriver/CH57x_usbdev.o
 .debug_info    0x00013a81       0x22 ./Startup/startup_ch579.o

.debug_abbrev   0x00000000     0x2ff5
 .debug_abbrev  0x00000000      0x36b ./hal/hal_flash.o
 .debug_abbrev  0x0000036b      0x260 ./hal/hal_device.o
 .debug_abbrev  0x000005cb      0x30a ./hal/hal_spi.o
 .debug_abbrev  0x000008d5      0x211 ./bsp/bsp_log.o
 .debug_abbrev  0x00000ae6      0x2a0 ./bsp/bsp_spi.o
 .debug_abbrev  0x00000d86      0x341 ./app/ch57x_usb_device_msc.o
 .debug_abbrev  0x000010c7      0x33b ./app/diskio.o
 .debug_abbrev  0x00001402      0x3af ./app/ff.o
 .debug_abbrev  0x000017b1       0xda ./app/ffunicode.o
 .debug_abbrev  0x0000188b      0x323 ./app/peripheral_main.o
 .debug_abbrev  0x00001bae      0x3cb ./StdPeriphDriver/CH57x_clk.o
 .debug_abbrev  0x00001f79      0x214 ./StdPeriphDriver/CH57x_gpio.o
 .debug_abbrev  0x0000218d      0x237 ./StdPeriphDriver/CH57x_int.o
 .debug_abbrev  0x000023c4      0x246 ./StdPeriphDriver/CH57x_pwr.o
 .debug_abbrev  0x0000260a      0x2af ./StdPeriphDriver/CH57x_spi0.o
 .debug_abbrev  0x000028b9      0x2b5 ./StdPeriphDriver/CH57x_sys.o
 .debug_abbrev  0x00002b6e      0x28c ./StdPeriphDriver/CH57x_uart0.o
 .debug_abbrev  0x00002dfa      0x1e9 ./StdPeriphDriver/CH57x_usbdev.o
 .debug_abbrev  0x00002fe3       0x12 ./Startup/startup_ch579.o

.debug_loc      0x00000000     0x8cdd
 .debug_loc     0x00000000      0x26c ./hal/hal_flash.o
 .debug_loc     0x0000026c      0x2d9 ./hal/hal_device.o
 .debug_loc     0x00000545      0x2f4 ./hal/hal_spi.o
 .debug_loc     0x00000839      0x22e ./bsp/bsp_spi.o
 .debug_loc     0x00000a67      0x327 ./app/ch57x_usb_device_msc.o
 .debug_loc     0x00000d8e      0x3f5 ./app/diskio.o
 .debug_loc     0x00001183     0x6212 ./app/ff.o
 .debug_loc     0x00007395      0x24f ./app/ffunicode.o
 .debug_loc     0x000075e4       0x34 ./app/peripheral_main.o
 .debug_loc     0x00007618      0xb41 ./StdPeriphDriver/CH57x_clk.o
 .debug_loc     0x00008159      0x254 ./StdPeriphDriver/CH57x_gpio.o
 .debug_loc     0x000083ad      0x153 ./StdPeriphDriver/CH57x_int.o
 .debug_loc     0x00008500      0x1d8 ./StdPeriphDriver/CH57x_pwr.o
 .debug_loc     0x000086d8      0x282 ./StdPeriphDriver/CH57x_spi0.o
 .debug_loc     0x0000895a      0x1dc ./StdPeriphDriver/CH57x_sys.o
 .debug_loc     0x00008b36      0x1a7 ./StdPeriphDriver/CH57x_uart0.o

.debug_aranges  0x00000000      0x7e8
 .debug_aranges
                0x00000000       0x68 ./hal/hal_flash.o
 .debug_aranges
                0x00000068       0x50 ./hal/hal_device.o
 .debug_aranges
                0x000000b8       0x40 ./hal/hal_spi.o
 .debug_aranges
                0x000000f8       0x40 ./bsp/bsp_log.o
 .debug_aranges
                0x00000138       0x38 ./bsp/bsp_spi.o
 .debug_aranges
                0x00000170       0xa8 ./app/ch57x_usb_device_msc.o
 .debug_aranges
                0x00000218       0x58 ./app/diskio.o
 .debug_aranges
                0x00000270      0x1b8 ./app/ff.o
 .debug_aranges
                0x00000428       0x30 ./app/ffunicode.o
 .debug_aranges
                0x00000458       0x30 ./app/peripheral_main.o
 .debug_aranges
                0x00000488       0xd8 ./StdPeriphDriver/CH57x_clk.o
 .debug_aranges
                0x00000560       0x48 ./StdPeriphDriver/CH57x_gpio.o
 .debug_aranges
                0x000005a8       0x40 ./StdPeriphDriver/CH57x_int.o
 .debug_aranges
                0x000005e8       0x50 ./StdPeriphDriver/CH57x_pwr.o
 .debug_aranges
                0x00000638       0x88 ./StdPeriphDriver/CH57x_spi0.o
 .debug_aranges
                0x000006c0       0x70 ./StdPeriphDriver/CH57x_sys.o
 .debug_aranges
                0x00000730       0x50 ./StdPeriphDriver/CH57x_uart0.o
 .debug_aranges
                0x00000780       0x40 ./StdPeriphDriver/CH57x_usbdev.o
 .debug_aranges
                0x000007c0       0x28 ./Startup/startup_ch579.o

.debug_ranges   0x00000000      0xd20
 .debug_ranges  0x00000000       0x58 ./hal/hal_flash.o
 .debug_ranges  0x00000058       0x40 ./hal/hal_device.o
 .debug_ranges  0x00000098       0xe8 ./hal/hal_spi.o
 .debug_ranges  0x00000180       0x30 ./bsp/bsp_log.o
 .debug_ranges  0x000001b0       0x70 ./bsp/bsp_spi.o
 .debug_ranges  0x00000220       0xb0 ./app/ch57x_usb_device_msc.o
 .debug_ranges  0x000002d0       0x78 ./app/diskio.o
 .debug_ranges  0x00000348      0x6c0 ./app/ff.o
 .debug_ranges  0x00000a08       0x20 ./app/ffunicode.o
 .debug_ranges  0x00000a28       0x20 ./app/peripheral_main.o
 .debug_ranges  0x00000a48       0xc8 ./StdPeriphDriver/CH57x_clk.o
 .debug_ranges  0x00000b10       0x38 ./StdPeriphDriver/CH57x_gpio.o
 .debug_ranges  0x00000b48       0x30 ./StdPeriphDriver/CH57x_int.o
 .debug_ranges  0x00000b78       0x40 ./StdPeriphDriver/CH57x_pwr.o
 .debug_ranges  0x00000bb8       0x78 ./StdPeriphDriver/CH57x_spi0.o
 .debug_ranges  0x00000c30       0x60 ./StdPeriphDriver/CH57x_sys.o
 .debug_ranges  0x00000c90       0x40 ./StdPeriphDriver/CH57x_uart0.o
 .debug_ranges  0x00000cd0       0x30 ./StdPeriphDriver/CH57x_usbdev.o
 .debug_ranges  0x00000d00       0x20 ./Startup/startup_ch579.o

.debug_line     0x00000000     0x57a2
 .debug_line    0x00000000      0x4cb ./hal/hal_flash.o
 .debug_line    0x000004cb      0x23e ./hal/hal_device.o
 .debug_line    0x00000709      0x459 ./hal/hal_spi.o
 .debug_line    0x00000b62      0x26a ./bsp/bsp_log.o
 .debug_line    0x00000dcc      0x2c0 ./bsp/bsp_spi.o
 .debug_line    0x0000108c      0x6ce ./app/ch57x_usb_device_msc.o
 .debug_line    0x0000175a      0x413 ./app/diskio.o
 .debug_line    0x00001b6d     0x1360 ./app/ff.o
 .debug_line    0x00002ecd      0x161 ./app/ffunicode.o
 .debug_line    0x0000302e      0x544 ./app/peripheral_main.o
 .debug_line    0x00003572      0x88a ./StdPeriphDriver/CH57x_clk.o
 .debug_line    0x00003dfc      0x2fa ./StdPeriphDriver/CH57x_gpio.o
 .debug_line    0x000040f6      0x465 ./StdPeriphDriver/CH57x_int.o
 .debug_line    0x0000455b      0x419 ./StdPeriphDriver/CH57x_pwr.o
 .debug_line    0x00004974      0x3bc ./StdPeriphDriver/CH57x_spi0.o
 .debug_line    0x00004d30      0x437 ./StdPeriphDriver/CH57x_sys.o
 .debug_line    0x00005167      0x2be ./StdPeriphDriver/CH57x_uart0.o
 .debug_line    0x00005425      0x293 ./StdPeriphDriver/CH57x_usbdev.o
 .debug_line    0x000056b8       0xea ./Startup/startup_ch579.o

.debug_str      0x00000000     0x2994
 .debug_str     0x00000000      0x9c2 ./hal/hal_flash.o
                                0xa88 (size before relaxing)
 .debug_str     0x000009c2      0x108 ./hal/hal_device.o
                                0x72a (size before relaxing)
 .debug_str     0x00000aca       0x9c ./hal/hal_spi.o
                                0x9f8 (size before relaxing)
 .debug_str     0x00000b66       0x8d ./bsp/bsp_log.o
                                0x801 (size before relaxing)
 .debug_str     0x00000bf3      0x162 ./bsp/bsp_spi.o
                                0x8f0 (size before relaxing)
 .debug_str     0x00000d55      0x42a ./app/ch57x_usb_device_msc.o
                                0xbf5 (size before relaxing)
 .debug_str     0x0000117f       0xc9 ./app/diskio.o
                                0x8a5 (size before relaxing)
 .debug_str     0x00001248      0x5c9 ./app/ff.o
                                0x88e (size before relaxing)
 .debug_str     0x00001811       0x23 ./app/ffunicode.o
                                0x21e (size before relaxing)
 .debug_str     0x00001834      0x3f3 ./app/peripheral_main.o
                                0xe54 (size before relaxing)
 .debug_str     0x00001c27      0x557 ./StdPeriphDriver/CH57x_clk.o
                                0xdf3 (size before relaxing)
 .debug_str     0x0000217e      0x12f ./StdPeriphDriver/CH57x_gpio.o
                                0x901 (size before relaxing)
 .debug_str     0x000022ad      0x105 ./StdPeriphDriver/CH57x_int.o
                                0x88a (size before relaxing)
 .debug_str     0x000023b2       0xdb ./StdPeriphDriver/CH57x_pwr.o
                                0x8b1 (size before relaxing)
 .debug_str     0x0000248d      0x170 ./StdPeriphDriver/CH57x_spi0.o
                                0x967 (size before relaxing)
 .debug_str     0x000025fd      0x191 ./StdPeriphDriver/CH57x_sys.o
                                0x956 (size before relaxing)
 .debug_str     0x0000278e       0xc8 ./StdPeriphDriver/CH57x_uart0.o
                                0x8a6 (size before relaxing)
 .debug_str     0x00002856       0xb9 ./StdPeriphDriver/CH57x_usbdev.o
                                0x81c (size before relaxing)
 .debug_str     0x0000290f       0x85 ./Startup/startup_ch579.o
                                0x108 (size before relaxing)

.comment        0x00000000       0x7e
 .comment       0x00000000       0x7e ./hal/hal_flash.o
                                 0x7f (size before relaxing)
 .comment       0x0000007e       0x7f ./hal/hal_device.o
 .comment       0x0000007e       0x7f ./hal/hal_spi.o
 .comment       0x0000007e       0x7f ./bsp/bsp_log.o
 .comment       0x0000007e       0x7f ./bsp/bsp_spi.o
 .comment       0x0000007e       0x7f ./app/ch57x_usb_device_msc.o
 .comment       0x0000007e       0x7f ./app/diskio.o
 .comment       0x0000007e       0x7f ./app/ff.o
 .comment       0x0000007e       0x7f ./app/ffunicode.o
 .comment       0x0000007e       0x7f ./app/peripheral_main.o
 .comment       0x0000007e       0x7f ./StdPeriphDriver/CH57x_clk.o
 .comment       0x0000007e       0x7f ./StdPeriphDriver/CH57x_gpio.o
 .comment       0x0000007e       0x7f ./StdPeriphDriver/CH57x_int.o
 .comment       0x0000007e       0x7f ./StdPeriphDriver/CH57x_pwr.o
 .comment       0x0000007e       0x7f ./StdPeriphDriver/CH57x_spi0.o
 .comment       0x0000007e       0x7f ./StdPeriphDriver/CH57x_sys.o
 .comment       0x0000007e       0x7f ./StdPeriphDriver/CH57x_uart0.o
 .comment       0x0000007e       0x7f ./StdPeriphDriver/CH57x_usbdev.o

.debug_frame    0x00000000     0x1d20
 .debug_frame   0x00000000      0x140 ./hal/hal_flash.o
 .debug_frame   0x00000140       0xc0 ./hal/hal_device.o
 .debug_frame   0x00000200       0xa8 ./hal/hal_spi.o
 .debug_frame   0x000002a8       0xa0 ./bsp/bsp_log.o
 .debug_frame   0x00000348       0x78 ./bsp/bsp_spi.o
 .debug_frame   0x000003c0      0x1e8 ./app/ch57x_usb_device_msc.o
 .debug_frame   0x000005a8       0xd0 ./app/diskio.o
 .debug_frame   0x00000678      0x620 ./app/ff.o
 .debug_frame   0x00000c98       0x58 ./app/ffunicode.o
 .debug_frame   0x00000cf0       0x64 ./app/peripheral_main.o
 .debug_frame   0x00000d54      0x20c ./StdPeriphDriver/CH57x_clk.o
 .debug_frame   0x00000f60       0x90 ./StdPeriphDriver/CH57x_gpio.o
 .debug_frame   0x00000ff0       0xb4 ./StdPeriphDriver/CH57x_int.o
 .debug_frame   0x000010a4       0xd0 ./StdPeriphDriver/CH57x_pwr.o
 .debug_frame   0x00001174      0x158 ./StdPeriphDriver/CH57x_spi0.o
 .debug_frame   0x000012cc       0xe8 ./StdPeriphDriver/CH57x_sys.o
 .debug_frame   0x000013b4       0xa8 ./StdPeriphDriver/CH57x_uart0.o
 .debug_frame   0x0000145c       0x68 ./StdPeriphDriver/CH57x_usbdev.o
 .debug_frame   0x000014c4       0x20 c:/gcc-arm-none-eabi-7-2017-q4-major-win32/bin/../lib/gcc/arm-none-eabi/7.2.1/thumb/v6-m\libgcc.a(_udivsi3.o)
 .debug_frame   0x000014e4       0x20 c:/gcc-arm-none-eabi-7-2017-q4-major-win32/bin/../lib/gcc/arm-none-eabi/7.2.1/thumb/v6-m\libgcc.a(_divsi3.o)
 .debug_frame   0x00001504       0x40 c:/gcc-arm-none-eabi-7-2017-q4-major-win32/bin/../lib/gcc/arm-none-eabi/7.2.1/../../../../arm-none-eabi/lib/thumb/v6-m\libg_nano.a(lib_a-malloc.o)
 .debug_frame   0x00001544       0x28 c:/gcc-arm-none-eabi-7-2017-q4-major-win32/bin/../lib/gcc/arm-none-eabi/7.2.1/../../../../arm-none-eabi/lib/thumb/v6-m\libg_nano.a(lib_a-memcpy-stub.o)
 .debug_frame   0x0000156c       0x20 c:/gcc-arm-none-eabi-7-2017-q4-major-win32/bin/../lib/gcc/arm-none-eabi/7.2.1/../../../../arm-none-eabi/lib/thumb/v6-m\libg_nano.a(lib_a-memset.o)
 .debug_frame   0x0000158c       0x2c c:/gcc-arm-none-eabi-7-2017-q4-major-win32/bin/../lib/gcc/arm-none-eabi/7.2.1/../../../../arm-none-eabi/lib/thumb/v6-m\libg_nano.a(lib_a-nano-freer.o)
 .debug_frame   0x000015b8       0x2c c:/gcc-arm-none-eabi-7-2017-q4-major-win32/bin/../lib/gcc/arm-none-eabi/7.2.1/../../../../arm-none-eabi/lib/thumb/v6-m\libg_nano.a(lib_a-nano-mallocr.o)
 .debug_frame   0x000015e4       0x2c c:/gcc-arm-none-eabi-7-2017-q4-major-win32/bin/../lib/gcc/arm-none-eabi/7.2.1/../../../../arm-none-eabi/lib/thumb/v6-m\libg_nano.a(lib_a-sbrkr.o)
 .debug_frame   0x00001610       0x20 c:/gcc-arm-none-eabi-7-2017-q4-major-win32/bin/../lib/gcc/arm-none-eabi/7.2.1/../../../../arm-none-eabi/lib/thumb/v6-m\libg_nano.a(lib_a-strcmp.o)
 .debug_frame   0x00001630       0x48 c:/gcc-arm-none-eabi-7-2017-q4-major-win32/bin/../lib/gcc/arm-none-eabi/7.2.1/../../../../arm-none-eabi/lib/thumb/v6-m\libg_nano.a(lib_a-vprintf.o)
 .debug_frame   0x00001678      0x140 c:/gcc-arm-none-eabi-7-2017-q4-major-win32/bin/../lib/gcc/arm-none-eabi/7.2.1/../../../../arm-none-eabi/lib/thumb/v6-m\libg_nano.a(lib_a-findfp.o)
 .debug_frame   0x000017b8       0x58 c:/gcc-arm-none-eabi-7-2017-q4-major-win32/bin/../lib/gcc/arm-none-eabi/7.2.1/../../../../arm-none-eabi/lib/thumb/v6-m\libg_nano.a(lib_a-fwalk.o)
 .debug_frame   0x00001810       0x30 c:/gcc-arm-none-eabi-7-2017-q4-major-win32/bin/../lib/gcc/arm-none-eabi/7.2.1/../../../../arm-none-eabi/lib/thumb/v6-m\libg_nano.a(lib_a-mlock.o)
 .debug_frame   0x00001840       0x9c c:/gcc-arm-none-eabi-7-2017-q4-major-win32/bin/../lib/gcc/arm-none-eabi/7.2.1/../../../../arm-none-eabi/lib/thumb/v6-m\libg_nano.a(lib_a-nano-vfprintf.o)
 .debug_frame   0x000018dc       0x54 c:/gcc-arm-none-eabi-7-2017-q4-major-win32/bin/../lib/gcc/arm-none-eabi/7.2.1/../../../../arm-none-eabi/lib/thumb/v6-m\libg_nano.a(lib_a-nano-vfprintf_i.o)
 .debug_frame   0x00001930       0x48 c:/gcc-arm-none-eabi-7-2017-q4-major-win32/bin/../lib/gcc/arm-none-eabi/7.2.1/../../../../arm-none-eabi/lib/thumb/v6-m\libg_nano.a(lib_a-reent.o)
 .debug_frame   0x00001978       0x90 c:/gcc-arm-none-eabi-7-2017-q4-major-win32/bin/../lib/gcc/arm-none-eabi/7.2.1/../../../../arm-none-eabi/lib/thumb/v6-m\libg_nano.a(lib_a-stdio.o)
 .debug_frame   0x00001a08       0x48 c:/gcc-arm-none-eabi-7-2017-q4-major-win32/bin/../lib/gcc/arm-none-eabi/7.2.1/../../../../arm-none-eabi/lib/thumb/v6-m\libg_nano.a(lib_a-wbuf.o)
 .debug_frame   0x00001a50       0x2c c:/gcc-arm-none-eabi-7-2017-q4-major-win32/bin/../lib/gcc/arm-none-eabi/7.2.1/../../../../arm-none-eabi/lib/thumb/v6-m\libg_nano.a(lib_a-writer.o)
 .debug_frame   0x00001a7c       0x2c c:/gcc-arm-none-eabi-7-2017-q4-major-win32/bin/../lib/gcc/arm-none-eabi/7.2.1/../../../../arm-none-eabi/lib/thumb/v6-m\libg_nano.a(lib_a-wsetup.o)
 .debug_frame   0x00001aa8       0x2c c:/gcc-arm-none-eabi-7-2017-q4-major-win32/bin/../lib/gcc/arm-none-eabi/7.2.1/../../../../arm-none-eabi/lib/thumb/v6-m\libg_nano.a(lib_a-closer.o)
 .debug_frame   0x00001ad4       0x68 c:/gcc-arm-none-eabi-7-2017-q4-major-win32/bin/../lib/gcc/arm-none-eabi/7.2.1/../../../../arm-none-eabi/lib/thumb/v6-m\libg_nano.a(lib_a-fflush.o)
 .debug_frame   0x00001b3c       0x2c c:/gcc-arm-none-eabi-7-2017-q4-major-win32/bin/../lib/gcc/arm-none-eabi/7.2.1/../../../../arm-none-eabi/lib/thumb/v6-m\libg_nano.a(lib_a-lseekr.o)
 .debug_frame   0x00001b68       0x54 c:/gcc-arm-none-eabi-7-2017-q4-major-win32/bin/../lib/gcc/arm-none-eabi/7.2.1/../../../../arm-none-eabi/lib/thumb/v6-m\libg_nano.a(lib_a-makebuf.o)
 .debug_frame   0x00001bbc       0x20 c:/gcc-arm-none-eabi-7-2017-q4-major-win32/bin/../lib/gcc/arm-none-eabi/7.2.1/../../../../arm-none-eabi/lib/thumb/v6-m\libg_nano.a(lib_a-memchr-stub.o)
 .debug_frame   0x00001bdc       0x2c c:/gcc-arm-none-eabi-7-2017-q4-major-win32/bin/../lib/gcc/arm-none-eabi/7.2.1/../../../../arm-none-eabi/lib/thumb/v6-m\libg_nano.a(lib_a-readr.o)
 .debug_frame   0x00001c08       0x2c c:/gcc-arm-none-eabi-7-2017-q4-major-win32/bin/../lib/gcc/arm-none-eabi/7.2.1/../../../../arm-none-eabi/lib/thumb/v6-m\libg_nano.a(lib_a-fstatr.o)
 .debug_frame   0x00001c34       0x2c c:/gcc-arm-none-eabi-7-2017-q4-major-win32/bin/../lib/gcc/arm-none-eabi/7.2.1/../../../../arm-none-eabi/lib/thumb/v6-m\libg_nano.a(lib_a-isattyr.o)
 .debug_frame   0x00001c60       0x20 c:/gcc-arm-none-eabi-7-2017-q4-major-win32/bin/../lib/gcc/arm-none-eabi/7.2.1/../../../../arm-none-eabi/lib/thumb/v6-m\libnosys.a(close.o)
 .debug_frame   0x00001c80       0x20 c:/gcc-arm-none-eabi-7-2017-q4-major-win32/bin/../lib/gcc/arm-none-eabi/7.2.1/../../../../arm-none-eabi/lib/thumb/v6-m\libnosys.a(fstat.o)
 .debug_frame   0x00001ca0       0x20 c:/gcc-arm-none-eabi-7-2017-q4-major-win32/bin/../lib/gcc/arm-none-eabi/7.2.1/../../../../arm-none-eabi/lib/thumb/v6-m\libnosys.a(isatty.o)
 .debug_frame   0x00001cc0       0x20 c:/gcc-arm-none-eabi-7-2017-q4-major-win32/bin/../lib/gcc/arm-none-eabi/7.2.1/../../../../arm-none-eabi/lib/thumb/v6-m\libnosys.a(lseek.o)
 .debug_frame   0x00001ce0       0x20 c:/gcc-arm-none-eabi-7-2017-q4-major-win32/bin/../lib/gcc/arm-none-eabi/7.2.1/../../../../arm-none-eabi/lib/thumb/v6-m\libnosys.a(read.o)
 .debug_frame   0x00001d00       0x20 c:/gcc-arm-none-eabi-7-2017-q4-major-win32/bin/../lib/gcc/arm-none-eabi/7.2.1/../../../../arm-none-eabi/lib/thumb/v6-m\libnosys.a(sbrk.o)

.stab           0x00000000       0x84
 .stab          0x00000000       0x24 c:/gcc-arm-none-eabi-7-2017-q4-major-win32/bin/../lib/gcc/arm-none-eabi/7.2.1/../../../../arm-none-eabi/lib/thumb/v6-m\libnosys.a(close.o)
 .stab          0x00000024       0x18 c:/gcc-arm-none-eabi-7-2017-q4-major-win32/bin/../lib/gcc/arm-none-eabi/7.2.1/../../../../arm-none-eabi/lib/thumb/v6-m\libnosys.a(fstat.o)
                                 0x24 (size before relaxing)
 .stab          0x0000003c       0x18 c:/gcc-arm-none-eabi-7-2017-q4-major-win32/bin/../lib/gcc/arm-none-eabi/7.2.1/../../../../arm-none-eabi/lib/thumb/v6-m\libnosys.a(isatty.o)
                                 0x24 (size before relaxing)
 .stab          0x00000054       0x18 c:/gcc-arm-none-eabi-7-2017-q4-major-win32/bin/../lib/gcc/arm-none-eabi/7.2.1/../../../../arm-none-eabi/lib/thumb/v6-m\libnosys.a(lseek.o)
                                 0x24 (size before relaxing)
 .stab          0x0000006c       0x18 c:/gcc-arm-none-eabi-7-2017-q4-major-win32/bin/../lib/gcc/arm-none-eabi/7.2.1/../../../../arm-none-eabi/lib/thumb/v6-m\libnosys.a(read.o)
                                 0x24 (size before relaxing)

.stabstr        0x00000000      0x117
 .stabstr       0x00000000      0x117 c:/gcc-arm-none-eabi-7-2017-q4-major-win32/bin/../lib/gcc/arm-none-eabi/7.2.1/../../../../arm-none-eabi/lib/thumb/v6-m\libnosys.a(close.o)
