<!doctype html public "-//w3c//dtd html 4.0 transitional//en">
<html><head>
<title>Static Call Graph - [.\obj\CH57x.axf]</title></head>
<body><HR>
<H1>Static Call Graph for image .\obj\CH57x.axf</H1><HR>
<BR><P>#&#060CALLGRAPH&#062# ARM Linker, 5060750: Last Updated: Mon Dec 12 01:01:11 2022
<BR><P>
<H3>Maximum Stack Usage =        136 bytes + Unknown(Cycles, Untraceable Function Pointers)</H3><H3>
Call chain for Maximum Stack Depth:</H3>
USB_IRQHandler &rArr; USB_DevTransProcess &rArr; mCH375BulkDownData &rArr; CodeFlash_WriteBuf &rArr; FlashWriteDW &rArr; PowerMonitor &rArr; mDelayuS
<P>
<H3>
Mutually Recursive functions
</H3> <LI><a href="#[3]">SVC_Handler</a>&nbsp;&nbsp;&nbsp;&rArr;&nbsp;&nbsp;&nbsp;<a href="#[3]">SVC_Handler</a><BR>
 <LI><a href="#[4]">PendSV_Handler</a>&nbsp;&nbsp;&nbsp;&rArr;&nbsp;&nbsp;&nbsp;<a href="#[4]">PendSV_Handler</a><BR>
 <LI><a href="#[5]">SysTick_Handler</a>&nbsp;&nbsp;&nbsp;&rArr;&nbsp;&nbsp;&nbsp;<a href="#[5]">SysTick_Handler</a><BR>
 <LI><a href="#[13]">ADC_IRQHandler</a>&nbsp;&nbsp;&nbsp;&rArr;&nbsp;&nbsp;&nbsp;<a href="#[13]">ADC_IRQHandler</a><BR>
</UL>
<P>
<H3>
Function Pointers
</H3><UL>
 <LI><a href="#[13]">ADC_IRQHandler</a> from startup_armcm0.o(.text) referenced from startup_armcm0.o(RESET)
 <LI><a href="#[a]">BB_IRQHandler</a> from startup_armcm0.o(.text) referenced from startup_armcm0.o(RESET)
 <LI><a href="#[d]">ETH_IRQHandler</a> from startup_armcm0.o(.text) referenced from startup_armcm0.o(RESET)
 <LI><a href="#[7]">GPIO_IRQHandler</a> from startup_armcm0.o(.text) referenced from startup_armcm0.o(RESET)
 <LI><a href="#[2]">HardFault_Handler</a> from startup_armcm0.o(.text) referenced from startup_armcm0.o(RESET)
 <LI><a href="#[15]">LED_IRQHandler</a> from startup_armcm0.o(.text) referenced from startup_armcm0.o(RESET)
 <LI><a href="#[b]">LLE_IRQHandler</a> from startup_armcm0.o(.text) referenced from startup_armcm0.o(RESET)
 <LI><a href="#[1]">NMI_Handler</a> from ch57x_int.o(.text) referenced from startup_armcm0.o(RESET)
 <LI><a href="#[4]">PendSV_Handler</a> from startup_armcm0.o(.text) referenced from startup_armcm0.o(RESET)
 <LI><a href="#[12]">RTC_IRQHandler</a> from startup_armcm0.o(.text) referenced from startup_armcm0.o(RESET)
 <LI><a href="#[0]">Reset_Handler</a> from startup_armcm0.o(.text) referenced from startup_armcm0.o(RESET)
 <LI><a href="#[8]">SLAVE_IRQHandler</a> from startup_armcm0.o(.text) referenced from startup_armcm0.o(RESET)
 <LI><a href="#[9]">SPI0_IRQHandler</a> from startup_armcm0.o(.text) referenced from startup_armcm0.o(RESET)
 <LI><a href="#[14]">SPI1_IRQHandler</a> from startup_armcm0.o(.text) referenced from startup_armcm0.o(RESET)
 <LI><a href="#[3]">SVC_Handler</a> from startup_armcm0.o(.text) referenced from startup_armcm0.o(RESET)
 <LI><a href="#[5]">SysTick_Handler</a> from startup_armcm0.o(.text) referenced from startup_armcm0.o(RESET)
 <LI><a href="#[1b]">SystemInit</a> from ch57x_clk.o(.text) referenced from startup_armcm0.o(.text)
 <LI><a href="#[6]">TMR0_IRQHandler</a> from startup_armcm0.o(.text) referenced from startup_armcm0.o(RESET)
 <LI><a href="#[e]">TMR1_IRQHandler</a> from startup_armcm0.o(.text) referenced from startup_armcm0.o(RESET)
 <LI><a href="#[f]">TMR2_IRQHandler</a> from startup_armcm0.o(.text) referenced from startup_armcm0.o(RESET)
 <LI><a href="#[16]">TMR3_IRQHandler</a> from startup_armcm0.o(.text) referenced from startup_armcm0.o(RESET)
 <LI><a href="#[10]">UART0_IRQHandler</a> from startup_armcm0.o(.text) referenced from startup_armcm0.o(RESET)
 <LI><a href="#[11]">UART1_IRQHandler</a> from startup_armcm0.o(.text) referenced from startup_armcm0.o(RESET)
 <LI><a href="#[17]">UART2_IRQHandler</a> from startup_armcm0.o(.text) referenced from startup_armcm0.o(RESET)
 <LI><a href="#[18]">UART3_IRQHandler</a> from startup_armcm0.o(.text) referenced from startup_armcm0.o(RESET)
 <LI><a href="#[c]">USB_IRQHandler</a> from ch57x_usb_device_msc.o(.text) referenced from startup_armcm0.o(RESET)
 <LI><a href="#[19]">WDT_IRQHandler</a> from startup_armcm0.o(.text) referenced from startup_armcm0.o(RESET)
 <LI><a href="#[1c]">__main</a> from entry.o(.ARM.Collect$$$$00000000) referenced from startup_armcm0.o(.text)
 <LI><a href="#[1d]">fputc</a> from ch57x_sys.o(.text) referenced from printf8.o(i.__0printf$8)
 <LI><a href="#[1a]">main</a> from main.o(.text) referenced from entry9a.o(.ARM.Collect$$$$0000000B)
</UL>
<P>
<H3>
Global Symbols
</H3>
<P><STRONG><a name="[1c]"></a>__main</STRONG> (Thumb, 0 bytes, Stack size unknown bytes, entry.o(.ARM.Collect$$$$00000000))
<BR>[Address Reference Count : 1]<UL><LI> startup_armcm0.o(.text)
</UL>
<P><STRONG><a name="[59]"></a>_main_stk</STRONG> (Thumb, 0 bytes, Stack size unknown bytes, entry2.o(.ARM.Collect$$$$00000001))

<P><STRONG><a name="[1e]"></a>_main_scatterload</STRONG> (Thumb, 0 bytes, Stack size unknown bytes, entry5.o(.ARM.Collect$$$$00000004))
<BR><BR>[Calls]<UL><LI><a href="#[1f]">&gt;&gt;</a>&nbsp;&nbsp;&nbsp;__scatterload
</UL>

<P><STRONG><a name="[54]"></a>__main_after_scatterload</STRONG> (Thumb, 0 bytes, Stack size unknown bytes, entry5.o(.ARM.Collect$$$$00000004))
<BR><BR>[Called By]<UL><LI><a href="#[1f]">&gt;&gt;</a>&nbsp;&nbsp;&nbsp;__scatterload
</UL>

<P><STRONG><a name="[5a]"></a>_main_clock</STRONG> (Thumb, 0 bytes, Stack size unknown bytes, entry7b.o(.ARM.Collect$$$$00000008))

<P><STRONG><a name="[5b]"></a>_main_cpp_init</STRONG> (Thumb, 0 bytes, Stack size unknown bytes, entry8b.o(.ARM.Collect$$$$0000000A))

<P><STRONG><a name="[5c]"></a>_main_init</STRONG> (Thumb, 0 bytes, Stack size unknown bytes, entry9a.o(.ARM.Collect$$$$0000000B))

<P><STRONG><a name="[5d]"></a>__rt_final_cpp</STRONG> (Thumb, 0 bytes, Stack size unknown bytes, entry10a.o(.ARM.Collect$$$$0000000D))

<P><STRONG><a name="[5e]"></a>__rt_final_exit</STRONG> (Thumb, 0 bytes, Stack size unknown bytes, entry11a.o(.ARM.Collect$$$$0000000F))

<P><STRONG><a name="[20]"></a>DebugInit</STRONG> (Thumb, 40 bytes, Stack size 8 bytes, main.o(.text))
<BR><BR>[Stack]<UL><LI>Max Depth = 68<LI>Call Chain = DebugInit &rArr; UART1_DefInit &rArr; UART1_BaudRateCfg &rArr; GetSysClock &rArr; __aeabi_idivmod &rArr; __aeabi_uidivmod
</UL>
<BR>[Calls]<UL><LI><a href="#[22]">&gt;&gt;</a>&nbsp;&nbsp;&nbsp;UART1_DefInit
<LI><a href="#[21]">&gt;&gt;</a>&nbsp;&nbsp;&nbsp;GPIOA_ModeCfg
</UL>
<BR>[Called By]<UL><LI><a href="#[1a]">&gt;&gt;</a>&nbsp;&nbsp;&nbsp;main
</UL>

<P><STRONG><a name="[23]"></a>hex_dump</STRONG> (Thumb, 32 bytes, Stack size 16 bytes, main.o(.text), UNUSED)
<BR><BR>[Calls]<UL><LI><a href="#[24]">&gt;&gt;</a>&nbsp;&nbsp;&nbsp;__2printf
</UL>

<P><STRONG><a name="[1a]"></a>main</STRONG> (Thumb, 68 bytes, Stack size 0 bytes, main.o(.text))
<BR><BR>[Stack]<UL><LI>Max Depth = 68<LI>Call Chain = main &rArr; DebugInit &rArr; UART1_DefInit &rArr; UART1_BaudRateCfg &rArr; GetSysClock &rArr; __aeabi_idivmod &rArr; __aeabi_uidivmod
</UL>
<BR>[Calls]<UL><LI><a href="#[27]">&gt;&gt;</a>&nbsp;&nbsp;&nbsp;mDelaymS
<LI><a href="#[28]">&gt;&gt;</a>&nbsp;&nbsp;&nbsp;USB_DeviceInit
<LI><a href="#[25]">&gt;&gt;</a>&nbsp;&nbsp;&nbsp;SetSysClock
<LI><a href="#[26]">&gt;&gt;</a>&nbsp;&nbsp;&nbsp;PWR_UnitModCfg
<LI><a href="#[20]">&gt;&gt;</a>&nbsp;&nbsp;&nbsp;DebugInit
<LI><a href="#[24]">&gt;&gt;</a>&nbsp;&nbsp;&nbsp;__2printf
</UL>
<BR>[Address Reference Count : 1]<UL><LI> entry9a.o(.ARM.Collect$$$$0000000B)
</UL>
<P><STRONG><a name="[1b]"></a>SystemInit</STRONG> (Thumb, 40 bytes, Stack size 8 bytes, ch57x_clk.o(.text))
<BR><BR>[Stack]<UL><LI>Max Depth = 24<LI>Call Chain = SystemInit &rArr; PowerMonitor &rArr; mDelayuS
</UL>
<BR>[Calls]<UL><LI><a href="#[29]">&gt;&gt;</a>&nbsp;&nbsp;&nbsp;mDelayuS
<LI><a href="#[2a]">&gt;&gt;</a>&nbsp;&nbsp;&nbsp;PowerMonitor
</UL>
<BR>[Address Reference Count : 1]<UL><LI> startup_armcm0.o(.text)
</UL>
<P><STRONG><a name="[25]"></a>SetSysClock</STRONG> (Thumb, 342 bytes, Stack size 4 bytes, ch57x_clk.o(.text))
<BR><BR>[Stack]<UL><LI>Max Depth = 12<LI>Call Chain = SetSysClock &rArr; __ARM_common_switch8
</UL>
<BR>[Calls]<UL><LI><a href="#[2b]">&gt;&gt;</a>&nbsp;&nbsp;&nbsp;__ARM_common_switch8
</UL>
<BR>[Called By]<UL><LI><a href="#[1a]">&gt;&gt;</a>&nbsp;&nbsp;&nbsp;main
</UL>

<P><STRONG><a name="[2c]"></a>GetSysClock</STRONG> (Thumb, 68 bytes, Stack size 8 bytes, ch57x_clk.o(.text))
<BR><BR>[Stack]<UL><LI>Max Depth = 36<LI>Call Chain = GetSysClock &rArr; __aeabi_idivmod &rArr; __aeabi_uidivmod
</UL>
<BR>[Calls]<UL><LI><a href="#[2d]">&gt;&gt;</a>&nbsp;&nbsp;&nbsp;__aeabi_idivmod
</UL>
<BR>[Called By]<UL><LI><a href="#[3a]">&gt;&gt;</a>&nbsp;&nbsp;&nbsp;UART1_BaudRateCfg
</UL>

<P><STRONG><a name="[5f]"></a>HClk32M_Select</STRONG> (Thumb, 58 bytes, Stack size 0 bytes, ch57x_clk.o(.text), UNUSED)

<P><STRONG><a name="[60]"></a>LClk32K_Select</STRONG> (Thumb, 56 bytes, Stack size 0 bytes, ch57x_clk.o(.text), UNUSED)

<P><STRONG><a name="[61]"></a>HSECFG_Current</STRONG> (Thumb, 36 bytes, Stack size 0 bytes, ch57x_clk.o(.text), UNUSED)

<P><STRONG><a name="[62]"></a>HSECFG_Capacitance</STRONG> (Thumb, 34 bytes, Stack size 0 bytes, ch57x_clk.o(.text), UNUSED)

<P><STRONG><a name="[63]"></a>LSECFG_Current</STRONG> (Thumb, 40 bytes, Stack size 0 bytes, ch57x_clk.o(.text), UNUSED)

<P><STRONG><a name="[64]"></a>LSECFG_Capacitance</STRONG> (Thumb, 38 bytes, Stack size 0 bytes, ch57x_clk.o(.text), UNUSED)

<P><STRONG><a name="[2e]"></a>Calibration_LSI</STRONG> (Thumb, 492 bytes, Stack size 56 bytes, ch57x_clk.o(.text), UNUSED)
<BR><BR>[Calls]<UL><LI><a href="#[2d]">&gt;&gt;</a>&nbsp;&nbsp;&nbsp;__aeabi_idivmod
<LI><a href="#[2f]">&gt;&gt;</a>&nbsp;&nbsp;&nbsp;__aeabi_uidivmod
</UL>

<P><STRONG><a name="[30]"></a>RTC_InitTime</STRONG> (Thumb, 350 bytes, Stack size 56 bytes, ch57x_clk.o(.text), UNUSED)
<BR><BR>[Calls]<UL><LI><a href="#[2d]">&gt;&gt;</a>&nbsp;&nbsp;&nbsp;__aeabi_idivmod
</UL>

<P><STRONG><a name="[31]"></a>RTC_GetTime</STRONG> (Thumb, 468 bytes, Stack size 48 bytes, ch57x_clk.o(.text), UNUSED)
<BR><BR>[Calls]<UL><LI><a href="#[2d]">&gt;&gt;</a>&nbsp;&nbsp;&nbsp;__aeabi_idivmod
<LI><a href="#[2f]">&gt;&gt;</a>&nbsp;&nbsp;&nbsp;__aeabi_uidivmod
</UL>

<P><STRONG><a name="[65]"></a>RTC_SetCycle32k</STRONG> (Thumb, 40 bytes, Stack size 0 bytes, ch57x_clk.o(.text), UNUSED)

<P><STRONG><a name="[33]"></a>RTC_GetCycle32k</STRONG> (Thumb, 16 bytes, Stack size 0 bytes, ch57x_clk.o(.text), UNUSED)
<BR><BR>[Called By]<UL><LI><a href="#[32]">&gt;&gt;</a>&nbsp;&nbsp;&nbsp;RTC_TRIGFunCfg
</UL>

<P><STRONG><a name="[66]"></a>RTC_TMRFunCfg</STRONG> (Thumb, 60 bytes, Stack size 0 bytes, ch57x_clk.o(.text), UNUSED)

<P><STRONG><a name="[32]"></a>RTC_TRIGFunCfg</STRONG> (Thumb, 70 bytes, Stack size 4 bytes, ch57x_clk.o(.text), UNUSED)
<BR><BR>[Calls]<UL><LI><a href="#[33]">&gt;&gt;</a>&nbsp;&nbsp;&nbsp;RTC_GetCycle32k
</UL>

<P><STRONG><a name="[67]"></a>RTC_ModeFunDisable</STRONG> (Thumb, 52 bytes, Stack size 0 bytes, ch57x_clk.o(.text), UNUSED)

<P><STRONG><a name="[68]"></a>RTC_GetITFlag</STRONG> (Thumb, 26 bytes, Stack size 0 bytes, ch57x_clk.o(.text), UNUSED)

<P><STRONG><a name="[69]"></a>RTC_ClearITFlag</STRONG> (Thumb, 32 bytes, Stack size 0 bytes, ch57x_clk.o(.text), UNUSED)

<P><STRONG><a name="[6a]"></a>GetUniqueID</STRONG> (Thumb, 24 bytes, Stack size 0 bytes, ch57x_flash.o(.text), UNUSED)

<P><STRONG><a name="[6b]"></a>GetMACAddress</STRONG> (Thumb, 24 bytes, Stack size 0 bytes, ch57x_flash.o(.text), UNUSED)

<P><STRONG><a name="[34]"></a>FlashBlockErase</STRONG> (Thumb, 308 bytes, Stack size 16 bytes, ch57x_flash.o(.text))
<BR><BR>[Stack]<UL><LI>Max Depth = 32<LI>Call Chain = FlashBlockErase &rArr; PowerMonitor &rArr; mDelayuS
</UL>
<BR>[Calls]<UL><LI><a href="#[2a]">&gt;&gt;</a>&nbsp;&nbsp;&nbsp;PowerMonitor
</UL>
<BR>[Called By]<UL><LI><a href="#[3e]">&gt;&gt;</a>&nbsp;&nbsp;&nbsp;CodeFlash_BlockErase
</UL>

<P><STRONG><a name="[35]"></a>FlashWriteDW</STRONG> (Thumb, 322 bytes, Stack size 32 bytes, ch57x_flash.o(.text))
<BR><BR>[Stack]<UL><LI>Max Depth = 48<LI>Call Chain = FlashWriteDW &rArr; PowerMonitor &rArr; mDelayuS
</UL>
<BR>[Calls]<UL><LI><a href="#[2a]">&gt;&gt;</a>&nbsp;&nbsp;&nbsp;PowerMonitor
</UL>
<BR>[Called By]<UL><LI><a href="#[4d]">&gt;&gt;</a>&nbsp;&nbsp;&nbsp;CodeFlash_WriteBuf
</UL>

<P><STRONG><a name="[36]"></a>FlashWriteBuf</STRONG> (Thumb, 382 bytes, Stack size 48 bytes, ch57x_flash.o(.text), UNUSED)
<BR><BR>[Calls]<UL><LI><a href="#[2a]">&gt;&gt;</a>&nbsp;&nbsp;&nbsp;PowerMonitor
</UL>

<P><STRONG><a name="[21]"></a>GPIOA_ModeCfg</STRONG> (Thumb, 146 bytes, Stack size 4 bytes, ch57x_gpio.o(.text))
<BR><BR>[Stack]<UL><LI>Max Depth = 12<LI>Call Chain = GPIOA_ModeCfg &rArr; __ARM_common_switch8
</UL>
<BR>[Calls]<UL><LI><a href="#[2b]">&gt;&gt;</a>&nbsp;&nbsp;&nbsp;__ARM_common_switch8
</UL>
<BR>[Called By]<UL><LI><a href="#[20]">&gt;&gt;</a>&nbsp;&nbsp;&nbsp;DebugInit
</UL>

<P><STRONG><a name="[37]"></a>GPIOB_ModeCfg</STRONG> (Thumb, 166 bytes, Stack size 4 bytes, ch57x_gpio.o(.text), UNUSED)
<BR><BR>[Calls]<UL><LI><a href="#[2b]">&gt;&gt;</a>&nbsp;&nbsp;&nbsp;__ARM_common_switch8
</UL>

<P><STRONG><a name="[6c]"></a>GPIOA_ITModeCfg</STRONG> (Thumb, 116 bytes, Stack size 0 bytes, ch57x_gpio.o(.text), UNUSED)

<P><STRONG><a name="[6d]"></a>GPIOB_ITModeCfg</STRONG> (Thumb, 140 bytes, Stack size 0 bytes, ch57x_gpio.o(.text), UNUSED)

<P><STRONG><a name="[6e]"></a>GPIOPinRemap</STRONG> (Thumb, 36 bytes, Stack size 0 bytes, ch57x_gpio.o(.text), UNUSED)

<P><STRONG><a name="[6f]"></a>GPIOAGPPCfg</STRONG> (Thumb, 36 bytes, Stack size 0 bytes, ch57x_gpio.o(.text), UNUSED)

<P><STRONG><a name="[1]"></a>NMI_Handler</STRONG> (Thumb, 146 bytes, Stack size 0 bytes, ch57x_int.o(.text))
<BR>[Address Reference Count : 1]<UL><LI> startup_armcm0.o(RESET)
</UL>
<P><STRONG><a name="[38]"></a>LowPower_Halt_1</STRONG> (Thumb, 128 bytes, Stack size 16 bytes, ch57x_int.o(.text), UNUSED)
<BR><BR>[Calls]<UL><LI><a href="#[2a]">&gt;&gt;</a>&nbsp;&nbsp;&nbsp;PowerMonitor
</UL>

<P><STRONG><a name="[70]"></a>LowPower_Halt_2</STRONG> (Thumb, 174 bytes, Stack size 0 bytes, ch57x_int.o(.text), UNUSED)

<P><STRONG><a name="[71]"></a>LowPower_Sleep</STRONG> (Thumb, 190 bytes, Stack size 8 bytes, ch57x_int.o(.text), UNUSED)

<P><STRONG><a name="[72]"></a>LowPower_Shutdown</STRONG> (Thumb, 192 bytes, Stack size 8 bytes, ch57x_int.o(.text), UNUSED)

<P><STRONG><a name="[39]"></a>PWR_DCDCCfg</STRONG> (Thumb, 110 bytes, Stack size 8 bytes, ch57x_pwr.o(.text), UNUSED)
<BR><BR>[Calls]<UL><LI><a href="#[29]">&gt;&gt;</a>&nbsp;&nbsp;&nbsp;mDelayuS
</UL>

<P><STRONG><a name="[26]"></a>PWR_UnitModCfg</STRONG> (Thumb, 154 bytes, Stack size 0 bytes, ch57x_pwr.o(.text))
<BR><BR>[Called By]<UL><LI><a href="#[1a]">&gt;&gt;</a>&nbsp;&nbsp;&nbsp;main
</UL>

<P><STRONG><a name="[73]"></a>PWR_PeriphClkCfg</STRONG> (Thumb, 62 bytes, Stack size 0 bytes, ch57x_pwr.o(.text), UNUSED)

<P><STRONG><a name="[74]"></a>PWR_PeriphWakeUpCfg</STRONG> (Thumb, 62 bytes, Stack size 0 bytes, ch57x_pwr.o(.text), UNUSED)

<P><STRONG><a name="[2a]"></a>PowerMonitor</STRONG> (Thumb, 90 bytes, Stack size 8 bytes, ch57x_pwr.o(.text))
<BR><BR>[Stack]<UL><LI>Max Depth = 16<LI>Call Chain = PowerMonitor &rArr; mDelayuS
</UL>
<BR>[Calls]<UL><LI><a href="#[29]">&gt;&gt;</a>&nbsp;&nbsp;&nbsp;mDelayuS
</UL>
<BR>[Called By]<UL><LI><a href="#[38]">&gt;&gt;</a>&nbsp;&nbsp;&nbsp;LowPower_Halt_1
<LI><a href="#[36]">&gt;&gt;</a>&nbsp;&nbsp;&nbsp;FlashWriteBuf
<LI><a href="#[35]">&gt;&gt;</a>&nbsp;&nbsp;&nbsp;FlashWriteDW
<LI><a href="#[34]">&gt;&gt;</a>&nbsp;&nbsp;&nbsp;FlashBlockErase
<LI><a href="#[1b]">&gt;&gt;</a>&nbsp;&nbsp;&nbsp;SystemInit
</UL>

<P><STRONG><a name="[75]"></a>LowPower_Idle</STRONG> (Thumb, 16 bytes, Stack size 0 bytes, ch57x_pwr.o(.text), UNUSED)

<P><STRONG><a name="[76]"></a>EnterCodeUpgrade</STRONG> (Thumb, 148 bytes, Stack size 0 bytes, ch57x_pwr.o(.text), UNUSED)

<P><STRONG><a name="[77]"></a>SYS_GetInfoSta</STRONG> (Thumb, 28 bytes, Stack size 0 bytes, ch57x_sys.o(.text), UNUSED)

<P><STRONG><a name="[78]"></a>SYS_ResetExecute</STRONG> (Thumb, 28 bytes, Stack size 0 bytes, ch57x_sys.o(.text), UNUSED)

<P><STRONG><a name="[79]"></a>SYS_DisableAllIrq</STRONG> (Thumb, 18 bytes, Stack size 0 bytes, ch57x_sys.o(.text), UNUSED)

<P><STRONG><a name="[7a]"></a>SYS_RecoverIrq</STRONG> (Thumb, 6 bytes, Stack size 0 bytes, ch57x_sys.o(.text), UNUSED)

<P><STRONG><a name="[7b]"></a>SYS_GetSysTickCnt</STRONG> (Thumb, 6 bytes, Stack size 0 bytes, ch57x_sys.o(.text), UNUSED)

<P><STRONG><a name="[7c]"></a>WWDG_ITCfg</STRONG> (Thumb, 48 bytes, Stack size 0 bytes, ch57x_sys.o(.text), UNUSED)

<P><STRONG><a name="[7d]"></a>WWDG_ResetCfg</STRONG> (Thumb, 48 bytes, Stack size 0 bytes, ch57x_sys.o(.text), UNUSED)

<P><STRONG><a name="[7e]"></a>WWDG_ClearFlag</STRONG> (Thumb, 28 bytes, Stack size 0 bytes, ch57x_sys.o(.text), UNUSED)

<P><STRONG><a name="[29]"></a>mDelayuS</STRONG> (Thumb, 34 bytes, Stack size 8 bytes, ch57x_sys.o(.text))
<BR><BR>[Stack]<UL><LI>Max Depth = 8<LI>Call Chain = mDelayuS
</UL>
<BR>[Called By]<UL><LI><a href="#[39]">&gt;&gt;</a>&nbsp;&nbsp;&nbsp;PWR_DCDCCfg
<LI><a href="#[2a]">&gt;&gt;</a>&nbsp;&nbsp;&nbsp;PowerMonitor
<LI><a href="#[1b]">&gt;&gt;</a>&nbsp;&nbsp;&nbsp;SystemInit
<LI><a href="#[27]">&gt;&gt;</a>&nbsp;&nbsp;&nbsp;mDelaymS
</UL>

<P><STRONG><a name="[27]"></a>mDelaymS</STRONG> (Thumb, 26 bytes, Stack size 12 bytes, ch57x_sys.o(.text))
<BR><BR>[Stack]<UL><LI>Max Depth = 20<LI>Call Chain = mDelaymS &rArr; mDelayuS
</UL>
<BR>[Calls]<UL><LI><a href="#[29]">&gt;&gt;</a>&nbsp;&nbsp;&nbsp;mDelayuS
</UL>
<BR>[Called By]<UL><LI><a href="#[1a]">&gt;&gt;</a>&nbsp;&nbsp;&nbsp;main
</UL>

<P><STRONG><a name="[1d]"></a>fputc</STRONG> (Thumb, 16 bytes, Stack size 0 bytes, ch57x_sys.o(.text))
<BR>[Address Reference Count : 1]<UL><LI> printf8.o(i.__0printf$8)
</UL>
<P><STRONG><a name="[3a]"></a>UART1_BaudRateCfg</STRONG> (Thumb, 40 bytes, Stack size 16 bytes, ch57x_uart1.o(.text))
<BR><BR>[Stack]<UL><LI>Max Depth = 52<LI>Call Chain = UART1_BaudRateCfg &rArr; GetSysClock &rArr; __aeabi_idivmod &rArr; __aeabi_uidivmod
</UL>
<BR>[Calls]<UL><LI><a href="#[2c]">&gt;&gt;</a>&nbsp;&nbsp;&nbsp;GetSysClock
<LI><a href="#[2f]">&gt;&gt;</a>&nbsp;&nbsp;&nbsp;__aeabi_uidivmod
</UL>
<BR>[Called By]<UL><LI><a href="#[22]">&gt;&gt;</a>&nbsp;&nbsp;&nbsp;UART1_DefInit
</UL>

<P><STRONG><a name="[22]"></a>UART1_DefInit</STRONG> (Thumb, 30 bytes, Stack size 8 bytes, ch57x_uart1.o(.text))
<BR><BR>[Stack]<UL><LI>Max Depth = 60<LI>Call Chain = UART1_DefInit &rArr; UART1_BaudRateCfg &rArr; GetSysClock &rArr; __aeabi_idivmod &rArr; __aeabi_uidivmod
</UL>
<BR>[Calls]<UL><LI><a href="#[3a]">&gt;&gt;</a>&nbsp;&nbsp;&nbsp;UART1_BaudRateCfg
</UL>
<BR>[Called By]<UL><LI><a href="#[20]">&gt;&gt;</a>&nbsp;&nbsp;&nbsp;DebugInit
</UL>

<P><STRONG><a name="[7f]"></a>UART1_ByteTrigCfg</STRONG> (Thumb, 18 bytes, Stack size 0 bytes, ch57x_uart1.o(.text), UNUSED)

<P><STRONG><a name="[80]"></a>UART1_INTCfg</STRONG> (Thumb, 40 bytes, Stack size 0 bytes, ch57x_uart1.o(.text), UNUSED)

<P><STRONG><a name="[81]"></a>UART1_Reset</STRONG> (Thumb, 8 bytes, Stack size 0 bytes, ch57x_uart1.o(.text), UNUSED)

<P><STRONG><a name="[82]"></a>UART1_SendString</STRONG> (Thumb, 32 bytes, Stack size 8 bytes, ch57x_uart1.o(.text), UNUSED)

<P><STRONG><a name="[83]"></a>UART1_RecvString</STRONG> (Thumb, 28 bytes, Stack size 0 bytes, ch57x_uart1.o(.text), UNUSED)

<P><STRONG><a name="[28]"></a>USB_DeviceInit</STRONG> (Thumb, 94 bytes, Stack size 0 bytes, ch57x_usbdev.o(.text))
<BR><BR>[Called By]<UL><LI><a href="#[1a]">&gt;&gt;</a>&nbsp;&nbsp;&nbsp;main
</UL>

<P><STRONG><a name="[84]"></a>DevEP1_IN_Deal</STRONG> (Thumb, 20 bytes, Stack size 0 bytes, ch57x_usbdev.o(.text), UNUSED)

<P><STRONG><a name="[85]"></a>DevEP2_IN_Deal</STRONG> (Thumb, 20 bytes, Stack size 0 bytes, ch57x_usbdev.o(.text), UNUSED)

<P><STRONG><a name="[86]"></a>DevEP3_IN_Deal</STRONG> (Thumb, 20 bytes, Stack size 0 bytes, ch57x_usbdev.o(.text), UNUSED)

<P><STRONG><a name="[87]"></a>DevEP4_IN_Deal</STRONG> (Thumb, 20 bytes, Stack size 0 bytes, ch57x_usbdev.o(.text), UNUSED)

<P><STRONG><a name="[0]"></a>Reset_Handler</STRONG> (Thumb, 8 bytes, Stack size 0 bytes, startup_armcm0.o(.text))
<BR>[Address Reference Count : 1]<UL><LI> startup_armcm0.o(RESET)
</UL>
<P><STRONG><a name="[2]"></a>HardFault_Handler</STRONG> (Thumb, 0 bytes, Stack size 0 bytes, startup_armcm0.o(.text))
<BR>[Address Reference Count : 1]<UL><LI> startup_armcm0.o(RESET)
</UL>
<P><STRONG><a name="[3]"></a>SVC_Handler</STRONG> (Thumb, 2 bytes, Stack size 0 bytes, startup_armcm0.o(.text))
<BR><BR>[Calls]<UL><LI><a href="#[3]">&gt;&gt;</a>&nbsp;&nbsp;&nbsp;SVC_Handler
</UL>
<BR>[Called By]<UL><LI><a href="#[3]">&gt;&gt;</a>&nbsp;&nbsp;&nbsp;SVC_Handler
</UL>
<BR>[Address Reference Count : 1]<UL><LI> startup_armcm0.o(RESET)
</UL>
<P><STRONG><a name="[4]"></a>PendSV_Handler</STRONG> (Thumb, 2 bytes, Stack size 0 bytes, startup_armcm0.o(.text))
<BR><BR>[Calls]<UL><LI><a href="#[4]">&gt;&gt;</a>&nbsp;&nbsp;&nbsp;PendSV_Handler
</UL>
<BR>[Called By]<UL><LI><a href="#[4]">&gt;&gt;</a>&nbsp;&nbsp;&nbsp;PendSV_Handler
</UL>
<BR>[Address Reference Count : 1]<UL><LI> startup_armcm0.o(RESET)
</UL>
<P><STRONG><a name="[5]"></a>SysTick_Handler</STRONG> (Thumb, 2 bytes, Stack size 0 bytes, startup_armcm0.o(.text))
<BR><BR>[Calls]<UL><LI><a href="#[5]">&gt;&gt;</a>&nbsp;&nbsp;&nbsp;SysTick_Handler
</UL>
<BR>[Called By]<UL><LI><a href="#[5]">&gt;&gt;</a>&nbsp;&nbsp;&nbsp;SysTick_Handler
</UL>
<BR>[Address Reference Count : 1]<UL><LI> startup_armcm0.o(RESET)
</UL>
<P><STRONG><a name="[13]"></a>ADC_IRQHandler</STRONG> (Thumb, 0 bytes, Stack size 0 bytes, startup_armcm0.o(.text))
<BR><BR>[Calls]<UL><LI><a href="#[13]">&gt;&gt;</a>&nbsp;&nbsp;&nbsp;ADC_IRQHandler
</UL>
<BR>[Called By]<UL><LI><a href="#[13]">&gt;&gt;</a>&nbsp;&nbsp;&nbsp;ADC_IRQHandler
</UL>
<BR>[Address Reference Count : 1]<UL><LI> startup_armcm0.o(RESET)
</UL>
<P><STRONG><a name="[a]"></a>BB_IRQHandler</STRONG> (Thumb, 0 bytes, Stack size 0 bytes, startup_armcm0.o(.text))
<BR>[Address Reference Count : 1]<UL><LI> startup_armcm0.o(RESET)
</UL>
<P><STRONG><a name="[d]"></a>ETH_IRQHandler</STRONG> (Thumb, 0 bytes, Stack size 0 bytes, startup_armcm0.o(.text))
<BR>[Address Reference Count : 1]<UL><LI> startup_armcm0.o(RESET)
</UL>
<P><STRONG><a name="[7]"></a>GPIO_IRQHandler</STRONG> (Thumb, 0 bytes, Stack size 0 bytes, startup_armcm0.o(.text))
<BR>[Address Reference Count : 1]<UL><LI> startup_armcm0.o(RESET)
</UL>
<P><STRONG><a name="[15]"></a>LED_IRQHandler</STRONG> (Thumb, 0 bytes, Stack size 0 bytes, startup_armcm0.o(.text))
<BR>[Address Reference Count : 1]<UL><LI> startup_armcm0.o(RESET)
</UL>
<P><STRONG><a name="[b]"></a>LLE_IRQHandler</STRONG> (Thumb, 0 bytes, Stack size 0 bytes, startup_armcm0.o(.text))
<BR>[Address Reference Count : 1]<UL><LI> startup_armcm0.o(RESET)
</UL>
<P><STRONG><a name="[12]"></a>RTC_IRQHandler</STRONG> (Thumb, 0 bytes, Stack size 0 bytes, startup_armcm0.o(.text))
<BR>[Address Reference Count : 1]<UL><LI> startup_armcm0.o(RESET)
</UL>
<P><STRONG><a name="[8]"></a>SLAVE_IRQHandler</STRONG> (Thumb, 0 bytes, Stack size 0 bytes, startup_armcm0.o(.text))
<BR>[Address Reference Count : 1]<UL><LI> startup_armcm0.o(RESET)
</UL>
<P><STRONG><a name="[9]"></a>SPI0_IRQHandler</STRONG> (Thumb, 0 bytes, Stack size 0 bytes, startup_armcm0.o(.text))
<BR>[Address Reference Count : 1]<UL><LI> startup_armcm0.o(RESET)
</UL>
<P><STRONG><a name="[14]"></a>SPI1_IRQHandler</STRONG> (Thumb, 0 bytes, Stack size 0 bytes, startup_armcm0.o(.text))
<BR>[Address Reference Count : 1]<UL><LI> startup_armcm0.o(RESET)
</UL>
<P><STRONG><a name="[6]"></a>TMR0_IRQHandler</STRONG> (Thumb, 0 bytes, Stack size 0 bytes, startup_armcm0.o(.text))
<BR>[Address Reference Count : 1]<UL><LI> startup_armcm0.o(RESET)
</UL>
<P><STRONG><a name="[e]"></a>TMR1_IRQHandler</STRONG> (Thumb, 0 bytes, Stack size 0 bytes, startup_armcm0.o(.text))
<BR>[Address Reference Count : 1]<UL><LI> startup_armcm0.o(RESET)
</UL>
<P><STRONG><a name="[f]"></a>TMR2_IRQHandler</STRONG> (Thumb, 0 bytes, Stack size 0 bytes, startup_armcm0.o(.text))
<BR>[Address Reference Count : 1]<UL><LI> startup_armcm0.o(RESET)
</UL>
<P><STRONG><a name="[16]"></a>TMR3_IRQHandler</STRONG> (Thumb, 0 bytes, Stack size 0 bytes, startup_armcm0.o(.text))
<BR>[Address Reference Count : 1]<UL><LI> startup_armcm0.o(RESET)
</UL>
<P><STRONG><a name="[10]"></a>UART0_IRQHandler</STRONG> (Thumb, 0 bytes, Stack size 0 bytes, startup_armcm0.o(.text))
<BR>[Address Reference Count : 1]<UL><LI> startup_armcm0.o(RESET)
</UL>
<P><STRONG><a name="[11]"></a>UART1_IRQHandler</STRONG> (Thumb, 0 bytes, Stack size 0 bytes, startup_armcm0.o(.text))
<BR>[Address Reference Count : 1]<UL><LI> startup_armcm0.o(RESET)
</UL>
<P><STRONG><a name="[17]"></a>UART2_IRQHandler</STRONG> (Thumb, 0 bytes, Stack size 0 bytes, startup_armcm0.o(.text))
<BR>[Address Reference Count : 1]<UL><LI> startup_armcm0.o(RESET)
</UL>
<P><STRONG><a name="[18]"></a>UART3_IRQHandler</STRONG> (Thumb, 0 bytes, Stack size 0 bytes, startup_armcm0.o(.text))
<BR>[Address Reference Count : 1]<UL><LI> startup_armcm0.o(RESET)
</UL>
<P><STRONG><a name="[19]"></a>WDT_IRQHandler</STRONG> (Thumb, 0 bytes, Stack size 0 bytes, startup_armcm0.o(.text))
<BR>[Address Reference Count : 1]<UL><LI> startup_armcm0.o(RESET)
</UL>
<P><STRONG><a name="[3b]"></a>BulkThirteen</STRONG> (Thumb, 262 bytes, Stack size 4 bytes, ch57x_usb_device_msc.o(.text))
<BR><BR>[Stack]<UL><LI>Max Depth = 12<LI>Call Chain = BulkThirteen &rArr; __ARM_common_switch8
</UL>
<BR>[Calls]<UL><LI><a href="#[2b]">&gt;&gt;</a>&nbsp;&nbsp;&nbsp;__ARM_common_switch8
</UL>
<BR>[Called By]<UL><LI><a href="#[40]">&gt;&gt;</a>&nbsp;&nbsp;&nbsp;UFI_Hunding
<LI><a href="#[3f]">&gt;&gt;</a>&nbsp;&nbsp;&nbsp;UFI_modeSense5
<LI><a href="#[3c]">&gt;&gt;</a>&nbsp;&nbsp;&nbsp;UFI_modeSense
</UL>

<P><STRONG><a name="[45]"></a>UFI_readCapacity</STRONG> (Thumb, 36 bytes, Stack size 0 bytes, ch57x_usb_device_msc.o(.text))
<BR><BR>[Called By]<UL><LI><a href="#[40]">&gt;&gt;</a>&nbsp;&nbsp;&nbsp;UFI_Hunding
</UL>

<P><STRONG><a name="[41]"></a>UFI_inquiry</STRONG> (Thumb, 36 bytes, Stack size 0 bytes, ch57x_usb_device_msc.o(.text))
<BR><BR>[Called By]<UL><LI><a href="#[40]">&gt;&gt;</a>&nbsp;&nbsp;&nbsp;UFI_Hunding
</UL>

<P><STRONG><a name="[43]"></a>UFI_read10</STRONG> (Thumb, 80 bytes, Stack size 0 bytes, ch57x_usb_device_msc.o(.text))
<BR><BR>[Called By]<UL><LI><a href="#[40]">&gt;&gt;</a>&nbsp;&nbsp;&nbsp;UFI_Hunding
</UL>

<P><STRONG><a name="[3c]"></a>UFI_modeSense</STRONG> (Thumb, 78 bytes, Stack size 4 bytes, ch57x_usb_device_msc.o(.text))
<BR><BR>[Stack]<UL><LI>Max Depth = 16<LI>Call Chain = UFI_modeSense &rArr; BulkThirteen &rArr; __ARM_common_switch8
</UL>
<BR>[Calls]<UL><LI><a href="#[3b]">&gt;&gt;</a>&nbsp;&nbsp;&nbsp;BulkThirteen
</UL>
<BR>[Called By]<UL><LI><a href="#[40]">&gt;&gt;</a>&nbsp;&nbsp;&nbsp;UFI_Hunding
</UL>

<P><STRONG><a name="[44]"></a>UFI_requestSense</STRONG> (Thumb, 204 bytes, Stack size 0 bytes, ch57x_usb_device_msc.o(.text))
<BR><BR>[Called By]<UL><LI><a href="#[40]">&gt;&gt;</a>&nbsp;&nbsp;&nbsp;UFI_Hunding
</UL>

<P><STRONG><a name="[42]"></a>UFI_testUnit</STRONG> (Thumb, 24 bytes, Stack size 0 bytes, ch57x_usb_device_msc.o(.text))
<BR><BR>[Called By]<UL><LI><a href="#[40]">&gt;&gt;</a>&nbsp;&nbsp;&nbsp;UFI_Hunding
</UL>

<P><STRONG><a name="[48]"></a>UFI_perOrMed</STRONG> (Thumb, 16 bytes, Stack size 0 bytes, ch57x_usb_device_msc.o(.text))
<BR><BR>[Called By]<UL><LI><a href="#[40]">&gt;&gt;</a>&nbsp;&nbsp;&nbsp;UFI_Hunding
</UL>

<P><STRONG><a name="[3d]"></a>UFI_write</STRONG> (Thumb, 104 bytes, Stack size 16 bytes, ch57x_usb_device_msc.o(.text))
<BR><BR>[Stack]<UL><LI>Max Depth = 64<LI>Call Chain = UFI_write &rArr; CodeFlash_BlockErase &rArr; FlashBlockErase &rArr; PowerMonitor &rArr; mDelayuS
</UL>
<BR>[Calls]<UL><LI><a href="#[3e]">&gt;&gt;</a>&nbsp;&nbsp;&nbsp;CodeFlash_BlockErase
</UL>
<BR>[Called By]<UL><LI><a href="#[40]">&gt;&gt;</a>&nbsp;&nbsp;&nbsp;UFI_Hunding
</UL>

<P><STRONG><a name="[47]"></a>UFI_staStoUnit</STRONG> (Thumb, 24 bytes, Stack size 0 bytes, ch57x_usb_device_msc.o(.text))
<BR><BR>[Called By]<UL><LI><a href="#[40]">&gt;&gt;</a>&nbsp;&nbsp;&nbsp;UFI_Hunding
</UL>

<P><STRONG><a name="[46]"></a>UFI_verify</STRONG> (Thumb, 16 bytes, Stack size 0 bytes, ch57x_usb_device_msc.o(.text))
<BR><BR>[Called By]<UL><LI><a href="#[40]">&gt;&gt;</a>&nbsp;&nbsp;&nbsp;UFI_Hunding
</UL>

<P><STRONG><a name="[3f]"></a>UFI_modeSense5</STRONG> (Thumb, 78 bytes, Stack size 4 bytes, ch57x_usb_device_msc.o(.text))
<BR><BR>[Stack]<UL><LI>Max Depth = 16<LI>Call Chain = UFI_modeSense5 &rArr; BulkThirteen &rArr; __ARM_common_switch8
</UL>
<BR>[Calls]<UL><LI><a href="#[3b]">&gt;&gt;</a>&nbsp;&nbsp;&nbsp;BulkThirteen
</UL>
<BR>[Called By]<UL><LI><a href="#[40]">&gt;&gt;</a>&nbsp;&nbsp;&nbsp;UFI_Hunding
</UL>

<P><STRONG><a name="[40]"></a>UFI_Hunding</STRONG> (Thumb, 236 bytes, Stack size 8 bytes, ch57x_usb_device_msc.o(.text))
<BR><BR>[Stack]<UL><LI>Max Depth = 72<LI>Call Chain = UFI_Hunding &rArr; UFI_write &rArr; CodeFlash_BlockErase &rArr; FlashBlockErase &rArr; PowerMonitor &rArr; mDelayuS
</UL>
<BR>[Calls]<UL><LI><a href="#[3f]">&gt;&gt;</a>&nbsp;&nbsp;&nbsp;UFI_modeSense5
<LI><a href="#[46]">&gt;&gt;</a>&nbsp;&nbsp;&nbsp;UFI_verify
<LI><a href="#[47]">&gt;&gt;</a>&nbsp;&nbsp;&nbsp;UFI_staStoUnit
<LI><a href="#[3d]">&gt;&gt;</a>&nbsp;&nbsp;&nbsp;UFI_write
<LI><a href="#[48]">&gt;&gt;</a>&nbsp;&nbsp;&nbsp;UFI_perOrMed
<LI><a href="#[42]">&gt;&gt;</a>&nbsp;&nbsp;&nbsp;UFI_testUnit
<LI><a href="#[44]">&gt;&gt;</a>&nbsp;&nbsp;&nbsp;UFI_requestSense
<LI><a href="#[3c]">&gt;&gt;</a>&nbsp;&nbsp;&nbsp;UFI_modeSense
<LI><a href="#[43]">&gt;&gt;</a>&nbsp;&nbsp;&nbsp;UFI_read10
<LI><a href="#[41]">&gt;&gt;</a>&nbsp;&nbsp;&nbsp;UFI_inquiry
<LI><a href="#[45]">&gt;&gt;</a>&nbsp;&nbsp;&nbsp;UFI_readCapacity
<LI><a href="#[3b]">&gt;&gt;</a>&nbsp;&nbsp;&nbsp;BulkThirteen
</UL>
<BR>[Called By]<UL><LI><a href="#[49]">&gt;&gt;</a>&nbsp;&nbsp;&nbsp;mCH375BulkOnly
</UL>

<P><STRONG><a name="[49]"></a>mCH375BulkOnly</STRONG> (Thumb, 190 bytes, Stack size 8 bytes, ch57x_usb_device_msc.o(.text))
<BR><BR>[Stack]<UL><LI>Max Depth = 80<LI>Call Chain = mCH375BulkOnly &rArr; UFI_Hunding &rArr; UFI_write &rArr; CodeFlash_BlockErase &rArr; FlashBlockErase &rArr; PowerMonitor &rArr; mDelayuS
</UL>
<BR>[Calls]<UL><LI><a href="#[40]">&gt;&gt;</a>&nbsp;&nbsp;&nbsp;UFI_Hunding
</UL>
<BR>[Called By]<UL><LI><a href="#[4f]">&gt;&gt;</a>&nbsp;&nbsp;&nbsp;USB_DevTransProcess
</UL>

<P><STRONG><a name="[4e]"></a>mCH375UpCsw</STRONG> (Thumb, 136 bytes, Stack size 0 bytes, ch57x_usb_device_msc.o(.text))
<BR><BR>[Called By]<UL><LI><a href="#[4f]">&gt;&gt;</a>&nbsp;&nbsp;&nbsp;USB_DevTransProcess
<LI><a href="#[4c]">&gt;&gt;</a>&nbsp;&nbsp;&nbsp;mCH375BulkDownData
</UL>

<P><STRONG><a name="[4a]"></a>CH375bulkUpData</STRONG> (Thumb, 136 bytes, Stack size 16 bytes, ch57x_usb_device_msc.o(.text))
<BR><BR>[Stack]<UL><LI>Max Depth = 32<LI>Call Chain = CH375bulkUpData &rArr; CodeFlash_ReadBuf
</UL>
<BR>[Calls]<UL><LI><a href="#[4b]">&gt;&gt;</a>&nbsp;&nbsp;&nbsp;CodeFlash_ReadBuf
</UL>
<BR>[Called By]<UL><LI><a href="#[4f]">&gt;&gt;</a>&nbsp;&nbsp;&nbsp;USB_DevTransProcess
</UL>

<P><STRONG><a name="[4c]"></a>mCH375BulkDownData</STRONG> (Thumb, 78 bytes, Stack size 16 bytes, ch57x_usb_device_msc.o(.text))
<BR><BR>[Stack]<UL><LI>Max Depth = 104<LI>Call Chain = mCH375BulkDownData &rArr; CodeFlash_WriteBuf &rArr; FlashWriteDW &rArr; PowerMonitor &rArr; mDelayuS
</UL>
<BR>[Calls]<UL><LI><a href="#[4d]">&gt;&gt;</a>&nbsp;&nbsp;&nbsp;CodeFlash_WriteBuf
<LI><a href="#[4e]">&gt;&gt;</a>&nbsp;&nbsp;&nbsp;mCH375UpCsw
</UL>
<BR>[Called By]<UL><LI><a href="#[4f]">&gt;&gt;</a>&nbsp;&nbsp;&nbsp;USB_DevTransProcess
</UL>

<P><STRONG><a name="[4f]"></a>USB_DevTransProcess</STRONG> (Thumb, 1236 bytes, Stack size 24 bytes, ch57x_usb_device_msc.o(.text))
<BR><BR>[Stack]<UL><LI>Max Depth = 128<LI>Call Chain = USB_DevTransProcess &rArr; mCH375BulkDownData &rArr; CodeFlash_WriteBuf &rArr; FlashWriteDW &rArr; PowerMonitor &rArr; mDelayuS
</UL>
<BR>[Calls]<UL><LI><a href="#[2b]">&gt;&gt;</a>&nbsp;&nbsp;&nbsp;__ARM_common_switch8
<LI><a href="#[50]">&gt;&gt;</a>&nbsp;&nbsp;&nbsp;__aeabi_memcpy
<LI><a href="#[4c]">&gt;&gt;</a>&nbsp;&nbsp;&nbsp;mCH375BulkDownData
<LI><a href="#[4a]">&gt;&gt;</a>&nbsp;&nbsp;&nbsp;CH375bulkUpData
<LI><a href="#[4e]">&gt;&gt;</a>&nbsp;&nbsp;&nbsp;mCH375UpCsw
<LI><a href="#[49]">&gt;&gt;</a>&nbsp;&nbsp;&nbsp;mCH375BulkOnly
</UL>
<BR>[Called By]<UL><LI><a href="#[c]">&gt;&gt;</a>&nbsp;&nbsp;&nbsp;USB_IRQHandler
</UL>

<P><STRONG><a name="[c]"></a>USB_IRQHandler</STRONG> (Thumb, 8 bytes, Stack size 8 bytes, ch57x_usb_device_msc.o(.text))
<BR><BR>[Stack]<UL><LI>Max Depth = 136<LI>Call Chain = USB_IRQHandler &rArr; USB_DevTransProcess &rArr; mCH375BulkDownData &rArr; CodeFlash_WriteBuf &rArr; FlashWriteDW &rArr; PowerMonitor &rArr; mDelayuS
</UL>
<BR>[Calls]<UL><LI><a href="#[4f]">&gt;&gt;</a>&nbsp;&nbsp;&nbsp;USB_DevTransProcess
</UL>
<BR>[Address Reference Count : 1]<UL><LI> startup_armcm0.o(RESET)
</UL>
<P><STRONG><a name="[4d]"></a>CodeFlash_WriteBuf</STRONG> (Thumb, 100 bytes, Stack size 40 bytes, ch57x_code_flash.o(.text))
<BR><BR>[Stack]<UL><LI>Max Depth = 88<LI>Call Chain = CodeFlash_WriteBuf &rArr; FlashWriteDW &rArr; PowerMonitor &rArr; mDelayuS
</UL>
<BR>[Calls]<UL><LI><a href="#[35]">&gt;&gt;</a>&nbsp;&nbsp;&nbsp;FlashWriteDW
</UL>
<BR>[Called By]<UL><LI><a href="#[4c]">&gt;&gt;</a>&nbsp;&nbsp;&nbsp;mCH375BulkDownData
</UL>

<P><STRONG><a name="[4b]"></a>CodeFlash_ReadBuf</STRONG> (Thumb, 82 bytes, Stack size 16 bytes, ch57x_code_flash.o(.text))
<BR><BR>[Stack]<UL><LI>Max Depth = 16<LI>Call Chain = CodeFlash_ReadBuf
</UL>
<BR>[Called By]<UL><LI><a href="#[4a]">&gt;&gt;</a>&nbsp;&nbsp;&nbsp;CH375bulkUpData
</UL>

<P><STRONG><a name="[3e]"></a>CodeFlash_BlockErase</STRONG> (Thumb, 34 bytes, Stack size 16 bytes, ch57x_code_flash.o(.text))
<BR><BR>[Stack]<UL><LI>Max Depth = 48<LI>Call Chain = CodeFlash_BlockErase &rArr; FlashBlockErase &rArr; PowerMonitor &rArr; mDelayuS
</UL>
<BR>[Calls]<UL><LI><a href="#[34]">&gt;&gt;</a>&nbsp;&nbsp;&nbsp;FlashBlockErase
</UL>
<BR>[Called By]<UL><LI><a href="#[3d]">&gt;&gt;</a>&nbsp;&nbsp;&nbsp;UFI_write
</UL>

<P><STRONG><a name="[88]"></a>__aeabi_uidiv</STRONG> (Thumb, 0 bytes, Stack size 12 bytes, uidiv.o(.text), UNUSED)

<P><STRONG><a name="[2f]"></a>__aeabi_uidivmod</STRONG> (Thumb, 44 bytes, Stack size 12 bytes, uidiv.o(.text))
<BR><BR>[Stack]<UL><LI>Max Depth = 12<LI>Call Chain = __aeabi_uidivmod
</UL>
<BR>[Called By]<UL><LI><a href="#[3a]">&gt;&gt;</a>&nbsp;&nbsp;&nbsp;UART1_BaudRateCfg
<LI><a href="#[31]">&gt;&gt;</a>&nbsp;&nbsp;&nbsp;RTC_GetTime
<LI><a href="#[2e]">&gt;&gt;</a>&nbsp;&nbsp;&nbsp;Calibration_LSI
<LI><a href="#[2d]">&gt;&gt;</a>&nbsp;&nbsp;&nbsp;__aeabi_idivmod
</UL>

<P><STRONG><a name="[89]"></a>__aeabi_idiv</STRONG> (Thumb, 0 bytes, Stack size 16 bytes, idiv.o(.text), UNUSED)

<P><STRONG><a name="[2d]"></a>__aeabi_idivmod</STRONG> (Thumb, 40 bytes, Stack size 16 bytes, idiv.o(.text))
<BR><BR>[Stack]<UL><LI>Max Depth = 28<LI>Call Chain = __aeabi_idivmod &rArr; __aeabi_uidivmod
</UL>
<BR>[Calls]<UL><LI><a href="#[2f]">&gt;&gt;</a>&nbsp;&nbsp;&nbsp;__aeabi_uidivmod
</UL>
<BR>[Called By]<UL><LI><a href="#[31]">&gt;&gt;</a>&nbsp;&nbsp;&nbsp;RTC_GetTime
<LI><a href="#[30]">&gt;&gt;</a>&nbsp;&nbsp;&nbsp;RTC_InitTime
<LI><a href="#[2e]">&gt;&gt;</a>&nbsp;&nbsp;&nbsp;Calibration_LSI
<LI><a href="#[2c]">&gt;&gt;</a>&nbsp;&nbsp;&nbsp;GetSysClock
</UL>

<P><STRONG><a name="[50]"></a>__aeabi_memcpy</STRONG> (Thumb, 36 bytes, Stack size 0 bytes, memcpya.o(.text))
<BR><BR>[Called By]<UL><LI><a href="#[4f]">&gt;&gt;</a>&nbsp;&nbsp;&nbsp;USB_DevTransProcess
</UL>

<P><STRONG><a name="[8a]"></a>__aeabi_memcpy4</STRONG> (Thumb, 0 bytes, Stack size 0 bytes, memcpya.o(.text), UNUSED)

<P><STRONG><a name="[8b]"></a>__aeabi_memcpy8</STRONG> (Thumb, 0 bytes, Stack size 0 bytes, memcpya.o(.text), UNUSED)

<P><STRONG><a name="[51]"></a>__aeabi_uldivmod</STRONG> (Thumb, 96 bytes, Stack size 48 bytes, uldiv.o(.text), UNUSED)
<BR><BR>[Calls]<UL><LI><a href="#[52]">&gt;&gt;</a>&nbsp;&nbsp;&nbsp;__aeabi_llsr
<LI><a href="#[53]">&gt;&gt;</a>&nbsp;&nbsp;&nbsp;__aeabi_llsl
</UL>
<BR>[Called By]<UL><LI><a href="#[56]">&gt;&gt;</a>&nbsp;&nbsp;&nbsp;_printf_core
</UL>

<P><STRONG><a name="[1f]"></a>__scatterload</STRONG> (Thumb, 28 bytes, Stack size 0 bytes, init.o(.text))
<BR><BR>[Calls]<UL><LI><a href="#[54]">&gt;&gt;</a>&nbsp;&nbsp;&nbsp;__main_after_scatterload
</UL>
<BR>[Called By]<UL><LI><a href="#[1e]">&gt;&gt;</a>&nbsp;&nbsp;&nbsp;_main_scatterload
</UL>

<P><STRONG><a name="[8c]"></a>__scatterload_rt2</STRONG> (Thumb, 0 bytes, Stack size 0 bytes, init.o(.text), UNUSED)

<P><STRONG><a name="[53]"></a>__aeabi_llsl</STRONG> (Thumb, 32 bytes, Stack size 8 bytes, llshl.o(.text), UNUSED)
<BR><BR>[Called By]<UL><LI><a href="#[51]">&gt;&gt;</a>&nbsp;&nbsp;&nbsp;__aeabi_uldivmod
</UL>

<P><STRONG><a name="[8d]"></a>_ll_shift_l</STRONG> (Thumb, 0 bytes, Stack size 8 bytes, llshl.o(.text), UNUSED)

<P><STRONG><a name="[52]"></a>__aeabi_llsr</STRONG> (Thumb, 34 bytes, Stack size 8 bytes, llushr.o(.text), UNUSED)
<BR><BR>[Called By]<UL><LI><a href="#[51]">&gt;&gt;</a>&nbsp;&nbsp;&nbsp;__aeabi_uldivmod
</UL>

<P><STRONG><a name="[8e]"></a>_ll_ushift_r</STRONG> (Thumb, 0 bytes, Stack size 8 bytes, llushr.o(.text), UNUSED)

<P><STRONG><a name="[55]"></a>__0printf$8</STRONG> (Thumb, 24 bytes, Stack size 24 bytes, printf8.o(i.__0printf$8), UNUSED)
<BR><BR>[Calls]<UL><LI><a href="#[56]">&gt;&gt;</a>&nbsp;&nbsp;&nbsp;_printf_core
</UL>

<P><STRONG><a name="[8f]"></a>__1printf$8</STRONG> (Thumb, 0 bytes, Stack size 24 bytes, printf8.o(i.__0printf$8), UNUSED)

<P><STRONG><a name="[24]"></a>__2printf</STRONG> (Thumb, 0 bytes, Stack size 24 bytes, printf8.o(i.__0printf$8))
<BR><BR>[Stack]<UL><LI>Max Depth = 24<LI>Call Chain = __2printf
</UL>
<BR>[Called By]<UL><LI><a href="#[1a]">&gt;&gt;</a>&nbsp;&nbsp;&nbsp;main
<LI><a href="#[23]">&gt;&gt;</a>&nbsp;&nbsp;&nbsp;hex_dump
</UL>

<P><STRONG><a name="[2b]"></a>__ARM_common_switch8</STRONG> (Thumb, 28 bytes, Stack size 8 bytes, ch57x_clk.o(i.__ARM_common_switch8))
<BR><BR>[Stack]<UL><LI>Max Depth = 8<LI>Call Chain = __ARM_common_switch8
</UL>
<BR>[Called By]<UL><LI><a href="#[37]">&gt;&gt;</a>&nbsp;&nbsp;&nbsp;GPIOB_ModeCfg
<LI><a href="#[25]">&gt;&gt;</a>&nbsp;&nbsp;&nbsp;SetSysClock
<LI><a href="#[21]">&gt;&gt;</a>&nbsp;&nbsp;&nbsp;GPIOA_ModeCfg
<LI><a href="#[4f]">&gt;&gt;</a>&nbsp;&nbsp;&nbsp;USB_DevTransProcess
<LI><a href="#[3b]">&gt;&gt;</a>&nbsp;&nbsp;&nbsp;BulkThirteen
</UL>

<P><STRONG><a name="[90]"></a>__scatterload_copy</STRONG> (Thumb, 14 bytes, Stack size unknown bytes, handlers.o(i.__scatterload_copy), UNUSED)

<P><STRONG><a name="[91]"></a>__scatterload_null</STRONG> (Thumb, 2 bytes, Stack size unknown bytes, handlers.o(i.__scatterload_null), UNUSED)

<P><STRONG><a name="[92]"></a>__scatterload_zeroinit</STRONG> (Thumb, 14 bytes, Stack size unknown bytes, handlers.o(i.__scatterload_zeroinit), UNUSED)
<P>
<H3>
Local Symbols
</H3>
<P><STRONG><a name="[56]"></a>_printf_core</STRONG> (Thumb, 1020 bytes, Stack size 104 bytes, printf8.o(i._printf_core), UNUSED)
<BR><BR>[Calls]<UL><LI><a href="#[51]">&gt;&gt;</a>&nbsp;&nbsp;&nbsp;__aeabi_uldivmod
<LI><a href="#[57]">&gt;&gt;</a>&nbsp;&nbsp;&nbsp;_printf_pre_padding
<LI><a href="#[58]">&gt;&gt;</a>&nbsp;&nbsp;&nbsp;_printf_post_padding
</UL>
<BR>[Called By]<UL><LI><a href="#[55]">&gt;&gt;</a>&nbsp;&nbsp;&nbsp;__0printf$8
</UL>

<P><STRONG><a name="[58]"></a>_printf_post_padding</STRONG> (Thumb, 32 bytes, Stack size 24 bytes, printf8.o(i._printf_post_padding), UNUSED)
<BR><BR>[Called By]<UL><LI><a href="#[56]">&gt;&gt;</a>&nbsp;&nbsp;&nbsp;_printf_core
</UL>

<P><STRONG><a name="[57]"></a>_printf_pre_padding</STRONG> (Thumb, 44 bytes, Stack size 40 bytes, printf8.o(i._printf_pre_padding), UNUSED)
<BR><BR>[Called By]<UL><LI><a href="#[56]">&gt;&gt;</a>&nbsp;&nbsp;&nbsp;_printf_core
</UL>
<P>
<H3>
Undefined Global Symbols
</H3><HR></body></html>
