<html>
<body>
<pre>
<h1>µVision Build Log</h1>
<h2>Tool Versions:</h2>
IDE-Version: ¦ÌVision V5.28.0.0
Copyright (C) 2019 ARM Ltd and ARM Germany GmbH. All rights reserved.
License Information: alon,  , LIC=QF82M-XQKR3-FWC2N-Y4E6K-JFC8J-SWI6Y
 
Tool Versions:
Toolchain:       MDK-ARM Plus  Version: 5.28.0.0
Toolchain Path:  C:\Keil_v5\ARM\ARMCC\Bin
C Compiler:      Armcc.exe V5.06 update 6 (build 750)
Assembler:       Armasm.exe V5.06 update 6 (build 750)
Linker/Locator:  ArmLink.exe V5.06 update 6 (build 750)
Library Manager: ArmAr.exe V5.06 update 6 (build 750)
Hex Converter:   FromElf.exe V5.06 update 6 (build 750)
CPU DLL:         SARMCM3.DLL V5.28.0.0
Dialog DLL:      DARMCM1.DLL V1.19.2.0
Target DLL:      Segger\JL2CM3.dll V2.99.36.0
Dialog DLL:      TARMCM1.DLL V1.14.1.0
 
<h2>Project:</h2>
C:\Users\alon\Desktop\github\ch579lib\CH579EVT\EVT\EXAM\USB\ch57x_usb_device_msc_test\CH57x.uvprojx
Project File Date:  12/12/2022

<h2>Output:</h2>
*** Using Compiler 'V5.06 update 6 (build 750)', folder: 'C:\Keil_v5\ARM\ARMCC\Bin'
Build target 'CH57x'
compiling CH57x_int.c...
compiling CH57x_lcd.c...
compiling CH57x_flash.c...
compiling CH57x_gpio.c...
compiling CH57x_pwm.c...
compiling Main.c...
compiling CH57x_pwr.c...
compiling CH57x_adc.c...
compiling CH57x_spi1.c...
compiling CH57x_spi0.c...
compiling CH57x_clk.c...
compiling CH57x_sys.c...
compiling CH57x_timer0.c...
compiling CH57x_timer1.c...
compiling CH57x_timer3.c...
compiling CH57x_timer2.c...
compiling CH57x_uart2.c...
compiling CH57x_usbdev.c...
compiling CH57x_uart1.c...
compiling CH57x_uart0.c...
compiling CH57x_uart3.c...
compiling CH57x_usbhostBase.c...
..\..\SRC\StdPeriphDriver\CH57x_usbhostBase.c(257): warning:  #111-D: statement is unreachable
                      break;
..\..\SRC\StdPeriphDriver\CH57x_usbhostBase.c: 1 warning, 0 errors
compiling CH57x_usbhostClass.c...
compiling ch57x_code_flash.c...
compiling ch57x_usb_device_msc.c...
linking...
Program Size: Code=11300 RO-data=332 RW-data=60 ZI-data=320  
FromELF: creating hex file...
".\obj\CH57x.axf" - 0 Error(s), 1 Warning(s).

<h2>Software Packages used:</h2>

Package Vendor: Keil
                http://wch.cn/pack/Keil.WCH57x_DFP.1.1.0.pack
                Keil.WCH57x_DFP.1.1.0
                WCH wireless MCU CH57x Family Support, Drivers and Examples

<h2>Collection of Component include folders:</h2>
  .\RTE\_CH57x
  C:\Users\alon\AppData\Local\Arm\Packs\Keil\WCH57x_DFP\1.1.0\Drivers\CMSIS\Device\WCH\CH57x\Include

<h2>Collection of Component Files used:</h2>
Build Time Elapsed:  00:00:02
</pre>
</body>
</html>
