<html>
<body>
<pre>
<h1>µVision Build Log</h1>
<h2>Tool Versions:</h2>
IDE-Version: ¦ÌVision V5.24.2.86
Copyright (C) 2017 ARM Ltd and ARM Germany GmbH. All rights reserved.
License Information: 210121656@qq.com,  , LIC=32B1Q-NEVCD-30HNC-70AP9-SB4KA-CMEDF
 
Tool Versions:
Toolchain:       MDK-ARM Plus  Version: 5.26.2.0
Toolchain Path:  C:\Keil_v5\ARM\ARMCC\Bin
C Compiler:      Armcc.exe V5.06 update 6 (build 750)
Assembler:       Armasm.exe V5.06 update 6 (build 750)
Linker/Locator:  ArmLink.exe V5.06 update 6 (build 750)
Library Manager: ArmAr.exe V5.06 update 6 (build 750)
Hex Converter:   FromElf.exe V5.06 update 6 (build 750)
CPU DLL:         SARMCM3.DLL V5.26.2.0
Dialog DLL:      DARMCM1.DLL V1.19.1.0
Target DLL:      STLink\ST-LINKIII-KEIL_SWO.dll V3.0.5.0
Dialog DLL:      TARMCM1.DLL V1.14.0.0
 
<h2>Project:</h2>
C:\Users\21012\Desktop\Keil\CH579\CH579EVT\EVT\EXAM\BLE\BLE_USB_HID_Keyboard\Project\BLE.uvprojx
Project File Date:  07/05/2021

<h2>Output:</h2>
*** Using Compiler 'V5.06 update 6 (build 750)', folder: 'C:\Keil_v5\ARM\ARMCC\Bin'
Build target 'CH57x'
compiling CH57x_spi0.c...
compiling hidkbd_main.c...
..\APP\hidkbd_main.c(48): warning:  #177-D: variable "taskID"  was declared but never referenced
  	UINT8 taskID = 0;
..\APP\hidkbd_main.c: 1 warning, 0 errors
linking...
Program Size: Code=88882 RO-data=1370 RW-data=2212 ZI-data=10172  
FromELF: creating hex file...
".\obj\BLE.axf" - 0 Error(s), 1 Warning(s).

<h2>Software Packages used:</h2>

Package Vendor: Keil
                http://wch.cn/pack/Keil.WCH57x_DFP.1.1.0.pack
                Keil.WCH57x_DFP.1.1.0
                WCH wireless MCU CH57x Family Support, Drivers and Examples

<h2>Collection of Component include folders:</h2>
  .\RTE\_CH57x
  C:\Keil_v5\ARM\PACK\Keil\WCH57x_DFP\1.1.0\Drivers\CMSIS\Device\WCH\CH57x\Include

<h2>Collection of Component Files used:</h2>
Build Time Elapsed:  00:00:01
</pre>
</body>
</html>
