Component: ARM Compiler 5.06 update 6 (build 750) Tool: armlink [4d35ed]

==============================================================================

Section Cross References

    central.o(.text) refers to printfa.o(i.__0printf) for __2printf
    central.o(.text) refers to tmos.o(i.tmos_start_task) for tmos_start_task
    central.o(.text) refers to gatt.o(i.GATT_ReadUsingCharUUID) for GATT_ReadUsingCharUUID
    central.o(.text) refers to gatt.o(i.GATT_bm_free) for GATT_bm_free
    central.o(.text) refers to message.o(i.tmos_msg_receive) for tmos_msg_receive
    central.o(.text) refers to message.o(i.tmos_msg_deallocate) for tmos_msg_deallocate
    central.o(.text) refers to central.o(i.GAPRole_CentralStartDevice) for GAPRole_CentralStartDevice
    central.o(.text) refers to role.o(i.GAPRole_TerminateLink) for GAPRole_TerminateLink
    central.o(.text) refers to gatt.o(i.GATT_DiscPrimaryServiceByUUID) for GATT_DiscPrimaryServiceByUUID
    central.o(.text) refers to central.o(i.GAPRole_UpdateLink) for GAPRole_UpdateLink
    central.o(.text) refers to gatt.o(i.GATT_bm_alloc) for GATT_bm_alloc
    central.o(.text) refers to gatt.o(i.GATT_WriteCharValue) for GATT_WriteCharValue
    central.o(.text) refers to gatt.o(i.GATT_ReadCharValue) for GATT_ReadCharValue
    central.o(.text) refers to role.o(i.GAPRole_ReadRssiCmd) for GAPRole_ReadRssiCmd
    central.o(.text) refers to tmos.o(i.TMOS_ProcessEventRegister) for TMOS_ProcessEventRegister
    central.o(.text) refers to gap.o(i.GAP_SetParamValue) for GAP_SetParamValue
    central.o(.text) refers to gapbondmgr.o(i.GAPBondMgr_SetParameter) for GAPBondMgr_SetParameter
    central.o(.text) refers to gattclientapp.o(i.GATT_InitClient) for GATT_InitClient
    central.o(.text) refers to gattclientapp.o(i.GATT_RegisterForInd) for GATT_RegisterForInd
    central.o(.text) refers to tmos.o(i.tmos_set_event) for tmos_set_event
    central.o(.text) refers to gatt.o(i.GATT_ExchangeMTU) for GATT_ExchangeMTU
    central.o(.text) refers to central.o(.data) for .data
    central.o(.text) refers to tmos.o(i.tmos_memcmp) for tmos_memcmp
    central.o(.text) refers to tmos.o(i.tmos_memcpy) for tmos_memcpy
    central.o(.text) refers to tmos.o(i.tmos_stop_task) for tmos_stop_task
    central.o(.text) refers to central.o(i.GAPRole_CentralStartDiscovery) for GAPRole_CentralStartDiscovery
    central.o(.text) refers to central.o(i.GAPRole_CentralEstablishLink) for GAPRole_CentralEstablishLink
    central.o(.text) refers to tmos.o(i.tmos_rand) for tmos_rand
    central.o(.text) refers to uidiv.o(.text) for __aeabi_uidivmod
    central.o(.text) refers to gapbondmgr.o(i.GAPBondMgr_PasscodeRsp) for GAPBondMgr_PasscodeRsp
    central.o(.text) refers to central.o(.bss) for .bss
    central.o(.data) refers to central.o(.text) for centralPasscodeCB
    central_main.o(.text) refers to ch57x_clk.o(.text) for SetSysClock
    central_main.o(.text) refers to ch57x_pwr.o(.text) for PWR_UnitModCfg
    central_main.o(.text) refers to ch57x_gpio.o(.text) for GPIOA_ModeCfg
    central_main.o(.text) refers to ch57x_uart1.o(.text) for UART1_DefInit
    central_main.o(.text) refers to printfa.o(i.__0printf) for __2printf
    central_main.o(.text) refers to mcu.o(.text) for CH57X_BLEInit
    central_main.o(.text) refers to role.o(i.GAPRole_CentralInit) for GAPRole_CentralInit
    central_main.o(.text) refers to usb_vcp.o(.text) for USB_VCP_Init
    central_main.o(.text) refers to central.o(.text) for Central_Init
    central_main.o(.text) refers to tmos.o(i.TMOS_SystemProcess) for TMOS_SystemProcess
    central_main.o(.text) refers to ip.o(.constdata) for VER_LIB
    usb_vcp.o(.text) refers to ch57x_usbdev.o(.text) for DevEP4_IN_Deal
    usb_vcp.o(.text) refers to memcpya.o(.text) for __aeabi_memcpy
    usb_vcp.o(.text) refers to printfa.o(i.__0vsnprintf) for vsnprintf
    usb_vcp.o(.text) refers to usb_vcp.o(i.__ARM_common_switch8) for __ARM_common_switch8
    usb_vcp.o(.text) refers to ch57x_gpio.o(.text) for GPIOA_ModeCfg
    usb_vcp.o(.text) refers to ch57x_uart1.o(.text) for UART1_DefInit
    usb_vcp.o(.text) refers to ch57x_usbdev.o(.data) for pEP0_RAM_Addr
    usb_vcp.o(.text) refers to usb_vcp.o(.bss) for .bss
    usb_vcp.o(.text) refers to usb_vcp.o(.data) for .data
    usb_vcp.o(.text) refers to usb_vcp.o(.constdata) for .constdata
    startup_armcm0.o(RESET) refers to startup_armcm0.o(.text) for Reset_Handler
    startup_armcm0.o(RESET) refers to ch57x_int.o(.text) for NMI_Handler
    startup_armcm0.o(RESET) refers to mcu.o(.text) for LLE_IRQHandler
    startup_armcm0.o(RESET) refers to usb_vcp.o(.text) for USB_IRQHandler
    startup_armcm0.o(RESET) refers to rtc.o(.text) for RTC_IRQHandler
    startup_armcm0.o(.text) refers to ch57x_clk.o(.text) for SystemInit
    startup_armcm0.o(.text) refers to entry.o(.ARM.Collect$$$$00000000) for __main
    ch57x_clk.o(.text) refers to ch57x_sys.o(.text) for mDelayuS
    ch57x_clk.o(.text) refers to ch57x_pwr.o(.text) for PowerMonitor
[...]
    0x00004f54   0x00004f54   0x00000068   Code   RO         1984    i.GATTServApp_Init  CH57xBLE.LIB(gattservapp.o)
    0x00004fbc   0x00004fbc   0x00000030   Code   RO         1985    i.GATTServApp_InitCharCfg  CH57xBLE.LIB(gattservapp.o)
    0x00004fec   0x00004fec   0x0000009c   Code   RO         1986    i.GATTServApp_ParamInit  CH57xBLE.LIB(gattservapp.o)
    0x00005088   0x00005088   0x0000004a   Code   RO         1987    i.GATTServApp_ProcessCCCWriteReq  CH57xBLE.LIB(gattservapp.o)
    0x000050d2   0x000050d2   0x00000002   PAD
    0x000050d4   0x000050d4   0x00000048   Code   RO         1989    i.GATTServApp_ProcessEvent  CH57xBLE.LIB(gattservapp.o)
    0x0000511c   0x0000511c   0x00000228   Code   RO         1990    i.GATTServApp_ReadAttr  CH57xBLE.LIB(gattservapp.o)
    0x00005344   0x00005344   0x0000000e   Code   RO         1991    i.GATTServApp_ReadCharCfg  CH57xBLE.LIB(gattservapp.o)
    0x00005352   0x00005352   0x00000002   PAD
    0x00005354   0x00005354   0x0000000c   Code   RO         1992    i.GATTServApp_RegisterForMsg  CH57xBLE.LIB(gattservapp.o)
    0x00005360   0x00005360   0x00000038   Code   RO         1994    i.GATTServApp_SendCCCUpdatedEvent  CH57xBLE.LIB(gattservapp.o)
    0x00005398   0x00005398   0x00000024   Code   RO         1995    i.GATTServApp_SendServiceChangedInd  CH57xBLE.LIB(gattservapp.o)
    0x000053bc   0x000053bc   0x00000018   Code   RO         1997    i.GATTServApp_UpdateCharCfg  CH57xBLE.LIB(gattservapp.o)
    0x000053d4   0x000053d4   0x00000078   Code   RO         1998    i.GATTServApp_WriteAttr  CH57xBLE.LIB(gattservapp.o)
    0x0000544c   0x0000544c   0x0000002c   Code   RO         1999    i.GATTServApp_WriteCharCfg  CH57xBLE.LIB(gattservapp.o)
    0x00005478   0x00005478   0x0000002a   Code   RO          885    i.GATT_AppCompletedMsg  CH57xBLE.LIB(gatt.o)
    0x000054a2   0x000054a2   0x00000002   PAD
    0x000054a4   0x000054a4   0x00000064   Code   RO          890    i.GATT_DiscPrimaryServiceByUUID  CH57xBLE.LIB(gatt.o)
    0x00005508   0x00005508   0x00000034   Code   RO          891    i.GATT_ExchangeMTU  CH57xBLE.LIB(gatt.o)
    0x0000553c   0x0000553c   0x00000048   Code   RO         2001    i.GATT_FindHandle   CH57xBLE.LIB(gattservapp.o)
    0x00005584   0x00005584   0x00000074   Code   RO         2002    i.GATT_FindHandleUUID  CH57xBLE.LIB(gattservapp.o)
    0x000055f8   0x000055f8   0x00000094   Code   RO         2003    i.GATT_FindNextAttr  CH57xBLE.LIB(gattservapp.o)
    0x0000568c   0x0000568c   0x00000068   Code   RO         2005    i.GATT_Indication   CH57xBLE.LIB(gattservapp.o)
    0x000056f4   0x000056f4   0x0000002c   Code   RO          893    i.GATT_Init         CH57xBLE.LIB(gatt.o)
    0x00005720   0x00005720   0x00000080   Code   RO          986    i.GATT_InitClient   CH57xBLE.LIB(gattclientapp.o)
    0x000057a0   0x000057a0   0x00000050   Code   RO         2006    i.GATT_InitServer   CH57xBLE.LIB(gattservapp.o)
    0x000057f0   0x000057f0   0x00000038   Code   RO          894    i.GATT_NotifyEvent  CH57xBLE.LIB(gatt.o)
    0x00005828   0x00005828   0x000000f4   Code   RO          895    i.GATT_ProcessEvent  CH57xBLE.LIB(gatt.o)
    0x0000591c   0x0000591c   0x00000008   Code   RO          897    i.GATT_ReadCharValue  CH57xBLE.LIB(gatt.o)
    0x00005924   0x00005924   0x0000000c   Code   RO          901    i.GATT_ReadUsingCharUUID  CH57xBLE.LIB(gatt.o)
    0x00005930   0x00005930   0x0000000c   Code   RO          902    i.GATT_RegisterForCentMsgs  CH57xBLE.LIB(gatt.o)
    0x0000593c   0x0000593c   0x0000000c   Code   RO          987    i.GATT_RegisterForInd  CH57xBLE.LIB(gattclientapp.o)
    0x00005948   0x00005948   0x00000078   Code   RO          906    i.GATT_ServiceChangedInd  CH57xBLE.LIB(gatt.o)
    0x000059c0   0x000059c0   0x00000012   Code   RO         2010    i.GATT_ServiceEncKeySize  CH57xBLE.LIB(gattservapp.o)
    0x000059d2   0x000059d2   0x0000000e   Code   RO         2011    i.GATT_ServiceNumAttrs  CH57xBLE.LIB(gattservapp.o)
    0x000059e0   0x000059e0   0x0000004c   Code   RO          909    i.GATT_UpdateMTU    CH57xBLE.LIB(gatt.o)
    0x00005a2c   0x00005a2c   0x00000052   Code   RO         2012    i.GATT_VerifyPrepareWritePermissions  CH57xBLE.LIB(gattservapp.o)
    0x00005a7e   0x00005a7e   0x00000056   Code   RO         2013    i.GATT_VerifyReadPermissions  CH57xBLE.LIB(gattservapp.o)
    0x00005ad4   0x00005ad4   0x00000064   Code   RO         2014    i.GATT_VerifyWritePermissions  CH57xBLE.LIB(gattservapp.o)
    0x00005b38   0x00005b38   0x0000000e   Code   RO          911    i.GATT_WriteCharValue  CH57xBLE.LIB(gatt.o)
    0x00005b46   0x00005b46   0x00000002   PAD
    0x00005b48   0x00005b48   0x0000008c   Code   RO          915    i.GATT_bm_alloc     CH57xBLE.LIB(gatt.o)
    0x00005bd4   0x00005bd4   0x00000010   Code   RO          916    i.GATT_bm_free      CH57xBLE.LIB(gatt.o)
    0x00005be4   0x00005be4   0x00000128   Code   RO         1954    i.GGS_ParamInit     CH57xBLE.LIB(gapgattserver.o)
    0x00005d0c   0x00005d0c   0x00000094   Code   RO         1957    i.GGS_SetParameter  CH57xBLE.LIB(gapgattserver.o)
    0x00005da0   0x00005da0   0x00000002   Code   RO         2810    i.HCI_AuthenticatedPayloadTimeoutExpiredCback  CH57xBLE.LIB(ctl_output.o)
    0x00005da2   0x00005da2   0x00000008   Code   RO         2811    i.HCI_CommandCompleteCback  CH57xBLE.LIB(ctl_output.o)
    0x00005daa   0x00005daa   0x00000008   Code   RO         2812    i.HCI_CommandStatusCback  CH57xBLE.LIB(ctl_output.o)
    0x00005db2   0x00005db2   0x00000008   Code   RO         2813    i.HCI_DataBufferOverflowCback  CH57xBLE.LIB(ctl_output.o)
    0x00005dba   0x00005dba   0x00000008   Code   RO         1595    i.HCI_DisconnectCmd  CH57xBLE.LIB(host_output.o)
    0x00005dc2   0x00005dc2   0x00000008   Code   RO         2814    i.HCI_DisconnectionCompleteCback  CH57xBLE.LIB(ctl_output.o)
    0x00005dca   0x00005dca   0x00000008   Code   RO         2815    i.HCI_EncryptionChangeCback  CH57xBLE.LIB(ctl_output.o)
    0x00005dd2   0x00005dd2   0x00000008   Code   RO         2816    i.HCI_EncryptionKeyRefreshCompleteCback  CH57xBLE.LIB(ctl_output.o)
    0x00005dda   0x00005dda   0x0000000a   Code   RO         1597    i.HCI_HostNumCompletedPktCmd  CH57xBLE.LIB(host_output.o)
    0x00005de4   0x00005de4   0x00000008   Code   RO         1598    i.HCI_LE_AddDeviceToResolvingList  CH57xBLE.LIB(host_output.o)
    0x00005dec   0x00005dec   0x00000008   Code   RO         1599    i.HCI_LE_AddWhiteListCmd  CH57xBLE.LIB(host_output.o)
    0x00005df4   0x00005df4   0x00000012   Code   RO         2818    i.HCI_LE_AdvertisingReportCback  CH57xBLE.LIB(ctl_output.o)
    0x00005e06   0x00005e06   0x00000008   Code   RO         1600    i.HCI_LE_ClearResolvingList  CH57xBLE.LIB(host_output.o)
    0x00005e0e   0x00005e0e   0x00000008   Code   RO         1601    i.HCI_LE_ClearWhiteListCmd  CH57xBLE.LIB(host_output.o)
    0x00005e16   0x00005e16   0x00000010   Code   RO         1602    i.HCI_LE_ConnUpdateCmd  CH57xBLE.LIB(host_output.o)
    0x00005e26   0x00005e26   0x0000001a   Code   RO         2819    i.HCI_LE_ConnectionCompleteCback  CH57xBLE.LIB(ctl_output.o)
    0x00005e40   0x00005e40   0x0000000c   Code   RO         2820    i.HCI_LE_ConnectionUpdateCompleteCback  CH57xBLE.LIB(ctl_output.o)
    0x00005e4c   0x00005e4c   0x00000008   Code   RO         1603    i.HCI_LE_CreateConnCancelCmd  CH57xBLE.LIB(host_output.o)
    0x00005e54   0x00005e54   0x00000030   Code   RO         1604    i.HCI_LE_CreateConnCmd  CH57xBLE.LIB(host_output.o)
    0x00005e84   0x00005e84   0x0000000c   Code   RO         2821    i.HCI_LE_DataLengthChangeCback  CH57xBLE.LIB(ctl_output.o)
    0x00005e90   0x00005e90   0x00000012   Code   RO         2822    i.HCI_LE_DirectAdvertisingReportCback  CH57xBLE.LIB(ctl_output.o)
    0x00005ea2   0x00005ea2   0x00000020   Code   RO         2823    i.HCI_LE_EnhancedConnectionCompleteCback  CH57xBLE.LIB(ctl_output.o)
    0x00005ec2   0x00005ec2   0x00000008   Code   RO         2825    i.HCI_LE_LongTermKeyRequestCback  CH57xBLE.LIB(ctl_output.o)
    0x00005eca   0x00005eca   0x00000008   Code   RO         1605    i.HCI_LE_LtkReqNegReplyCmd  CH57xBLE.LIB(host_output.o)
    0x00005ed2   0x00005ed2   0x00000008   Code   RO         1606    i.HCI_LE_LtkReqReplyCmd  CH57xBLE.LIB(host_output.o)
    0x00005eda   0x00005eda   0x00000008   Code   RO         1607    i.HCI_LE_RandCmd    CH57xBLE.LIB(host_output.o)
    0x00005ee2   0x00005ee2   0x00000008   Code   RO         1608    i.HCI_LE_ReadBufSizeCmd  CH57xBLE.LIB(host_output.o)
    0x00005eea   0x00005eea   0x00000008   Code   RO         2827    i.HCI_LE_ReadRemoteUsedFeaturesCompleteCback  CH57xBLE.LIB(ctl_output.o)
    0x00005ef2   0x00005ef2   0x00000008   Code   RO         1613    i.HCI_LE_RemoteConnParamReqNegReplyCmd  CH57xBLE.LIB(host_output.o)
    0x00005efa   0x00005efa   0x00000010   Code   RO         1614    i.HCI_LE_RemoteConnParamReqReplyCmd  CH57xBLE.LIB(host_output.o)
    0x00005f0a   0x00005f0a   0x0000000c   Code   RO         2828    i.HCI_LE_RemoteConnectionParameterRequestCback  CH57xBLE.LIB(ctl_output.o)
    0x00005f16   0x00005f16   0x00000008   Code   RO         1616    i.HCI_LE_SetAddressResolvableEnableCmd  CH57xBLE.LIB(host_output.o)
    0x00005f1e   0x00005f1e   0x00000008   Code   RO         1618    i.HCI_LE_SetAdvEnableCmd  CH57xBLE.LIB(host_output.o)
    0x00005f26   0x00005f26   0x00000016   Code   RO         1619    i.HCI_LE_SetAdvParamCmd  CH57xBLE.LIB(host_output.o)
    0x00005f3c   0x00005f3c   0x00000008   Code   RO         1622    i.HCI_LE_SetRandomAddressCmd  CH57xBLE.LIB(host_output.o)
    0x00005f44   0x00005f44   0x00000008   Code   RO         1623    i.HCI_LE_SetResolvableAddressTimeoutCmd  CH57xBLE.LIB(host_output.o)
    0x00005f4c   0x00005f4c   0x00000008   Code   RO         1624    i.HCI_LE_SetScanEnableCmd  CH57xBLE.LIB(host_output.o)
    0x00005f54   0x00005f54   0x0000000c   Code   RO         1625    i.HCI_LE_SetScanParamCmd  CH57xBLE.LIB(host_output.o)
    0x00005f60   0x00005f60   0x00000010   Code   RO         1627    i.HCI_LE_StartEncyptCmd  CH57xBLE.LIB(host_output.o)
    0x00005f70   0x00005f70   0x00000008   Code   RO         1628    i.HCI_MB_DisconnectCmd  CH57xBLE.LIB(host_output.o)
    0x00005f78   0x00005f78   0x00000008   Code   RO         2829    i.HCI_NumberOfCompletedPacketsCback  CH57xBLE.LIB(ctl_output.o)
    0x00005f80   0x00005f80   0x00000008   Code   RO         1629    i.HCI_ReadBDADDRCmd  CH57xBLE.LIB(host_output.o)
    0x00005f88   0x00005f88   0x0000000c   Code   RO         2830    i.HCI_ReadRemoteVersionInfoCback  CH57xBLE.LIB(ctl_output.o)
    0x00005f94   0x00005f94   0x00000008   Code   RO         1633    i.HCI_ReadRssiCmd   CH57xBLE.LIB(host_output.o)
    0x00005f9c   0x00005f9c   0x0000000c   Code   RO         2831    i.HCI_RemoteConnectionParameterRequestCback  CH57xBLE.LIB(ctl_output.o)
    0x00005fa8   0x00005fa8   0x00000008   Code   RO         2832    i.HCI_RxDataCompleteCback  CH57xBLE.LIB(ctl_output.o)
    0x00005fb0   0x00005fb0   0x00000008   Code   RO         1636    i.HCI_SendDataPkt   CH57xBLE.LIB(host_output.o)
    0x00005fb8   0x00005fb8   0x0000003c   Code   RO         1640    i.HCI_ValidConnTimeParams  CH57xBLE.LIB(host_output.o)
    0x00005ff4   0x00005ff4   0x00000040   Code   RO         1546    i.HOST_CommandCompleteEvent  CH57xBLE.LIB(host_input.o)
    0x00006034   0x00006034   0x00000030   Code   RO         1547    i.HOST_CommandStatusEvent  CH57xBLE.LIB(host_input.o)
    0x00006064   0x00006064   0x00000028   Code   RO         1548    i.HOST_DataBufferOverflowEvent  CH57xBLE.LIB(host_input.o)
    0x0000608c   0x0000608c   0x00000030   Code   RO         1549    i.HOST_DisconnectionCompleteEvent  CH57xBLE.LIB(host_input.o)
    0x000060bc   0x000060bc   0x00000034   Code   RO         1550    i.HOST_EncryptionChangeEvent  CH57xBLE.LIB(host_input.o)
    0x000060f0   0x000060f0   0x0000002c   Code   RO         1551    i.HOST_EncryptionKeyRefreshCompleteEvent  CH57xBLE.LIB(host_input.o)
    0x0000611c   0x0000611c   0x00000060   Code   RO         1553    i.HOST_LE_AdvPktReportEvent  CH57xBLE.LIB(host_input.o)
    0x0000617c   0x0000617c   0x00000080   Code   RO         1554    i.HOST_LE_ConnectionCompleteEvent  CH57xBLE.LIB(host_input.o)
    0x000061fc   0x000061fc   0x0000003c   Code   RO         1555    i.HOST_LE_ConnectionUpdateCompleteEvent  CH57xBLE.LIB(host_input.o)
    0x00006238   0x00006238   0x0000003c   Code   RO         1556    i.HOST_LE_DataLengthChangeEvent  CH57xBLE.LIB(host_input.o)
    0x00006274   0x00006274   0x0000006c   Code   RO         1557    i.HOST_LE_DirectAdvertisingReportEvent  CH57xBLE.LIB(host_input.o)
    0x000062e0   0x000062e0   0x000000b4   Code   RO         1558    i.HOST_LE_EnhancedConnectionCompleteEvent  CH57xBLE.LIB(host_input.o)
    0x00006394   0x00006394   0x0000003c   Code   RO         1560    i.HOST_LE_LongTermKeyRequestEvent  CH57xBLE.LIB(host_input.o)
    0x000063d0   0x000063d0   0x0000003c   Code   RO         1562    i.HOST_LE_ReadRemoteUsedFeaturesCompleteEvent  CH57xBLE.LIB(host_input.o)
    0x0000640c   0x0000640c   0x0000003c   Code   RO         1563    i.HOST_LE_RemoteConnectionParameterRequestEvent  CH57xBLE.LIB(host_input.o)
    0x00006448   0x00006448   0x00000030   Code   RO         1564    i.HOST_NumberOfCompletedPacketsEvent  CH57xBLE.LIB(host_input.o)
    0x00006478   0x00006478   0x00000038   Code   RO         1565    i.HOST_ReadRemoteVersionInfoEvent  CH57xBLE.LIB(host_input.o)
    0x000064b0   0x000064b0   0x00000124   Code   RO         1566    i.HOST_RecvDataPackets  CH57xBLE.LIB(host_input.o)
    0x000065d4   0x000065d4   0x0000002e   Code   RO         1567    i.HOST_RemoteConnectionParameterRequestEvent  CH57xBLE.LIB(host_input.o)
    0x00006602   0x00006602   0x00000002   PAD
    0x00006604   0x00006604   0x00000018   Code   RO         2206    i.L2CAP_CmdReject   CH57xBLE.LIB(l2cap_sdu.o)
    0x0000661c   0x0000661c   0x0000001c   Code   RO         2207    i.L2CAP_ConnParamUpdateReq  CH57xBLE.LIB(l2cap_sdu.o)
    0x00006638   0x00006638   0x00000018   Code   RO         2208    i.L2CAP_ConnParamUpdateRsp  CH57xBLE.LIB(l2cap_sdu.o)
    0x00006650   0x00006650   0x00000028   Code   RO         2210    i.L2CAP_DisconnectReq  CH57xBLE.LIB(l2cap_sdu.o)
    0x00006678   0x00006678   0x0000000c   Code   RO         2133    i.L2CAP_GetMTU      CH57xBLE.LIB(l2cap.o)
    0x00006684   0x00006684   0x00000018   Code   RO         2134    i.L2CAP_HostNumCompletedPkts  CH57xBLE.LIB(l2cap.o)
    0x0000669c   0x0000669c   0x000000b0   Code   RO         2135    i.L2CAP_Init        CH57xBLE.LIB(l2cap.o)
    0x0000674c   0x0000674c   0x0000003e   Code   RO         2136    i.L2CAP_ParseConnectReq  CH57xBLE.LIB(l2cap.o)
    0x0000678a   0x0000678a   0x00000020   Code   RO         2137    i.L2CAP_ParseFlowCtrlCredit  CH57xBLE.LIB(l2cap.o)
    0x000067aa   0x000067aa   0x00000034   Code   RO         2866    i.L2CAP_ParseParamUpdateReq  CH57xBLE.LIB(l2cap_input.o)
    0x000067de   0x000067de   0x00000002   PAD
    0x000067e0   0x000067e0   0x00000090   Code   RO         2139    i.L2CAP_ProcessEvent  CH57xBLE.LIB(l2cap.o)
    0x00006870   0x00006870   0x0000002c   Code   RO         2142    i.L2CAP_RegisterApp  CH57xBLE.LIB(l2cap.o)
    0x0000689c   0x0000689c   0x0000007c   Code   RO         2894    i.L2CAP_SendData    CH57xBLE.LIB(l2cap_output.o)
    0x00006918   0x00006918   0x00000010   Code   RO         2144    i.L2CAP_SetBufSize  CH57xBLE.LIB(l2cap.o)
    0x00006928   0x00006928   0x00000020   Code   RO         2147    i.L2CAP_bm_alloc    CH57xBLE.LIB(l2cap.o)
    0x00006948   0x00006948   0x0000003c   Code   RO          684    i.LLE_DevInit       CH57xBLE.LIB(lle.o)
    0x00006984   0x00006984   0x00000094   Code   RO         2687    i.LL_AddDeviceToResolvingList  CH57xBLE.LIB(ctl_input.o)
    0x00006a18   0x00006a18   0x00000078   Code   RO         2688    i.LL_AddWhiteListDevice  CH57xBLE.LIB(ctl_input.o)
    0x00006a90   0x00006a90   0x00000084   Code   RO         2935    i.LL_AddrGenerateResolvableAddress  CH57xBLE.LIB(ll_address.o)
    0x00006b14   0x00006b14   0x0000011c   Code   RO         2936    i.LL_AddrInit       CH57xBLE.LIB(ll_address.o)
    0x00006c30   0x00006c30   0x00000012   Code   RO         1245    i.LL_AdvertiseDirectTimeout  CH57xBLE.LIB(ll_advertise.o)
    0x00006c42   0x00006c42   0x00000002   PAD
    0x00006c44   0x00006c44   0x00000038   Code   RO         1248    i.LL_AdvertiseToStandby  CH57xBLE.LIB(ll_advertise.o)
    0x00006c7c   0x00006c7c   0x00000046   Code   RO         2563    i.LL_ChannelMapReq  CH57xBLE.LIB(ll_pdu.o)
    0x00006cc2   0x00006cc2   0x0000000a   Code   RO         2689    i.LL_ClearResolvingList  CH57xBLE.LIB(ctl_input.o)
    0x00006ccc   0x00006ccc   0x0000004c   Code   RO         2690    i.LL_ClearWhiteList  CH57xBLE.LIB(ctl_input.o)
    0x00006d18   0x00006d18   0x00000100   Code   RO         2691    i.LL_ConnUpdate     CH57xBLE.LIB(ctl_input.o)
    0x00006e18   0x00006e18   0x00000022   Code   RO         1292    i.LL_ConnectFlowcontrolRx  CH57xBLE.LIB(ll_connect.o)
    0x00006e3a   0x00006e3a   0x00000022   Code   RO         1293    i.LL_ConnectFlowcontrolTx  CH57xBLE.LIB(ll_connect.o)
    0x00006e5c   0x00006e5c   0x00000084   Code   RO         1294    i.LL_ConnectFreeTmosPrioritID  CH57xBLE.LIB(ll_connect.o)
    0x00006ee0   0x00006ee0   0x0000002e   Code   RO         1295    i.LL_ConnectRxPktnumIncrease  CH57xBLE.LIB(ll_connect.o)
    0x00006f0e   0x00006f0e   0x00000002   PAD
    0x00006f10   0x00006f10   0x00000094   Code   RO         1296    i.LL_ConnectShut    CH57xBLE.LIB(ll_connect.o)
    0x00006fa4   0x00006fa4   0x0000007c   Code   RO         1297    i.LL_ConnectToStandby  CH57xBLE.LIB(ll_connect.o)
    0x00007020   0x00007020   0x0000003c   Code   RO         1298    i.LL_ConnectTxPktnumIncrease  CH57xBLE.LIB(ll_connect.o)
    0x0000705c   0x0000705c   0x0000006c   Code   RO         2564    i.LL_ConnectionParamReq  CH57xBLE.LIB(ll_pdu.o)
    0x000070c8   0x000070c8   0x00000080   Code   RO         2566    i.LL_ConnectionUpdateReq  CH57xBLE.LIB(ll_pdu.o)
    0x00007148   0x00007148   0x00000060   Code   RO         2525    i.LL_CoreClose      CH57xBLE.LIB(ll_core.o)
    0x000071a8   0x000071a8   0x00000020   Code   RO         2526    i.LL_CoreDataListFree  CH57xBLE.LIB(ll_core.o)
    0x000071c8   0x000071c8   0x00000080   Code   RO         2527    i.LL_CoreDataListInit  CH57xBLE.LIB(ll_core.o)
    0x00007248   0x00007248   0x00000020   Code   RO         2528    i.LL_CoreGetCore    CH57xBLE.LIB(ll_core.o)
    0x00007268   0x00007268   0x00000038   Code   RO         2529    i.LL_CoreGetDataList  CH57xBLE.LIB(ll_core.o)
    0x000072a0   0x000072a0   0x00000014   Code   RO         2530    i.LL_CoreInit       CH57xBLE.LIB(ll_core.o)
    0x000072b4   0x000072b4   0x000000a0   Code   RO         2531    i.LL_CoreOpen       CH57xBLE.LIB(ll_core.o)
    0x00007354   0x00007354   0x0000013c   Code   RO         2692    i.LL_CreateConn     CH57xBLE.LIB(ctl_input.o)
    0x00007490   0x00007490   0x00000020   Code   RO         2693    i.LL_CreateConnCancel  CH57xBLE.LIB(ctl_input.o)
    0x000074b0   0x000074b0   0x00000030   Code   RO         2694    i.LL_Disconnect     CH57xBLE.LIB(ctl_input.o)
    0x000074e0   0x000074e0   0x0000006e   Code   RO         2567    i.LL_EncReq         CH57xBLE.LIB(ll_pdu.o)
    0x0000754e   0x0000754e   0x000000c2   Code   RO         1195    i.LL_Encrypt        CH57xBLE.LIB(aes.o)
    0x00007610   0x00007610   0x00000038   Code   RO         2569    i.LL_FeatureReq     CH57xBLE.LIB(ll_pdu.o)
    0x00007648   0x00007648   0x00000034   Code   RO         2570    i.LL_FeatureRsp     CH57xBLE.LIB(ll_pdu.o)
    0x0000767c   0x0000767c   0x000000c0   Code   RO         1299    i.LL_GetNextConnectEventTime  CH57xBLE.LIB(ll_connect.o)
    0x0000773c   0x0000773c   0x0000003a   Code   RO         2631    i.LL_HopAtleastTwoChannels  CH57xBLE.LIB(ll_hop.o)
    0x00007776   0x00007776   0x000000b8   Code   RO         2632    i.LL_HopGetChannel  CH57xBLE.LIB(ll_hop.o)
    0x0000782e   0x0000782e   0x00000006   Code   RO         2633    i.LL_HopInit        CH57xBLE.LIB(ll_hop.o)
    0x00007834   0x00007834   0x000000cc   Code   RO         2512    i.LL_Init           CH57xBLE.LIB(ll.o)
    0x00007900   0x00007900   0x00000010   Code   RO         2543    i.LL_InitiateEnable  CH57xBLE.LIB(ll_initiate.o)
    0x00007910   0x00007910   0x00000044   Code   RO         2545    i.LL_InitiateToStandby  CH57xBLE.LIB(ll_initiate.o)
    0x00007954   0x00007954   0x0000001c   Code   RO         2695    i.LL_LE_ReadBufSize  CH57xBLE.LIB(ctl_input.o)
    0x00007970   0x00007970   0x0000007a   Code   RO         2571    i.LL_LengthReq      CH57xBLE.LIB(ll_pdu.o)
    0x000079ea   0x000079ea   0x00000068   Code   RO         2572    i.LL_LengthRsp      CH57xBLE.LIB(ll_pdu.o)
    0x00007a52   0x00007a52   0x00000030   Code   RO         2697    i.LL_LtkReqNegReply  CH57xBLE.LIB(ctl_input.o)
    0x00007a82   0x00007a82   0x00000080   Code   RO         2698    i.LL_LtkReqReply    CH57xBLE.LIB(ctl_input.o)
    0x00007b02   0x00007b02   0x0000001e   Code   RO         2699    i.LL_MD_Disconnect  CH57xBLE.LIB(ctl_input.o)
    0x00007b20   0x00007b20   0x000000f0   Code   RO         1382    i.LL_MasterCreateCore  CH57xBLE.LIB(ll_master.o)
    0x00007c10   0x00007c10   0x0000000c   Code   RO         1383    i.LL_MasterEnalbe   CH57xBLE.LIB(ll_master.o)
    0x00007c1c   0x00007c1c   0x000000c4   Code   RO         1384    i.LL_MasterSetFirstTimer  CH57xBLE.LIB(ll_master.o)
    0x00007ce0   0x00007ce0   0x00000028   Code   RO         2573    i.LL_PauseEncReq    CH57xBLE.LIB(ll_pdu.o)
    0x00007d08   0x00007d08   0x0000001c   Code   RO         2574    i.LL_PauseEncRsp    CH57xBLE.LIB(ll_pdu.o)
    0x00007d24   0x00007d24   0x00000026   Code   RO         2575    i.LL_PingReq        CH57xBLE.LIB(ll_pdu.o)
    0x00007d4a   0x00007d4a   0x00000018   Code   RO         2576    i.LL_PingRsp        CH57xBLE.LIB(ll_pdu.o)
    0x00007d62   0x00007d62   0x00000002   PAD
    0x00007d64   0x00007d64   0x00000108   Code   RO         2513    i.LL_ProcessEvent   CH57xBLE.LIB(ll.o)
    0x00007e6c   0x00007e6c   0x000004a6   Code   RO         2623    i.LL_ProcessTMOSReportMsg  CH57xBLE.LIB(ll_report.o)
    0x00008312   0x00008312   0x0000001c   Code   RO         2700    i.LL_Rand           CH57xBLE.LIB(ctl_input.o)
    0x0000832e   0x0000832e   0x00000002   PAD
    0x00008330   0x00008330   0x00000020   Code   RO         2703    i.LL_ReadBDAddr     CH57xBLE.LIB(ctl_input.o)
    0x00008350   0x00008350   0x00000018   Code   RO         2713    i.LL_ReadRssi       CH57xBLE.LIB(ctl_input.o)
    0x00008368   0x00008368   0x00000034   Code   RO         2718    i.LL_ReceiverTest   CH57xBLE.LIB(ctl_input.o)
    0x0000839c   0x0000839c   0x00000024   Code   RO         2577    i.LL_RejectInd      CH57xBLE.LIB(ll_pdu.o)
    0x000083c0   0x000083c0   0x00000020   Code   RO         2578    i.LL_RejectIndExt   CH57xBLE.LIB(ll_pdu.o)
    0x000083e0   0x000083e0   0x00000030   Code   RO         2719    i.LL_RemoteConnParamReqNegReply  CH57xBLE.LIB(ctl_input.o)
    0x00008410   0x00008410   0x00000104   Code   RO         2720    i.LL_RemoteConnParamReqReply  CH57xBLE.LIB(ctl_input.o)
    0x00008514   0x00008514   0x0000002c   Code   RO         2624    i.LL_ReportGenerateEvent  CH57xBLE.LIB(ll_report.o)
    0x00008540   0x00008540   0x000000f0   Code   RO         2655    i.LL_ResolvinglistAdd  CH57xBLE.LIB(ll_resolvinglist.o)
    0x00008630   0x00008630   0x00000040   Code   RO         2656    i.LL_ResolvinglistCheckLocalResolution  CH57xBLE.LIB(ll_resolvinglist.o)
    0x00008670   0x00008670   0x00000040   Code   RO         2657    i.LL_ResolvinglistCheckPeerResolution  CH57xBLE.LIB(ll_resolvinglist.o)
    0x000086b0   0x000086b0   0x00000030   Code   RO         2658    i.LL_ResolvinglistClearall  CH57xBLE.LIB(ll_resolvinglist.o)
    0x000086e0   0x000086e0   0x00000018   Code   RO         2659    i.LL_ResolvinglistInit  CH57xBLE.LIB(ll_resolvinglist.o)
    0x000086f8   0x000086f8   0x0000002c   Code   RO         2660    i.LL_ResolvinglistLocalRpaAddressGetIrk  CH57xBLE.LIB(ll_resolvinglist.o)
    0x00008724   0x00008724   0x00000038   Code   RO         2661    i.LL_ResolvinglistPeerIdentifyAddressGetIrk  CH57xBLE.LIB(ll_resolvinglist.o)
    0x0000875c   0x0000875c   0x0000002c   Code   RO         2662    i.LL_ResolvinglistPeerRpaAddressGetIrk  CH57xBLE.LIB(ll_resolvinglist.o)
    0x00008788   0x00008788   0x000000d4   Code   RO         2579    i.LL_RxConnParamReq  CH57xBLE.LIB(ll_pdu.o)
    0x0000885c   0x0000885c   0x000000b0   Code   RO         2580    i.LL_RxConnParamRsp  CH57xBLE.LIB(ll_pdu.o)
    0x0000890c   0x0000890c   0x00000040   Code   RO         2581    i.LL_RxLenUpdate    CH57xBLE.LIB(ll_pdu.o)
    0x0000894c   0x0000894c   0x00000020   Code   RO         2582    i.LL_RxVersionExchange  CH57xBLE.LIB(ll_pdu.o)
    0x0000896c   0x0000896c   0x0000002c   Code   RO         1269    i.LL_ScanEnable     CH57xBLE.LIB(ll_scan.o)
    0x00008998   0x00008998   0x0000004c   Code   RO         1271    i.LL_ScanToStandby  CH57xBLE.LIB(ll_scan.o)
    0x000089e4   0x000089e4   0x00000020   Code   RO         2583    i.LL_SendAck        CH57xBLE.LIB(ll_pdu.o)
    0x00008a04   0x00008a04   0x000000b0   Code   RO         2724    i.LL_SendDataPkt    CH57xBLE.LIB(ctl_input.o)
    0x00008ab4   0x00008ab4   0x000000a0   Code   RO         2584    i.LL_SendDmaBuf     CH57xBLE.LIB(ll_pdu.o)
    0x00008b54   0x00008b54   0x0000004c   Code   RO         2725    i.LL_SetAddressResolvableEnable  CH57xBLE.LIB(ctl_input.o)
    0x00008ba0   0x00008ba0   0x000000f0   Code   RO         2726    i.LL_SetAdvControl  CH57xBLE.LIB(ctl_input.o)
    0x00008c90   0x00008c90   0x000000ac   Code   RO         2728    i.LL_SetAdvParam    CH57xBLE.LIB(ctl_input.o)
    0x00008d3c   0x00008d3c   0x00000068   Code   RO         2730    i.LL_SetDataLength  CH57xBLE.LIB(ctl_input.o)
    0x00008da4   0x00008da4   0x0000007c   Code   RO         2732    i.LL_SetRandomAddress  CH57xBLE.LIB(ctl_input.o)
    0x00008e20   0x00008e20   0x0000002c   Code   RO         2733    i.LL_SetResolvableAddressTimeout  CH57xBLE.LIB(ctl_input.o)
    0x00008e4c   0x00008e4c   0x00000084   Code   RO         2734    i.LL_SetScanEnable  CH57xBLE.LIB(ctl_input.o)
    0x00008ed0   0x00008ed0   0x00000048   Code   RO         2735    i.LL_SetScanParam   CH57xBLE.LIB(ctl_input.o)
    0x00008f18   0x00008f18   0x0000001c   Code   RO         2587    i.LL_StartEncRsp    CH57xBLE.LIB(ll_pdu.o)
    0x00008f34   0x00008f34   0x0000014e   Code   RO         2739    i.LL_StartEncrypt   CH57xBLE.LIB(ctl_input.o)
    0x00009082   0x00009082   0x0000002c   Code   RO         2588    i.LL_TerminateInd   CH57xBLE.LIB(ll_pdu.o)
    0x000090ae   0x000090ae   0x00000002   PAD
    0x000090b0   0x000090b0   0x000000e8   Code   RO         2741    i.LL_TransmitterTest  CH57xBLE.LIB(ctl_input.o)
    0x00009198   0x00009198   0x00000022   Code   RO         2589    i.LL_UnknowRsp      CH57xBLE.LIB(ll_pdu.o)
    0x000091ba   0x000091ba   0x00000002   PAD
    0x000091bc   0x000091bc   0x0000003c   Code   RO         2590    i.LL_VersionInd     CH57xBLE.LIB(ll_pdu.o)
    0x000091f8   0x000091f8   0x00000070   Code   RO         2641    i.LL_WhitelistAdd   CH57xBLE.LIB(ll_whitelist.o)
    0x00009268   0x00009268   0x00000024   Code   RO         2642    i.LL_WhitelistClearAll  CH57xBLE.LIB(ll_whitelist.o)
    0x0000928c   0x0000928c   0x00000010   Code   RO         2643    i.LL_WhitelistInit  CH57xBLE.LIB(ll_whitelist.o)
    0x0000929c   0x0000929c   0x00000030   Code   RO         2644    i.LL_WhitelistLookup  CH57xBLE.LIB(ll_whitelist.o)
    0x000092cc   0x000092cc   0x000000cc   Code   RO         1224    i.RFEND_DevInit     CH57xBLE.LIB(rfend.o)
    0x00009398   0x00009398   0x000000f4   Code   RO         1226    i.RFEND_RXAdc       CH57xBLE.LIB(rfend.o)
    0x0000948c   0x0000948c   0x00000070   Code   RO         1227    i.RFEND_RXFilter    CH57xBLE.LIB(rfend.o)
    0x000094fc   0x000094fc   0x00000b7e   Code   RO         1230    i.RFEND_TXCtune     CH57xBLE.LIB(rfend.o)
    0x0000a07a   0x0000a07a   0x00000002   PAD
    0x0000a07c   0x0000a07c   0x00000014   Code   RO         1231    i.RFEND_TXFtune     CH57xBLE.LIB(rfend.o)
    0x0000a090   0x0000a090   0x00000018   Code   RO          677    i.RTC_Get32KClock   CH57xBLE.LIB(tmos_hw.o)
    0x0000a0a8   0x0000a0a8   0x00000074   Code   RO          653    i.RTC_GetTickCount  CH57xBLE.LIB(tmos_hw.o)
    0x0000a11c   0x0000a11c   0x0000001a   Code   RO          654    i.ReadFlash         CH57xBLE.LIB(tmos_hw.o)
    0x0000a136   0x0000a136   0x00000042   Code   RO         2282    i.SM_CalcRandomAddr  CH57xBLE.LIB(sm.o)
    0x0000a178   0x0000a178   0x000000a2   Code   RO         2283    i.SM_GenerateAuthenSig  CH57xBLE.LIB(sm.o)
    0x0000a21a   0x0000a21a   0x00000002   PAD
    0x0000a21c   0x0000a21c   0x00000024   Code   RO         2284    i.SM_Init           CH57xBLE.LIB(sm.o)
    0x0000a240   0x0000a240   0x00000020   Code   RO         2285    i.SM_InitiatorInit  CH57xBLE.LIB(sm.o)
    0x0000a260   0x0000a260   0x00000048   Code   RO         2287    i.SM_ParamInit      CH57xBLE.LIB(sm.o)
    0x0000a2a8   0x0000a2a8   0x00000084   Code   RO         2288    i.SM_PasskeyUpdate  CH57xBLE.LIB(sm.o)
    0x0000a32c   0x0000a32c   0x0000007c   Code   RO         2289    i.SM_ProcessEvent   CH57xBLE.LIB(sm.o)
    0x0000a3a8   0x0000a3a8   0x0000004c   Code   RO         2290    i.SM_ResolveRandomAddrs  CH57xBLE.LIB(sm.o)
    0x0000a3f4   0x0000a3f4   0x00000020   Code   RO         2291    i.SM_ResponderInit  CH57xBLE.LIB(sm.o)
    0x0000a414   0x0000a414   0x00000072   Code   RO         2292    i.SM_StartEncryption  CH57xBLE.LIB(sm.o)
    0x0000a486   0x0000a486   0x00000096   Code   RO         2293    i.SM_StartPairing   CH57xBLE.LIB(sm.o)
    0x0000a51c   0x0000a51c   0x000000f0   Code   RO         2294    i.SM_VerifyAuthenSig  CH57xBLE.LIB(sm.o)
    0x0000a60c   0x0000a60c   0x0000006c   Code   RO          570    i.TMOS_CbTimerProcessEvent  CH57xBLE.LIB(tmos.o)
    0x0000a678   0x0000a678   0x00000090   Code   RO          572    i.TMOS_Init         CH57xBLE.LIB(tmos.o)
    0x0000a708   0x0000a708   0x0000002c   Code   RO          573    i.TMOS_ProcessEventRegister  CH57xBLE.LIB(tmos.o)
    0x0000a734   0x0000a734   0x00000010   Code   RO          575    i.TMOS_ProcessRegister  CH57xBLE.LIB(tmos.o)
    0x0000a744   0x0000a744   0x0000022c   Code   RO          576    i.TMOS_SystemProcess  CH57xBLE.LIB(tmos.o)
    0x0000a970   0x0000a970   0x00000038   Code   RO          655    i.TMOS_TimerInit    CH57xBLE.LIB(tmos_hw.o)
    0x0000a9a8   0x0000a9a8   0x00000018   Code   RO          577    i.TMOS_TimerRegister  CH57xBLE.LIB(tmos.o)
    0x0000a9c0   0x0000a9c0   0x0000005c   Code   RO          656    i.WtireFlash        CH57xBLE.LIB(tmos_hw.o)
    0x0000aa1c   0x0000aa1c   0x00000020   Code   RO         3192    i.__0printf         mc_p.l(printfa.o)
    0x0000aa3c   0x0000aa3c   0x0000002c   Code   RO         3197    i.__0vsnprintf      mc_p.l(printfa.o)
    0x0000aa68   0x0000aa68   0x0000002e   Code   RO         3258    i.__ARM_clz         mf_p.l(depilogue.o)
    0x0000aa96   0x0000aa96   0x00000030   Code   RO          679    i.__ARM_common_ll_muluu  CH57xBLE.LIB(tmos_hw.o)
    0x0000aac6   0x0000aac6   0x0000001a   Code   RO          177    i.__ARM_common_switch8  usb_vcp.o
    0x0000aae0   0x0000aae0   0x0000000e   Code   RO         3262    i.__scatterload_copy  mc_p.l(handlers.o)
    0x0000aaee   0x0000aaee   0x00000002   Code   RO         3263    i.__scatterload_null  mc_p.l(handlers.o)
    0x0000aaf0   0x0000aaf0   0x0000000e   Code   RO         3264    i.__scatterload_zeroinit  mc_p.l(handlers.o)
    0x0000aafe   0x0000aafe   0x00000002   PAD
    0x0000ab00   0x0000ab00   0x00000174   Code   RO         3199    i._fp_digits        mc_p.l(printfa.o)
    0x0000ac74   0x0000ac74   0x000006ec   Code   RO         3200    i._printf_core      mc_p.l(printfa.o)
    0x0000b360   0x0000b360   0x00000020   Code   RO         3201    i._printf_post_padding  mc_p.l(printfa.o)
    0x0000b380   0x0000b380   0x0000002c   Code   RO         3202    i._printf_pre_padding  mc_p.l(printfa.o)
    0x0000b3ac   0x0000b3ac   0x00000016   Code   RO         3203    i._snputc           mc_p.l(printfa.o)
    0x0000b3c2   0x0000b3c2   0x00000088   Code   RO         1704    i.attSendMsg        CH57xBLE.LIB(att.o)
    0x0000b44a   0x0000b44a   0x00000002   PAD
    0x0000b44c   0x0000b44c   0x00000038   Code   RO         1705    i.attSendRspMsg     CH57xBLE.LIB(att.o)
    0x0000b484   0x0000b484   0x00000050   Code   RO          713    i.ble_ll_chkcrc     CH57xBLE.LIB(ip.o)
    0x0000b4d4   0x0000b4d4   0x0000001e   Code   RO          657    i.ble_ll_common_rand16  CH57xBLE.LIB(tmos_hw.o)
    0x0000b4f2   0x0000b4f2   0x0000001c   Code   RO          658    i.ble_ll_common_rand32  CH57xBLE.LIB(tmos_hw.o)
    0x0000b50e   0x0000b50e   0x0000001e   Code   RO          659    i.ble_ll_common_rand8  CH57xBLE.LIB(tmos_hw.o)
    0x0000b52c   0x0000b52c   0x000000f0   Code   RO          714    i.ble_ll_hw_api_rx  CH57xBLE.LIB(ip.o)
    0x0000b61c   0x0000b61c   0x0000006c   Code   RO          715    i.ble_ll_hw_api_rx_test  CH57xBLE.LIB(ip.o)
    0x0000b688   0x0000b688   0x00000060   Code   RO          716    i.ble_ll_hw_api_shut  CH57xBLE.LIB(ip.o)
    0x0000b6e8   0x0000b6e8   0x00000228   Code   RO          717    i.ble_ll_hw_api_tx  CH57xBLE.LIB(ip.o)
    0x0000b910   0x0000b910   0x00000084   Code   RO          718    i.ble_ll_hw_api_tx_set_len  CH57xBLE.LIB(ip.o)
    0x0000b994   0x0000b994   0x000001ac   Code   RO          719    i.ble_ll_hw_api_tx_test  CH57xBLE.LIB(ip.o)
    0x0000bb40   0x0000bb40   0x00000014   Code   RO          660    i.ble_ll_set_connect_event  CH57xBLE.LIB(tmos_hw.o)
    0x0000bb54   0x0000bb54   0x0000005c   Code   RO          661    i.ble_timeout_process  CH57xBLE.LIB(tmos_hw.o)
    0x0000bbb0   0x0000bbb0   0x0000001a   Code   RO          784    i.disconnectNext    CH57xBLE.LIB(gap.o)
    0x0000bbca   0x0000bbca   0x00000038   Code   RO          785    i.gapAddAddrAdj     CH57xBLE.LIB(gap.o)
    0x0000bc02   0x0000bc02   0x00000002   PAD
    0x0000bc04   0x0000bc04   0x0000001c   Code   RO         1040    i.gapBondFreeAuthEvt  CH57xBLE.LIB(gapbondmgr.o)
    0x0000bc20   0x0000bc20   0x0000013c   Code   RO         1041    i.gapBondMgrAddBond  CH57xBLE.LIB(gapbondmgr.o)
    0x0000bd5c   0x0000bd5c   0x0000018c   Code   RO         1042    i.gapBondMgrAuthenticate  CH57xBLE.LIB(gapbondmgr.o)
    0x0000bee8   0x0000bee8   0x0000004e   Code   RO         1043    i.gapBondMgrBondReq  CH57xBLE.LIB(gapbondmgr.o)
    0x0000bf36   0x0000bf36   0x00000002   PAD
    0x0000bf38   0x0000bf38   0x00000034   Code   RO         1044    i.gapBondMgrBondTotal  CH57xBLE.LIB(gapbondmgr.o)
    0x0000bf6c   0x0000bf6c   0x00000064   Code   RO         1045    i.gapBondMgrChangeState  CH57xBLE.LIB(gapbondmgr.o)
    0x0000bfd0   0x0000bfd0   0x00000024   Code   RO         1046    i.gapBondMgrEraseAllBondings  CH57xBLE.LIB(gapbondmgr.o)
    0x0000bff4   0x0000bff4   0x000000e8   Code   RO         1047    i.gapBondMgrEraseBonding  CH57xBLE.LIB(gapbondmgr.o)
    0x0000c0dc   0x0000c0dc   0x00000034   Code   RO         1048    i.gapBondMgrFindAddr  CH57xBLE.LIB(gapbondmgr.o)
    0x0000c110   0x0000c110   0x0000001c   Code   RO         1049    i.gapBondMgrFindCharCfgItem  CH57xBLE.LIB(gapbondmgr.o)
    0x0000c12c   0x0000c12c   0x00000040   Code   RO         1050    i.gapBondMgrGetPublicAddr  CH57xBLE.LIB(gapbondmgr.o)
    0x0000c16c   0x0000c16c   0x00000024   Code   RO         1051    i.gapBondMgrGetStateFlags  CH57xBLE.LIB(gapbondmgr.o)
    0x0000c190   0x0000c190   0x0000001c   Code   RO         1052    i.gapBondMgrInvertCharCfgItem  CH57xBLE.LIB(gapbondmgr.o)
    0x0000c1ac   0x0000c1ac   0x00000084   Code   RO         1053    i.gapBondMgrReadBonds  CH57xBLE.LIB(gapbondmgr.o)
    0x0000c230   0x0000c230   0x00000014   Code   RO         1054    i.gapBondMgrSendServiceChange  CH57xBLE.LIB(gapbondmgr.o)
    0x0000c244   0x0000c244   0x000000b4   Code   RO         1055    i.gapBondMgrUpdateCharCfg  CH57xBLE.LIB(gapbondmgr.o)
    0x0000c2f8   0x0000c2f8   0x00000064   Code   RO         1056    i.gapBondMgr_ProcessTMOSMsg  CH57xBLE.LIB(gapbondmgr.o)
    0x0000c35c   0x0000c35c   0x00000080   Code   RO         1057    i.gapBondMgr_SyncCharCfg  CH57xBLE.LIB(gapbondmgr.o)
    0x0000c3dc   0x0000c3dc   0x00000070   Code   RO         1058    i.gapBondMgr_SyncResolveList  CH57xBLE.LIB(gapbondmgr.o)
    0x0000c44c   0x0000c44c   0x00000038   Code   RO         1059    i.gapBondMgr_SyncWhiteList  CH57xBLE.LIB(gapbondmgr.o)
    0x0000c484   0x0000c484   0x00000038   Code   RO         1060    i.gapBondPairStateCB  CH57xBLE.LIB(gapbondmgr.o)
    0x0000c4bc   0x0000c4bc   0x00000064   Code   RO         1061    i.gapBondPasscodeCB  CH57xBLE.LIB(gapbondmgr.o)
    0x0000c520   0x0000c520   0x00000020   Code   RO         1062    i.gapBondSetupPrivFlag  CH57xBLE.LIB(gapbondmgr.o)
    0x0000c540   0x0000c540   0x00000038   Code   RO         1877    i.gapCancelLinkReq  CH57xBLE.LIB(gap_central.o)
    0x0000c578   0x0000c578   0x000000e8   Code   RO         1878    i.gapCentProcessConnEvt  CH57xBLE.LIB(gap_central.o)
    0x0000c660   0x0000c660   0x00000030   Code   RO         1879    i.gapCentProcessHCICmdEvt  CH57xBLE.LIB(gap_central.o)
    0x0000c690   0x0000c690   0x00000094   Code   RO         1116    i.gapCentralRole_ProcessGAPMsg  CH57xBLE.LIB(central.o)
    0x0000c724   0x0000c724   0x00000084   Code   RO         1117    i.gapCentralRole_ProcessTMOSMsg  CH57xBLE.LIB(central.o)
    0x0000c7a8   0x0000c7a8   0x00000026   Code   RO          786    i.gapDetermineAddrType  CH57xBLE.LIB(gap.o)
    0x0000c7ce   0x0000c7ce   0x00000046   Code   RO          787    i.gapFindADType     CH57xBLE.LIB(gap.o)
    0x0000c814   0x0000c814   0x00000018   Code   RO         1918    i.gapFreeAdvertState  CH57xBLE.LIB(gap_peripheral.o)
    0x0000c82c   0x0000c82c   0x00000034   Code   RO          788    i.gapFreeAuthLink   CH57xBLE.LIB(gap.o)
    0x0000c860   0x0000c860   0x00000018   Code   RO          789    i.gapFreeEstLink    CH57xBLE.LIB(gap.o)
    0x0000c878   0x0000c878   0x00000080   Code   RO         1880    i.gapFreeScanRecs   CH57xBLE.LIB(gap_central.o)
    0x0000c8f8   0x0000c8f8   0x00000020   Code   RO          790    i.gapGetDevAddress  CH57xBLE.LIB(gap.o)
    0x0000c918   0x0000c918   0x0000000c   Code   RO          791    i.gapGetDevAddressMode  CH57xBLE.LIB(gap.o)
    0x0000c924   0x0000c924   0x0000000c   Code   RO          792    i.gapGetIRK         CH57xBLE.LIB(gap.o)
    0x0000c930   0x0000c930   0x0000000c   Code   RO          793    i.gapGetSRK         CH57xBLE.LIB(gap.o)
    0x0000c93c   0x0000c93c   0x0000000c   Code   RO          794    i.gapGetSignCounter  CH57xBLE.LIB(gap.o)
    0x0000c948   0x0000c948   0x00000020   Code   RO          795    i.gapIncSignCounter  CH57xBLE.LIB(gap.o)
    0x0000c968   0x0000c968   0x0000002c   Code   RO          796    i.gapL2capConnParamUpdateReq  CH57xBLE.LIB(gap.o)
    0x0000c994   0x0000c994   0x0000010e   Code   RO          797    i.gapPairingCompleteCB  CH57xBLE.LIB(gap.o)
    0x0000caa2   0x0000caa2   0x00000066   Code   RO          798    i.gapPasskeyNeededCB  CH57xBLE.LIB(gap.o)
    0x0000cb08   0x0000cb08   0x00000090   Code   RO         1919    i.gapPeriProcessConnEvt  CH57xBLE.LIB(gap_peripheral.o)
    0x0000cb98   0x0000cb98   0x00000090   Code   RO         1920    i.gapPeriProcessHCICmdCompleteEvt  CH57xBLE.LIB(gap_peripheral.o)
    0x0000cc28   0x0000cc28   0x00000088   Code   RO         1921    i.gapProcessAdvertisingEvt  CH57xBLE.LIB(gap_peripheral.o)
    0x0000ccb0   0x0000ccb0   0x00000040   Code   RO          799    i.gapProcessConnEvt  CH57xBLE.LIB(gap.o)
    0x0000ccf0   0x0000ccf0   0x000000cc   Code   RO          800    i.gapProcessConnectionCompleteEvt  CH57xBLE.LIB(gap.o)
    0x0000cdbc   0x0000cdbc   0x00000074   Code   RO          801    i.gapProcessDisconnectCompleteEvt  CH57xBLE.LIB(gap.o)
    0x0000ce30   0x0000ce30   0x000000cc   Code   RO          802    i.gapProcessEnhancedConnectionCompleteEvt  CH57xBLE.LIB(gap.o)
    0x0000cefc   0x0000cefc   0x00000030   Code   RO          803    i.gapProcessNewAddr  CH57xBLE.LIB(gap.o)
    0x0000cf2c   0x0000cf2c   0x0000006c   Code   RO          804    i.gapProcessRandomAddrComplete  CH57xBLE.LIB(gap.o)
    0x0000cf98   0x0000cf98   0x00000060   Code   RO          805    i.gapProcessRemoteConnParamReqEvt  CH57xBLE.LIB(gap.o)
    0x0000cff8   0x0000cff8   0x000000a4   Code   RO         1881    i.gapProcessScanningDirectEvt  CH57xBLE.LIB(gap_central.o)
    0x0000d09c   0x0000d09c   0x0000028c   Code   RO         1882    i.gapProcessScanningEvt  CH57xBLE.LIB(gap_central.o)
    0x0000d328   0x0000d328   0x000001f4   Code   RO          806    i.gapProcessTMOSMsg  CH57xBLE.LIB(gap.o)
    0x0000d51c   0x0000d51c   0x0000000c   Code   RO          807    i.gapRegisterCentral  CH57xBLE.LIB(gap.o)
    0x0000d528   0x0000d528   0x0000000c   Code   RO          808    i.gapRegisterCentralConn  CH57xBLE.LIB(gap.o)
    0x0000d534   0x0000d534   0x0000000c   Code   RO          809    i.gapRegisterPeripheral  CH57xBLE.LIB(gap.o)
    0x0000d540   0x0000d540   0x0000000c   Code   RO          810    i.gapRegisterPeripheralConn  CH57xBLE.LIB(gap.o)
    0x0000d54c   0x0000d54c   0x00000046   Code   RO          811    i.gapSendBondCompleteEvent  CH57xBLE.LIB(gap.o)
    0x0000d592   0x0000d592   0x00000002   PAD
    0x0000d594   0x0000d594   0x000000d0   Code   RO         1883    i.gapSendDevDiscEvent  CH57xBLE.LIB(gap_central.o)
    0x0000d664   0x0000d664   0x00000044   Code   RO          812    i.gapSendDeviceInitDoneEvent  CH57xBLE.LIB(gap.o)
    0x0000d6a8   0x0000d6a8   0x0000005e   Code   RO          813    i.gapSendEstLinkEvent  CH57xBLE.LIB(gap.o)
    0x0000d706   0x0000d706   0x00000002   PAD
    0x0000d708   0x0000d708   0x0000004c   Code   RO          814    i.gapSendLinkUpdateEvent  CH57xBLE.LIB(gap.o)
    0x0000d754   0x0000d754   0x00000038   Code   RO         1922    i.gapSendMakeDiscEvent  CH57xBLE.LIB(gap_peripheral.o)
    0x0000d78c   0x0000d78c   0x0000005c   Code   RO          815    i.gapSendPairingReqEvent  CH57xBLE.LIB(gap.o)
    0x0000d7e8   0x0000d7e8   0x0000001c   Code   RO         1884    i.gapSendScanEnable  CH57xBLE.LIB(gap_central.o)
    0x0000d804   0x0000d804   0x0000003a   Code   RO          816    i.gapSendSlaveSecurityReqEvent  CH57xBLE.LIB(gap.o)
    0x0000d83e   0x0000d83e   0x00000002   PAD
    0x0000d840   0x0000d840   0x00000080   Code   RO         1923    i.gapSetAdvParams   CH57xBLE.LIB(gap_peripheral.o)
    0x0000d8c0   0x0000d8c0   0x00000048   Code   RO         1885    i.gapSetScanParamStatus  CH57xBLE.LIB(gap_central.o)
    0x0000d908   0x0000d908   0x0000004e   Code   RO          817    i.gapUpdateConnSignCounter  CH57xBLE.LIB(gap.o)
    0x0000d956   0x0000d956   0x00000014   Code   RO          818    i.gapValidADType    CH57xBLE.LIB(gap.o)
    0x0000d96a   0x0000d96a   0x00000002   PAD
    0x0000d96c   0x0000d96c   0x000000d4   Code   RO         1924    i.gapWriteAdvEnableStatus  CH57xBLE.LIB(gap_peripheral.o)
    0x0000da40   0x0000da40   0x00000080   Code   RO          988    i.gattClientHandleConnStatusCB  CH57xBLE.LIB(gattclientapp.o)
    0x0000dac0   0x0000dac0   0x0000003a   Code   RO          989    i.gattClientHandleTimerCB  CH57xBLE.LIB(gattclientapp.o)
    0x0000dafa   0x0000dafa   0x0000001c   Code   RO          990    i.gattClientNotifyTxCB  CH57xBLE.LIB(gattclientapp.o)
    0x0000db16   0x0000db16   0x00000002   PAD
    0x0000db18   0x0000db18   0x0000015c   Code   RO          991    i.gattClientProcessMsgCB  CH57xBLE.LIB(gattclientapp.o)
    0x0000dc74   0x0000dc74   0x00000060   Code   RO          917    i.gattFindByTypeValue  CH57xBLE.LIB(gatt.o)
    0x0000dcd4   0x0000dcd4   0x00000034   Code   RO          992    i.gattFindClientInfo  CH57xBLE.LIB(gattclientapp.o)
    0x0000dd08   0x0000dd08   0x00000024   Code   RO         2015    i.gattFindServerInfo  CH57xBLE.LIB(gattservapp.o)
    0x0000dd2c   0x0000dd2c   0x00000020   Code   RO         2016    i.gattFindService   CH57xBLE.LIB(gattservapp.o)
    0x0000dd4c   0x0000dd4c   0x0000002c   Code   RO          993    i.gattGetClientStatus  CH57xBLE.LIB(gattclientapp.o)
    0x0000dd78   0x0000dd78   0x00000068   Code   RO          918    i.gattGetPayload    CH57xBLE.LIB(gatt.o)
    0x0000dde0   0x0000dde0   0x0000002c   Code   RO         2017    i.gattGetServerStatus  CH57xBLE.LIB(gattservapp.o)
    0x0000de0c   0x0000de0c   0x0000005a   Code   RO          919    i.gattNotifyEvent   CH57xBLE.LIB(gatt.o)
    0x0000de66   0x0000de66   0x00000050   Code   RO          920    i.gattPrepareWriteReq  CH57xBLE.LIB(gatt.o)
    0x0000deb6   0x0000deb6   0x00000004   Code   RO         2018    i.gattProcessExchangeMTUReq  CH57xBLE.LIB(gattservapp.o)
    0x0000deba   0x0000deba   0x00000004   Code   RO         2019    i.gattProcessExecuteWriteReq  CH57xBLE.LIB(gattservapp.o)
    0x0000debe   0x0000debe   0x00000002   PAD
    0x0000dec0   0x0000dec0   0x0000005c   Code   RO          994    i.gattProcessFindByTypeValue  CH57xBLE.LIB(gattclientapp.o)
    0x0000df1c   0x0000df1c   0x0000002c   Code   RO         2020    i.gattProcessFindByTypeValueReq  CH57xBLE.LIB(gattservapp.o)
    0x0000df48   0x0000df48   0x0000006c   Code   RO          995    i.gattProcessFindInfo  CH57xBLE.LIB(gattclientapp.o)
    0x0000dfb4   0x0000dfb4   0x00000124   Code   RO         2021    i.gattProcessFindInfoReq  CH57xBLE.LIB(gattservapp.o)
    0x0000e0d8   0x0000e0d8   0x00000108   Code   RO          996    i.gattProcessMultiReqs  CH57xBLE.LIB(gattclientapp.o)
    0x0000e1e0   0x0000e1e0   0x00000026   Code   RO         2022    i.gattProcessPrepareWriteReq  CH57xBLE.LIB(gattservapp.o)
    0x0000e206   0x0000e206   0x00000002   PAD
    0x0000e208   0x0000e208   0x0000006c   Code   RO          997    i.gattProcessReadByGrpType  CH57xBLE.LIB(gattclientapp.o)
    0x0000e274   0x0000e274   0x00000048   Code   RO         2023    i.gattProcessReadByGrpTypeReq  CH57xBLE.LIB(gattservapp.o)
    0x0000e2bc   0x0000e2bc   0x00000164   Code   RO          998    i.gattProcessReadByType  CH57xBLE.LIB(gattclientapp.o)
    0x0000e420   0x0000e420   0x0000002c   Code   RO         2024    i.gattProcessReadByTypeReq  CH57xBLE.LIB(gattservapp.o)
    0x0000e44c   0x0000e44c   0x00000058   Code   RO          999    i.gattProcessReadLong  CH57xBLE.LIB(gattclientapp.o)
    0x0000e4a4   0x0000e4a4   0x00000066   Code   RO         2025    i.gattProcessReadMultiReq  CH57xBLE.LIB(gattservapp.o)
    0x0000e50a   0x0000e50a   0x00000022   Code   RO         2026    i.gattProcessReadReq  CH57xBLE.LIB(gattservapp.o)
    0x0000e52c   0x0000e52c   0x000000a8   Code   RO          921    i.gattProcessReliableWrites  CH57xBLE.LIB(gatt.o)
    0x0000e5d4   0x0000e5d4   0x00000088   Code   RO          922    i.gattProcessWriteLong  CH57xBLE.LIB(gatt.o)
    0x0000e65c   0x0000e65c   0x00000026   Code   RO         2027    i.gattProcessWriteReq  CH57xBLE.LIB(gattservapp.o)
    0x0000e682   0x0000e682   0x00000002   PAD
    0x0000e684   0x0000e684   0x00000034   Code   RO          923    i.gattRead          CH57xBLE.LIB(gatt.o)
    0x0000e6b8   0x0000e6b8   0x00000068   Code   RO          924    i.gattReadByType    CH57xBLE.LIB(gatt.o)
    0x0000e720   0x0000e720   0x0000000c   Code   RO          926    i.gattRegisterClient  CH57xBLE.LIB(gatt.o)
    0x0000e72c   0x0000e72c   0x0000000c   Code   RO          927    i.gattRegisterServer  CH57xBLE.LIB(gatt.o)
    0x0000e738   0x0000e738   0x0000006a   Code   RO         1000    i.gattResetClientInfo  CH57xBLE.LIB(gattclientapp.o)
    0x0000e7a2   0x0000e7a2   0x00000010   Code   RO         2028    i.gattResetServerInfo  CH57xBLE.LIB(gattservapp.o)
    0x0000e7b2   0x0000e7b2   0x00000002   PAD
    0x0000e7b4   0x0000e7b4   0x0000003c   Code   RO          928    i.gattSendFlowCtrlEvt  CH57xBLE.LIB(gatt.o)
    0x0000e7f0   0x0000e7f0   0x0000003c   Code   RO         2029    i.gattServApp_ClearPrepareWriteQ  CH57xBLE.LIB(gattservapp.o)
    0x0000e82c   0x0000e82c   0x0000000e   Code   RO         2030    i.gattServApp_FindAuthorizeAttrCB  CH57xBLE.LIB(gattservapp.o)
    0x0000e83a   0x0000e83a   0x0000001a   Code   RO         2031    i.gattServApp_FindCharCfgItem  CH57xBLE.LIB(gattservapp.o)
    0x0000e854   0x0000e854   0x00000024   Code   RO         2032    i.gattServApp_FindPrepareWriteQ  CH57xBLE.LIB(gattservapp.o)
    0x0000e878   0x0000e878   0x00000020   Code   RO         2033    i.gattServApp_FindServiceCBs  CH57xBLE.LIB(gattservapp.o)
    0x0000e898   0x0000e898   0x0000005c   Code   RO         2034    i.gattServApp_HandleConnStatusCB  CH57xBLE.LIB(gattservapp.o)
    0x0000e8f4   0x0000e8f4   0x000000bc   Code   RO         2035    i.gattServApp_IsWriteLong  CH57xBLE.LIB(gattservapp.o)
    0x0000e9b0   0x0000e9b0   0x000000dc   Code   RO         2036    i.gattServApp_ProcessExecuteWriteReq  CH57xBLE.LIB(gattservapp.o)
    0x0000ea8c   0x0000ea8c   0x0000013c   Code   RO         2037    i.gattServApp_ProcessFindByTypeValueReq  CH57xBLE.LIB(gattservapp.o)
    0x0000ebc8   0x0000ebc8   0x00000254   Code   RO         2038    i.gattServApp_ProcessMsg  CH57xBLE.LIB(gattservapp.o)
    0x0000ee1c   0x0000ee1c   0x000000e0   Code   RO         2039    i.gattServApp_ProcessPrepareWriteReq  CH57xBLE.LIB(gattservapp.o)
    0x0000eefc   0x0000eefc   0x00000194   Code   RO         2040    i.gattServApp_ProcessReadByGrpTypeReq  CH57xBLE.LIB(gattservapp.o)
    0x0000f090   0x0000f090   0x00000140   Code   RO         2041    i.gattServApp_ProcessReadByTypeReq  CH57xBLE.LIB(gattservapp.o)
    0x0000f1d0   0x0000f1d0   0x00000110   Code   RO         2042    i.gattServApp_ProcessReadMultiReq  CH57xBLE.LIB(gattservapp.o)
    0x0000f2e0   0x0000f2e0   0x00000090   Code   RO         2043    i.gattServApp_ProcessWriteReq  CH57xBLE.LIB(gattservapp.o)
    0x0000f370   0x0000f370   0x00000030   Code   RO         2046    i.gattServApp_WriteAttrCB  CH57xBLE.LIB(gattservapp.o)
    0x0000f3a0   0x0000f3a0   0x00000080   Code   RO         2047    i.gattServerHandleConnStatusCB  CH57xBLE.LIB(gattservapp.o)
    0x0000f420   0x0000f420   0x0000002a   Code   RO         2048    i.gattServerHandleTimerCB  CH57xBLE.LIB(gattservapp.o)
    0x0000f44a   0x0000f44a   0x0000001c   Code   RO         2049    i.gattServerNotifyTxCB  CH57xBLE.LIB(gattservapp.o)
    0x0000f466   0x0000f466   0x00000002   PAD
    0x0000f468   0x0000f468   0x00000150   Code   RO         2050    i.gattServerProcessMsgCB  CH57xBLE.LIB(gattservapp.o)
    0x0000f5b8   0x0000f5b8   0x00000016   Code   RO         2051    i.gattServiceLastHandle  CH57xBLE.LIB(gattservapp.o)
    0x0000f5ce   0x0000f5ce   0x0000000e   Code   RO          929    i.gattStartTimer    CH57xBLE.LIB(gatt.o)
    0x0000f5dc   0x0000f5dc   0x0000001a   Code   RO          930    i.gattStopTimer     CH57xBLE.LIB(gatt.o)
    0x0000f5f6   0x0000f5f6   0x00000002   PAD
    0x0000f5f8   0x0000f5f8   0x00000040   Code   RO         1001    i.gattStoreClientInfo  CH57xBLE.LIB(gattclientapp.o)
    0x0000f638   0x0000f638   0x00000048   Code   RO          931    i.gattWrite         CH57xBLE.LIB(gatt.o)
    0x0000f680   0x0000f680   0x0000009c   Code   RO         2295    i.generate_subkey   CH57xBLE.LIB(sm.o)
    0x0000f71c   0x0000f71c   0x000000d8   Code   RO         1958    i.ggs_ReadAttrCB    CH57xBLE.LIB(gapgattserver.o)
    0x0000f7f4   0x0000f7f4   0x0000006e   Code   RO         1959    i.ggs_SetAttrWPermit  CH57xBLE.LIB(gapgattserver.o)
    0x0000f862   0x0000f862   0x00000002   PAD
    0x0000f864   0x0000f864   0x00000110   Code   RO         1960    i.ggs_WriteAttrCB   CH57xBLE.LIB(gapgattserver.o)
    0x0000f974   0x0000f974   0x000000a8   Code   RO         2148    i.l2capAllocConnChannel  CH57xBLE.LIB(l2cap.o)
    0x0000fa1c   0x0000fa1c   0x00000040   Code   RO         2211    i.l2capBuildCmdReject  CH57xBLE.LIB(l2cap_sdu.o)
    0x0000fa5c   0x0000fa5c   0x00000036   Code   RO         2212    i.l2capBuildConnectRsp  CH57xBLE.LIB(l2cap_sdu.o)
    0x0000fa92   0x0000fa92   0x00000018   Code   RO         2213    i.l2capBuildDisconnectReq  CH57xBLE.LIB(l2cap_sdu.o)
    0x0000faaa   0x0000faaa   0x00000018   Code   RO         2214    i.l2capBuildDisconnectRsp  CH57xBLE.LIB(l2cap_sdu.o)
    0x0000fac2   0x0000fac2   0x0000002c   Code   RO         2215    i.l2capBuildParamUpdateReq  CH57xBLE.LIB(l2cap_sdu.o)
    0x0000faee   0x0000faee   0x0000000e   Code   RO         2216    i.l2capBuildParamUpdateRsp  CH57xBLE.LIB(l2cap_sdu.o)
    0x0000fafc   0x0000fafc   0x00000098   Code   RO         2150    i.l2capDisconnectAllChannels  CH57xBLE.LIB(l2cap.o)
    0x0000fb94   0x0000fb94   0x0000001e   Code   RO         2151    i.l2capDisconnectChannel  CH57xBLE.LIB(l2cap.o)
    0x0000fbb2   0x0000fbb2   0x00000002   PAD
    0x0000fbb4   0x0000fbb4   0x000000b4   Code   RO         2896    i.l2capEncapSendData  CH57xBLE.LIB(l2cap_output.o)
    0x0000fc68   0x0000fc68   0x0000002c   Code   RO         2152    i.l2capFindLocalCID  CH57xBLE.LIB(l2cap.o)
    0x0000fc94   0x0000fc94   0x00000030   Code   RO         2153    i.l2capFindLocalId  CH57xBLE.LIB(l2cap.o)
    0x0000fcc4   0x0000fcc4   0x00000030   Code   RO         2154    i.l2capFindPsm      CH57xBLE.LIB(l2cap.o)
    0x0000fcf4   0x0000fcf4   0x0000003c   Code   RO         2155    i.l2capFindRemoteCID  CH57xBLE.LIB(l2cap.o)
    0x0000fd30   0x0000fd30   0x00000034   Code   RO         2156    i.l2capFreeChannel  CH57xBLE.LIB(l2cap.o)
    0x0000fd64   0x0000fd64   0x00000030   Code   RO         2157    i.l2capFreePendingPkt  CH57xBLE.LIB(l2cap.o)
    0x0000fd94   0x0000fd94   0x00000074   Code   RO         2897    i.l2capFreeTxSDU    CH57xBLE.LIB(l2cap_output.o)
    0x0000fe08   0x0000fe08   0x00000058   Code   RO         2158    i.l2capGetCoChannelInfo  CH57xBLE.LIB(l2cap.o)
    0x0000fe60   0x0000fe60   0x0000002c   Code   RO         2159    i.l2capHandleConnStatusCB  CH57xBLE.LIB(l2cap.o)
    0x0000fe8c   0x0000fe8c   0x0000000a   Code   RO         2160    i.l2capHandleRxError  CH57xBLE.LIB(l2cap.o)
    0x0000fe96   0x0000fe96   0x0000001c   Code   RO         2161    i.l2capHandleTimerCB  CH57xBLE.LIB(l2cap.o)
    0x0000feb2   0x0000feb2   0x00000054   Code   RO         2898    i.l2capNotifyChannelEstEvt  CH57xBLE.LIB(l2cap_output.o)
    0x0000ff06   0x0000ff06   0x0000003a   Code   RO         2899    i.l2capNotifyChannelTermEvt  CH57xBLE.LIB(l2cap_output.o)
    0x0000ff40   0x0000ff40   0x00000080   Code   RO         2900    i.l2capNotifyCreditEvt  CH57xBLE.LIB(l2cap_output.o)
    0x0000ffc0   0x0000ffc0   0x00000046   Code   RO         2901    i.l2capNotifyData   CH57xBLE.LIB(l2cap_output.o)
    0x00010006   0x00010006   0x0000004e   Code   RO         2902    i.l2capNotifyEvent  CH57xBLE.LIB(l2cap_output.o)
    0x00010054   0x00010054   0x0000004e   Code   RO         2903    i.l2capNotifySignal  CH57xBLE.LIB(l2cap_output.o)
    0x000100a2   0x000100a2   0x00000002   PAD
    0x000100a4   0x000100a4   0x00000040   Code   RO         2162    i.l2capNumActiveChannnels  CH57xBLE.LIB(l2cap.o)
    0x000100e4   0x000100e4   0x00000040   Code   RO         2867    i.l2capParseCmdReject  CH57xBLE.LIB(l2cap_input.o)
    0x00010124   0x00010124   0x0000003e   Code   RO         2868    i.l2capParseConnectRsp  CH57xBLE.LIB(l2cap_input.o)
    0x00010162   0x00010162   0x00000020   Code   RO         2869    i.l2capParseDisconnectReq  CH57xBLE.LIB(l2cap_input.o)
    0x00010182   0x00010182   0x00000020   Code   RO         2870    i.l2capParseDisconnectRsp  CH57xBLE.LIB(l2cap_input.o)
    0x000101a2   0x000101a2   0x00000060   Code   RO         2871    i.l2capParsePacket  CH57xBLE.LIB(l2cap_input.o)
    0x00010202   0x00010202   0x00000016   Code   RO         2872    i.l2capParseParamUpdateRsp  CH57xBLE.LIB(l2cap_input.o)
    0x00010218   0x00010218   0x00000014   Code   RO         2873    i.l2capParseSignalHdr  CH57xBLE.LIB(l2cap_input.o)
    0x0001022c   0x0001022c   0x000000c0   Code   RO         2874    i.l2capProcessConnectReq  CH57xBLE.LIB(l2cap_input.o)
    0x000102ec   0x000102ec   0x00000134   Code   RO         2875    i.l2capProcessReq   CH57xBLE.LIB(l2cap_input.o)
    0x00010420   0x00010420   0x0000010e   Code   RO         2876    i.l2capProcessRsp   CH57xBLE.LIB(l2cap_input.o)
    0x0001052e   0x0001052e   0x00000002   PAD
    0x00010530   0x00010530   0x000000e4   Code   RO         2877    i.l2capProcessRxData  CH57xBLE.LIB(l2cap_input.o)
    0x00010614   0x00010614   0x00000120   Code   RO         2904    i.l2capReassembleSegment  CH57xBLE.LIB(l2cap_output.o)
    0x00010734   0x00010734   0x00000068   Code   RO         2905    i.l2capSendCmd      CH57xBLE.LIB(l2cap_output.o)
    0x0001079c   0x0001079c   0x00000088   Code   RO         2217    i.l2capSendConnectRsp  CH57xBLE.LIB(l2cap_sdu.o)
    0x00010824   0x00010824   0x00000050   Code   RO         2906    i.l2capSendFCPkt    CH57xBLE.LIB(l2cap_output.o)
    0x00010874   0x00010874   0x00000098   Code   RO         2907    i.l2capSendNextSegment  CH57xBLE.LIB(l2cap_output.o)
    0x0001090c   0x0001090c   0x00000040   Code   RO         2908    i.l2capSendPkt      CH57xBLE.LIB(l2cap_output.o)
    0x0001094c   0x0001094c   0x0000009c   Code   RO         2909    i.l2capSendReq      CH57xBLE.LIB(l2cap_output.o)
    0x000109e8   0x000109e8   0x000000c0   Code   RO         2910    i.l2capSendSegment  CH57xBLE.LIB(l2cap_output.o)
    0x00010aa8   0x00010aa8   0x0000002c   Code   RO         2163    i.l2capStartTimer   CH57xBLE.LIB(l2cap.o)
    0x00010ad4   0x00010ad4   0x00000010   Code   RO         2164    i.l2capStopTimer    CH57xBLE.LIB(l2cap.o)
    0x00010ae4   0x00010ae4   0x00000028   Code   RO         2911    i.l2capStoreFCPkt   CH57xBLE.LIB(l2cap_output.o)
    0x00010b0c   0x00010b0c   0x0000001c   Code   RO         2296    i.leftshift_onebit  CH57xBLE.LIB(sm.o)
    0x00010b28   0x00010b28   0x00000070   Code   RO         2234    i.linkDB_Add        CH57xBLE.LIB(linkdb.o)
    0x00010b98   0x00010b98   0x00000058   Code   RO         2235    i.linkDB_Authen     CH57xBLE.LIB(linkdb.o)
    0x00010bf0   0x00010bf0   0x00000030   Code   RO         2236    i.linkDB_Find       CH57xBLE.LIB(linkdb.o)
    0x00010c20   0x00010c20   0x0000003c   Code   RO         2237    i.linkDB_FindFirst  CH57xBLE.LIB(linkdb.o)
    0x00010c5c   0x00010c5c   0x00000038   Code   RO         2238    i.linkDB_GetHandleFromSMEvtID  CH57xBLE.LIB(linkdb.o)
    0x00010c94   0x00010c94   0x00000058   Code   RO         2239    i.linkDB_GetPairingParam  CH57xBLE.LIB(linkdb.o)
    0x00010cec   0x00010cec   0x0000004c   Code   RO         2240    i.linkDB_GetSMEvtID  CH57xBLE.LIB(linkdb.o)
    0x00010d38   0x00010d38   0x00000064   Code   RO         2241    i.linkDB_Init       CH57xBLE.LIB(linkdb.o)
    0x00010d9c   0x00010d9c   0x0000000e   Code   RO         2242    i.linkDB_MTU        CH57xBLE.LIB(linkdb.o)
    0x00010daa   0x00010daa   0x00000002   PAD
    0x00010dac   0x00010dac   0x00000048   Code   RO         2243    i.linkDB_NeedSendKey  CH57xBLE.LIB(linkdb.o)
    0x00010df4   0x00010df4   0x0000002c   Code   RO         2244    i.linkDB_NumActive  CH57xBLE.LIB(linkdb.o)
    0x00010e20   0x00010e20   0x0000000c   Code   RO         2245    i.linkDB_NumConns   CH57xBLE.LIB(linkdb.o)
    0x00010e2c   0x00010e2c   0x00000030   Code   RO         2246    i.linkDB_PerformFunc  CH57xBLE.LIB(linkdb.o)
    0x00010e5c   0x00010e5c   0x00000024   Code   RO         2248    i.linkDB_Register   CH57xBLE.LIB(linkdb.o)
    0x00010e80   0x00010e80   0x00000036   Code   RO         2249    i.linkDB_Remove     CH57xBLE.LIB(linkdb.o)
    0x00010eb6   0x00010eb6   0x0000000e   Code   RO         2250    i.linkDB_Role       CH57xBLE.LIB(linkdb.o)
    0x00010ec4   0x00010ec4   0x00000020   Code   RO         2251    i.linkDB_State      CH57xBLE.LIB(linkdb.o)
    0x00010ee4   0x00010ee4   0x0000001c   Code   RO         2253    i.linkDB_UpdateMTU  CH57xBLE.LIB(linkdb.o)
    0x00010f00   0x00010f00   0x00000054   Code   RO         2546    i.llInitiateCreateCore  CH57xBLE.LIB(ll_initiate.o)
    0x00010f54   0x00010f54   0x00000114   Code   RO         2547    i.llInitiateSet     CH57xBLE.LIB(ll_initiate.o)
    0x00011068   0x00011068   0x00000070   Code   RO         2548    i.llInitiateStart   CH57xBLE.LIB(ll_initiate.o)
    0x000110d8   0x000110d8   0x000000a8   Code   RO         2549    i.llInitiateTraverseaChannel  CH57xBLE.LIB(ll_initiate.o)
    0x00011180   0x00011180   0x00000058   Code   RO         1272    i.llScanCreateCore  CH57xBLE.LIB(ll_scan.o)
    0x000111d8   0x000111d8   0x000000dc   Code   RO         1273    i.llScanSet         CH57xBLE.LIB(ll_scan.o)
    0x000112b4   0x000112b4   0x0000006c   Code   RO         1274    i.llScanStart       CH57xBLE.LIB(ll_scan.o)
    0x00011320   0x00011320   0x0000006c   Code   RO         1275    i.llScanTraverseaChannel  CH57xBLE.LIB(ll_scan.o)
    0x0001138c   0x0001138c   0x00000290   Code   RO         1301    i.ll_connect_action_in_connintervaltimeout  CH57xBLE.LIB(ll_connect.o)
    0x0001161c   0x0001161c   0x0000001a   Code   RO         1302    i.ll_connect_auth_timeout  CH57xBLE.LIB(ll_connect.o)
    0x00011636   0x00011636   0x00000080   Code   RO         1303    i.ll_connect_calculate_effective_len  CH57xBLE.LIB(ll_connect.o)
    0x000116b6   0x000116b6   0x00000002   PAD
    0x000116b8   0x000116b8   0x000001ac   Code   RO         1304    i.ll_connect_change_connect_point  CH57xBLE.LIB(ll_connect.o)
    0x00011864   0x00011864   0x000000b0   Code   RO         1305    i.ll_connect_event_continue  CH57xBLE.LIB(ll_connect.o)
    0x00011914   0x00011914   0x0000000a   Code   RO         1306    i.ll_connect_flowcontrol_init  CH57xBLE.LIB(ll_connect.o)
    0x0001191e   0x0001191e   0x00000002   PAD
    0x00011920   0x00011920   0x0000001c   Code   RO         1307    i.ll_connect_get_master_number  CH57xBLE.LIB(ll_connect.o)
    0x0001193c   0x0001193c   0x0000001c   Code   RO         1308    i.ll_connect_get_slave_number  CH57xBLE.LIB(ll_connect.o)
    0x00011958   0x00011958   0x000000b8   Code   RO         1309    i.ll_connect_get_start_point  CH57xBLE.LIB(ll_connect.o)
    0x00011a10   0x00011a10   0x00000088   Code   RO         1310    i.ll_connect_get_update_point  CH57xBLE.LIB(ll_connect.o)
    0x00011a98   0x00011a98   0x00000084   Code   RO         1311    i.ll_connect_init_dataLen  CH57xBLE.LIB(ll_connect.o)
    0x00011b1c   0x00011b1c   0x0000002a   Code   RO         1312    i.ll_connect_init_pingOffset  CH57xBLE.LIB(ll_connect.o)
    0x00011b46   0x00011b46   0x00000026   Code   RO         1313    i.ll_connect_parse_datapdu_head  CH57xBLE.LIB(ll_connect.o)
    0x00011b6c   0x00011b6c   0x0000001e   Code   RO         1314    i.ll_connect_procedure_timeout  CH57xBLE.LIB(ll_connect.o)
    0x00011b8a   0x00011b8a   0x00000002   PAD
    0x00011b8c   0x00011b8c   0x000000b4   Code   RO         1315    i.ll_connect_recv_data  CH57xBLE.LIB(ll_connect.o)
    0x00011c40   0x00011c40   0x00000060   Code   RO         1316    i.ll_connect_send_data  CH57xBLE.LIB(ll_connect.o)
    0x00011ca0   0x00011ca0   0x00000040   Code   RO         1317    i.ll_connect_set_auth_timeout  CH57xBLE.LIB(ll_connect.o)
    0x00011ce0   0x00011ce0   0x0000002c   Code   RO         1318    i.ll_connect_set_connect_timeout  CH57xBLE.LIB(ll_connect.o)
    0x00011d0c   0x00011d0c   0x0000002c   Code   RO         1319    i.ll_connect_set_procedure_timeout  CH57xBLE.LIB(ll_connect.o)
    0x00011d38   0x00011d38   0x00000026   Code   RO         1320    i.ll_connect_supervision_timeout  CH57xBLE.LIB(ll_connect.o)
    0x00011d5e   0x00011d5e   0x00000002   PAD
    0x00011d60   0x00011d60   0x000000ac   Code   RO         1321    i.ll_connect_update_get_offset  CH57xBLE.LIB(ll_connect.o)
    0x00011e0c   0x00011e0c   0x00000028   Code   RO         2514    i.ll_get_prime_number  CH57xBLE.LIB(ll.o)
    0x00011e34   0x00011e34   0x00000064   Code   RO          720    i.ll_hw_api_rx_set_txlen  CH57xBLE.LIB(ip.o)
    0x00011e98   0x00011e98   0x00000018   Code   RO          721    i.ll_hw_api_set_channel  CH57xBLE.LIB(ip.o)
    0x00011eb0   0x00011eb0   0x00000020   Code   RO          722    i.ll_hw_api_set_pkt_dec  CH57xBLE.LIB(ip.o)
    0x00011ed0   0x00011ed0   0x00000020   Code   RO          723    i.ll_hw_api_set_pkt_enc  CH57xBLE.LIB(ip.o)
    0x00011ef0   0x00011ef0   0x00000074   Code   RO          662    i.ll_hw_temp_sample  CH57xBLE.LIB(tmos_hw.o)
    0x00011f64   0x00011f64   0x00000034   Code   RO         1322    i.ll_hw_timer_window_widening  CH57xBLE.LIB(ll_connect.o)
    0x00011f98   0x00011f98   0x00000590   Code   RO         2550    i.ll_initiate_process  CH57xBLE.LIB(ll_initiate.o)
    0x00012528   0x00012528   0x000003c6   Code   RO         1385    i.ll_master_action_tx_ready  CH57xBLE.LIB(ll_master.o)
    0x000128ee   0x000128ee   0x00000002   PAD
    0x000128f0   0x000128f0   0x000000a4   Code   RO         1323    i.ll_master_check_connect_point  CH57xBLE.LIB(ll_connect.o)
    0x00012994   0x00012994   0x0000076c   Code   RO         1386    i.ll_master_process  CH57xBLE.LIB(ll_master.o)
    0x00013100   0x00013100   0x0000021c   Code   RO         1387    i.ll_master_process_after_rx  CH57xBLE.LIB(ll_master.o)
    0x0001331c   0x0001331c   0x000001d8   Code   RO         1388    i.ll_master_process_event  CH57xBLE.LIB(ll_master.o)
    0x000134f4   0x000134f4   0x00000052   Code   RO         2664    i.ll_resolvinglist_checkRPA  CH57xBLE.LIB(ll_resolvinglist.o)
    0x00013546   0x00013546   0x00000002   PAD
    0x00013548   0x00013548   0x00000048   Code   RO         2665    i.ll_resolvinglist_renew_rpa  CH57xBLE.LIB(ll_resolvinglist.o)
    0x00013590   0x00013590   0x00000014   Code   RO         2666    i.ll_resolvinglist_renew_set  CH57xBLE.LIB(ll_resolvinglist.o)
    0x000135a4   0x000135a4   0x00000050   Code   RO         2667    i.ll_resolvinglist_timeout_renew_rpa  CH57xBLE.LIB(ll_resolvinglist.o)
    0x000135f4   0x000135f4   0x000006d0   Code   RO         1276    i.ll_scan_process   CH57xBLE.LIB(ll_scan.o)
    0x00013cc4   0x00013cc4   0x0000034c   Code   RO         1277    i.ll_scan_tx        CH57xBLE.LIB(ll_scan.o)
    0x00014010   0x00014010   0x00000026   Code   RO         2297    i.padding           CH57xBLE.LIB(sm.o)
    0x00014036   0x00014036   0x00000002   PAD
    0x00014038   0x00014038   0x00000024   Code   RO         2254    i.reportStatusChange  CH57xBLE.LIB(linkdb.o)
    0x0001405c   0x0001405c   0x000000d0   Code   RO          819    i.sendAuthEvent     CH57xBLE.LIB(gap.o)
    0x0001412c   0x0001412c   0x00000030   Code   RO          820    i.sendTerminateEvent  CH57xBLE.LIB(gap.o)
    0x0001415c   0x0001415c   0x0000004e   Code   RO         2298    i.setupInitiatorKeys  CH57xBLE.LIB(sm.o)
    0x000141aa   0x000141aa   0x0000001e   Code   RO         2300    i.smDetermineKeySize  CH57xBLE.LIB(sm.o)
    0x000141c8   0x000141c8   0x00000048   Code   RO         2301    i.smEndPairing      CH57xBLE.LIB(sm.o)
    0x00014210   0x00014210   0x0000004e   Code   RO         2302    i.smFreePairingParams  CH57xBLE.LIB(sm.o)
    0x0001425e   0x0001425e   0x00000002   PAD
    0x00014260   0x00014260   0x00000024   Code   RO         2303    i.smGenerateConfirm  CH57xBLE.LIB(sm.o)
    0x00014284   0x00014284   0x00000034   Code   RO         2304    i.smGeneratePairingReqRsp  CH57xBLE.LIB(sm.o)
    0x000142b8   0x000142b8   0x00000028   Code   RO          821    i.smGenerateRandBuf  CH57xBLE.LIB(gap.o)
    0x000142e0   0x000142e0   0x00000024   Code   RO         2305    i.smGenerateRandMsg  CH57xBLE.LIB(sm.o)
    0x00014304   0x00014304   0x00000160   Code   RO         2306    i.smInitiatorSendNextKeyInfo  CH57xBLE.LIB(sm.o)
    0x00014464   0x00014464   0x00000020   Code   RO         2307    i.smLinkCheck       CH57xBLE.LIB(sm.o)
    0x00014484   0x00014484   0x00000040   Code   RO         2308    i.smNextPairingState  CH57xBLE.LIB(sm.o)
    0x000144c4   0x000144c4   0x00000014   Code   RO         2309    i.smPairingSendEncInfo  CH57xBLE.LIB(sm.o)
    0x000144d8   0x000144d8   0x00000028   Code   RO         2310    i.smPairingSendIdentityAddrInfo  CH57xBLE.LIB(sm.o)
    0x00014500   0x00014500   0x00000014   Code   RO         2311    i.smPairingSendIdentityInfo  CH57xBLE.LIB(sm.o)
    0x00014514   0x00014514   0x00000028   Code   RO         2312    i.smPairingSendMasterID  CH57xBLE.LIB(sm.o)
    0x0001453c   0x0001453c   0x00000014   Code   RO         2313    i.smPairingSendSingingInfo  CH57xBLE.LIB(sm.o)
    0x00014550   0x00014550   0x000000c8   Code   RO         2314    i.smProcessDataMsg  CH57xBLE.LIB(sm.o)
    0x00014618   0x00014618   0x000000bc   Code   RO         2315    i.smProcessEncryptChange  CH57xBLE.LIB(sm.o)
    0x000146d4   0x000146d4   0x0000004c   Code   RO         2316    i.smProcessPairingReq  CH57xBLE.LIB(sm.o)
    0x00014720   0x00014720   0x00000078   Code   RO         2317    i.smProcessRandComplete  CH57xBLE.LIB(sm.o)
    0x00014798   0x00014798   0x00000088   Code   RO         2318    i.smProcessTMOSMsg  CH57xBLE.LIB(sm.o)
    0x00014820   0x00014820   0x00000180   Code   RO         2321    i.smResponderProcessLTKReq  CH57xBLE.LIB(sm.o)
    0x000149a0   0x000149a0   0x000001b8   Code   RO         2322    i.smResponderSendNextKeyInfo  CH57xBLE.LIB(sm.o)
    0x00014b58   0x00014b58   0x00000164   Code   RO         2323    i.smSavePairInfo    CH57xBLE.LIB(sm.o)
    0x00014cbc   0x00014cbc   0x00000024   Code   RO         2324    i.smSendFailAndEnd  CH57xBLE.LIB(sm.o)
    0x00014ce0   0x00014ce0   0x0000004a   Code   RO         2325    i.smSendSMMsg       CH57xBLE.LIB(sm.o)
    0x00014d2a   0x00014d2a   0x00000038   Code   RO         2326    i.smSetPairingReqRsp  CH57xBLE.LIB(sm.o)
    0x00014d62   0x00014d62   0x00000002   PAD
    0x00014d64   0x00014d64   0x00000020   Code   RO         2327    i.smStartEncryption  CH57xBLE.LIB(sm.o)
    0x00014d84   0x00014d84   0x0000002c   Code   RO         2328    i.smStartRspTimer   CH57xBLE.LIB(sm.o)
    0x00014db0   0x00014db0   0x00000014   Code   RO         2329    i.smStopRspTimer    CH57xBLE.LIB(sm.o)
    0x00014dc4   0x00014dc4   0x00000018   Code   RO         2330    i.smTimedOut        CH57xBLE.LIB(sm.o)
    0x00014ddc   0x00014ddc   0x00000004   Code   RO         2331    i.smUint8ToAuthReq  CH57xBLE.LIB(sm.o)
    0x00014de0   0x00014de0   0x00000126   Code   RO         2332    i.sm_CMAC           CH57xBLE.LIB(sm.o)
    0x00014f06   0x00014f06   0x0000005a   Code   RO         2333    i.sm_ah             CH57xBLE.LIB(sm.o)
    0x00014f60   0x00014f60   0x00000082   Code   RO         2334    i.sm_c1             CH57xBLE.LIB(sm.o)
    0x00014fe2   0x00014fe2   0x000000e0   Code   RO         2335    i.sm_c1new          CH57xBLE.LIB(sm.o)
    0x000150c2   0x000150c2   0x00000062   Code   RO         2336    i.sm_s1             CH57xBLE.LIB(sm.o)
    0x00015124   0x00015124   0x00000016   Code   RO         2337    i.sm_xor            CH57xBLE.LIB(sm.o)
    0x0001513a   0x0001513a   0x00000020   Code   RO         2338    i.smpBuildEncInfo   CH57xBLE.LIB(sm.o)
    0x0001515a   0x0001515a   0x00000024   Code   RO         2339    i.smpBuildIdentityAddrInfo  CH57xBLE.LIB(sm.o)
    0x0001517e   0x0001517e   0x00000020   Code   RO         2340    i.smpBuildIdentityInfo  CH57xBLE.LIB(sm.o)
    0x0001519e   0x0001519e   0x0000002a   Code   RO         2341    i.smpBuildMasterID  CH57xBLE.LIB(sm.o)
    0x000151c8   0x000151c8   0x00000020   Code   RO         2342    i.smpBuildPairingConfirm  CH57xBLE.LIB(sm.o)
    0x000151e8   0x000151e8   0x00000018   Code   RO         2343    i.smpBuildPairingFailed  CH57xBLE.LIB(sm.o)
    0x00015200   0x00015200   0x00000020   Code   RO         2344    i.smpBuildPairingRandom  CH57xBLE.LIB(sm.o)
    0x00015220   0x00015220   0x0000000e   Code   RO         2345    i.smpBuildPairingReq  CH57xBLE.LIB(sm.o)
    0x0001522e   0x0001522e   0x00000092   Code   RO         2346    i.smpBuildPairingReqRsp  CH57xBLE.LIB(sm.o)
    0x000152c0   0x000152c0   0x0000000e   Code   RO         2347    i.smpBuildPairingRsp  CH57xBLE.LIB(sm.o)
    0x000152ce   0x000152ce   0x00000018   Code   RO         2348    i.smpBuildSecurityReq  CH57xBLE.LIB(sm.o)
    0x000152e6   0x000152e6   0x00000020   Code   RO         2349    i.smpBuildSigningInfo  CH57xBLE.LIB(sm.o)
    0x00015306   0x00015306   0x000001c8   Code   RO         2350    i.smpInitiatorProcessIncoming  CH57xBLE.LIB(sm.o)
    0x000154ce   0x000154ce   0x000000be   Code   RO         2351    i.smpInitiatorProcessPairingRsp  CH57xBLE.LIB(sm.o)
    0x0001558c   0x0001558c   0x0000001e   Code   RO         2352    i.smpParseEncInfo   CH57xBLE.LIB(sm.o)
    0x000155aa   0x000155aa   0x00000022   Code   RO         2353    i.smpParseIdentityAddrInfo  CH57xBLE.LIB(sm.o)
    0x000155cc   0x000155cc   0x0000001e   Code   RO         2354    i.smpParseIdentityInfo  CH57xBLE.LIB(sm.o)
    0x000155ea   0x000155ea   0x00000028   Code   RO         2355    i.smpParseMasterID  CH57xBLE.LIB(sm.o)
    0x00015612   0x00015612   0x0000001e   Code   RO         2356    i.smpParsePairingConfirm  CH57xBLE.LIB(sm.o)
    0x00015630   0x00015630   0x00000020   Code   RO         2357    i.smpParsePairingFailed  CH57xBLE.LIB(sm.o)
    0x00015650   0x00015650   0x0000001e   Code   RO         2358    i.smpParsePairingRandom  CH57xBLE.LIB(sm.o)
    0x0001566e   0x0001566e   0x00000002   PAD
    0x00015670   0x00015670   0x000000fc   Code   RO         2359    i.smpParsePairingReq  CH57xBLE.LIB(sm.o)
    0x0001576c   0x0001576c   0x00000014   Code   RO         2360    i.smpParseSecurityReq  CH57xBLE.LIB(sm.o)
    0x00015780   0x00015780   0x0000001e   Code   RO         2361    i.smpParseSigningInfo  CH57xBLE.LIB(sm.o)
    0x0001579e   0x0001579e   0x000001ce   Code   RO         2362    i.smpResponderProcessIncoming  CH57xBLE.LIB(sm.o)
    0x0001596c   0x0001596c   0x0000009e   Code   RO         2363    i.smpResponderProcessPairingReq  CH57xBLE.LIB(sm.o)
    0x00015a0a   0x00015a0a   0x00000002   PAD
    0x00015a0c   0x00015a0c   0x00000020   Code   RO          578    i.tmosFindTask      CH57xBLE.LIB(tmos.o)
    0x00015a2c   0x00015a2c   0x00000034   Code   RO         1158    i.tmos_bm_adjust_header  CH57xBLE.LIB(memory.o)
    0x00015a60   0x00015a60   0x00000024   Code   RO          579    i.tmos_clear_event  CH57xBLE.LIB(tmos.o)
    0x00015a84   0x00015a84   0x00000012   Code   RO          581    i.tmos_get_task_timer  CH57xBLE.LIB(tmos.o)
    0x00015a96   0x00015a96   0x0000001e   Code   RO          582    i.tmos_isbufset     CH57xBLE.LIB(tmos.o)
    0x00015ab4   0x00015ab4   0x0000001c   Code   RO          583    i.tmos_memcmp       CH57xBLE.LIB(tmos.o)
    0x00015ad0   0x00015ad0   0x00000018   Code   RO          584    i.tmos_memcpy       CH57xBLE.LIB(tmos.o)
    0x00015ae8   0x00015ae8   0x0000001e   Code   RO          585    i.tmos_memdup       CH57xBLE.LIB(tmos.o)
    0x00015b06   0x00015b06   0x00000002   PAD
    0x00015b08   0x00015b08   0x000000a8   Code   RO         1159    i.tmos_memory_allocate  CH57xBLE.LIB(memory.o)
    0x00015bb0   0x00015bb0   0x000000ac   Code   RO         1160    i.tmos_memory_free  CH57xBLE.LIB(memory.o)
    0x00015c5c   0x00015c5c   0x00000060   Code   RO         1162    i.tmos_memory_init  CH57xBLE.LIB(memory.o)
    0x00015cbc   0x00015cbc   0x00000010   Code   RO          586    i.tmos_memset       CH57xBLE.LIB(tmos.o)
    0x00015ccc   0x00015ccc   0x00000028   Code   RO          631    i.tmos_msg_allocate  CH57xBLE.LIB(message.o)
    0x00015cf4   0x00015cf4   0x00000020   Code   RO          632    i.tmos_msg_deallocate  CH57xBLE.LIB(message.o)
    0x00015d14   0x00015d14   0x00000024   Code   RO          633    i.tmos_msg_enqueue  CH57xBLE.LIB(message.o)
    0x00015d38   0x00015d38   0x0000000c   Code   RO          634    i.tmos_msg_init     CH57xBLE.LIB(message.o)
    0x00015d44   0x00015d44   0x00000070   Code   RO          637    i.tmos_msg_receive  CH57xBLE.LIB(message.o)
    0x00015db4   0x00015db4   0x00000058   Code   RO          638    i.tmos_msg_send     CH57xBLE.LIB(message.o)
    0x00015e0c   0x00015e0c   0x00000038   Code   RO          587    i.tmos_rand         CH57xBLE.LIB(tmos.o)
    0x00015e44   0x00015e44   0x00000012   Code   RO          588    i.tmos_revmemcpy    CH57xBLE.LIB(tmos.o)
    0x00015e56   0x00015e56   0x00000002   PAD
    0x00015e58   0x00015e58   0x00000024   Code   RO          589    i.tmos_set_event    CH57xBLE.LIB(tmos.o)
    0x00015e7c   0x00015e7c   0x00000044   Code   RO         1173    i.tmos_snv_clear    CH57xBLE.LIB(tmos_snv.o)
    0x00015ec0   0x00015ec0   0x00000004   Code   RO         1174    i.tmos_snv_compact  CH57xBLE.LIB(tmos_snv.o)
    0x00015ec4   0x00015ec4   0x00000034   Code   RO         1175    i.tmos_snv_init     CH57xBLE.LIB(tmos_snv.o)
    0x00015ef8   0x00015ef8   0x00000040   Code   RO         1176    i.tmos_snv_notify   CH57xBLE.LIB(tmos_snv.o)
    0x00015f38   0x00015f38   0x00000088   Code   RO         1177    i.tmos_snv_read     CH57xBLE.LIB(tmos_snv.o)
    0x00015fc0   0x00015fc0   0x000000ac   Code   RO         1178    i.tmos_snv_write    CH57xBLE.LIB(tmos_snv.o)
    0x0001606c   0x0001606c   0x0000006c   Code   RO          590    i.tmos_start_callback_task  CH57xBLE.LIB(tmos.o)
    0x000160d8   0x000160d8   0x00000022   Code   RO          591    i.tmos_start_reload_task  CH57xBLE.LIB(tmos.o)
    0x000160fa   0x000160fa   0x00000002   PAD
    0x000160fc   0x000160fc   0x00000074   Code   RO          592    i.tmos_start_task   CH57xBLE.LIB(tmos.o)
    0x00016170   0x00016170   0x00000048   Code   RO          593    i.tmos_stop_callback_task  CH57xBLE.LIB(tmos.o)
    0x000161b8   0x000161b8   0x00000026   Code   RO          594    i.tmos_stop_task    CH57xBLE.LIB(tmos.o)
    0x000161de   0x000161de   0x00000012   Code   RO          595    i.tmos_strlen       CH57xBLE.LIB(tmos.o)
    0x000161f0   0x000161f0   0x00000064   Code   RO          596    i.tmos_update_callback_timer  CH57xBLE.LIB(tmos.o)
    0x00016254   0x00016254   0x00000016   Code   RO         2364    i.xor_128           CH57xBLE.LIB(sm.o)
    0x0001626a   0x0001626a   0x00000073   Data   RO          159    .constdata          usb_vcp.o
    0x000162dd   0x000162dd   0x00000014   Data   RO          726    .constdata          CH57xBLE.LIB(ip.o)
    0x000162f1   0x000162f1   0x00000010   Data   RO         1706    .constdata          CH57xBLE.LIB(att.o)
    0x00016301   0x00016301   0x00000003   PAD
    0x00016304   0x00016304   0x00000008   Data   RO         1962    .constdata          CH57xBLE.LIB(gapgattserver.o)
    0x0001630c   0x0001630c   0x00000060   Data   RO         2053    .constdata          CH57xBLE.LIB(gattservapp.o)
    0x0001636c   0x0001636c   0x00000029   Data   RO         2365    .constdata          CH57xBLE.LIB(sm.o)
    0x00016395   0x00016395   0x0000002a   Data   RO         2455    .constdata          CH57xBLE.LIB(gatt_uuid.o)
    0x000163bf   0x000163bf   0x00000002   Data   RO         2456    .constdata          CH57xBLE.LIB(gatt_uuid.o)
    0x000163c1   0x000163c1   0x00000017   Data   RO         2516    .constdata          CH57xBLE.LIB(ll.o)
    0x000163d8   0x000163d8   0x00000030   Data   RO         3260    Region$$Table       anon$$obj.o


    Execution Region RW_IRAM1 (Exec base: 0x20004000, Load base: 0x00016408, Size: 0x00002b28, Max: 0x00004000, ABSOLUTE, COMPRESSED[0x000000e8])

    Exec Addr    Load Addr    Size         Type   Attr      Idx    E Section Name        Object

    0x20004000   0x00016408   0x00000214   Code   RO          331    .text               ch57x_int.o
    0x20004214   0x0001661c   0x0000000c   Ven    RO         3270    Veneer$$Code        anon$$obj.o
    0x20004220   COMPRESSED   0x00000030   Data   RW            5    .data               central.o
    0x20004250   COMPRESSED   0x00000008   Data   RW          160    .data               usb_vcp.o
    0x20004258   COMPRESSED   0x00000010   Data   RW          352    .data               ch57x_usbdev.o
    0x20004268   COMPRESSED   0x00000001   Data   RW          378    .data               mcu.o
    0x20004269   COMPRESSED   0x00000003   PAD
    0x2000426c   COMPRESSED   0x00000004   Data   RW          423    .data               rtc.o
    0x20004270   COMPRESSED   0x00000018   Data   RW          598    .data               CH57xBLE.LIB(tmos.o)
    0x20004288   COMPRESSED   0x00000004   Data   RW          639    .data               CH57xBLE.LIB(message.o)
    0x2000428c   COMPRESSED   0x00000004   Data   RW          663    .data               CH57xBLE.LIB(tmos_hw.o)
    0x20004290   COMPRESSED   0x00000004   Data   RW          685    .data               CH57xBLE.LIB(lle.o)
    0x20004294   COMPRESSED   0x00000008   Data   RW          727    .data               CH57xBLE.LIB(ip.o)
    0x2000429c   COMPRESSED   0x0000002a   Data   RW          823    .data               CH57xBLE.LIB(gap.o)
    0x200042c6   COMPRESSED   0x00000002   PAD
    0x200042c8   COMPRESSED   0x0000000c   Data   RW          933    .data               CH57xBLE.LIB(gatt.o)
    0x200042d4   COMPRESSED   0x00000008   Data   RW         1002    .data               CH57xBLE.LIB(gattclientapp.o)
    0x200042dc   COMPRESSED   0x00000050   Data   RW         1064    .data               CH57xBLE.LIB(gapbondmgr.o)
    0x2000432c   COMPRESSED   0x00000008   Data   RW         1118    .data               CH57xBLE.LIB(central.o)
    0x20004334   COMPRESSED   0x00000043   Data   RW         1143    .data               CH57xBLE.LIB(role.o)
    0x20004377   COMPRESSED   0x00000001   PAD
    0x20004378   COMPRESSED   0x0000000c   Data   RW         1163    .data               CH57xBLE.LIB(memory.o)
    0x20004384   COMPRESSED   0x00000004   Data   RW         1196    .data               CH57xBLE.LIB(aes.o)
    0x20004388   COMPRESSED   0x00000004   Data   RW         1210    .data               CH57xBLE.LIB(bb.o)
    0x2000438c   COMPRESSED   0x00000004   Data   RW         1218    .data               CH57xBLE.LIB(dma.o)
    0x20004390   COMPRESSED   0x00000004   Data   RW         1232    .data               CH57xBLE.LIB(rfend.o)
    0x20004394   COMPRESSED   0x00000004   Data   RW         1325    .data               CH57xBLE.LIB(ll_connect.o)
    0x20004398   COMPRESSED   0x00000010   Data   RW         1568    .data               CH57xBLE.LIB(host_input.o)
    0x200043a8   COMPRESSED   0x00000008   Data   RW         1707    .data               CH57xBLE.LIB(att.o)
    0x200043b0   COMPRESSED   0x00000014   Data   RW         1887    .data               CH57xBLE.LIB(gap_central.o)
    0x200043c4   COMPRESSED   0x00000014   Data   RW         1926    .data               CH57xBLE.LIB(gap_peripheral.o)
    0x200043d8   COMPRESSED   0x000000b0   Data   RW         1963    .data               CH57xBLE.LIB(gapgattserver.o)
    0x20004488   COMPRESSED   0x00000070   Data   RW         2054    .data               CH57xBLE.LIB(gattservapp.o)
    0x200044f8   COMPRESSED   0x00000018   Data   RW         2167    .data               CH57xBLE.LIB(l2cap.o)
    0x20004510   COMPRESSED   0x00000008   Data   RW         2256    .data               CH57xBLE.LIB(linkdb.o)
    0x20004518   COMPRESSED   0x00000024   Data   RW         2366    .data               CH57xBLE.LIB(sm.o)
    0x2000453c   COMPRESSED   0x00000004   Data   RW         2517    .data               CH57xBLE.LIB(ll.o)
    0x20004540   COMPRESSED   0x00000004   Data   RW         3238    .data               mc_p.l(stdout.o)
    0x20004544        -       0x00000050   Zero   RW            4    .bss                central.o
    0x20004594        -       0x00002000   Zero   RW          110    .bss                central_main.o
    0x20006594        -       0x00000280   Zero   RW          158    .bss                usb_vcp.o
    0x20006814        -       0x00000070   Zero   RW          597    .bss                CH57xBLE.LIB(tmos.o)
    0x20006884        -       0x00000058   Zero   RW          725    .bss                CH57xBLE.LIB(ip.o)
    0x200068dc        -       0x00000054   Zero   RW          822    .bss                CH57xBLE.LIB(gap.o)
    0x20006930        -       0x00000020   Zero   RW         1063    .bss                CH57xBLE.LIB(gapbondmgr.o)
    0x20006950        -       0x0000003f   Zero   RW         1142    .bss                CH57xBLE.LIB(role.o)
    0x2000698f   COMPRESSED   0x00000001   PAD
    0x20006990        -       0x0000000c   Zero   RW         1886    .bss                CH57xBLE.LIB(gap_central.o)
    0x2000699c        -       0x0000000c   Zero   RW         1925    .bss                CH57xBLE.LIB(gap_peripheral.o)
    0x200069a8        -       0x00000016   Zero   RW         1961    .bss                CH57xBLE.LIB(gapgattserver.o)
    0x200069be   COMPRESSED   0x00000002   PAD
    0x200069c0        -       0x00000036   Zero   RW         2052    .bss                CH57xBLE.LIB(gattservapp.o)
    0x200069f6        -       0x00000010   Zero   RW         2165    .bss                CH57xBLE.LIB(l2cap.o)
    0x20006a06   COMPRESSED   0x00000002   PAD
    0x20006a08        -       0x00000030   Zero   RW         2166    .bss                CH57xBLE.LIB(l2cap.o)
    0x20006a38        -       0x00000030   Zero   RW         2255    .bss                CH57xBLE.LIB(linkdb.o)
    0x20006a68        -       0x000000c0   Zero   RW         2515    .bss                CH57xBLE.LIB(ll.o)


==============================================================================

Image component sizes


      Code (inc. data)   RO Data    RW Data    ZI Data      Debug   Object Name

      2212        678          0         48         80      51687   central.o
        80         12          0          0       8192       1173   central_main.o
      1676         60          0          0          0       7068   ch57x_clk.o
       336         22          0          0          0       1807   ch57x_gpio.o
       532         16          0          0          0       1831   ch57x_int.o
       408         12          0          0          0       2022   ch57x_pwr.o
       260         16          0          0          0       2667   ch57x_sys.o
       172          4          0          0          0       2181   ch57x_uart1.o
       156         12          0         16          0       1547   ch57x_usbdev.o
       484        122          0          1          0      40090   mcu.o
       116         12          0          4          0       1071   rtc.o
        28         10        144          0          0        608   startup_armcm0.o
      1088         86        115          8        640      52873   usb_vcp.o

    ----------------------------------------------------------------------
      7562       1066        307         80       8912     166625   Object Totals
        12          4         48          0          0          0   (incl. Generated)
         2          0          0          3          0          0   (incl. Padding)

    ----------------------------------------------------------------------

      Code (inc. data)   RO Data    RW Data    ZI Data      Debug   Library Member Name

       838         30          0          4          0        360   aes.o
       908        134          0          0          0       1892   api_c.o
       610         48         16          8          0        904   att.o
       768         50          0          0          0       1692   att_client.o
      1010         52          0          0          0       2088   att_server.o
        28         14          0          4          0         60   bb.o
       650        114          0          8          0        572   central.o
      3526        156          0          0          0       2240   ctl_input.o
       236          0          0          0          0       1404   ctl_output.o
        48         10          0          4          0         60   dma.o
      4374        288          0         42         84       3888   gap.o
      2208        150          0         20         12       1020   gap_central.o
      1180        174          0         20         12        796   gap_peripheral.o
      5370        306          0         80         32       2860   gapbondmgr.o
      1210         88          8        176         22        452   gapgattserver.o
      1962        126          0         12          0       2036   gatt.o
         0          0         44          0          0          0   gatt_uuid.o
      1984        106          0          8          0       1168   gattclientapp.o
      6480        300         96        112         54       4256   gattservapp.o
      1550        116          0         16          0       1452   host_input.o
       360          6          0          0          0       1952   host_output.o
      2364        276         20          8         88       1052   ip.o
      1486        124          0         24         64       1732   l2cap.o
      1378         26          0          0          0        820   l2cap_input.o
      1992         96          0          0          0       1304   l2cap_output.o
       476         36          0          0          0        724   l2cap_sdu.o
      1018        108          0          8         48       1348   linkdb.o
       508         46         23          4        192        216   ll.o
       416         16          0          0          0        156   ll_address.o
        74         10          0          0          0        136   ll_advertise.o
      3666        206          0          4          0       2144   ll_connect.o
       524         52          0          0          0        492   ll_core.o
       248          0          0          0          0        204   ll_hop.o
      2148        196          0          0          0        508   ll_initiate.o
      4326        126          0          0          0        524   ll_master.o
      1790         34          0          0          0       1584   ll_pdu.o
      1234         18          0          0          0        156   ll_report.o
       838         58          0          0          0        876   ll_resolvinglist.o
      3232        198          0          0          0        576   ll_scan.o
       212         18          0          0          0        280   ll_whitelist.o
       436         40          0          4          0        136   lle.o
       488         56          0         12          0        308   memory.o
       320         18          0          4          0        400   message.o
      3522         30          0          4          0        360   rfend.o
       444         72          0         67         63        412   role.o
      7752        270         41         36          0       5624   sm.o
      1950        126          0         24        112       1700   tmos.o
       754        106          0          4          0        912   tmos_hw.o
       496         40          0          0          0        428   tmos_snv.o
        86          0          0          0          0          0   __dczerorl2.o
         0          0          0          0          0          0   entry.o
         0          0          0          0          0          0   entry10a.o
         0          0          0          0          0          0   entry11a.o
         8          4          0          0          0          0   entry2.o
         4          0          0          0          0          0   entry5.o
         0          0          0          0          0          0   entry7b.o
         0          0          0          0          0          0   entry8b.o
         8          4          0          0          0          0   entry9a.o
        30          0          0          0          0          0   handlers.o
        40          0          0          0          0         72   idiv.o
        36          8          0          0          0         68   init.o
         0          0          0          0          0          0   iusefp.o
       122          0          0          0          0         84   llmul.o
        32          0          0          0          0         68   llshl.o
        38          0          0          0          0         68   llsshr.o
        34          0          0          0          0         68   llushr.o
        36          0          0          0          0         60   memcpya.o
      2318        102          0          0          0        544   printfa.o
         0          0          0          4          0          0   stdout.o
        44          0          0          0          0         72   uidiv.o
        96          0          0          0          0         84   uldiv.o
        40          2          0          0          0         68   cdrcmple.o
       356          4          0          0          0        140   dadd.o
       240          6          0          0          0         84   ddiv.o
       236          0          0          0          0        216   depilogue.o
        64         10          0          0          0         68   dfixul.o
       208          6          0          0          0         88   dmul.o

    ----------------------------------------------------------------------
     83568       4816        251        724        788      58116   Library Totals
       100          0          3          3          5          0   (incl. Padding)

    ----------------------------------------------------------------------

      Code (inc. data)   RO Data    RW Data    ZI Data      Debug   Library Name

     79392       4670        248        717        783      56264   CH57xBLE.LIB
      2932        118          0          4          0       1188   mc_p.l
      1144         28          0          0          0        664   mf_p.l

    ----------------------------------------------------------------------
     83568       4816        251        724        788      58116   Library Totals

    ----------------------------------------------------------------------

==============================================================================


      Code (inc. data)   RO Data    RW Data    ZI Data      Debug   

     91130       5882        558        804       9700     187953   Grand Totals
     91130       5882        558        232       9700     187953   ELF Image Totals (compressed)
     91130       5882        558        232          0          0   ROM Totals

==============================================================================

    Total RO  Size (Code + RO Data)                91688 (  89.54kB)
    Total RW  Size (RW Data + ZI Data)             10504 (  10.26kB)
    Total ROM Size (Code + RO Data + RW Data)      91920 (  89.77kB)

==============================================================================

