Component: ARM Compiler 5.06 update 6 (build 750) Tool: armlink [4d35ed]

==============================================================================

Section Cross References

    central.o(.text) refers to printf5.o(i.__0printf$5) for __2printf
    central.o(.text) refers to tmos.o(i.tmos_start_task) for tmos_start_task
    central.o(.text) refers to gatt.o(i.GATT_ReadUsingCharUUID) for GATT_ReadUsingCharUUID
    central.o(.text) refers to gatt.o(i.GATT_bm_free) for GATT_bm_free
    central.o(.text) refers to message.o(i.tmos_msg_receive) for tmos_msg_receive
    central.o(.text) refers to message.o(i.tmos_msg_deallocate) for tmos_msg_deallocate
    central.o(.text) refers to central.o(i.GAPRole_CentralStartDevice) for GAPRole_CentralStartDevice
    central.o(.text) refers to role.o(i.GAPRole_TerminateLink) for GAPRole_TerminateLink
    central.o(.text) refers to gatt.o(i.GATT_DiscPrimaryServiceByUUID) for GATT_DiscPrimaryServiceByUUID
    central.o(.text) refers to central.o(i.GAPRole_UpdateLink) for GAPRole_UpdateLink
    central.o(.text) refers to gatt.o(i.GATT_bm_alloc) for GATT_bm_alloc
    central.o(.text) refers to gatt.o(i.GATT_WriteCharValue) for GATT_WriteCharValue
    central.o(.text) refers to gatt.o(i.GATT_ReadCharValue) for GATT_ReadCharValue
    central.o(.text) refers to role.o(i.GAPRole_ReadRssiCmd) for GAPRole_ReadRssiCmd
    central.o(.text) refers to tmos.o(i.TMOS_ProcessEventRegister) for TMOS_ProcessEventRegister
    central.o(.text) refers to gap.o(i.GAP_SetParamValue) for GAP_SetParamValue
    central.o(.text) refers to gapbondmgr.o(i.GAPBondMgr_SetParameter) for GAPBondMgr_SetParameter
    central.o(.text) refers to gattclientapp.o(i.GATT_InitClient) for GATT_InitClient
    central.o(.text) refers to gattclientapp.o(i.GATT_RegisterForInd) for GATT_RegisterForInd
    central.o(.text) refers to tmos.o(i.tmos_set_event) for tmos_set_event
    central.o(.text) refers to gatt.o(i.GATT_ExchangeMTU) for GATT_ExchangeMTU
    central.o(.text) refers to central.o(.data) for .data
    central.o(.text) refers to tmos.o(i.tmos_memcmp) for tmos_memcmp
    central.o(.text) refers to tmos.o(i.tmos_memcpy) for tmos_memcpy
    central.o(.text) refers to tmos.o(i.tmos_stop_task) for tmos_stop_task
    central.o(.text) refers to central.o(i.GAPRole_CentralStartDiscovery) for GAPRole_CentralStartDiscovery
    central.o(.text) refers to central.o(i.GAPRole_CentralEstablishLink) for GAPRole_CentralEstablishLink
    central.o(.text) refers to tmos.o(i.tmos_rand) for tmos_rand
    central.o(.text) refers to uidiv.o(.text) for __aeabi_uidivmod
    central.o(.text) refers to gapbondmgr.o(i.GAPBondMgr_PasscodeRsp) for GAPBondMgr_PasscodeRsp
    central.o(.text) refers to central.o(.bss) for .bss
    central.o(.data) refers to central.o(.text) for centralPasscodeCB
    central_main.o(.text) refers to ch57x_gpio.o(.text) for GPIOA_ModeCfg
    central_main.o(.text) refers to ch57x_uart1.o(.text) for UART1_DefInit
    central_main.o(.text) refers to printf5.o(i.__0printf$5) for __2printf
    central_main.o(.text) refers to mcu.o(.text) for CH57X_BLEInit
    central_main.o(.text) refers to role.o(i.GAPRole_CentralInit) for GAPRole_CentralInit
    central_main.o(.text) refers to central.o(.text) for Central_Init
    central_main.o(.text) refers to tmos.o(i.TMOS_SystemProcess) for TMOS_SystemProcess
    central_main.o(.text) refers to ip.o(.constdata) for VER_LIB
    startup_armcm0.o(RESET) refers to startup_armcm0.o(.text) for Reset_Handler
    startup_armcm0.o(RESET) refers to ch57x_int.o(.text) for NMI_Handler
    startup_armcm0.o(RESET) refers to mcu.o(.text) for LLE_IRQHandler
    startup_armcm0.o(RESET) refers to rtc.o(.text) for RTC_IRQHandler
    startup_armcm0.o(.text) refers to ch57x_clk.o(.text) for SystemInit
    startup_armcm0.o(.text) refers to entry.o(.ARM.Collect$$$$00000000) for __main
    ch57x_clk.o(.text) refers to ch57x_sys.o(.text) for mDelayuS
    ch57x_clk.o(.text) refers to ch57x_pwr.o(.text) for PowerMonitor
    ch57x_clk.o(.text) refers to ch57x_clk.o(i.__ARM_common_switch8) for __ARM_common_switch8
    ch57x_clk.o(.text) refers to uidiv.o(.text) for __aeabi_uidivmod
    ch57x_clk.o(.text) refers to idiv.o(.text) for __aeabi_idivmod
    ch57x_gpio.o(.text) refers to ch57x_clk.o(i.__ARM_common_switch8) for __ARM_common_switch8
    ch57x_pwr.o(.text) refers to ch57x_sys.o(.text) for mDelayuS
    ch57x_uart1.o(.text) refers to ch57x_clk.o(.text) for GetSysClock
    ch57x_uart1.o(.text) refers to uidiv.o(.text) for __aeabi_uidivmod
    ch57x_int.o(.text) refers to ch57x_pwr.o(.text) for PowerMonitor
    mcu.o(.text) refers to ch57x_clk.o(.text) for Calibration_LSI
    mcu.o(.text) refers to tmos.o(i.tmos_memcmp) for tmos_memcmp
    mcu.o(.text) refers to tmos.o(i.tmos_memset) for tmos_memset
    mcu.o(.text) refers to tmos.o(i.BLE_LibInit) for BLE_LibInit
    mcu.o(.text) refers to printf5.o(i.__0printf$5) for __2printf
[...]
    0x00004118   0x00004118   0x00000018   Code   RO          596    i.GAP_GetParamValue  CH57xBLE.LIB(gap.o)
    0x00004130   0x00004130   0x00000038   Code   RO          597    i.GAP_Init          CH57xBLE.LIB(gap.o)
    0x00004168   0x00004168   0x00000008   Code   RO          598    i.GAP_NumActiveConnections  CH57xBLE.LIB(gap.o)
    0x00004170   0x00004170   0x00000078   Code   RO          599    i.GAP_ParamInit     CH57xBLE.LIB(gap.o)
    0x000041e8   0x000041e8   0x00000038   Code   RO          600    i.GAP_ParamsInit    CH57xBLE.LIB(gap.o)
    0x00004220   0x00004220   0x00000048   Code   RO          601    i.GAP_PasscodeUpdate  CH57xBLE.LIB(gap.o)
    0x00004268   0x00004268   0x00000030   Code   RO         1739    i.GAP_PeriConnRegister  CH57xBLE.LIB(gap_peripheral.o)
    0x00004298   0x00004298   0x0000008c   Code   RO         1740    i.GAP_PeriDevMgrInit  CH57xBLE.LIB(gap_peripheral.o)
    0x00004324   0x00004324   0x00000040   Code   RO         1741    i.GAP_PeripheralParamInit  CH57xBLE.LIB(gap_peripheral.o)
    0x00004364   0x00004364   0x000000e4   Code   RO          603    i.GAP_ProcessEvent  CH57xBLE.LIB(gap.o)
    0x00004448   0x00004448   0x0000000c   Code   RO          604    i.GAP_RegisterForMsgs  CH57xBLE.LIB(gap.o)
    0x00004454   0x00004454   0x00000008   Code   RO          605    i.GAP_ResolvePrivateAddr  CH57xBLE.LIB(gap.o)
    0x0000445c   0x0000445c   0x0000005c   Code   RO          606    i.GAP_SecParamsInit  CH57xBLE.LIB(gap.o)
    0x000044b8   0x000044b8   0x00000040   Code   RO          607    i.GAP_SendSlaveSecurityRequest  CH57xBLE.LIB(gap.o)
    0x000044f8   0x000044f8   0x00000034   Code   RO          608    i.GAP_SetParamValue  CH57xBLE.LIB(gap.o)
    0x0000452c   0x0000452c   0x00000050   Code   RO          609    i.GAP_Signable      CH57xBLE.LIB(gap.o)
    0x0000457c   0x0000457c   0x00000020   Code   RO          610    i.GAP_TerminateAuth  CH57xBLE.LIB(gap.o)
    0x0000459c   0x0000459c   0x00000088   Code   RO          611    i.GAP_TerminateLinkReq  CH57xBLE.LIB(gap.o)
    0x00004624   0x00004624   0x00000068   Code   RO         1813    i.GATTServApp_Init  CH57xBLE.LIB(gattservapp.o)
    0x0000468c   0x0000468c   0x00000030   Code   RO         1814    i.GATTServApp_InitCharCfg  CH57xBLE.LIB(gattservapp.o)
    0x000046bc   0x000046bc   0x0000009c   Code   RO         1815    i.GATTServApp_ParamInit  CH57xBLE.LIB(gattservapp.o)
    0x00004758   0x00004758   0x0000004a   Code   RO         1816    i.GATTServApp_ProcessCCCWriteReq  CH57xBLE.LIB(gattservapp.o)
    0x000047a2   0x000047a2   0x00000002   PAD
    0x000047a4   0x000047a4   0x00000048   Code   RO         1818    i.GATTServApp_ProcessEvent  CH57xBLE.LIB(gattservapp.o)
    0x000047ec   0x000047ec   0x00000228   Code   RO         1819    i.GATTServApp_ReadAttr  CH57xBLE.LIB(gattservapp.o)
    0x00004a14   0x00004a14   0x0000000e   Code   RO         1820    i.GATTServApp_ReadCharCfg  CH57xBLE.LIB(gattservapp.o)
    0x00004a22   0x00004a22   0x00000002   PAD
    0x00004a24   0x00004a24   0x0000000c   Code   RO         1821    i.GATTServApp_RegisterForMsg  CH57xBLE.LIB(gattservapp.o)
    0x00004a30   0x00004a30   0x00000038   Code   RO         1823    i.GATTServApp_SendCCCUpdatedEvent  CH57xBLE.LIB(gattservapp.o)
    0x00004a68   0x00004a68   0x00000024   Code   RO         1824    i.GATTServApp_SendServiceChangedInd  CH57xBLE.LIB(gattservapp.o)
    0x00004a8c   0x00004a8c   0x00000018   Code   RO         1826    i.GATTServApp_UpdateCharCfg  CH57xBLE.LIB(gattservapp.o)
    0x00004aa4   0x00004aa4   0x00000078   Code   RO         1827    i.GATTServApp_WriteAttr  CH57xBLE.LIB(gattservapp.o)
    0x00004b1c   0x00004b1c   0x0000002c   Code   RO         1828    i.GATTServApp_WriteCharCfg  CH57xBLE.LIB(gattservapp.o)
    0x00004b48   0x00004b48   0x0000002a   Code   RO          714    i.GATT_AppCompletedMsg  CH57xBLE.LIB(gatt.o)
    0x00004b72   0x00004b72   0x00000002   PAD
    0x00004b74   0x00004b74   0x00000064   Code   RO          719    i.GATT_DiscPrimaryServiceByUUID  CH57xBLE.LIB(gatt.o)
    0x00004bd8   0x00004bd8   0x00000034   Code   RO          720    i.GATT_ExchangeMTU  CH57xBLE.LIB(gatt.o)
    0x00004c0c   0x00004c0c   0x00000048   Code   RO         1830    i.GATT_FindHandle   CH57xBLE.LIB(gattservapp.o)
    0x00004c54   0x00004c54   0x00000074   Code   RO         1831    i.GATT_FindHandleUUID  CH57xBLE.LIB(gattservapp.o)
    0x00004cc8   0x00004cc8   0x00000094   Code   RO         1832    i.GATT_FindNextAttr  CH57xBLE.LIB(gattservapp.o)
    0x00004d5c   0x00004d5c   0x00000068   Code   RO         1834    i.GATT_Indication   CH57xBLE.LIB(gattservapp.o)
    0x00004dc4   0x00004dc4   0x0000002c   Code   RO          722    i.GATT_Init         CH57xBLE.LIB(gatt.o)
    0x00004df0   0x00004df0   0x00000080   Code   RO          815    i.GATT_InitClient   CH57xBLE.LIB(gattclientapp.o)
    0x00004e70   0x00004e70   0x00000050   Code   RO         1835    i.GATT_InitServer   CH57xBLE.LIB(gattservapp.o)
    0x00004ec0   0x00004ec0   0x00000038   Code   RO          723    i.GATT_NotifyEvent  CH57xBLE.LIB(gatt.o)
    0x00004ef8   0x00004ef8   0x000000f4   Code   RO          724    i.GATT_ProcessEvent  CH57xBLE.LIB(gatt.o)
    0x00004fec   0x00004fec   0x00000008   Code   RO          726    i.GATT_ReadCharValue  CH57xBLE.LIB(gatt.o)
    0x00004ff4   0x00004ff4   0x0000000c   Code   RO          730    i.GATT_ReadUsingCharUUID  CH57xBLE.LIB(gatt.o)
    0x00005000   0x00005000   0x0000000c   Code   RO          731    i.GATT_RegisterForCentMsgs  CH57xBLE.LIB(gatt.o)
    0x0000500c   0x0000500c   0x0000000c   Code   RO          816    i.GATT_RegisterForInd  CH57xBLE.LIB(gattclientapp.o)
    0x00005018   0x00005018   0x00000078   Code   RO          735    i.GATT_ServiceChangedInd  CH57xBLE.LIB(gatt.o)
    0x00005090   0x00005090   0x00000012   Code   RO         1839    i.GATT_ServiceEncKeySize  CH57xBLE.LIB(gattservapp.o)
    0x000050a2   0x000050a2   0x0000000e   Code   RO         1840    i.GATT_ServiceNumAttrs  CH57xBLE.LIB(gattservapp.o)
    0x000050b0   0x000050b0   0x0000004c   Code   RO          738    i.GATT_UpdateMTU    CH57xBLE.LIB(gatt.o)
    0x000050fc   0x000050fc   0x00000052   Code   RO         1841    i.GATT_VerifyPrepareWritePermissions  CH57xBLE.LIB(gattservapp.o)
    0x0000514e   0x0000514e   0x00000056   Code   RO         1842    i.GATT_VerifyReadPermissions  CH57xBLE.LIB(gattservapp.o)
    0x000051a4   0x000051a4   0x00000064   Code   RO         1843    i.GATT_VerifyWritePermissions  CH57xBLE.LIB(gattservapp.o)
    0x00005208   0x00005208   0x0000000e   Code   RO          740    i.GATT_WriteCharValue  CH57xBLE.LIB(gatt.o)
    0x00005216   0x00005216   0x00000002   PAD
    0x00005218   0x00005218   0x0000008c   Code   RO          744    i.GATT_bm_alloc     CH57xBLE.LIB(gatt.o)
    0x000052a4   0x000052a4   0x00000010   Code   RO          745    i.GATT_bm_free      CH57xBLE.LIB(gatt.o)
    0x000052b4   0x000052b4   0x00000128   Code   RO         1783    i.GGS_ParamInit     CH57xBLE.LIB(gapgattserver.o)
    0x000053dc   0x000053dc   0x00000094   Code   RO         1786    i.GGS_SetParameter  CH57xBLE.LIB(gapgattserver.o)
    0x00005470   0x00005470   0x00000002   Code   RO         2639    i.HCI_AuthenticatedPayloadTimeoutExpiredCback  CH57xBLE.LIB(ctl_output.o)
    0x00005472   0x00005472   0x00000008   Code   RO         2640    i.HCI_CommandCompleteCback  CH57xBLE.LIB(ctl_output.o)
    0x0000547a   0x0000547a   0x00000008   Code   RO         2641    i.HCI_CommandStatusCback  CH57xBLE.LIB(ctl_output.o)
    0x00005482   0x00005482   0x00000008   Code   RO         2642    i.HCI_DataBufferOverflowCback  CH57xBLE.LIB(ctl_output.o)
    0x0000548a   0x0000548a   0x00000008   Code   RO         1424    i.HCI_DisconnectCmd  CH57xBLE.LIB(host_output.o)
    0x00005492   0x00005492   0x00000008   Code   RO         2643    i.HCI_DisconnectionCompleteCback  CH57xBLE.LIB(ctl_output.o)
    0x0000549a   0x0000549a   0x00000008   Code   RO         2644    i.HCI_EncryptionChangeCback  CH57xBLE.LIB(ctl_output.o)
    0x000054a2   0x000054a2   0x00000008   Code   RO         2645    i.HCI_EncryptionKeyRefreshCompleteCback  CH57xBLE.LIB(ctl_output.o)
    0x000054aa   0x000054aa   0x0000000a   Code   RO         1426    i.HCI_HostNumCompletedPktCmd  CH57xBLE.LIB(host_output.o)
    0x000054b4   0x000054b4   0x00000008   Code   RO         1427    i.HCI_LE_AddDeviceToResolvingList  CH57xBLE.LIB(host_output.o)
    0x000054bc   0x000054bc   0x00000008   Code   RO         1428    i.HCI_LE_AddWhiteListCmd  CH57xBLE.LIB(host_output.o)
    0x000054c4   0x000054c4   0x00000012   Code   RO         2647    i.HCI_LE_AdvertisingReportCback  CH57xBLE.LIB(ctl_output.o)
    0x000054d6   0x000054d6   0x00000008   Code   RO         1429    i.HCI_LE_ClearResolvingList  CH57xBLE.LIB(host_output.o)
    0x000054de   0x000054de   0x00000008   Code   RO         1430    i.HCI_LE_ClearWhiteListCmd  CH57xBLE.LIB(host_output.o)
    0x000054e6   0x000054e6   0x00000010   Code   RO         1431    i.HCI_LE_ConnUpdateCmd  CH57xBLE.LIB(host_output.o)
    0x000054f6   0x000054f6   0x0000001a   Code   RO         2648    i.HCI_LE_ConnectionCompleteCback  CH57xBLE.LIB(ctl_output.o)
    0x00005510   0x00005510   0x0000000c   Code   RO         2649    i.HCI_LE_ConnectionUpdateCompleteCback  CH57xBLE.LIB(ctl_output.o)
    0x0000551c   0x0000551c   0x00000008   Code   RO         1432    i.HCI_LE_CreateConnCancelCmd  CH57xBLE.LIB(host_output.o)
    0x00005524   0x00005524   0x00000030   Code   RO         1433    i.HCI_LE_CreateConnCmd  CH57xBLE.LIB(host_output.o)
    0x00005554   0x00005554   0x0000000c   Code   RO         2650    i.HCI_LE_DataLengthChangeCback  CH57xBLE.LIB(ctl_output.o)
    0x00005560   0x00005560   0x00000012   Code   RO         2651    i.HCI_LE_DirectAdvertisingReportCback  CH57xBLE.LIB(ctl_output.o)
    0x00005572   0x00005572   0x00000020   Code   RO         2652    i.HCI_LE_EnhancedConnectionCompleteCback  CH57xBLE.LIB(ctl_output.o)
    0x00005592   0x00005592   0x00000008   Code   RO         2654    i.HCI_LE_LongTermKeyRequestCback  CH57xBLE.LIB(ctl_output.o)
    0x0000559a   0x0000559a   0x00000008   Code   RO         1434    i.HCI_LE_LtkReqNegReplyCmd  CH57xBLE.LIB(host_output.o)
    0x000055a2   0x000055a2   0x00000008   Code   RO         1435    i.HCI_LE_LtkReqReplyCmd  CH57xBLE.LIB(host_output.o)
    0x000055aa   0x000055aa   0x00000008   Code   RO         1436    i.HCI_LE_RandCmd    CH57xBLE.LIB(host_output.o)
    0x000055b2   0x000055b2   0x00000008   Code   RO         1437    i.HCI_LE_ReadBufSizeCmd  CH57xBLE.LIB(host_output.o)
    0x000055ba   0x000055ba   0x00000008   Code   RO         2656    i.HCI_LE_ReadRemoteUsedFeaturesCompleteCback  CH57xBLE.LIB(ctl_output.o)
    0x000055c2   0x000055c2   0x00000008   Code   RO         1442    i.HCI_LE_RemoteConnParamReqNegReplyCmd  CH57xBLE.LIB(host_output.o)
    0x000055ca   0x000055ca   0x00000010   Code   RO         1443    i.HCI_LE_RemoteConnParamReqReplyCmd  CH57xBLE.LIB(host_output.o)
    0x000055da   0x000055da   0x0000000c   Code   RO         2657    i.HCI_LE_RemoteConnectionParameterRequestCback  CH57xBLE.LIB(ctl_output.o)
    0x000055e6   0x000055e6   0x00000008   Code   RO         1445    i.HCI_LE_SetAddressResolvableEnableCmd  CH57xBLE.LIB(host_output.o)
    0x000055ee   0x000055ee   0x00000008   Code   RO         1447    i.HCI_LE_SetAdvEnableCmd  CH57xBLE.LIB(host_output.o)
    0x000055f6   0x000055f6   0x00000016   Code   RO         1448    i.HCI_LE_SetAdvParamCmd  CH57xBLE.LIB(host_output.o)
    0x0000560c   0x0000560c   0x00000008   Code   RO         1451    i.HCI_LE_SetRandomAddressCmd  CH57xBLE.LIB(host_output.o)
    0x00005614   0x00005614   0x00000008   Code   RO         1452    i.HCI_LE_SetResolvableAddressTimeoutCmd  CH57xBLE.LIB(host_output.o)
    0x0000561c   0x0000561c   0x00000008   Code   RO         1453    i.HCI_LE_SetScanEnableCmd  CH57xBLE.LIB(host_output.o)
    0x00005624   0x00005624   0x0000000c   Code   RO         1454    i.HCI_LE_SetScanParamCmd  CH57xBLE.LIB(host_output.o)
    0x00005630   0x00005630   0x00000010   Code   RO         1456    i.HCI_LE_StartEncyptCmd  CH57xBLE.LIB(host_output.o)
    0x00005640   0x00005640   0x00000008   Code   RO         1457    i.HCI_MB_DisconnectCmd  CH57xBLE.LIB(host_output.o)
    0x00005648   0x00005648   0x00000008   Code   RO         2658    i.HCI_NumberOfCompletedPacketsCback  CH57xBLE.LIB(ctl_output.o)
    0x00005650   0x00005650   0x00000008   Code   RO         1458    i.HCI_ReadBDADDRCmd  CH57xBLE.LIB(host_output.o)
    0x00005658   0x00005658   0x0000000c   Code   RO         2659    i.HCI_ReadRemoteVersionInfoCback  CH57xBLE.LIB(ctl_output.o)
    0x00005664   0x00005664   0x00000008   Code   RO         1462    i.HCI_ReadRssiCmd   CH57xBLE.LIB(host_output.o)
    0x0000566c   0x0000566c   0x0000000c   Code   RO         2660    i.HCI_RemoteConnectionParameterRequestCback  CH57xBLE.LIB(ctl_output.o)
    0x00005678   0x00005678   0x00000008   Code   RO         2661    i.HCI_RxDataCompleteCback  CH57xBLE.LIB(ctl_output.o)
    0x00005680   0x00005680   0x00000008   Code   RO         1465    i.HCI_SendDataPkt   CH57xBLE.LIB(host_output.o)
    0x00005688   0x00005688   0x0000003c   Code   RO         1469    i.HCI_ValidConnTimeParams  CH57xBLE.LIB(host_output.o)
    0x000056c4   0x000056c4   0x00000040   Code   RO         1375    i.HOST_CommandCompleteEvent  CH57xBLE.LIB(host_input.o)
    0x00005704   0x00005704   0x00000030   Code   RO         1376    i.HOST_CommandStatusEvent  CH57xBLE.LIB(host_input.o)
    0x00005734   0x00005734   0x00000028   Code   RO         1377    i.HOST_DataBufferOverflowEvent  CH57xBLE.LIB(host_input.o)
    0x0000575c   0x0000575c   0x00000030   Code   RO         1378    i.HOST_DisconnectionCompleteEvent  CH57xBLE.LIB(host_input.o)
    0x0000578c   0x0000578c   0x00000034   Code   RO         1379    i.HOST_EncryptionChangeEvent  CH57xBLE.LIB(host_input.o)
    0x000057c0   0x000057c0   0x0000002c   Code   RO         1380    i.HOST_EncryptionKeyRefreshCompleteEvent  CH57xBLE.LIB(host_input.o)
    0x000057ec   0x000057ec   0x00000060   Code   RO         1382    i.HOST_LE_AdvPktReportEvent  CH57xBLE.LIB(host_input.o)
    0x0000584c   0x0000584c   0x00000080   Code   RO         1383    i.HOST_LE_ConnectionCompleteEvent  CH57xBLE.LIB(host_input.o)
    0x000058cc   0x000058cc   0x0000003c   Code   RO         1384    i.HOST_LE_ConnectionUpdateCompleteEvent  CH57xBLE.LIB(host_input.o)
    0x00005908   0x00005908   0x0000003c   Code   RO         1385    i.HOST_LE_DataLengthChangeEvent  CH57xBLE.LIB(host_input.o)
    0x00005944   0x00005944   0x0000006c   Code   RO         1386    i.HOST_LE_DirectAdvertisingReportEvent  CH57xBLE.LIB(host_input.o)
    0x000059b0   0x000059b0   0x000000b4   Code   RO         1387    i.HOST_LE_EnhancedConnectionCompleteEvent  CH57xBLE.LIB(host_input.o)
    0x00005a64   0x00005a64   0x0000003c   Code   RO         1389    i.HOST_LE_LongTermKeyRequestEvent  CH57xBLE.LIB(host_input.o)
    0x00005aa0   0x00005aa0   0x0000003c   Code   RO         1391    i.HOST_LE_ReadRemoteUsedFeaturesCompleteEvent  CH57xBLE.LIB(host_input.o)
    0x00005adc   0x00005adc   0x0000003c   Code   RO         1392    i.HOST_LE_RemoteConnectionParameterRequestEvent  CH57xBLE.LIB(host_input.o)
    0x00005b18   0x00005b18   0x00000030   Code   RO         1393    i.HOST_NumberOfCompletedPacketsEvent  CH57xBLE.LIB(host_input.o)
    0x00005b48   0x00005b48   0x00000038   Code   RO         1394    i.HOST_ReadRemoteVersionInfoEvent  CH57xBLE.LIB(host_input.o)
    0x00005b80   0x00005b80   0x00000124   Code   RO         1395    i.HOST_RecvDataPackets  CH57xBLE.LIB(host_input.o)
    0x00005ca4   0x00005ca4   0x0000002e   Code   RO         1396    i.HOST_RemoteConnectionParameterRequestEvent  CH57xBLE.LIB(host_input.o)
    0x00005cd2   0x00005cd2   0x00000002   PAD
    0x00005cd4   0x00005cd4   0x00000018   Code   RO         2035    i.L2CAP_CmdReject   CH57xBLE.LIB(l2cap_sdu.o)
    0x00005cec   0x00005cec   0x0000001c   Code   RO         2036    i.L2CAP_ConnParamUpdateReq  CH57xBLE.LIB(l2cap_sdu.o)
    0x00005d08   0x00005d08   0x00000018   Code   RO         2037    i.L2CAP_ConnParamUpdateRsp  CH57xBLE.LIB(l2cap_sdu.o)
    0x00005d20   0x00005d20   0x00000028   Code   RO         2039    i.L2CAP_DisconnectReq  CH57xBLE.LIB(l2cap_sdu.o)
    0x00005d48   0x00005d48   0x0000000c   Code   RO         1962    i.L2CAP_GetMTU      CH57xBLE.LIB(l2cap.o)
    0x00005d54   0x00005d54   0x00000018   Code   RO         1963    i.L2CAP_HostNumCompletedPkts  CH57xBLE.LIB(l2cap.o)
    0x00005d6c   0x00005d6c   0x000000b0   Code   RO         1964    i.L2CAP_Init        CH57xBLE.LIB(l2cap.o)
    0x00005e1c   0x00005e1c   0x0000003e   Code   RO         1965    i.L2CAP_ParseConnectReq  CH57xBLE.LIB(l2cap.o)
    0x00005e5a   0x00005e5a   0x00000020   Code   RO         1966    i.L2CAP_ParseFlowCtrlCredit  CH57xBLE.LIB(l2cap.o)
    0x00005e7a   0x00005e7a   0x00000034   Code   RO         2695    i.L2CAP_ParseParamUpdateReq  CH57xBLE.LIB(l2cap_input.o)
    0x00005eae   0x00005eae   0x00000002   PAD
    0x00005eb0   0x00005eb0   0x00000090   Code   RO         1968    i.L2CAP_ProcessEvent  CH57xBLE.LIB(l2cap.o)
    0x00005f40   0x00005f40   0x0000002c   Code   RO         1971    i.L2CAP_RegisterApp  CH57xBLE.LIB(l2cap.o)
    0x00005f6c   0x00005f6c   0x0000007c   Code   RO         2723    i.L2CAP_SendData    CH57xBLE.LIB(l2cap_output.o)
    0x00005fe8   0x00005fe8   0x00000010   Code   RO         1973    i.L2CAP_SetBufSize  CH57xBLE.LIB(l2cap.o)
    0x00005ff8   0x00005ff8   0x00000020   Code   RO         1976    i.L2CAP_bm_alloc    CH57xBLE.LIB(l2cap.o)
    0x00006018   0x00006018   0x0000003c   Code   RO          513    i.LLE_DevInit       CH57xBLE.LIB(lle.o)
    0x00006054   0x00006054   0x00000094   Code   RO         2516    i.LL_AddDeviceToResolvingList  CH57xBLE.LIB(ctl_input.o)
    0x000060e8   0x000060e8   0x00000078   Code   RO         2517    i.LL_AddWhiteListDevice  CH57xBLE.LIB(ctl_input.o)
    0x00006160   0x00006160   0x00000084   Code   RO         2764    i.LL_AddrGenerateResolvableAddress  CH57xBLE.LIB(ll_address.o)
    0x000061e4   0x000061e4   0x0000011c   Code   RO         2765    i.LL_AddrInit       CH57xBLE.LIB(ll_address.o)
    0x00006300   0x00006300   0x00000012   Code   RO         1074    i.LL_AdvertiseDirectTimeout  CH57xBLE.LIB(ll_advertise.o)
    0x00006312   0x00006312   0x00000002   PAD
    0x00006314   0x00006314   0x00000038   Code   RO         1077    i.LL_AdvertiseToStandby  CH57xBLE.LIB(ll_advertise.o)
    0x0000634c   0x0000634c   0x00000046   Code   RO         2392    i.LL_ChannelMapReq  CH57xBLE.LIB(ll_pdu.o)
    0x00006392   0x00006392   0x0000000a   Code   RO         2518    i.LL_ClearResolvingList  CH57xBLE.LIB(ctl_input.o)
    0x0000639c   0x0000639c   0x0000004c   Code   RO         2519    i.LL_ClearWhiteList  CH57xBLE.LIB(ctl_input.o)
    0x000063e8   0x000063e8   0x00000100   Code   RO         2520    i.LL_ConnUpdate     CH57xBLE.LIB(ctl_input.o)
    0x000064e8   0x000064e8   0x00000022   Code   RO         1121    i.LL_ConnectFlowcontrolRx  CH57xBLE.LIB(ll_connect.o)
    0x0000650a   0x0000650a   0x00000022   Code   RO         1122    i.LL_ConnectFlowcontrolTx  CH57xBLE.LIB(ll_connect.o)
    0x0000652c   0x0000652c   0x00000084   Code   RO         1123    i.LL_ConnectFreeTmosPrioritID  CH57xBLE.LIB(ll_connect.o)
    0x000065b0   0x000065b0   0x0000002e   Code   RO         1124    i.LL_ConnectRxPktnumIncrease  CH57xBLE.LIB(ll_connect.o)
    0x000065de   0x000065de   0x00000002   PAD
    0x000065e0   0x000065e0   0x00000094   Code   RO         1125    i.LL_ConnectShut    CH57xBLE.LIB(ll_connect.o)
    0x00006674   0x00006674   0x0000007c   Code   RO         1126    i.LL_ConnectToStandby  CH57xBLE.LIB(ll_connect.o)
    0x000066f0   0x000066f0   0x0000003c   Code   RO         1127    i.LL_ConnectTxPktnumIncrease  CH57xBLE.LIB(ll_connect.o)
    0x0000672c   0x0000672c   0x0000006c   Code   RO         2393    i.LL_ConnectionParamReq  CH57xBLE.LIB(ll_pdu.o)
    0x00006798   0x00006798   0x00000080   Code   RO         2395    i.LL_ConnectionUpdateReq  CH57xBLE.LIB(ll_pdu.o)
    0x00006818   0x00006818   0x00000060   Code   RO         2354    i.LL_CoreClose      CH57xBLE.LIB(ll_core.o)
    0x00006878   0x00006878   0x00000020   Code   RO         2355    i.LL_CoreDataListFree  CH57xBLE.LIB(ll_core.o)
    0x00006898   0x00006898   0x00000080   Code   RO         2356    i.LL_CoreDataListInit  CH57xBLE.LIB(ll_core.o)
    0x00006918   0x00006918   0x00000020   Code   RO         2357    i.LL_CoreGetCore    CH57xBLE.LIB(ll_core.o)
    0x00006938   0x00006938   0x00000038   Code   RO         2358    i.LL_CoreGetDataList  CH57xBLE.LIB(ll_core.o)
    0x00006970   0x00006970   0x00000014   Code   RO         2359    i.LL_CoreInit       CH57xBLE.LIB(ll_core.o)
    0x00006984   0x00006984   0x000000a0   Code   RO         2360    i.LL_CoreOpen       CH57xBLE.LIB(ll_core.o)
    0x00006a24   0x00006a24   0x0000013c   Code   RO         2521    i.LL_CreateConn     CH57xBLE.LIB(ctl_input.o)
    0x00006b60   0x00006b60   0x00000020   Code   RO         2522    i.LL_CreateConnCancel  CH57xBLE.LIB(ctl_input.o)
    0x00006b80   0x00006b80   0x00000030   Code   RO         2523    i.LL_Disconnect     CH57xBLE.LIB(ctl_input.o)
    0x00006bb0   0x00006bb0   0x0000006e   Code   RO         2396    i.LL_EncReq         CH57xBLE.LIB(ll_pdu.o)
    0x00006c1e   0x00006c1e   0x000000c2   Code   RO         1024    i.LL_Encrypt        CH57xBLE.LIB(aes.o)
    0x00006ce0   0x00006ce0   0x00000038   Code   RO         2398    i.LL_FeatureReq     CH57xBLE.LIB(ll_pdu.o)
    0x00006d18   0x00006d18   0x00000034   Code   RO         2399    i.LL_FeatureRsp     CH57xBLE.LIB(ll_pdu.o)
    0x00006d4c   0x00006d4c   0x000000c0   Code   RO         1128    i.LL_GetNextConnectEventTime  CH57xBLE.LIB(ll_connect.o)
    0x00006e0c   0x00006e0c   0x0000003a   Code   RO         2460    i.LL_HopAtleastTwoChannels  CH57xBLE.LIB(ll_hop.o)
    0x00006e46   0x00006e46   0x000000b8   Code   RO         2461    i.LL_HopGetChannel  CH57xBLE.LIB(ll_hop.o)
    0x00006efe   0x00006efe   0x00000006   Code   RO         2462    i.LL_HopInit        CH57xBLE.LIB(ll_hop.o)
    0x00006f04   0x00006f04   0x000000cc   Code   RO         2341    i.LL_Init           CH57xBLE.LIB(ll.o)
    0x00006fd0   0x00006fd0   0x00000010   Code   RO         2372    i.LL_InitiateEnable  CH57xBLE.LIB(ll_initiate.o)
    0x00006fe0   0x00006fe0   0x00000044   Code   RO         2374    i.LL_InitiateToStandby  CH57xBLE.LIB(ll_initiate.o)
    0x00007024   0x00007024   0x0000001c   Code   RO         2524    i.LL_LE_ReadBufSize  CH57xBLE.LIB(ctl_input.o)
    0x00007040   0x00007040   0x0000007a   Code   RO         2400    i.LL_LengthReq      CH57xBLE.LIB(ll_pdu.o)
    0x000070ba   0x000070ba   0x00000068   Code   RO         2401    i.LL_LengthRsp      CH57xBLE.LIB(ll_pdu.o)
    0x00007122   0x00007122   0x00000030   Code   RO         2526    i.LL_LtkReqNegReply  CH57xBLE.LIB(ctl_input.o)
    0x00007152   0x00007152   0x00000080   Code   RO         2527    i.LL_LtkReqReply    CH57xBLE.LIB(ctl_input.o)
    0x000071d2   0x000071d2   0x0000001e   Code   RO         2528    i.LL_MD_Disconnect  CH57xBLE.LIB(ctl_input.o)
    0x000071f0   0x000071f0   0x000000f0   Code   RO         1211    i.LL_MasterCreateCore  CH57xBLE.LIB(ll_master.o)
    0x000072e0   0x000072e0   0x0000000c   Code   RO         1212    i.LL_MasterEnalbe   CH57xBLE.LIB(ll_master.o)
    0x000072ec   0x000072ec   0x000000c4   Code   RO         1213    i.LL_MasterSetFirstTimer  CH57xBLE.LIB(ll_master.o)
    0x000073b0   0x000073b0   0x00000028   Code   RO         2402    i.LL_PauseEncReq    CH57xBLE.LIB(ll_pdu.o)
    0x000073d8   0x000073d8   0x0000001c   Code   RO         2403    i.LL_PauseEncRsp    CH57xBLE.LIB(ll_pdu.o)
    0x000073f4   0x000073f4   0x00000026   Code   RO         2404    i.LL_PingReq        CH57xBLE.LIB(ll_pdu.o)
    0x0000741a   0x0000741a   0x00000018   Code   RO         2405    i.LL_PingRsp        CH57xBLE.LIB(ll_pdu.o)
    0x00007432   0x00007432   0x00000002   PAD
    0x00007434   0x00007434   0x00000108   Code   RO         2342    i.LL_ProcessEvent   CH57xBLE.LIB(ll.o)
    0x0000753c   0x0000753c   0x000004a6   Code   RO         2452    i.LL_ProcessTMOSReportMsg  CH57xBLE.LIB(ll_report.o)
    0x000079e2   0x000079e2   0x0000001c   Code   RO         2529    i.LL_Rand           CH57xBLE.LIB(ctl_input.o)
    0x000079fe   0x000079fe   0x00000002   PAD
    0x00007a00   0x00007a00   0x00000020   Code   RO         2532    i.LL_ReadBDAddr     CH57xBLE.LIB(ctl_input.o)
    0x00007a20   0x00007a20   0x00000018   Code   RO         2542    i.LL_ReadRssi       CH57xBLE.LIB(ctl_input.o)
    0x00007a38   0x00007a38   0x00000034   Code   RO         2547    i.LL_ReceiverTest   CH57xBLE.LIB(ctl_input.o)
    0x00007a6c   0x00007a6c   0x00000024   Code   RO         2406    i.LL_RejectInd      CH57xBLE.LIB(ll_pdu.o)
    0x00007a90   0x00007a90   0x00000020   Code   RO         2407    i.LL_RejectIndExt   CH57xBLE.LIB(ll_pdu.o)
    0x00007ab0   0x00007ab0   0x00000030   Code   RO         2548    i.LL_RemoteConnParamReqNegReply  CH57xBLE.LIB(ctl_input.o)
    0x00007ae0   0x00007ae0   0x00000104   Code   RO         2549    i.LL_RemoteConnParamReqReply  CH57xBLE.LIB(ctl_input.o)
    0x00007be4   0x00007be4   0x0000002c   Code   RO         2453    i.LL_ReportGenerateEvent  CH57xBLE.LIB(ll_report.o)
    0x00007c10   0x00007c10   0x000000f0   Code   RO         2484    i.LL_ResolvinglistAdd  CH57xBLE.LIB(ll_resolvinglist.o)
    0x00007d00   0x00007d00   0x00000040   Code   RO         2485    i.LL_ResolvinglistCheckLocalResolution  CH57xBLE.LIB(ll_resolvinglist.o)
    0x00007d40   0x00007d40   0x00000040   Code   RO         2486    i.LL_ResolvinglistCheckPeerResolution  CH57xBLE.LIB(ll_resolvinglist.o)
    0x00007d80   0x00007d80   0x00000030   Code   RO         2487    i.LL_ResolvinglistClearall  CH57xBLE.LIB(ll_resolvinglist.o)
    0x00007db0   0x00007db0   0x00000018   Code   RO         2488    i.LL_ResolvinglistInit  CH57xBLE.LIB(ll_resolvinglist.o)
    0x00007dc8   0x00007dc8   0x0000002c   Code   RO         2489    i.LL_ResolvinglistLocalRpaAddressGetIrk  CH57xBLE.LIB(ll_resolvinglist.o)
    0x00007df4   0x00007df4   0x00000038   Code   RO         2490    i.LL_ResolvinglistPeerIdentifyAddressGetIrk  CH57xBLE.LIB(ll_resolvinglist.o)
    0x00007e2c   0x00007e2c   0x0000002c   Code   RO         2491    i.LL_ResolvinglistPeerRpaAddressGetIrk  CH57xBLE.LIB(ll_resolvinglist.o)
    0x00007e58   0x00007e58   0x000000d4   Code   RO         2408    i.LL_RxConnParamReq  CH57xBLE.LIB(ll_pdu.o)
    0x00007f2c   0x00007f2c   0x000000b0   Code   RO         2409    i.LL_RxConnParamRsp  CH57xBLE.LIB(ll_pdu.o)
    0x00007fdc   0x00007fdc   0x00000040   Code   RO         2410    i.LL_RxLenUpdate    CH57xBLE.LIB(ll_pdu.o)
    0x0000801c   0x0000801c   0x00000020   Code   RO         2411    i.LL_RxVersionExchange  CH57xBLE.LIB(ll_pdu.o)
    0x0000803c   0x0000803c   0x0000002c   Code   RO         1098    i.LL_ScanEnable     CH57xBLE.LIB(ll_scan.o)
    0x00008068   0x00008068   0x0000004c   Code   RO         1100    i.LL_ScanToStandby  CH57xBLE.LIB(ll_scan.o)
    0x000080b4   0x000080b4   0x00000020   Code   RO         2412    i.LL_SendAck        CH57xBLE.LIB(ll_pdu.o)
    0x000080d4   0x000080d4   0x000000b0   Code   RO         2553    i.LL_SendDataPkt    CH57xBLE.LIB(ctl_input.o)
    0x00008184   0x00008184   0x000000a0   Code   RO         2413    i.LL_SendDmaBuf     CH57xBLE.LIB(ll_pdu.o)
    0x00008224   0x00008224   0x0000004c   Code   RO         2554    i.LL_SetAddressResolvableEnable  CH57xBLE.LIB(ctl_input.o)
    0x00008270   0x00008270   0x000000f0   Code   RO         2555    i.LL_SetAdvControl  CH57xBLE.LIB(ctl_input.o)
    0x00008360   0x00008360   0x000000ac   Code   RO         2557    i.LL_SetAdvParam    CH57xBLE.LIB(ctl_input.o)
    0x0000840c   0x0000840c   0x00000068   Code   RO         2559    i.LL_SetDataLength  CH57xBLE.LIB(ctl_input.o)
    0x00008474   0x00008474   0x0000007c   Code   RO         2561    i.LL_SetRandomAddress  CH57xBLE.LIB(ctl_input.o)
    0x000084f0   0x000084f0   0x0000002c   Code   RO         2562    i.LL_SetResolvableAddressTimeout  CH57xBLE.LIB(ctl_input.o)
    0x0000851c   0x0000851c   0x00000084   Code   RO         2563    i.LL_SetScanEnable  CH57xBLE.LIB(ctl_input.o)
    0x000085a0   0x000085a0   0x00000048   Code   RO         2564    i.LL_SetScanParam   CH57xBLE.LIB(ctl_input.o)
    0x000085e8   0x000085e8   0x0000001c   Code   RO         2416    i.LL_StartEncRsp    CH57xBLE.LIB(ll_pdu.o)
    0x00008604   0x00008604   0x0000014e   Code   RO         2568    i.LL_StartEncrypt   CH57xBLE.LIB(ctl_input.o)
    0x00008752   0x00008752   0x0000002c   Code   RO         2417    i.LL_TerminateInd   CH57xBLE.LIB(ll_pdu.o)
    0x0000877e   0x0000877e   0x00000002   PAD
    0x00008780   0x00008780   0x000000e8   Code   RO         2570    i.LL_TransmitterTest  CH57xBLE.LIB(ctl_input.o)
    0x00008868   0x00008868   0x00000022   Code   RO         2418    i.LL_UnknowRsp      CH57xBLE.LIB(ll_pdu.o)
    0x0000888a   0x0000888a   0x00000002   PAD
    0x0000888c   0x0000888c   0x0000003c   Code   RO         2419    i.LL_VersionInd     CH57xBLE.LIB(ll_pdu.o)
    0x000088c8   0x000088c8   0x00000070   Code   RO         2470    i.LL_WhitelistAdd   CH57xBLE.LIB(ll_whitelist.o)
    0x00008938   0x00008938   0x00000024   Code   RO         2471    i.LL_WhitelistClearAll  CH57xBLE.LIB(ll_whitelist.o)
    0x0000895c   0x0000895c   0x00000010   Code   RO         2472    i.LL_WhitelistInit  CH57xBLE.LIB(ll_whitelist.o)
    0x0000896c   0x0000896c   0x00000030   Code   RO         2473    i.LL_WhitelistLookup  CH57xBLE.LIB(ll_whitelist.o)
    0x0000899c   0x0000899c   0x000000cc   Code   RO         1053    i.RFEND_DevInit     CH57xBLE.LIB(rfend.o)
    0x00008a68   0x00008a68   0x000000f4   Code   RO         1055    i.RFEND_RXAdc       CH57xBLE.LIB(rfend.o)
    0x00008b5c   0x00008b5c   0x00000070   Code   RO         1056    i.RFEND_RXFilter    CH57xBLE.LIB(rfend.o)
    0x00008bcc   0x00008bcc   0x00000b7e   Code   RO         1059    i.RFEND_TXCtune     CH57xBLE.LIB(rfend.o)
    0x0000974a   0x0000974a   0x00000002   PAD
    0x0000974c   0x0000974c   0x00000014   Code   RO         1060    i.RFEND_TXFtune     CH57xBLE.LIB(rfend.o)
    0x00009760   0x00009760   0x00000018   Code   RO          506    i.RTC_Get32KClock   CH57xBLE.LIB(tmos_hw.o)
    0x00009778   0x00009778   0x00000074   Code   RO          482    i.RTC_GetTickCount  CH57xBLE.LIB(tmos_hw.o)
    0x000097ec   0x000097ec   0x0000001a   Code   RO          483    i.ReadFlash         CH57xBLE.LIB(tmos_hw.o)
    0x00009806   0x00009806   0x00000042   Code   RO         2111    i.SM_CalcRandomAddr  CH57xBLE.LIB(sm.o)
    0x00009848   0x00009848   0x000000a2   Code   RO         2112    i.SM_GenerateAuthenSig  CH57xBLE.LIB(sm.o)
    0x000098ea   0x000098ea   0x00000002   PAD
    0x000098ec   0x000098ec   0x00000024   Code   RO         2113    i.SM_Init           CH57xBLE.LIB(sm.o)
    0x00009910   0x00009910   0x00000020   Code   RO         2114    i.SM_InitiatorInit  CH57xBLE.LIB(sm.o)
    0x00009930   0x00009930   0x00000048   Code   RO         2116    i.SM_ParamInit      CH57xBLE.LIB(sm.o)
    0x00009978   0x00009978   0x00000084   Code   RO         2117    i.SM_PasskeyUpdate  CH57xBLE.LIB(sm.o)
    0x000099fc   0x000099fc   0x0000007c   Code   RO         2118    i.SM_ProcessEvent   CH57xBLE.LIB(sm.o)
    0x00009a78   0x00009a78   0x0000004c   Code   RO         2119    i.SM_ResolveRandomAddrs  CH57xBLE.LIB(sm.o)
    0x00009ac4   0x00009ac4   0x00000020   Code   RO         2120    i.SM_ResponderInit  CH57xBLE.LIB(sm.o)
    0x00009ae4   0x00009ae4   0x00000072   Code   RO         2121    i.SM_StartEncryption  CH57xBLE.LIB(sm.o)
    0x00009b56   0x00009b56   0x00000096   Code   RO         2122    i.SM_StartPairing   CH57xBLE.LIB(sm.o)
    0x00009bec   0x00009bec   0x000000f0   Code   RO         2123    i.SM_VerifyAuthenSig  CH57xBLE.LIB(sm.o)
    0x00009cdc   0x00009cdc   0x0000006c   Code   RO          399    i.TMOS_CbTimerProcessEvent  CH57xBLE.LIB(tmos.o)
    0x00009d48   0x00009d48   0x00000090   Code   RO          401    i.TMOS_Init         CH57xBLE.LIB(tmos.o)
    0x00009dd8   0x00009dd8   0x0000002c   Code   RO          402    i.TMOS_ProcessEventRegister  CH57xBLE.LIB(tmos.o)
    0x00009e04   0x00009e04   0x00000010   Code   RO          404    i.TMOS_ProcessRegister  CH57xBLE.LIB(tmos.o)
    0x00009e14   0x00009e14   0x0000022c   Code   RO          405    i.TMOS_SystemProcess  CH57xBLE.LIB(tmos.o)
    0x0000a040   0x0000a040   0x00000038   Code   RO          484    i.TMOS_TimerInit    CH57xBLE.LIB(tmos_hw.o)
    0x0000a078   0x0000a078   0x00000018   Code   RO          406    i.TMOS_TimerRegister  CH57xBLE.LIB(tmos.o)
    0x0000a090   0x0000a090   0x0000005c   Code   RO          485    i.WtireFlash        CH57xBLE.LIB(tmos_hw.o)
    0x0000a0ec   0x0000a0ec   0x00000020   Code   RO         2921    i.__0printf$5       mc_p.l(printf5.o)
    0x0000a10c   0x0000a10c   0x00000030   Code   RO          508    i.__ARM_common_ll_muluu  CH57xBLE.LIB(tmos_hw.o)
    0x0000a13c   0x0000a13c   0x0000001a   Code   RO          176    i.__ARM_common_switch8  ch57x_clk.o
    0x0000a156   0x0000a156   0x0000000e   Code   RO         3091    i.__scatterload_copy  mc_p.l(handlers.o)
    0x0000a164   0x0000a164   0x00000002   Code   RO         3092    i.__scatterload_null  mc_p.l(handlers.o)
    0x0000a166   0x0000a166   0x0000000e   Code   RO         3093    i.__scatterload_zeroinit  mc_p.l(handlers.o)
    0x0000a174   0x0000a174   0x000002dc   Code   RO         2928    i._printf_core      mc_p.l(printf5.o)
    0x0000a450   0x0000a450   0x00000088   Code   RO         1533    i.attSendMsg        CH57xBLE.LIB(att.o)
    0x0000a4d8   0x0000a4d8   0x00000038   Code   RO         1534    i.attSendRspMsg     CH57xBLE.LIB(att.o)
    0x0000a510   0x0000a510   0x00000050   Code   RO          542    i.ble_ll_chkcrc     CH57xBLE.LIB(ip.o)
    0x0000a560   0x0000a560   0x0000001e   Code   RO          486    i.ble_ll_common_rand16  CH57xBLE.LIB(tmos_hw.o)
    0x0000a57e   0x0000a57e   0x0000001c   Code   RO          487    i.ble_ll_common_rand32  CH57xBLE.LIB(tmos_hw.o)
    0x0000a59a   0x0000a59a   0x0000001e   Code   RO          488    i.ble_ll_common_rand8  CH57xBLE.LIB(tmos_hw.o)
    0x0000a5b8   0x0000a5b8   0x000000f0   Code   RO          543    i.ble_ll_hw_api_rx  CH57xBLE.LIB(ip.o)
    0x0000a6a8   0x0000a6a8   0x0000006c   Code   RO          544    i.ble_ll_hw_api_rx_test  CH57xBLE.LIB(ip.o)
    0x0000a714   0x0000a714   0x00000060   Code   RO          545    i.ble_ll_hw_api_shut  CH57xBLE.LIB(ip.o)
    0x0000a774   0x0000a774   0x00000228   Code   RO          546    i.ble_ll_hw_api_tx  CH57xBLE.LIB(ip.o)
    0x0000a99c   0x0000a99c   0x00000084   Code   RO          547    i.ble_ll_hw_api_tx_set_len  CH57xBLE.LIB(ip.o)
    0x0000aa20   0x0000aa20   0x000001ac   Code   RO          548    i.ble_ll_hw_api_tx_test  CH57xBLE.LIB(ip.o)
    0x0000abcc   0x0000abcc   0x00000014   Code   RO          489    i.ble_ll_set_connect_event  CH57xBLE.LIB(tmos_hw.o)
    0x0000abe0   0x0000abe0   0x0000005c   Code   RO          490    i.ble_timeout_process  CH57xBLE.LIB(tmos_hw.o)
    0x0000ac3c   0x0000ac3c   0x0000001a   Code   RO          613    i.disconnectNext    CH57xBLE.LIB(gap.o)
    0x0000ac56   0x0000ac56   0x00000038   Code   RO          614    i.gapAddAddrAdj     CH57xBLE.LIB(gap.o)
    0x0000ac8e   0x0000ac8e   0x00000002   PAD
    0x0000ac90   0x0000ac90   0x0000001c   Code   RO          869    i.gapBondFreeAuthEvt  CH57xBLE.LIB(gapbondmgr.o)
    0x0000acac   0x0000acac   0x0000013c   Code   RO          870    i.gapBondMgrAddBond  CH57xBLE.LIB(gapbondmgr.o)
    0x0000ade8   0x0000ade8   0x0000018c   Code   RO          871    i.gapBondMgrAuthenticate  CH57xBLE.LIB(gapbondmgr.o)
    0x0000af74   0x0000af74   0x0000004e   Code   RO          872    i.gapBondMgrBondReq  CH57xBLE.LIB(gapbondmgr.o)
    0x0000afc2   0x0000afc2   0x00000002   PAD
    0x0000afc4   0x0000afc4   0x00000034   Code   RO          873    i.gapBondMgrBondTotal  CH57xBLE.LIB(gapbondmgr.o)
    0x0000aff8   0x0000aff8   0x00000064   Code   RO          874    i.gapBondMgrChangeState  CH57xBLE.LIB(gapbondmgr.o)
    0x0000b05c   0x0000b05c   0x00000024   Code   RO          875    i.gapBondMgrEraseAllBondings  CH57xBLE.LIB(gapbondmgr.o)
    0x0000b080   0x0000b080   0x000000e8   Code   RO          876    i.gapBondMgrEraseBonding  CH57xBLE.LIB(gapbondmgr.o)
    0x0000b168   0x0000b168   0x00000034   Code   RO          877    i.gapBondMgrFindAddr  CH57xBLE.LIB(gapbondmgr.o)
    0x0000b19c   0x0000b19c   0x0000001c   Code   RO          878    i.gapBondMgrFindCharCfgItem  CH57xBLE.LIB(gapbondmgr.o)
    0x0000b1b8   0x0000b1b8   0x00000040   Code   RO          879    i.gapBondMgrGetPublicAddr  CH57xBLE.LIB(gapbondmgr.o)
    0x0000b1f8   0x0000b1f8   0x00000024   Code   RO          880    i.gapBondMgrGetStateFlags  CH57xBLE.LIB(gapbondmgr.o)
    0x0000b21c   0x0000b21c   0x0000001c   Code   RO          881    i.gapBondMgrInvertCharCfgItem  CH57xBLE.LIB(gapbondmgr.o)
    0x0000b238   0x0000b238   0x00000084   Code   RO          882    i.gapBondMgrReadBonds  CH57xBLE.LIB(gapbondmgr.o)
    0x0000b2bc   0x0000b2bc   0x00000014   Code   RO          883    i.gapBondMgrSendServiceChange  CH57xBLE.LIB(gapbondmgr.o)
    0x0000b2d0   0x0000b2d0   0x000000b4   Code   RO          884    i.gapBondMgrUpdateCharCfg  CH57xBLE.LIB(gapbondmgr.o)
    0x0000b384   0x0000b384   0x00000064   Code   RO          885    i.gapBondMgr_ProcessTMOSMsg  CH57xBLE.LIB(gapbondmgr.o)
    0x0000b3e8   0x0000b3e8   0x00000080   Code   RO          886    i.gapBondMgr_SyncCharCfg  CH57xBLE.LIB(gapbondmgr.o)
    0x0000b468   0x0000b468   0x00000070   Code   RO          887    i.gapBondMgr_SyncResolveList  CH57xBLE.LIB(gapbondmgr.o)
    0x0000b4d8   0x0000b4d8   0x00000038   Code   RO          888    i.gapBondMgr_SyncWhiteList  CH57xBLE.LIB(gapbondmgr.o)
    0x0000b510   0x0000b510   0x00000038   Code   RO          889    i.gapBondPairStateCB  CH57xBLE.LIB(gapbondmgr.o)
    0x0000b548   0x0000b548   0x00000064   Code   RO          890    i.gapBondPasscodeCB  CH57xBLE.LIB(gapbondmgr.o)
    0x0000b5ac   0x0000b5ac   0x00000020   Code   RO          891    i.gapBondSetupPrivFlag  CH57xBLE.LIB(gapbondmgr.o)
    0x0000b5cc   0x0000b5cc   0x00000038   Code   RO         1706    i.gapCancelLinkReq  CH57xBLE.LIB(gap_central.o)
    0x0000b604   0x0000b604   0x000000e8   Code   RO         1707    i.gapCentProcessConnEvt  CH57xBLE.LIB(gap_central.o)
    0x0000b6ec   0x0000b6ec   0x00000030   Code   RO         1708    i.gapCentProcessHCICmdEvt  CH57xBLE.LIB(gap_central.o)
    0x0000b71c   0x0000b71c   0x00000094   Code   RO          945    i.gapCentralRole_ProcessGAPMsg  CH57xBLE.LIB(central.o)
    0x0000b7b0   0x0000b7b0   0x00000084   Code   RO          946    i.gapCentralRole_ProcessTMOSMsg  CH57xBLE.LIB(central.o)
    0x0000b834   0x0000b834   0x00000026   Code   RO          615    i.gapDetermineAddrType  CH57xBLE.LIB(gap.o)
    0x0000b85a   0x0000b85a   0x00000046   Code   RO          616    i.gapFindADType     CH57xBLE.LIB(gap.o)
    0x0000b8a0   0x0000b8a0   0x00000018   Code   RO         1747    i.gapFreeAdvertState  CH57xBLE.LIB(gap_peripheral.o)
    0x0000b8b8   0x0000b8b8   0x00000034   Code   RO          617    i.gapFreeAuthLink   CH57xBLE.LIB(gap.o)
    0x0000b8ec   0x0000b8ec   0x00000018   Code   RO          618    i.gapFreeEstLink    CH57xBLE.LIB(gap.o)
    0x0000b904   0x0000b904   0x00000080   Code   RO         1709    i.gapFreeScanRecs   CH57xBLE.LIB(gap_central.o)
    0x0000b984   0x0000b984   0x00000020   Code   RO          619    i.gapGetDevAddress  CH57xBLE.LIB(gap.o)
    0x0000b9a4   0x0000b9a4   0x0000000c   Code   RO          620    i.gapGetDevAddressMode  CH57xBLE.LIB(gap.o)
    0x0000b9b0   0x0000b9b0   0x0000000c   Code   RO          621    i.gapGetIRK         CH57xBLE.LIB(gap.o)
    0x0000b9bc   0x0000b9bc   0x0000000c   Code   RO          622    i.gapGetSRK         CH57xBLE.LIB(gap.o)
    0x0000b9c8   0x0000b9c8   0x0000000c   Code   RO          623    i.gapGetSignCounter  CH57xBLE.LIB(gap.o)
    0x0000b9d4   0x0000b9d4   0x00000020   Code   RO          624    i.gapIncSignCounter  CH57xBLE.LIB(gap.o)
    0x0000b9f4   0x0000b9f4   0x0000002c   Code   RO          625    i.gapL2capConnParamUpdateReq  CH57xBLE.LIB(gap.o)
    0x0000ba20   0x0000ba20   0x0000010e   Code   RO          626    i.gapPairingCompleteCB  CH57xBLE.LIB(gap.o)
    0x0000bb2e   0x0000bb2e   0x00000066   Code   RO          627    i.gapPasskeyNeededCB  CH57xBLE.LIB(gap.o)
    0x0000bb94   0x0000bb94   0x00000090   Code   RO         1748    i.gapPeriProcessConnEvt  CH57xBLE.LIB(gap_peripheral.o)
    0x0000bc24   0x0000bc24   0x00000090   Code   RO         1749    i.gapPeriProcessHCICmdCompleteEvt  CH57xBLE.LIB(gap_peripheral.o)
    0x0000bcb4   0x0000bcb4   0x00000088   Code   RO         1750    i.gapProcessAdvertisingEvt  CH57xBLE.LIB(gap_peripheral.o)
    0x0000bd3c   0x0000bd3c   0x00000040   Code   RO          628    i.gapProcessConnEvt  CH57xBLE.LIB(gap.o)
    0x0000bd7c   0x0000bd7c   0x000000cc   Code   RO          629    i.gapProcessConnectionCompleteEvt  CH57xBLE.LIB(gap.o)
    0x0000be48   0x0000be48   0x00000074   Code   RO          630    i.gapProcessDisconnectCompleteEvt  CH57xBLE.LIB(gap.o)
    0x0000bebc   0x0000bebc   0x000000cc   Code   RO          631    i.gapProcessEnhancedConnectionCompleteEvt  CH57xBLE.LIB(gap.o)
    0x0000bf88   0x0000bf88   0x00000030   Code   RO          632    i.gapProcessNewAddr  CH57xBLE.LIB(gap.o)
    0x0000bfb8   0x0000bfb8   0x0000006c   Code   RO          633    i.gapProcessRandomAddrComplete  CH57xBLE.LIB(gap.o)
    0x0000c024   0x0000c024   0x00000060   Code   RO          634    i.gapProcessRemoteConnParamReqEvt  CH57xBLE.LIB(gap.o)
    0x0000c084   0x0000c084   0x000000a4   Code   RO         1710    i.gapProcessScanningDirectEvt  CH57xBLE.LIB(gap_central.o)
    0x0000c128   0x0000c128   0x0000028c   Code   RO         1711    i.gapProcessScanningEvt  CH57xBLE.LIB(gap_central.o)
    0x0000c3b4   0x0000c3b4   0x000001f4   Code   RO          635    i.gapProcessTMOSMsg  CH57xBLE.LIB(gap.o)
    0x0000c5a8   0x0000c5a8   0x0000000c   Code   RO          636    i.gapRegisterCentral  CH57xBLE.LIB(gap.o)
    0x0000c5b4   0x0000c5b4   0x0000000c   Code   RO          637    i.gapRegisterCentralConn  CH57xBLE.LIB(gap.o)
    0x0000c5c0   0x0000c5c0   0x0000000c   Code   RO          638    i.gapRegisterPeripheral  CH57xBLE.LIB(gap.o)
    0x0000c5cc   0x0000c5cc   0x0000000c   Code   RO          639    i.gapRegisterPeripheralConn  CH57xBLE.LIB(gap.o)
    0x0000c5d8   0x0000c5d8   0x00000046   Code   RO          640    i.gapSendBondCompleteEvent  CH57xBLE.LIB(gap.o)
    0x0000c61e   0x0000c61e   0x00000002   PAD
    0x0000c620   0x0000c620   0x000000d0   Code   RO         1712    i.gapSendDevDiscEvent  CH57xBLE.LIB(gap_central.o)
    0x0000c6f0   0x0000c6f0   0x00000044   Code   RO          641    i.gapSendDeviceInitDoneEvent  CH57xBLE.LIB(gap.o)
    0x0000c734   0x0000c734   0x0000005e   Code   RO          642    i.gapSendEstLinkEvent  CH57xBLE.LIB(gap.o)
    0x0000c792   0x0000c792   0x00000002   PAD
    0x0000c794   0x0000c794   0x0000004c   Code   RO          643    i.gapSendLinkUpdateEvent  CH57xBLE.LIB(gap.o)
    0x0000c7e0   0x0000c7e0   0x00000038   Code   RO         1751    i.gapSendMakeDiscEvent  CH57xBLE.LIB(gap_peripheral.o)
    0x0000c818   0x0000c818   0x0000005c   Code   RO          644    i.gapSendPairingReqEvent  CH57xBLE.LIB(gap.o)
    0x0000c874   0x0000c874   0x0000001c   Code   RO         1713    i.gapSendScanEnable  CH57xBLE.LIB(gap_central.o)
    0x0000c890   0x0000c890   0x0000003a   Code   RO          645    i.gapSendSlaveSecurityReqEvent  CH57xBLE.LIB(gap.o)
    0x0000c8ca   0x0000c8ca   0x00000002   PAD
    0x0000c8cc   0x0000c8cc   0x00000080   Code   RO         1752    i.gapSetAdvParams   CH57xBLE.LIB(gap_peripheral.o)
    0x0000c94c   0x0000c94c   0x00000048   Code   RO         1714    i.gapSetScanParamStatus  CH57xBLE.LIB(gap_central.o)
    0x0000c994   0x0000c994   0x0000004e   Code   RO          646    i.gapUpdateConnSignCounter  CH57xBLE.LIB(gap.o)
    0x0000c9e2   0x0000c9e2   0x00000014   Code   RO          647    i.gapValidADType    CH57xBLE.LIB(gap.o)
    0x0000c9f6   0x0000c9f6   0x00000002   PAD
    0x0000c9f8   0x0000c9f8   0x000000d4   Code   RO         1753    i.gapWriteAdvEnableStatus  CH57xBLE.LIB(gap_peripheral.o)
    0x0000cacc   0x0000cacc   0x00000080   Code   RO          817    i.gattClientHandleConnStatusCB  CH57xBLE.LIB(gattclientapp.o)
    0x0000cb4c   0x0000cb4c   0x0000003a   Code   RO          818    i.gattClientHandleTimerCB  CH57xBLE.LIB(gattclientapp.o)
    0x0000cb86   0x0000cb86   0x0000001c   Code   RO          819    i.gattClientNotifyTxCB  CH57xBLE.LIB(gattclientapp.o)
    0x0000cba2   0x0000cba2   0x00000002   PAD
    0x0000cba4   0x0000cba4   0x0000015c   Code   RO          820    i.gattClientProcessMsgCB  CH57xBLE.LIB(gattclientapp.o)
    0x0000cd00   0x0000cd00   0x00000060   Code   RO          746    i.gattFindByTypeValue  CH57xBLE.LIB(gatt.o)
    0x0000cd60   0x0000cd60   0x00000034   Code   RO          821    i.gattFindClientInfo  CH57xBLE.LIB(gattclientapp.o)
    0x0000cd94   0x0000cd94   0x00000024   Code   RO         1844    i.gattFindServerInfo  CH57xBLE.LIB(gattservapp.o)
    0x0000cdb8   0x0000cdb8   0x00000020   Code   RO         1845    i.gattFindService   CH57xBLE.LIB(gattservapp.o)
    0x0000cdd8   0x0000cdd8   0x0000002c   Code   RO          822    i.gattGetClientStatus  CH57xBLE.LIB(gattclientapp.o)
    0x0000ce04   0x0000ce04   0x00000068   Code   RO          747    i.gattGetPayload    CH57xBLE.LIB(gatt.o)
    0x0000ce6c   0x0000ce6c   0x0000002c   Code   RO         1846    i.gattGetServerStatus  CH57xBLE.LIB(gattservapp.o)
    0x0000ce98   0x0000ce98   0x0000005a   Code   RO          748    i.gattNotifyEvent   CH57xBLE.LIB(gatt.o)
    0x0000cef2   0x0000cef2   0x00000050   Code   RO          749    i.gattPrepareWriteReq  CH57xBLE.LIB(gatt.o)
    0x0000cf42   0x0000cf42   0x00000004   Code   RO         1847    i.gattProcessExchangeMTUReq  CH57xBLE.LIB(gattservapp.o)
    0x0000cf46   0x0000cf46   0x00000004   Code   RO         1848    i.gattProcessExecuteWriteReq  CH57xBLE.LIB(gattservapp.o)
    0x0000cf4a   0x0000cf4a   0x00000002   PAD
    0x0000cf4c   0x0000cf4c   0x0000005c   Code   RO          823    i.gattProcessFindByTypeValue  CH57xBLE.LIB(gattclientapp.o)
    0x0000cfa8   0x0000cfa8   0x0000002c   Code   RO         1849    i.gattProcessFindByTypeValueReq  CH57xBLE.LIB(gattservapp.o)
    0x0000cfd4   0x0000cfd4   0x0000006c   Code   RO          824    i.gattProcessFindInfo  CH57xBLE.LIB(gattclientapp.o)
    0x0000d040   0x0000d040   0x00000124   Code   RO         1850    i.gattProcessFindInfoReq  CH57xBLE.LIB(gattservapp.o)
    0x0000d164   0x0000d164   0x00000108   Code   RO          825    i.gattProcessMultiReqs  CH57xBLE.LIB(gattclientapp.o)
    0x0000d26c   0x0000d26c   0x00000026   Code   RO         1851    i.gattProcessPrepareWriteReq  CH57xBLE.LIB(gattservapp.o)
    0x0000d292   0x0000d292   0x00000002   PAD
    0x0000d294   0x0000d294   0x0000006c   Code   RO          826    i.gattProcessReadByGrpType  CH57xBLE.LIB(gattclientapp.o)
    0x0000d300   0x0000d300   0x00000048   Code   RO         1852    i.gattProcessReadByGrpTypeReq  CH57xBLE.LIB(gattservapp.o)
    0x0000d348   0x0000d348   0x00000164   Code   RO          827    i.gattProcessReadByType  CH57xBLE.LIB(gattclientapp.o)
    0x0000d4ac   0x0000d4ac   0x0000002c   Code   RO         1853    i.gattProcessReadByTypeReq  CH57xBLE.LIB(gattservapp.o)
    0x0000d4d8   0x0000d4d8   0x00000058   Code   RO          828    i.gattProcessReadLong  CH57xBLE.LIB(gattclientapp.o)
    0x0000d530   0x0000d530   0x00000066   Code   RO         1854    i.gattProcessReadMultiReq  CH57xBLE.LIB(gattservapp.o)
    0x0000d596   0x0000d596   0x00000022   Code   RO         1855    i.gattProcessReadReq  CH57xBLE.LIB(gattservapp.o)
    0x0000d5b8   0x0000d5b8   0x000000a8   Code   RO          750    i.gattProcessReliableWrites  CH57xBLE.LIB(gatt.o)
    0x0000d660   0x0000d660   0x00000088   Code   RO          751    i.gattProcessWriteLong  CH57xBLE.LIB(gatt.o)
    0x0000d6e8   0x0000d6e8   0x00000026   Code   RO         1856    i.gattProcessWriteReq  CH57xBLE.LIB(gattservapp.o)
    0x0000d70e   0x0000d70e   0x00000002   PAD
    0x0000d710   0x0000d710   0x00000034   Code   RO          752    i.gattRead          CH57xBLE.LIB(gatt.o)
    0x0000d744   0x0000d744   0x00000068   Code   RO          753    i.gattReadByType    CH57xBLE.LIB(gatt.o)
    0x0000d7ac   0x0000d7ac   0x0000000c   Code   RO          755    i.gattRegisterClient  CH57xBLE.LIB(gatt.o)
    0x0000d7b8   0x0000d7b8   0x0000000c   Code   RO          756    i.gattRegisterServer  CH57xBLE.LIB(gatt.o)
    0x0000d7c4   0x0000d7c4   0x0000006a   Code   RO          829    i.gattResetClientInfo  CH57xBLE.LIB(gattclientapp.o)
    0x0000d82e   0x0000d82e   0x00000010   Code   RO         1857    i.gattResetServerInfo  CH57xBLE.LIB(gattservapp.o)
    0x0000d83e   0x0000d83e   0x00000002   PAD
    0x0000d840   0x0000d840   0x0000003c   Code   RO          757    i.gattSendFlowCtrlEvt  CH57xBLE.LIB(gatt.o)
    0x0000d87c   0x0000d87c   0x0000003c   Code   RO         1858    i.gattServApp_ClearPrepareWriteQ  CH57xBLE.LIB(gattservapp.o)
    0x0000d8b8   0x0000d8b8   0x0000000e   Code   RO         1859    i.gattServApp_FindAuthorizeAttrCB  CH57xBLE.LIB(gattservapp.o)
    0x0000d8c6   0x0000d8c6   0x0000001a   Code   RO         1860    i.gattServApp_FindCharCfgItem  CH57xBLE.LIB(gattservapp.o)
    0x0000d8e0   0x0000d8e0   0x00000024   Code   RO         1861    i.gattServApp_FindPrepareWriteQ  CH57xBLE.LIB(gattservapp.o)
    0x0000d904   0x0000d904   0x00000020   Code   RO         1862    i.gattServApp_FindServiceCBs  CH57xBLE.LIB(gattservapp.o)
    0x0000d924   0x0000d924   0x0000005c   Code   RO         1863    i.gattServApp_HandleConnStatusCB  CH57xBLE.LIB(gattservapp.o)
    0x0000d980   0x0000d980   0x000000bc   Code   RO         1864    i.gattServApp_IsWriteLong  CH57xBLE.LIB(gattservapp.o)
    0x0000da3c   0x0000da3c   0x000000dc   Code   RO         1865    i.gattServApp_ProcessExecuteWriteReq  CH57xBLE.LIB(gattservapp.o)
    0x0000db18   0x0000db18   0x0000013c   Code   RO         1866    i.gattServApp_ProcessFindByTypeValueReq  CH57xBLE.LIB(gattservapp.o)
    0x0000dc54   0x0000dc54   0x00000254   Code   RO         1867    i.gattServApp_ProcessMsg  CH57xBLE.LIB(gattservapp.o)
    0x0000dea8   0x0000dea8   0x000000e0   Code   RO         1868    i.gattServApp_ProcessPrepareWriteReq  CH57xBLE.LIB(gattservapp.o)
    0x0000df88   0x0000df88   0x00000194   Code   RO         1869    i.gattServApp_ProcessReadByGrpTypeReq  CH57xBLE.LIB(gattservapp.o)
    0x0000e11c   0x0000e11c   0x00000140   Code   RO         1870    i.gattServApp_ProcessReadByTypeReq  CH57xBLE.LIB(gattservapp.o)
    0x0000e25c   0x0000e25c   0x00000110   Code   RO         1871    i.gattServApp_ProcessReadMultiReq  CH57xBLE.LIB(gattservapp.o)
    0x0000e36c   0x0000e36c   0x00000090   Code   RO         1872    i.gattServApp_ProcessWriteReq  CH57xBLE.LIB(gattservapp.o)
    0x0000e3fc   0x0000e3fc   0x00000030   Code   RO         1875    i.gattServApp_WriteAttrCB  CH57xBLE.LIB(gattservapp.o)
    0x0000e42c   0x0000e42c   0x00000080   Code   RO         1876    i.gattServerHandleConnStatusCB  CH57xBLE.LIB(gattservapp.o)
    0x0000e4ac   0x0000e4ac   0x0000002a   Code   RO         1877    i.gattServerHandleTimerCB  CH57xBLE.LIB(gattservapp.o)
    0x0000e4d6   0x0000e4d6   0x0000001c   Code   RO         1878    i.gattServerNotifyTxCB  CH57xBLE.LIB(gattservapp.o)
    0x0000e4f2   0x0000e4f2   0x00000002   PAD
    0x0000e4f4   0x0000e4f4   0x00000150   Code   RO         1879    i.gattServerProcessMsgCB  CH57xBLE.LIB(gattservapp.o)
    0x0000e644   0x0000e644   0x00000016   Code   RO         1880    i.gattServiceLastHandle  CH57xBLE.LIB(gattservapp.o)
    0x0000e65a   0x0000e65a   0x0000000e   Code   RO          758    i.gattStartTimer    CH57xBLE.LIB(gatt.o)
    0x0000e668   0x0000e668   0x0000001a   Code   RO          759    i.gattStopTimer     CH57xBLE.LIB(gatt.o)
    0x0000e682   0x0000e682   0x00000002   PAD
    0x0000e684   0x0000e684   0x00000040   Code   RO          830    i.gattStoreClientInfo  CH57xBLE.LIB(gattclientapp.o)
    0x0000e6c4   0x0000e6c4   0x00000048   Code   RO          760    i.gattWrite         CH57xBLE.LIB(gatt.o)
    0x0000e70c   0x0000e70c   0x0000009c   Code   RO         2124    i.generate_subkey   CH57xBLE.LIB(sm.o)
    0x0000e7a8   0x0000e7a8   0x000000d8   Code   RO         1787    i.ggs_ReadAttrCB    CH57xBLE.LIB(gapgattserver.o)
    0x0000e880   0x0000e880   0x0000006e   Code   RO         1788    i.ggs_SetAttrWPermit  CH57xBLE.LIB(gapgattserver.o)
    0x0000e8ee   0x0000e8ee   0x00000002   PAD
    0x0000e8f0   0x0000e8f0   0x00000110   Code   RO         1789    i.ggs_WriteAttrCB   CH57xBLE.LIB(gapgattserver.o)
    0x0000ea00   0x0000ea00   0x000000a8   Code   RO         1977    i.l2capAllocConnChannel  CH57xBLE.LIB(l2cap.o)
    0x0000eaa8   0x0000eaa8   0x00000040   Code   RO         2040    i.l2capBuildCmdReject  CH57xBLE.LIB(l2cap_sdu.o)
    0x0000eae8   0x0000eae8   0x00000036   Code   RO         2041    i.l2capBuildConnectRsp  CH57xBLE.LIB(l2cap_sdu.o)
    0x0000eb1e   0x0000eb1e   0x00000018   Code   RO         2042    i.l2capBuildDisconnectReq  CH57xBLE.LIB(l2cap_sdu.o)
    0x0000eb36   0x0000eb36   0x00000018   Code   RO         2043    i.l2capBuildDisconnectRsp  CH57xBLE.LIB(l2cap_sdu.o)
    0x0000eb4e   0x0000eb4e   0x0000002c   Code   RO         2044    i.l2capBuildParamUpdateReq  CH57xBLE.LIB(l2cap_sdu.o)
    0x0000eb7a   0x0000eb7a   0x0000000e   Code   RO         2045    i.l2capBuildParamUpdateRsp  CH57xBLE.LIB(l2cap_sdu.o)
    0x0000eb88   0x0000eb88   0x00000098   Code   RO         1979    i.l2capDisconnectAllChannels  CH57xBLE.LIB(l2cap.o)
    0x0000ec20   0x0000ec20   0x0000001e   Code   RO         1980    i.l2capDisconnectChannel  CH57xBLE.LIB(l2cap.o)
    0x0000ec3e   0x0000ec3e   0x00000002   PAD
    0x0000ec40   0x0000ec40   0x000000b4   Code   RO         2725    i.l2capEncapSendData  CH57xBLE.LIB(l2cap_output.o)
    0x0000ecf4   0x0000ecf4   0x0000002c   Code   RO         1981    i.l2capFindLocalCID  CH57xBLE.LIB(l2cap.o)
    0x0000ed20   0x0000ed20   0x00000030   Code   RO         1982    i.l2capFindLocalId  CH57xBLE.LIB(l2cap.o)
    0x0000ed50   0x0000ed50   0x00000030   Code   RO         1983    i.l2capFindPsm      CH57xBLE.LIB(l2cap.o)
    0x0000ed80   0x0000ed80   0x0000003c   Code   RO         1984    i.l2capFindRemoteCID  CH57xBLE.LIB(l2cap.o)
    0x0000edbc   0x0000edbc   0x00000034   Code   RO         1985    i.l2capFreeChannel  CH57xBLE.LIB(l2cap.o)
    0x0000edf0   0x0000edf0   0x00000030   Code   RO         1986    i.l2capFreePendingPkt  CH57xBLE.LIB(l2cap.o)
    0x0000ee20   0x0000ee20   0x00000074   Code   RO         2726    i.l2capFreeTxSDU    CH57xBLE.LIB(l2cap_output.o)
    0x0000ee94   0x0000ee94   0x00000058   Code   RO         1987    i.l2capGetCoChannelInfo  CH57xBLE.LIB(l2cap.o)
    0x0000eeec   0x0000eeec   0x0000002c   Code   RO         1988    i.l2capHandleConnStatusCB  CH57xBLE.LIB(l2cap.o)
    0x0000ef18   0x0000ef18   0x0000000a   Code   RO         1989    i.l2capHandleRxError  CH57xBLE.LIB(l2cap.o)
    0x0000ef22   0x0000ef22   0x0000001c   Code   RO         1990    i.l2capHandleTimerCB  CH57xBLE.LIB(l2cap.o)
    0x0000ef3e   0x0000ef3e   0x00000054   Code   RO         2727    i.l2capNotifyChannelEstEvt  CH57xBLE.LIB(l2cap_output.o)
    0x0000ef92   0x0000ef92   0x0000003a   Code   RO         2728    i.l2capNotifyChannelTermEvt  CH57xBLE.LIB(l2cap_output.o)
    0x0000efcc   0x0000efcc   0x00000080   Code   RO         2729    i.l2capNotifyCreditEvt  CH57xBLE.LIB(l2cap_output.o)
    0x0000f04c   0x0000f04c   0x00000046   Code   RO         2730    i.l2capNotifyData   CH57xBLE.LIB(l2cap_output.o)
    0x0000f092   0x0000f092   0x0000004e   Code   RO         2731    i.l2capNotifyEvent  CH57xBLE.LIB(l2cap_output.o)
    0x0000f0e0   0x0000f0e0   0x0000004e   Code   RO         2732    i.l2capNotifySignal  CH57xBLE.LIB(l2cap_output.o)
    0x0000f12e   0x0000f12e   0x00000002   PAD
    0x0000f130   0x0000f130   0x00000040   Code   RO         1991    i.l2capNumActiveChannnels  CH57xBLE.LIB(l2cap.o)
    0x0000f170   0x0000f170   0x00000040   Code   RO         2696    i.l2capParseCmdReject  CH57xBLE.LIB(l2cap_input.o)
    0x0000f1b0   0x0000f1b0   0x0000003e   Code   RO         2697    i.l2capParseConnectRsp  CH57xBLE.LIB(l2cap_input.o)
    0x0000f1ee   0x0000f1ee   0x00000020   Code   RO         2698    i.l2capParseDisconnectReq  CH57xBLE.LIB(l2cap_input.o)
    0x0000f20e   0x0000f20e   0x00000020   Code   RO         2699    i.l2capParseDisconnectRsp  CH57xBLE.LIB(l2cap_input.o)
    0x0000f22e   0x0000f22e   0x00000060   Code   RO         2700    i.l2capParsePacket  CH57xBLE.LIB(l2cap_input.o)
    0x0000f28e   0x0000f28e   0x00000016   Code   RO         2701    i.l2capParseParamUpdateRsp  CH57xBLE.LIB(l2cap_input.o)
    0x0000f2a4   0x0000f2a4   0x00000014   Code   RO         2702    i.l2capParseSignalHdr  CH57xBLE.LIB(l2cap_input.o)
    0x0000f2b8   0x0000f2b8   0x000000c0   Code   RO         2703    i.l2capProcessConnectReq  CH57xBLE.LIB(l2cap_input.o)
    0x0000f378   0x0000f378   0x00000134   Code   RO         2704    i.l2capProcessReq   CH57xBLE.LIB(l2cap_input.o)
    0x0000f4ac   0x0000f4ac   0x0000010e   Code   RO         2705    i.l2capProcessRsp   CH57xBLE.LIB(l2cap_input.o)
    0x0000f5ba   0x0000f5ba   0x00000002   PAD
    0x0000f5bc   0x0000f5bc   0x000000e4   Code   RO         2706    i.l2capProcessRxData  CH57xBLE.LIB(l2cap_input.o)
    0x0000f6a0   0x0000f6a0   0x00000120   Code   RO         2733    i.l2capReassembleSegment  CH57xBLE.LIB(l2cap_output.o)
    0x0000f7c0   0x0000f7c0   0x00000068   Code   RO         2734    i.l2capSendCmd      CH57xBLE.LIB(l2cap_output.o)
    0x0000f828   0x0000f828   0x00000088   Code   RO         2046    i.l2capSendConnectRsp  CH57xBLE.LIB(l2cap_sdu.o)
    0x0000f8b0   0x0000f8b0   0x00000050   Code   RO         2735    i.l2capSendFCPkt    CH57xBLE.LIB(l2cap_output.o)
    0x0000f900   0x0000f900   0x00000098   Code   RO         2736    i.l2capSendNextSegment  CH57xBLE.LIB(l2cap_output.o)
    0x0000f998   0x0000f998   0x00000040   Code   RO         2737    i.l2capSendPkt      CH57xBLE.LIB(l2cap_output.o)
    0x0000f9d8   0x0000f9d8   0x0000009c   Code   RO         2738    i.l2capSendReq      CH57xBLE.LIB(l2cap_output.o)
    0x0000fa74   0x0000fa74   0x000000c0   Code   RO         2739    i.l2capSendSegment  CH57xBLE.LIB(l2cap_output.o)
    0x0000fb34   0x0000fb34   0x0000002c   Code   RO         1992    i.l2capStartTimer   CH57xBLE.LIB(l2cap.o)
    0x0000fb60   0x0000fb60   0x00000010   Code   RO         1993    i.l2capStopTimer    CH57xBLE.LIB(l2cap.o)
    0x0000fb70   0x0000fb70   0x00000028   Code   RO         2740    i.l2capStoreFCPkt   CH57xBLE.LIB(l2cap_output.o)
    0x0000fb98   0x0000fb98   0x0000001c   Code   RO         2125    i.leftshift_onebit  CH57xBLE.LIB(sm.o)
    0x0000fbb4   0x0000fbb4   0x00000070   Code   RO         2063    i.linkDB_Add        CH57xBLE.LIB(linkdb.o)
    0x0000fc24   0x0000fc24   0x00000058   Code   RO         2064    i.linkDB_Authen     CH57xBLE.LIB(linkdb.o)
    0x0000fc7c   0x0000fc7c   0x00000030   Code   RO         2065    i.linkDB_Find       CH57xBLE.LIB(linkdb.o)
    0x0000fcac   0x0000fcac   0x0000003c   Code   RO         2066    i.linkDB_FindFirst  CH57xBLE.LIB(linkdb.o)
    0x0000fce8   0x0000fce8   0x00000038   Code   RO         2067    i.linkDB_GetHandleFromSMEvtID  CH57xBLE.LIB(linkdb.o)
    0x0000fd20   0x0000fd20   0x00000058   Code   RO         2068    i.linkDB_GetPairingParam  CH57xBLE.LIB(linkdb.o)
    0x0000fd78   0x0000fd78   0x0000004c   Code   RO         2069    i.linkDB_GetSMEvtID  CH57xBLE.LIB(linkdb.o)
    0x0000fdc4   0x0000fdc4   0x00000064   Code   RO         2070    i.linkDB_Init       CH57xBLE.LIB(linkdb.o)
    0x0000fe28   0x0000fe28   0x0000000e   Code   RO         2071    i.linkDB_MTU        CH57xBLE.LIB(linkdb.o)
    0x0000fe36   0x0000fe36   0x00000002   PAD
    0x0000fe38   0x0000fe38   0x00000048   Code   RO         2072    i.linkDB_NeedSendKey  CH57xBLE.LIB(linkdb.o)
    0x0000fe80   0x0000fe80   0x0000002c   Code   RO         2073    i.linkDB_NumActive  CH57xBLE.LIB(linkdb.o)
    0x0000feac   0x0000feac   0x0000000c   Code   RO         2074    i.linkDB_NumConns   CH57xBLE.LIB(linkdb.o)
    0x0000feb8   0x0000feb8   0x00000030   Code   RO         2075    i.linkDB_PerformFunc  CH57xBLE.LIB(linkdb.o)
    0x0000fee8   0x0000fee8   0x00000024   Code   RO         2077    i.linkDB_Register   CH57xBLE.LIB(linkdb.o)
    0x0000ff0c   0x0000ff0c   0x00000036   Code   RO         2078    i.linkDB_Remove     CH57xBLE.LIB(linkdb.o)
    0x0000ff42   0x0000ff42   0x0000000e   Code   RO         2079    i.linkDB_Role       CH57xBLE.LIB(linkdb.o)
    0x0000ff50   0x0000ff50   0x00000020   Code   RO         2080    i.linkDB_State      CH57xBLE.LIB(linkdb.o)
    0x0000ff70   0x0000ff70   0x0000001c   Code   RO         2082    i.linkDB_UpdateMTU  CH57xBLE.LIB(linkdb.o)
    0x0000ff8c   0x0000ff8c   0x00000054   Code   RO         2375    i.llInitiateCreateCore  CH57xBLE.LIB(ll_initiate.o)
    0x0000ffe0   0x0000ffe0   0x00000114   Code   RO         2376    i.llInitiateSet     CH57xBLE.LIB(ll_initiate.o)
    0x000100f4   0x000100f4   0x00000070   Code   RO         2377    i.llInitiateStart   CH57xBLE.LIB(ll_initiate.o)
    0x00010164   0x00010164   0x000000a8   Code   RO         2378    i.llInitiateTraverseaChannel  CH57xBLE.LIB(ll_initiate.o)
    0x0001020c   0x0001020c   0x00000058   Code   RO         1101    i.llScanCreateCore  CH57xBLE.LIB(ll_scan.o)
    0x00010264   0x00010264   0x000000dc   Code   RO         1102    i.llScanSet         CH57xBLE.LIB(ll_scan.o)
    0x00010340   0x00010340   0x0000006c   Code   RO         1103    i.llScanStart       CH57xBLE.LIB(ll_scan.o)
    0x000103ac   0x000103ac   0x0000006c   Code   RO         1104    i.llScanTraverseaChannel  CH57xBLE.LIB(ll_scan.o)
    0x00010418   0x00010418   0x00000290   Code   RO         1130    i.ll_connect_action_in_connintervaltimeout  CH57xBLE.LIB(ll_connect.o)
    0x000106a8   0x000106a8   0x0000001a   Code   RO         1131    i.ll_connect_auth_timeout  CH57xBLE.LIB(ll_connect.o)
    0x000106c2   0x000106c2   0x00000080   Code   RO         1132    i.ll_connect_calculate_effective_len  CH57xBLE.LIB(ll_connect.o)
    0x00010742   0x00010742   0x00000002   PAD
    0x00010744   0x00010744   0x000001ac   Code   RO         1133    i.ll_connect_change_connect_point  CH57xBLE.LIB(ll_connect.o)
    0x000108f0   0x000108f0   0x000000b0   Code   RO         1134    i.ll_connect_event_continue  CH57xBLE.LIB(ll_connect.o)
    0x000109a0   0x000109a0   0x0000000a   Code   RO         1135    i.ll_connect_flowcontrol_init  CH57xBLE.LIB(ll_connect.o)
    0x000109aa   0x000109aa   0x00000002   PAD
    0x000109ac   0x000109ac   0x0000001c   Code   RO         1136    i.ll_connect_get_master_number  CH57xBLE.LIB(ll_connect.o)
    0x000109c8   0x000109c8   0x0000001c   Code   RO         1137    i.ll_connect_get_slave_number  CH57xBLE.LIB(ll_connect.o)
    0x000109e4   0x000109e4   0x000000b8   Code   RO         1138    i.ll_connect_get_start_point  CH57xBLE.LIB(ll_connect.o)
    0x00010a9c   0x00010a9c   0x00000088   Code   RO         1139    i.ll_connect_get_update_point  CH57xBLE.LIB(ll_connect.o)
    0x00010b24   0x00010b24   0x00000084   Code   RO         1140    i.ll_connect_init_dataLen  CH57xBLE.LIB(ll_connect.o)
    0x00010ba8   0x00010ba8   0x0000002a   Code   RO         1141    i.ll_connect_init_pingOffset  CH57xBLE.LIB(ll_connect.o)
    0x00010bd2   0x00010bd2   0x00000026   Code   RO         1142    i.ll_connect_parse_datapdu_head  CH57xBLE.LIB(ll_connect.o)
    0x00010bf8   0x00010bf8   0x0000001e   Code   RO         1143    i.ll_connect_procedure_timeout  CH57xBLE.LIB(ll_connect.o)
    0x00010c16   0x00010c16   0x00000002   PAD
    0x00010c18   0x00010c18   0x000000b4   Code   RO         1144    i.ll_connect_recv_data  CH57xBLE.LIB(ll_connect.o)
    0x00010ccc   0x00010ccc   0x00000060   Code   RO         1145    i.ll_connect_send_data  CH57xBLE.LIB(ll_connect.o)
    0x00010d2c   0x00010d2c   0x00000040   Code   RO         1146    i.ll_connect_set_auth_timeout  CH57xBLE.LIB(ll_connect.o)
    0x00010d6c   0x00010d6c   0x0000002c   Code   RO         1147    i.ll_connect_set_connect_timeout  CH57xBLE.LIB(ll_connect.o)
    0x00010d98   0x00010d98   0x0000002c   Code   RO         1148    i.ll_connect_set_procedure_timeout  CH57xBLE.LIB(ll_connect.o)
    0x00010dc4   0x00010dc4   0x00000026   Code   RO         1149    i.ll_connect_supervision_timeout  CH57xBLE.LIB(ll_connect.o)
    0x00010dea   0x00010dea   0x00000002   PAD
    0x00010dec   0x00010dec   0x000000ac   Code   RO         1150    i.ll_connect_update_get_offset  CH57xBLE.LIB(ll_connect.o)
    0x00010e98   0x00010e98   0x00000028   Code   RO         2343    i.ll_get_prime_number  CH57xBLE.LIB(ll.o)
    0x00010ec0   0x00010ec0   0x00000064   Code   RO          549    i.ll_hw_api_rx_set_txlen  CH57xBLE.LIB(ip.o)
    0x00010f24   0x00010f24   0x00000018   Code   RO          550    i.ll_hw_api_set_channel  CH57xBLE.LIB(ip.o)
    0x00010f3c   0x00010f3c   0x00000020   Code   RO          551    i.ll_hw_api_set_pkt_dec  CH57xBLE.LIB(ip.o)
    0x00010f5c   0x00010f5c   0x00000020   Code   RO          552    i.ll_hw_api_set_pkt_enc  CH57xBLE.LIB(ip.o)
    0x00010f7c   0x00010f7c   0x00000074   Code   RO          491    i.ll_hw_temp_sample  CH57xBLE.LIB(tmos_hw.o)
    0x00010ff0   0x00010ff0   0x00000034   Code   RO         1151    i.ll_hw_timer_window_widening  CH57xBLE.LIB(ll_connect.o)
    0x00011024   0x00011024   0x00000590   Code   RO         2379    i.ll_initiate_process  CH57xBLE.LIB(ll_initiate.o)
    0x000115b4   0x000115b4   0x000003c6   Code   RO         1214    i.ll_master_action_tx_ready  CH57xBLE.LIB(ll_master.o)
    0x0001197a   0x0001197a   0x00000002   PAD
    0x0001197c   0x0001197c   0x000000a4   Code   RO         1152    i.ll_master_check_connect_point  CH57xBLE.LIB(ll_connect.o)
    0x00011a20   0x00011a20   0x0000076c   Code   RO         1215    i.ll_master_process  CH57xBLE.LIB(ll_master.o)
    0x0001218c   0x0001218c   0x0000021c   Code   RO         1216    i.ll_master_process_after_rx  CH57xBLE.LIB(ll_master.o)
    0x000123a8   0x000123a8   0x000001d8   Code   RO         1217    i.ll_master_process_event  CH57xBLE.LIB(ll_master.o)
    0x00012580   0x00012580   0x00000052   Code   RO         2493    i.ll_resolvinglist_checkRPA  CH57xBLE.LIB(ll_resolvinglist.o)
    0x000125d2   0x000125d2   0x00000002   PAD
    0x000125d4   0x000125d4   0x00000048   Code   RO         2494    i.ll_resolvinglist_renew_rpa  CH57xBLE.LIB(ll_resolvinglist.o)
    0x0001261c   0x0001261c   0x00000014   Code   RO         2495    i.ll_resolvinglist_renew_set  CH57xBLE.LIB(ll_resolvinglist.o)
    0x00012630   0x00012630   0x00000050   Code   RO         2496    i.ll_resolvinglist_timeout_renew_rpa  CH57xBLE.LIB(ll_resolvinglist.o)
    0x00012680   0x00012680   0x000006d0   Code   RO         1105    i.ll_scan_process   CH57xBLE.LIB(ll_scan.o)
    0x00012d50   0x00012d50   0x0000034c   Code   RO         1106    i.ll_scan_tx        CH57xBLE.LIB(ll_scan.o)
    0x0001309c   0x0001309c   0x00000026   Code   RO         2126    i.padding           CH57xBLE.LIB(sm.o)
    0x000130c2   0x000130c2   0x00000002   PAD
    0x000130c4   0x000130c4   0x00000024   Code   RO         2083    i.reportStatusChange  CH57xBLE.LIB(linkdb.o)
    0x000130e8   0x000130e8   0x000000d0   Code   RO          648    i.sendAuthEvent     CH57xBLE.LIB(gap.o)
    0x000131b8   0x000131b8   0x00000030   Code   RO          649    i.sendTerminateEvent  CH57xBLE.LIB(gap.o)
    0x000131e8   0x000131e8   0x0000004e   Code   RO         2127    i.setupInitiatorKeys  CH57xBLE.LIB(sm.o)
    0x00013236   0x00013236   0x0000001e   Code   RO         2129    i.smDetermineKeySize  CH57xBLE.LIB(sm.o)
    0x00013254   0x00013254   0x00000048   Code   RO         2130    i.smEndPairing      CH57xBLE.LIB(sm.o)
    0x0001329c   0x0001329c   0x0000004e   Code   RO         2131    i.smFreePairingParams  CH57xBLE.LIB(sm.o)
    0x000132ea   0x000132ea   0x00000002   PAD
    0x000132ec   0x000132ec   0x00000024   Code   RO         2132    i.smGenerateConfirm  CH57xBLE.LIB(sm.o)
    0x00013310   0x00013310   0x00000034   Code   RO         2133    i.smGeneratePairingReqRsp  CH57xBLE.LIB(sm.o)
    0x00013344   0x00013344   0x00000028   Code   RO          650    i.smGenerateRandBuf  CH57xBLE.LIB(gap.o)
    0x0001336c   0x0001336c   0x00000024   Code   RO         2134    i.smGenerateRandMsg  CH57xBLE.LIB(sm.o)
    0x00013390   0x00013390   0x00000160   Code   RO         2135    i.smInitiatorSendNextKeyInfo  CH57xBLE.LIB(sm.o)
    0x000134f0   0x000134f0   0x00000020   Code   RO         2136    i.smLinkCheck       CH57xBLE.LIB(sm.o)
    0x00013510   0x00013510   0x00000040   Code   RO         2137    i.smNextPairingState  CH57xBLE.LIB(sm.o)
    0x00013550   0x00013550   0x00000014   Code   RO         2138    i.smPairingSendEncInfo  CH57xBLE.LIB(sm.o)
    0x00013564   0x00013564   0x00000028   Code   RO         2139    i.smPairingSendIdentityAddrInfo  CH57xBLE.LIB(sm.o)
    0x0001358c   0x0001358c   0x00000014   Code   RO         2140    i.smPairingSendIdentityInfo  CH57xBLE.LIB(sm.o)
    0x000135a0   0x000135a0   0x00000028   Code   RO         2141    i.smPairingSendMasterID  CH57xBLE.LIB(sm.o)
    0x000135c8   0x000135c8   0x00000014   Code   RO         2142    i.smPairingSendSingingInfo  CH57xBLE.LIB(sm.o)
    0x000135dc   0x000135dc   0x000000c8   Code   RO         2143    i.smProcessDataMsg  CH57xBLE.LIB(sm.o)
    0x000136a4   0x000136a4   0x000000bc   Code   RO         2144    i.smProcessEncryptChange  CH57xBLE.LIB(sm.o)
    0x00013760   0x00013760   0x0000004c   Code   RO         2145    i.smProcessPairingReq  CH57xBLE.LIB(sm.o)
    0x000137ac   0x000137ac   0x00000078   Code   RO         2146    i.smProcessRandComplete  CH57xBLE.LIB(sm.o)
    0x00013824   0x00013824   0x00000088   Code   RO         2147    i.smProcessTMOSMsg  CH57xBLE.LIB(sm.o)
    0x000138ac   0x000138ac   0x00000180   Code   RO         2150    i.smResponderProcessLTKReq  CH57xBLE.LIB(sm.o)
    0x00013a2c   0x00013a2c   0x000001b8   Code   RO         2151    i.smResponderSendNextKeyInfo  CH57xBLE.LIB(sm.o)
    0x00013be4   0x00013be4   0x00000164   Code   RO         2152    i.smSavePairInfo    CH57xBLE.LIB(sm.o)
    0x00013d48   0x00013d48   0x00000024   Code   RO         2153    i.smSendFailAndEnd  CH57xBLE.LIB(sm.o)
    0x00013d6c   0x00013d6c   0x0000004a   Code   RO         2154    i.smSendSMMsg       CH57xBLE.LIB(sm.o)
    0x00013db6   0x00013db6   0x00000038   Code   RO         2155    i.smSetPairingReqRsp  CH57xBLE.LIB(sm.o)
    0x00013dee   0x00013dee   0x00000002   PAD
    0x00013df0   0x00013df0   0x00000020   Code   RO         2156    i.smStartEncryption  CH57xBLE.LIB(sm.o)
    0x00013e10   0x00013e10   0x0000002c   Code   RO         2157    i.smStartRspTimer   CH57xBLE.LIB(sm.o)
    0x00013e3c   0x00013e3c   0x00000014   Code   RO         2158    i.smStopRspTimer    CH57xBLE.LIB(sm.o)
    0x00013e50   0x00013e50   0x00000018   Code   RO         2159    i.smTimedOut        CH57xBLE.LIB(sm.o)
    0x00013e68   0x00013e68   0x00000004   Code   RO         2160    i.smUint8ToAuthReq  CH57xBLE.LIB(sm.o)
    0x00013e6c   0x00013e6c   0x00000126   Code   RO         2161    i.sm_CMAC           CH57xBLE.LIB(sm.o)
    0x00013f92   0x00013f92   0x0000005a   Code   RO         2162    i.sm_ah             CH57xBLE.LIB(sm.o)
    0x00013fec   0x00013fec   0x00000082   Code   RO         2163    i.sm_c1             CH57xBLE.LIB(sm.o)
    0x0001406e   0x0001406e   0x000000e0   Code   RO         2164    i.sm_c1new          CH57xBLE.LIB(sm.o)
    0x0001414e   0x0001414e   0x00000062   Code   RO         2165    i.sm_s1             CH57xBLE.LIB(sm.o)
    0x000141b0   0x000141b0   0x00000016   Code   RO         2166    i.sm_xor            CH57xBLE.LIB(sm.o)
    0x000141c6   0x000141c6   0x00000020   Code   RO         2167    i.smpBuildEncInfo   CH57xBLE.LIB(sm.o)
    0x000141e6   0x000141e6   0x00000024   Code   RO         2168    i.smpBuildIdentityAddrInfo  CH57xBLE.LIB(sm.o)
    0x0001420a   0x0001420a   0x00000020   Code   RO         2169    i.smpBuildIdentityInfo  CH57xBLE.LIB(sm.o)
    0x0001422a   0x0001422a   0x0000002a   Code   RO         2170    i.smpBuildMasterID  CH57xBLE.LIB(sm.o)
    0x00014254   0x00014254   0x00000020   Code   RO         2171    i.smpBuildPairingConfirm  CH57xBLE.LIB(sm.o)
    0x00014274   0x00014274   0x00000018   Code   RO         2172    i.smpBuildPairingFailed  CH57xBLE.LIB(sm.o)
    0x0001428c   0x0001428c   0x00000020   Code   RO         2173    i.smpBuildPairingRandom  CH57xBLE.LIB(sm.o)
    0x000142ac   0x000142ac   0x0000000e   Code   RO         2174    i.smpBuildPairingReq  CH57xBLE.LIB(sm.o)
    0x000142ba   0x000142ba   0x00000092   Code   RO         2175    i.smpBuildPairingReqRsp  CH57xBLE.LIB(sm.o)
    0x0001434c   0x0001434c   0x0000000e   Code   RO         2176    i.smpBuildPairingRsp  CH57xBLE.LIB(sm.o)
    0x0001435a   0x0001435a   0x00000018   Code   RO         2177    i.smpBuildSecurityReq  CH57xBLE.LIB(sm.o)
    0x00014372   0x00014372   0x00000020   Code   RO         2178    i.smpBuildSigningInfo  CH57xBLE.LIB(sm.o)
    0x00014392   0x00014392   0x000001c8   Code   RO         2179    i.smpInitiatorProcessIncoming  CH57xBLE.LIB(sm.o)
    0x0001455a   0x0001455a   0x000000be   Code   RO         2180    i.smpInitiatorProcessPairingRsp  CH57xBLE.LIB(sm.o)
    0x00014618   0x00014618   0x0000001e   Code   RO         2181    i.smpParseEncInfo   CH57xBLE.LIB(sm.o)
    0x00014636   0x00014636   0x00000022   Code   RO         2182    i.smpParseIdentityAddrInfo  CH57xBLE.LIB(sm.o)
    0x00014658   0x00014658   0x0000001e   Code   RO         2183    i.smpParseIdentityInfo  CH57xBLE.LIB(sm.o)
    0x00014676   0x00014676   0x00000028   Code   RO         2184    i.smpParseMasterID  CH57xBLE.LIB(sm.o)
    0x0001469e   0x0001469e   0x0000001e   Code   RO         2185    i.smpParsePairingConfirm  CH57xBLE.LIB(sm.o)
    0x000146bc   0x000146bc   0x00000020   Code   RO         2186    i.smpParsePairingFailed  CH57xBLE.LIB(sm.o)
    0x000146dc   0x000146dc   0x0000001e   Code   RO         2187    i.smpParsePairingRandom  CH57xBLE.LIB(sm.o)
    0x000146fa   0x000146fa   0x00000002   PAD
    0x000146fc   0x000146fc   0x000000fc   Code   RO         2188    i.smpParsePairingReq  CH57xBLE.LIB(sm.o)
    0x000147f8   0x000147f8   0x00000014   Code   RO         2189    i.smpParseSecurityReq  CH57xBLE.LIB(sm.o)
    0x0001480c   0x0001480c   0x0000001e   Code   RO         2190    i.smpParseSigningInfo  CH57xBLE.LIB(sm.o)
    0x0001482a   0x0001482a   0x000001ce   Code   RO         2191    i.smpResponderProcessIncoming  CH57xBLE.LIB(sm.o)
    0x000149f8   0x000149f8   0x0000009e   Code   RO         2192    i.smpResponderProcessPairingReq  CH57xBLE.LIB(sm.o)
    0x00014a96   0x00014a96   0x00000002   PAD
    0x00014a98   0x00014a98   0x00000020   Code   RO          407    i.tmosFindTask      CH57xBLE.LIB(tmos.o)
    0x00014ab8   0x00014ab8   0x00000034   Code   RO          987    i.tmos_bm_adjust_header  CH57xBLE.LIB(memory.o)
    0x00014aec   0x00014aec   0x00000024   Code   RO          408    i.tmos_clear_event  CH57xBLE.LIB(tmos.o)
    0x00014b10   0x00014b10   0x00000012   Code   RO          410    i.tmos_get_task_timer  CH57xBLE.LIB(tmos.o)
    0x00014b22   0x00014b22   0x0000001e   Code   RO          411    i.tmos_isbufset     CH57xBLE.LIB(tmos.o)
    0x00014b40   0x00014b40   0x0000001c   Code   RO          412    i.tmos_memcmp       CH57xBLE.LIB(tmos.o)
    0x00014b5c   0x00014b5c   0x00000018   Code   RO          413    i.tmos_memcpy       CH57xBLE.LIB(tmos.o)
    0x00014b74   0x00014b74   0x0000001e   Code   RO          414    i.tmos_memdup       CH57xBLE.LIB(tmos.o)
    0x00014b92   0x00014b92   0x00000002   PAD
    0x00014b94   0x00014b94   0x000000a8   Code   RO          988    i.tmos_memory_allocate  CH57xBLE.LIB(memory.o)
    0x00014c3c   0x00014c3c   0x000000ac   Code   RO          989    i.tmos_memory_free  CH57xBLE.LIB(memory.o)
    0x00014ce8   0x00014ce8   0x00000060   Code   RO          991    i.tmos_memory_init  CH57xBLE.LIB(memory.o)
    0x00014d48   0x00014d48   0x00000010   Code   RO          415    i.tmos_memset       CH57xBLE.LIB(tmos.o)
    0x00014d58   0x00014d58   0x00000028   Code   RO          460    i.tmos_msg_allocate  CH57xBLE.LIB(message.o)
    0x00014d80   0x00014d80   0x00000020   Code   RO          461    i.tmos_msg_deallocate  CH57xBLE.LIB(message.o)
    0x00014da0   0x00014da0   0x00000024   Code   RO          462    i.tmos_msg_enqueue  CH57xBLE.LIB(message.o)
    0x00014dc4   0x00014dc4   0x0000000c   Code   RO          463    i.tmos_msg_init     CH57xBLE.LIB(message.o)
    0x00014dd0   0x00014dd0   0x00000070   Code   RO          466    i.tmos_msg_receive  CH57xBLE.LIB(message.o)
    0x00014e40   0x00014e40   0x00000058   Code   RO          467    i.tmos_msg_send     CH57xBLE.LIB(message.o)
    0x00014e98   0x00014e98   0x00000038   Code   RO          416    i.tmos_rand         CH57xBLE.LIB(tmos.o)
    0x00014ed0   0x00014ed0   0x00000012   Code   RO          417    i.tmos_revmemcpy    CH57xBLE.LIB(tmos.o)
    0x00014ee2   0x00014ee2   0x00000002   PAD
    0x00014ee4   0x00014ee4   0x00000024   Code   RO          418    i.tmos_set_event    CH57xBLE.LIB(tmos.o)
    0x00014f08   0x00014f08   0x00000044   Code   RO         1002    i.tmos_snv_clear    CH57xBLE.LIB(tmos_snv.o)
    0x00014f4c   0x00014f4c   0x00000004   Code   RO         1003    i.tmos_snv_compact  CH57xBLE.LIB(tmos_snv.o)
    0x00014f50   0x00014f50   0x00000034   Code   RO         1004    i.tmos_snv_init     CH57xBLE.LIB(tmos_snv.o)
    0x00014f84   0x00014f84   0x00000040   Code   RO         1005    i.tmos_snv_notify   CH57xBLE.LIB(tmos_snv.o)
    0x00014fc4   0x00014fc4   0x00000088   Code   RO         1006    i.tmos_snv_read     CH57xBLE.LIB(tmos_snv.o)
    0x0001504c   0x0001504c   0x000000ac   Code   RO         1007    i.tmos_snv_write    CH57xBLE.LIB(tmos_snv.o)
    0x000150f8   0x000150f8   0x0000006c   Code   RO          419    i.tmos_start_callback_task  CH57xBLE.LIB(tmos.o)
    0x00015164   0x00015164   0x00000022   Code   RO          420    i.tmos_start_reload_task  CH57xBLE.LIB(tmos.o)
    0x00015186   0x00015186   0x00000002   PAD
    0x00015188   0x00015188   0x00000074   Code   RO          421    i.tmos_start_task   CH57xBLE.LIB(tmos.o)
    0x000151fc   0x000151fc   0x00000048   Code   RO          422    i.tmos_stop_callback_task  CH57xBLE.LIB(tmos.o)
    0x00015244   0x00015244   0x00000026   Code   RO          423    i.tmos_stop_task    CH57xBLE.LIB(tmos.o)
    0x0001526a   0x0001526a   0x00000012   Code   RO          424    i.tmos_strlen       CH57xBLE.LIB(tmos.o)
    0x0001527c   0x0001527c   0x00000064   Code   RO          425    i.tmos_update_callback_timer  CH57xBLE.LIB(tmos.o)
    0x000152e0   0x000152e0   0x00000016   Code   RO         2193    i.xor_128           CH57xBLE.LIB(sm.o)
    0x000152f6   0x000152f6   0x00000014   Data   RO          555    .constdata          CH57xBLE.LIB(ip.o)
    0x0001530a   0x0001530a   0x00000010   Data   RO         1535    .constdata          CH57xBLE.LIB(att.o)
    0x0001531a   0x0001531a   0x00000002   PAD
    0x0001531c   0x0001531c   0x00000008   Data   RO         1791    .constdata          CH57xBLE.LIB(gapgattserver.o)
    0x00015324   0x00015324   0x00000060   Data   RO         1882    .constdata          CH57xBLE.LIB(gattservapp.o)
    0x00015384   0x00015384   0x00000029   Data   RO         2194    .constdata          CH57xBLE.LIB(sm.o)
    0x000153ad   0x000153ad   0x0000002a   Data   RO         2284    .constdata          CH57xBLE.LIB(gatt_uuid.o)
    0x000153d7   0x000153d7   0x00000002   Data   RO         2285    .constdata          CH57xBLE.LIB(gatt_uuid.o)
    0x000153d9   0x000153d9   0x00000017   Data   RO         2345    .constdata          CH57xBLE.LIB(ll.o)
    0x000153f0   0x000153f0   0x00000030   Data   RO         3089    Region$$Table       anon$$obj.o


    Execution Region RW_IRAM1 (Exec base: 0x20004000, Load base: 0x00015420, Size: 0x00002890, Max: 0x00004000, ABSOLUTE, COMPRESSED[0x000000e8])

    Exec Addr    Load Addr    Size         Type   Attr      Idx    E Section Name        Object

    0x20004000   0x00015420   0x00000214   Code   RO          283    .text               ch57x_int.o
    0x20004214   0x00015634   0x0000000c   Ven    RO         3099    Veneer$$Code        anon$$obj.o
    0x20004220   COMPRESSED   0x00000030   Data   RW            5    .data               central.o
    0x20004250   COMPRESSED   0x00000001   Data   RW          304    .data               mcu.o
    0x20004251   COMPRESSED   0x00000003   PAD
    0x20004254   COMPRESSED   0x00000004   Data   RW          349    .data               rtc.o
    0x20004258   COMPRESSED   0x00000018   Data   RW          427    .data               CH57xBLE.LIB(tmos.o)
    0x20004270   COMPRESSED   0x00000004   Data   RW          468    .data               CH57xBLE.LIB(message.o)
    0x20004274   COMPRESSED   0x00000004   Data   RW          492    .data               CH57xBLE.LIB(tmos_hw.o)
    0x20004278   COMPRESSED   0x00000004   Data   RW          514    .data               CH57xBLE.LIB(lle.o)
    0x2000427c   COMPRESSED   0x00000008   Data   RW          556    .data               CH57xBLE.LIB(ip.o)
    0x20004284   COMPRESSED   0x0000002a   Data   RW          652    .data               CH57xBLE.LIB(gap.o)
    0x200042ae   COMPRESSED   0x00000002   PAD
    0x200042b0   COMPRESSED   0x0000000c   Data   RW          762    .data               CH57xBLE.LIB(gatt.o)
    0x200042bc   COMPRESSED   0x00000008   Data   RW          831    .data               CH57xBLE.LIB(gattclientapp.o)
    0x200042c4   COMPRESSED   0x00000050   Data   RW          893    .data               CH57xBLE.LIB(gapbondmgr.o)
    0x20004314   COMPRESSED   0x00000008   Data   RW          947    .data               CH57xBLE.LIB(central.o)
    0x2000431c   COMPRESSED   0x00000043   Data   RW          972    .data               CH57xBLE.LIB(role.o)
    0x2000435f   COMPRESSED   0x00000001   PAD
    0x20004360   COMPRESSED   0x0000000c   Data   RW          992    .data               CH57xBLE.LIB(memory.o)
    0x2000436c   COMPRESSED   0x00000004   Data   RW         1025    .data               CH57xBLE.LIB(aes.o)
    0x20004370   COMPRESSED   0x00000004   Data   RW         1039    .data               CH57xBLE.LIB(bb.o)
    0x20004374   COMPRESSED   0x00000004   Data   RW         1047    .data               CH57xBLE.LIB(dma.o)
    0x20004378   COMPRESSED   0x00000004   Data   RW         1061    .data               CH57xBLE.LIB(rfend.o)
    0x2000437c   COMPRESSED   0x00000004   Data   RW         1154    .data               CH57xBLE.LIB(ll_connect.o)
    0x20004380   COMPRESSED   0x00000010   Data   RW         1397    .data               CH57xBLE.LIB(host_input.o)
    0x20004390   COMPRESSED   0x00000008   Data   RW         1536    .data               CH57xBLE.LIB(att.o)
    0x20004398   COMPRESSED   0x00000014   Data   RW         1716    .data               CH57xBLE.LIB(gap_central.o)
    0x200043ac   COMPRESSED   0x00000014   Data   RW         1755    .data               CH57xBLE.LIB(gap_peripheral.o)
    0x200043c0   COMPRESSED   0x000000b0   Data   RW         1792    .data               CH57xBLE.LIB(gapgattserver.o)
    0x20004470   COMPRESSED   0x00000070   Data   RW         1883    .data               CH57xBLE.LIB(gattservapp.o)
    0x200044e0   COMPRESSED   0x00000018   Data   RW         1996    .data               CH57xBLE.LIB(l2cap.o)
    0x200044f8   COMPRESSED   0x00000008   Data   RW         2085    .data               CH57xBLE.LIB(linkdb.o)
    0x20004500   COMPRESSED   0x00000024   Data   RW         2195    .data               CH57xBLE.LIB(sm.o)
    0x20004524   COMPRESSED   0x00000004   Data   RW         2346    .data               CH57xBLE.LIB(ll.o)
    0x20004528   COMPRESSED   0x00000004   Data   RW         3067    .data               mc_p.l(stdout.o)
    0x2000452c        -       0x00000050   Zero   RW            4    .bss                central.o
    0x2000457c        -       0x00002000   Zero   RW          110    .bss                central_main.o
    0x2000657c        -       0x00000070   Zero   RW          426    .bss                CH57xBLE.LIB(tmos.o)
    0x200065ec        -       0x00000058   Zero   RW          554    .bss                CH57xBLE.LIB(ip.o)
    0x20006644        -       0x00000054   Zero   RW          651    .bss                CH57xBLE.LIB(gap.o)
    0x20006698        -       0x00000020   Zero   RW          892    .bss                CH57xBLE.LIB(gapbondmgr.o)
    0x200066b8        -       0x0000003f   Zero   RW          971    .bss                CH57xBLE.LIB(role.o)
    0x200066f7   COMPRESSED   0x00000001   PAD
    0x200066f8        -       0x0000000c   Zero   RW         1715    .bss                CH57xBLE.LIB(gap_central.o)
    0x20006704        -       0x0000000c   Zero   RW         1754    .bss                CH57xBLE.LIB(gap_peripheral.o)
    0x20006710        -       0x00000016   Zero   RW         1790    .bss                CH57xBLE.LIB(gapgattserver.o)
    0x20006726   COMPRESSED   0x00000002   PAD
    0x20006728        -       0x00000036   Zero   RW         1881    .bss                CH57xBLE.LIB(gattservapp.o)
    0x2000675e        -       0x00000010   Zero   RW         1994    .bss                CH57xBLE.LIB(l2cap.o)
    0x2000676e   COMPRESSED   0x00000002   PAD
    0x20006770        -       0x00000030   Zero   RW         1995    .bss                CH57xBLE.LIB(l2cap.o)
    0x200067a0        -       0x00000030   Zero   RW         2084    .bss                CH57xBLE.LIB(linkdb.o)
    0x200067d0        -       0x000000c0   Zero   RW         2344    .bss                CH57xBLE.LIB(ll.o)


==============================================================================

Image component sizes


      Code (inc. data)   RO Data    RW Data    ZI Data      Debug   Object Name

      2212        678          0         48         80      51623   central.o
        84         18          0          0       8192       1125   central_main.o
      1702         60          0          0          0      48812   ch57x_clk.o
       336         22          0          0          0       1799   ch57x_gpio.o
       532         16          0          0          0       1823   ch57x_int.o
       408         12          0          0          0       2014   ch57x_pwr.o
       260         16          0          0          0       2651   ch57x_sys.o
       172          4          0          0          0       2165   ch57x_uart1.o
       484        122          0          1          0      40058   mcu.o
       116         12          0          4          0       1055   rtc.o
        28         10        144          0          0        600   startup_armcm0.o

    ----------------------------------------------------------------------
      6346        974        192         56       8272     153725   Object Totals
        12          4         48          0          0          0   (incl. Generated)
         0          0          0          3          0          0   (incl. Padding)

    ----------------------------------------------------------------------

      Code (inc. data)   RO Data    RW Data    ZI Data      Debug   Library Member Name

       838         30          0          4          0        360   aes.o
       908        134          0          0          0       1892   api_c.o
       610         48         16          8          0        904   att.o
       768         50          0          0          0       1692   att_client.o
      1010         52          0          0          0       2088   att_server.o
        28         14          0          4          0         60   bb.o
       650        114          0          8          0        572   central.o
      3526        156          0          0          0       2240   ctl_input.o
       236          0          0          0          0       1404   ctl_output.o
        48         10          0          4          0         60   dma.o
      4374        288          0         42         84       3888   gap.o
      2208        150          0         20         12       1020   gap_central.o
      1180        174          0         20         12        796   gap_peripheral.o
      5370        306          0         80         32       2860   gapbondmgr.o
      1210         88          8        176         22        452   gapgattserver.o
      1962        126          0         12          0       2036   gatt.o
         0          0         44          0          0          0   gatt_uuid.o
      1984        106          0          8          0       1168   gattclientapp.o
      6480        300         96        112         54       4256   gattservapp.o
      1550        116          0         16          0       1452   host_input.o
       360          6          0          0          0       1952   host_output.o
      2364        276         20          8         88       1052   ip.o
      1486        124          0         24         64       1732   l2cap.o
      1378         26          0          0          0        820   l2cap_input.o
      1992         96          0          0          0       1304   l2cap_output.o
       476         36          0          0          0        724   l2cap_sdu.o
      1018        108          0          8         48       1348   linkdb.o
       508         46         23          4        192        216   ll.o
       416         16          0          0          0        156   ll_address.o
        74         10          0          0          0        136   ll_advertise.o
      3666        206          0          4          0       2144   ll_connect.o
       524         52          0          0          0        492   ll_core.o
       248          0          0          0          0        204   ll_hop.o
      2148        196          0          0          0        508   ll_initiate.o
      4326        126          0          0          0        524   ll_master.o
      1790         34          0          0          0       1584   ll_pdu.o
      1234         18          0          0          0        156   ll_report.o
       838         58          0          0          0        876   ll_resolvinglist.o
      3232        198          0          0          0        576   ll_scan.o
       212         18          0          0          0        280   ll_whitelist.o
       436         40          0          4          0        136   lle.o
       488         56          0         12          0        308   memory.o
       320         18          0          4          0        400   message.o
      3522         30          0          4          0        360   rfend.o
       444         72          0         67         63        412   role.o
      7752        270         41         36          0       5624   sm.o
      1950        126          0         24        112       1700   tmos.o
       754        106          0          4          0        912   tmos_hw.o
       496         40          0          0          0        428   tmos_snv.o
        86          0          0          0          0          0   __dczerorl2.o
         0          0          0          0          0          0   entry.o
         0          0          0          0          0          0   entry10a.o
         0          0          0          0          0          0   entry11a.o
         8          4          0          0          0          0   entry2.o
         4          0          0          0          0          0   entry5.o
         0          0          0          0          0          0   entry7b.o
         0          0          0          0          0          0   entry8b.o
         8          4          0          0          0          0   entry9a.o
        30          0          0          0          0          0   handlers.o
        40          0          0          0          0         72   idiv.o
        36          8          0          0          0         68   init.o
       122          0          0          0          0         84   llmul.o
        32          0          0          0          0         68   llshl.o
        34          0          0          0          0         68   llushr.o
        36          0          0          0          0         60   memcpya.o
       764         52          0          0          0        168   printf5.o
         0          0          0          4          0          0   stdout.o
        44          0          0          0          0         72   uidiv.o
        96          0          0          0          0         84   uldiv.o

    ----------------------------------------------------------------------
     80828       4738        250        724        788      57008   Library Totals
        96          0          2          3          5          0   (incl. Padding)

    ----------------------------------------------------------------------

      Code (inc. data)   RO Data    RW Data    ZI Data      Debug   Library Name

     79392       4670        248        717        783      56264   CH57xBLE.LIB
      1340         68          0          4          0        744   mc_p.l

    ----------------------------------------------------------------------
     80828       4738        250        724        788      57008   Library Totals

    ----------------------------------------------------------------------

==============================================================================


      Code (inc. data)   RO Data    RW Data    ZI Data      Debug   

     87174       5712        442        780       9060     174701   Grand Totals
     87174       5712        442        232       9060     174701   ELF Image Totals (compressed)
     87174       5712        442        232          0          0   ROM Totals

==============================================================================

    Total RO  Size (Code + RO Data)                87616 (  85.56kB)
    Total RW  Size (RW Data + ZI Data)              9840 (   9.61kB)
    Total ROM Size (Code + RO Data + RW Data)      87848 (  85.79kB)

==============================================================================

