Component: ARM Compiler 5.06 update 6 (build 750) Tool: armlink [4d35ed]

==============================================================================

Section Cross References

    main.o(.text) refers to ch57x_clk.o(.text) for SetSysClock
    main.o(.text) refers to ch57x_pwr.o(.text) for PWR_UnitModCfg
    main.o(.text) refers to mcu.o(.text) for CH57X_BLEInit
    main.o(.text) refers to role.o(i.GAPRole_CentralInit) for GAPRole_CentralInit
    main.o(.text) refers to dap.o(.text) for DAP_Setup
    main.o(.text) refers to device.o(.text) for USBD_Initialize
    main.o(.text) refers to usbd_user_hid_0.o(.text) for USBD_HID0_Initialize
    main.o(.text) refers to ch57x_sys.o(.text) for mDelaymS
    main.o(.text) refers to usbd_desc.o(.text) for USBD_DAP_Init
    main.o(.text) refers to tmos.o(i.TMOS_SystemProcess) for TMOS_SystemProcess
    startup_armcm0.o(RESET) refers to startup_armcm0.o(.text) for Reset_Handler
    startup_armcm0.o(RESET) refers to ch57x_int.o(.text) for NMI_Handler
    startup_armcm0.o(RESET) refers to mcu.o(.text) for LLE_IRQHandler
    startup_armcm0.o(RESET) refers to usbd_desc.o(.text) for USB_IRQHandler
    startup_armcm0.o(RESET) refers to rtc.o(.text) for RTC_IRQHandler
    startup_armcm0.o(.text) refers to ch57x_clk.o(.text) for SystemInit
    startup_armcm0.o(.text) refers to entry.o(.ARM.Collect$$$$00000000) for __main
    ch57x_clk.o(.text) refers to ch57x_sys.o(.text) for mDelayuS
    ch57x_clk.o(.text) refers to ch57x_pwr.o(.text) for PowerMonitor
    ch57x_clk.o(.text) refers to ch57x_clk.o(i.__ARM_common_switch8) for __ARM_common_switch8
    ch57x_clk.o(.text) refers to uidiv.o(.text) for __aeabi_uidivmod
    ch57x_clk.o(.text) refers to idiv.o(.text) for __aeabi_idivmod
    ch57x_gpio.o(.text) refers to ch57x_clk.o(i.__ARM_common_switch8) for __ARM_common_switch8
    ch57x_pwr.o(.text) refers to ch57x_sys.o(.text) for mDelayuS
    ch57x_uart1.o(.text) refers to ch57x_clk.o(.text) for GetSysClock
    ch57x_uart1.o(.text) refers to uidiv.o(.text) for __aeabi_uidivmod
    ch57x_int.o(.text) refers to ch57x_pwr.o(.text) for PowerMonitor
    ch57x_usbdev.o(.text) refers to ch57x_usbdev.o(.data) for .data
    device.o(.text) refers to usbd_desc.o(.text) for USBD_CUSTOM_HID_SendReport
    device.o(.text) refers to ch57x_gpio.o(.text) for GPIOA_ModeCfg
    device.o(.text) refers to device.o(.data) for .data
    usbd_desc.o(.text) refers to ch57x_usbdev.o(.text) for DevEP4_IN_Deal
    usbd_desc.o(.text) refers to usbd_user_hid_0.o(.text) for USBD_HID0_SetReport
    usbd_desc.o(.text) refers to ch57x_clk.o(i.__ARM_common_switch8) for __ARM_common_switch8
    usbd_desc.o(.text) refers to memcpya.o(.text) for __aeabi_memcpy
    usbd_desc.o(.text) refers to device.o(.text) for USBD_HID_GetReportTrigger
    usbd_desc.o(.text) refers to ch57x_usbdev.o(.data) for pEP0_RAM_Addr
    usbd_desc.o(.text) refers to usbd_desc.o(.data) for .data
    usbd_desc.o(.text) refers to usbd_desc.o(.constdata) for .constdata
    usbd_desc.o(.text) refers to usbd_desc.o(.bss) for .bss
    usbd_user_hid_0.o(.text) refers to memcpya.o(.text) for __aeabi_memcpy
    usbd_user_hid_0.o(.text) refers to device.o(.text) for osThreadFlagsSet
    usbd_user_hid_0.o(.text) refers to dap.o(.text) for DAP_ExecuteCommand
    usbd_user_hid_0.o(.text) refers to message.o(i.tmos_msg_receive) for tmos_msg_receive
    usbd_user_hid_0.o(.text) refers to message.o(i.tmos_msg_deallocate) for tmos_msg_deallocate
    usbd_user_hid_0.o(.text) refers to tmos.o(i.TMOS_ProcessEventRegister) for TMOS_ProcessEventRegister
    usbd_user_hid_0.o(.text) refers to tmos.o(i.tmos_start_task) for tmos_start_task
    usbd_user_hid_0.o(.text) refers to usbd_user_hid_0.o(.data) for .data
    usbd_user_hid_0.o(.text) refers to usbd_user_hid_0.o(.bss) for .bss
    usbd_user_hid_0.o(.text) refers to main.o(.data) for DAP_ThreadId
    usbd_user_hid_0.o(.text) refers to dap.o(.data) for DAP_TransferAbort
    mcu.o(.text) refers to ch57x_clk.o(.text) for Calibration_LSI
    mcu.o(.text) refers to tmos.o(i.tmos_memcmp) for tmos_memcmp
    mcu.o(.text) refers to tmos.o(i.tmos_memset) for tmos_memset
    mcu.o(.text) refers to tmos.o(i.BLE_LibInit) for BLE_LibInit
    mcu.o(.text) refers to message.o(i.tmos_msg_receive) for tmos_msg_receive
    mcu.o(.text) refers to message.o(i.tmos_msg_deallocate) for tmos_msg_deallocate
    mcu.o(.text) refers to ip.o(i.BLE_RegInit) for BLE_RegInit
    mcu.o(.text) refers to tmos.o(i.tmos_start_task) for tmos_start_task
    mcu.o(.text) refers to tmos.o(i.TMOS_ProcessEventRegister) for TMOS_ProcessEventRegister
    mcu.o(.text) refers to rtc.o(.text) for HAL_TimeInit
    mcu.o(.text) refers to lle.o(i.BLE_IRQHandler) for BLE_IRQHandler
    mcu.o(.text) refers to ip.o(.constdata) for VER_LIB
    mcu.o(.text) refers to main.o(.bss) for MEM_BUF
    mcu.o(.text) refers to ch57x_sys.o(.text) for SYS_GetSysTickCnt
    mcu.o(.text) refers to mcu.o(.data) for .data
[...]
    0x0000376e   0x0000376e   0x00000018   Code   RO         1942    i.ATT_ParseReadMultiReq  CH57xBLE.LIB(att_server.o)
    0x00003786   0x00003786   0x00000018   Code   RO         1943    i.ATT_ParseReadReq  CH57xBLE.LIB(att_server.o)
    0x0000379e   0x0000379e   0x00000030   Code   RO         1944    i.ATT_ParseWriteReq  CH57xBLE.LIB(att_server.o)
    0x000037ce   0x000037ce   0x00000002   PAD
    0x000037d0   0x000037d0   0x00000028   Code   RO         1945    i.ATT_PrepareWriteRsp  CH57xBLE.LIB(att_server.o)
    0x000037f8   0x000037f8   0x00000028   Code   RO         1946    i.ATT_ReadBlobRsp   CH57xBLE.LIB(att_server.o)
    0x00003820   0x00003820   0x00000030   Code   RO         1947    i.ATT_ReadByGrpTypeRsp  CH57xBLE.LIB(att_server.o)
    0x00003850   0x00003850   0x00000030   Code   RO         1948    i.ATT_ReadByTypeRsp  CH57xBLE.LIB(att_server.o)
    0x00003880   0x00003880   0x0000002c   Code   RO         1949    i.ATT_ReadMultiRsp  CH57xBLE.LIB(att_server.o)
    0x000038ac   0x000038ac   0x0000002c   Code   RO         1950    i.ATT_ReadRsp       CH57xBLE.LIB(att_server.o)
    0x000038d8   0x000038d8   0x0000000c   Code   RO         1821    i.ATT_RegisterServer  CH57xBLE.LIB(att.o)
    0x000038e4   0x000038e4   0x0000002c   Code   RO         1822    i.ATT_UpdateMTU     CH57xBLE.LIB(att.o)
    0x00003910   0x00003910   0x00000010   Code   RO         1951    i.ATT_WriteRsp      CH57xBLE.LIB(att_server.o)
    0x00003920   0x00003920   0x0000001c   Code   RO         1327    i.BB_DevInit        CH57xBLE.LIB(bb.o)
    0x0000393c   0x0000393c   0x00000028   Code   RO          811    i.BLE_ADCTune       CH57xBLE.LIB(ip.o)
    0x00003964   0x00003964   0x000000b4   Code   RO          812    i.BLE_AccessAddressGenerate  CH57xBLE.LIB(ip.o)
    0x00003a18   0x00003a18   0x000000f8   Code   RO          813    i.BLE_IPCoreInit    CH57xBLE.LIB(ip.o)
    0x00003b10   0x00003b10   0x00000178   Code   RO          802    i.BLE_IRQHandler    CH57xBLE.LIB(lle.o)
    0x00003c88   0x00003c88   0x000000f8   Code   RO          688    i.BLE_LibInit       CH57xBLE.LIB(tmos.o)
    0x00003d80   0x00003d80   0x00000048   Code   RO          816    i.BLE_RegInit       CH57xBLE.LIB(ip.o)
    0x00003dc8   0x00003dc8   0x00000044   Code   RO         2804    i.CreatePRBS15      CH57xBLE.LIB(ctl_input.o)
    0x00003e0c   0x00003e0c   0x00000044   Code   RO         2805    i.CreatePRBS9       CH57xBLE.LIB(ctl_input.o)
    0x00003e50   0x00003e50   0x00000030   Code   RO         1336    i.DMA_DevInit       CH57xBLE.LIB(dma.o)
    0x00003e80   0x00003e80   0x0000004c   Code   RO          771    i.ErasePage         CH57xBLE.LIB(tmos_hw.o)
    0x00003ecc   0x00003ecc   0x00000048   Code   RO         1144    i.GAPBondMgr_Erase  CH57xBLE.LIB(gapbondmgr.o)
    0x00003f14   0x00003f14   0x000000c4   Code   RO         1145    i.GAPBondMgr_GetParameter  CH57xBLE.LIB(gapbondmgr.o)
    0x00003fd8   0x00003fd8   0x00000018   Code   RO         1146    i.GAPBondMgr_Init   CH57xBLE.LIB(gapbondmgr.o)
    0x00003ff0   0x00003ff0   0x00000130   Code   RO         1147    i.GAPBondMgr_LinkEst  CH57xBLE.LIB(gapbondmgr.o)
    0x00004120   0x00004120   0x00000068   Code   RO         1148    i.GAPBondMgr_LinkTerm  CH57xBLE.LIB(gapbondmgr.o)
    0x00004188   0x00004188   0x000000ec   Code   RO         1149    i.GAPBondMgr_ParamInit  CH57xBLE.LIB(gapbondmgr.o)
    0x00004274   0x00004274   0x000000a0   Code   RO         1152    i.GAPBondMgr_ProcessEvent  CH57xBLE.LIB(gapbondmgr.o)
    0x00004314   0x00004314   0x0000020c   Code   RO         1153    i.GAPBondMgr_ProcessGAPMsg  CH57xBLE.LIB(gapbondmgr.o)
    0x00004520   0x00004520   0x000000c0   Code   RO         1154    i.GAPBondMgr_ResolveAddr  CH57xBLE.LIB(gapbondmgr.o)
    0x000045e0   0x000045e0   0x00000078   Code   RO         1155    i.GAPBondMgr_ServiceChangeInd  CH57xBLE.LIB(gapbondmgr.o)
    0x00004658   0x00004658   0x00000314   Code   RO         1156    i.GAPBondMgr_SetParameter  CH57xBLE.LIB(gapbondmgr.o)
    0x0000496c   0x0000496c   0x0000006c   Code   RO         1157    i.GAPBondMgr_SlaveReqSecurity  CH57xBLE.LIB(gapbondmgr.o)
    0x000049d8   0x000049d8   0x00000064   Code   RO         1158    i.GAPBondMgr_UpdateCharCfg  CH57xBLE.LIB(gapbondmgr.o)
    0x00004a3c   0x00004a3c   0x00000070   Code   RO         1229    i.GAPRole_CentralEnable  CH57xBLE.LIB(central.o)
    0x00004aac   0x00004aac   0x00000070   Code   RO         1252    i.GAPRole_CentralInit  CH57xBLE.LIB(role.o)
    0x00004b1c   0x00004b1c   0x00000054   Code   RO         1231    i.GAPRole_CentralProcessEvent  CH57xBLE.LIB(central.o)
    0x00004b70   0x00004b70   0x000000ac   Code   RO         1253    i.GAPRole_GetParameter  CH57xBLE.LIB(role.o)
    0x00004c1c   0x00004c1c   0x00000064   Code   RO         1255    i.GAPRole_ParamInit  CH57xBLE.LIB(role.o)
    0x00004c80   0x00004c80   0x00000018   Code   RO         1258    i.GAPRole_RegisterCentralTaskID  CH57xBLE.LIB(role.o)
    0x00004c98   0x00004c98   0x000000a8   Code   RO          884    i.GAP_Authenticate  CH57xBLE.LIB(gap.o)
    0x00004d40   0x00004d40   0x00000084   Code   RO          885    i.GAP_Bond          CH57xBLE.LIB(gap.o)
    0x00004dc4   0x00004dc4   0x00000044   Code   RO         1992    i.GAP_CentralParamInit  CH57xBLE.LIB(gap_central.o)
    0x00004e08   0x00004e08   0x00000054   Code   RO         2027    i.GAP_EndDiscoverable  CH57xBLE.LIB(gap_peripheral.o)
    0x00004e5c   0x00004e5c   0x00000018   Code   RO          886    i.GAP_GetParamValue  CH57xBLE.LIB(gap.o)
    0x00004e74   0x00004e74   0x00000038   Code   RO          887    i.GAP_Init          CH57xBLE.LIB(gap.o)
    0x00004eac   0x00004eac   0x00000008   Code   RO          888    i.GAP_NumActiveConnections  CH57xBLE.LIB(gap.o)
    0x00004eb4   0x00004eb4   0x00000078   Code   RO          889    i.GAP_ParamInit     CH57xBLE.LIB(gap.o)
    0x00004f2c   0x00004f2c   0x00000048   Code   RO          891    i.GAP_PasscodeUpdate  CH57xBLE.LIB(gap.o)
    0x00004f74   0x00004f74   0x00000040   Code   RO         2031    i.GAP_PeripheralParamInit  CH57xBLE.LIB(gap_peripheral.o)
    0x00004fb4   0x00004fb4   0x000000e4   Code   RO          893    i.GAP_ProcessEvent  CH57xBLE.LIB(gap.o)
    0x00005098   0x00005098   0x0000000c   Code   RO          894    i.GAP_RegisterForMsgs  CH57xBLE.LIB(gap.o)
    0x000050a4   0x000050a4   0x00000008   Code   RO          895    i.GAP_ResolvePrivateAddr  CH57xBLE.LIB(gap.o)
    0x000050ac   0x000050ac   0x00000040   Code   RO          897    i.GAP_SendSlaveSecurityRequest  CH57xBLE.LIB(gap.o)
    0x000050ec   0x000050ec   0x00000034   Code   RO          898    i.GAP_SetParamValue  CH57xBLE.LIB(gap.o)
    0x00005120   0x00005120   0x00000050   Code   RO          899    i.GAP_Signable      CH57xBLE.LIB(gap.o)
    0x00005170   0x00005170   0x00000020   Code   RO          900    i.GAP_TerminateAuth  CH57xBLE.LIB(gap.o)
    0x00005190   0x00005190   0x00000088   Code   RO          901    i.GAP_TerminateLinkReq  CH57xBLE.LIB(gap.o)
    0x00005218   0x00005218   0x00000068   Code   RO         2103    i.GATTServApp_Init  CH57xBLE.LIB(gattservapp.o)
    0x00005280   0x00005280   0x00000030   Code   RO         2104    i.GATTServApp_InitCharCfg  CH57xBLE.LIB(gattservapp.o)
    0x000052b0   0x000052b0   0x0000009c   Code   RO         2105    i.GATTServApp_ParamInit  CH57xBLE.LIB(gattservapp.o)
    0x0000534c   0x0000534c   0x0000004a   Code   RO         2106    i.GATTServApp_ProcessCCCWriteReq  CH57xBLE.LIB(gattservapp.o)
    0x00005396   0x00005396   0x00000002   PAD
    0x00005398   0x00005398   0x00000048   Code   RO         2108    i.GATTServApp_ProcessEvent  CH57xBLE.LIB(gattservapp.o)
    0x000053e0   0x000053e0   0x00000228   Code   RO         2109    i.GATTServApp_ReadAttr  CH57xBLE.LIB(gattservapp.o)
    0x00005608   0x00005608   0x0000000e   Code   RO         2110    i.GATTServApp_ReadCharCfg  CH57xBLE.LIB(gattservapp.o)
    0x00005616   0x00005616   0x00000002   PAD
    0x00005618   0x00005618   0x00000038   Code   RO         2113    i.GATTServApp_SendCCCUpdatedEvent  CH57xBLE.LIB(gattservapp.o)
    0x00005650   0x00005650   0x00000024   Code   RO         2114    i.GATTServApp_SendServiceChangedInd  CH57xBLE.LIB(gattservapp.o)
    0x00005674   0x00005674   0x00000018   Code   RO         2116    i.GATTServApp_UpdateCharCfg  CH57xBLE.LIB(gattservapp.o)
    0x0000568c   0x0000568c   0x00000078   Code   RO         2117    i.GATTServApp_WriteAttr  CH57xBLE.LIB(gattservapp.o)
    0x00005704   0x00005704   0x0000002c   Code   RO         2118    i.GATTServApp_WriteCharCfg  CH57xBLE.LIB(gattservapp.o)
    0x00005730   0x00005730   0x0000002a   Code   RO         1004    i.GATT_AppCompletedMsg  CH57xBLE.LIB(gatt.o)
    0x0000575a   0x0000575a   0x00000002   PAD
    0x0000575c   0x0000575c   0x00000048   Code   RO         2120    i.GATT_FindHandle   CH57xBLE.LIB(gattservapp.o)
    0x000057a4   0x000057a4   0x00000074   Code   RO         2121    i.GATT_FindHandleUUID  CH57xBLE.LIB(gattservapp.o)
    0x00005818   0x00005818   0x00000094   Code   RO         2122    i.GATT_FindNextAttr  CH57xBLE.LIB(gattservapp.o)
    0x000058ac   0x000058ac   0x00000068   Code   RO         2124    i.GATT_Indication   CH57xBLE.LIB(gattservapp.o)
    0x00005914   0x00005914   0x0000002c   Code   RO         1012    i.GATT_Init         CH57xBLE.LIB(gatt.o)
    0x00005940   0x00005940   0x00000050   Code   RO         2125    i.GATT_InitServer   CH57xBLE.LIB(gattservapp.o)
    0x00005990   0x00005990   0x00000038   Code   RO         1013    i.GATT_NotifyEvent  CH57xBLE.LIB(gatt.o)
    0x000059c8   0x000059c8   0x000000f4   Code   RO         1014    i.GATT_ProcessEvent  CH57xBLE.LIB(gatt.o)
    0x00005abc   0x00005abc   0x00000078   Code   RO         1025    i.GATT_ServiceChangedInd  CH57xBLE.LIB(gatt.o)
    0x00005b34   0x00005b34   0x00000012   Code   RO         2129    i.GATT_ServiceEncKeySize  CH57xBLE.LIB(gattservapp.o)
    0x00005b46   0x00005b46   0x0000000e   Code   RO         2130    i.GATT_ServiceNumAttrs  CH57xBLE.LIB(gattservapp.o)
    0x00005b54   0x00005b54   0x0000004c   Code   RO         1028    i.GATT_UpdateMTU    CH57xBLE.LIB(gatt.o)
    0x00005ba0   0x00005ba0   0x00000052   Code   RO         2131    i.GATT_VerifyPrepareWritePermissions  CH57xBLE.LIB(gattservapp.o)
    0x00005bf2   0x00005bf2   0x00000056   Code   RO         2132    i.GATT_VerifyReadPermissions  CH57xBLE.LIB(gattservapp.o)
    0x00005c48   0x00005c48   0x00000064   Code   RO         2133    i.GATT_VerifyWritePermissions  CH57xBLE.LIB(gattservapp.o)
    0x00005cac   0x00005cac   0x0000008c   Code   RO         1034    i.GATT_bm_alloc     CH57xBLE.LIB(gatt.o)
    0x00005d38   0x00005d38   0x00000010   Code   RO         1035    i.GATT_bm_free      CH57xBLE.LIB(gatt.o)
    0x00005d48   0x00005d48   0x00000128   Code   RO         2073    i.GGS_ParamInit     CH57xBLE.LIB(gapgattserver.o)
    0x00005e70   0x00005e70   0x00000094   Code   RO         2076    i.GGS_SetParameter  CH57xBLE.LIB(gapgattserver.o)
    0x00005f04   0x00005f04   0x00000002   Code   RO         2929    i.HCI_AuthenticatedPayloadTimeoutExpiredCback  CH57xBLE.LIB(ctl_output.o)
    0x00005f06   0x00005f06   0x00000008   Code   RO         2930    i.HCI_CommandCompleteCback  CH57xBLE.LIB(ctl_output.o)
    0x00005f0e   0x00005f0e   0x00000008   Code   RO         2931    i.HCI_CommandStatusCback  CH57xBLE.LIB(ctl_output.o)
    0x00005f16   0x00005f16   0x00000008   Code   RO         2932    i.HCI_DataBufferOverflowCback  CH57xBLE.LIB(ctl_output.o)
    0x00005f1e   0x00005f1e   0x00000008   Code   RO         1714    i.HCI_DisconnectCmd  CH57xBLE.LIB(host_output.o)
    0x00005f26   0x00005f26   0x00000008   Code   RO         2933    i.HCI_DisconnectionCompleteCback  CH57xBLE.LIB(ctl_output.o)
    0x00005f2e   0x00005f2e   0x00000008   Code   RO         2934    i.HCI_EncryptionChangeCback  CH57xBLE.LIB(ctl_output.o)
    0x00005f36   0x00005f36   0x00000008   Code   RO         2935    i.HCI_EncryptionKeyRefreshCompleteCback  CH57xBLE.LIB(ctl_output.o)
    0x00005f3e   0x00005f3e   0x0000000a   Code   RO         1716    i.HCI_HostNumCompletedPktCmd  CH57xBLE.LIB(host_output.o)
    0x00005f48   0x00005f48   0x00000008   Code   RO         1717    i.HCI_LE_AddDeviceToResolvingList  CH57xBLE.LIB(host_output.o)
    0x00005f50   0x00005f50   0x00000008   Code   RO         1718    i.HCI_LE_AddWhiteListCmd  CH57xBLE.LIB(host_output.o)
    0x00005f58   0x00005f58   0x00000012   Code   RO         2937    i.HCI_LE_AdvertisingReportCback  CH57xBLE.LIB(ctl_output.o)
    0x00005f6a   0x00005f6a   0x00000008   Code   RO         1719    i.HCI_LE_ClearResolvingList  CH57xBLE.LIB(host_output.o)
    0x00005f72   0x00005f72   0x00000008   Code   RO         1720    i.HCI_LE_ClearWhiteListCmd  CH57xBLE.LIB(host_output.o)
    0x00005f7a   0x00005f7a   0x00000010   Code   RO         1721    i.HCI_LE_ConnUpdateCmd  CH57xBLE.LIB(host_output.o)
    0x00005f8a   0x00005f8a   0x0000001a   Code   RO         2938    i.HCI_LE_ConnectionCompleteCback  CH57xBLE.LIB(ctl_output.o)
    0x00005fa4   0x00005fa4   0x0000000c   Code   RO         2939    i.HCI_LE_ConnectionUpdateCompleteCback  CH57xBLE.LIB(ctl_output.o)
    0x00005fb0   0x00005fb0   0x00000008   Code   RO         1722    i.HCI_LE_CreateConnCancelCmd  CH57xBLE.LIB(host_output.o)
    0x00005fb8   0x00005fb8   0x0000000c   Code   RO         2940    i.HCI_LE_DataLengthChangeCback  CH57xBLE.LIB(ctl_output.o)
    0x00005fc4   0x00005fc4   0x00000012   Code   RO         2941    i.HCI_LE_DirectAdvertisingReportCback  CH57xBLE.LIB(ctl_output.o)
    0x00005fd6   0x00005fd6   0x00000020   Code   RO         2942    i.HCI_LE_EnhancedConnectionCompleteCback  CH57xBLE.LIB(ctl_output.o)
    0x00005ff6   0x00005ff6   0x00000008   Code   RO         2944    i.HCI_LE_LongTermKeyRequestCback  CH57xBLE.LIB(ctl_output.o)
    0x00005ffe   0x00005ffe   0x00000008   Code   RO         1724    i.HCI_LE_LtkReqNegReplyCmd  CH57xBLE.LIB(host_output.o)
    0x00006006   0x00006006   0x00000008   Code   RO         1725    i.HCI_LE_LtkReqReplyCmd  CH57xBLE.LIB(host_output.o)
    0x0000600e   0x0000600e   0x00000008   Code   RO         1726    i.HCI_LE_RandCmd    CH57xBLE.LIB(host_output.o)
    0x00006016   0x00006016   0x00000008   Code   RO         1727    i.HCI_LE_ReadBufSizeCmd  CH57xBLE.LIB(host_output.o)
    0x0000601e   0x0000601e   0x00000008   Code   RO         2946    i.HCI_LE_ReadRemoteUsedFeaturesCompleteCback  CH57xBLE.LIB(ctl_output.o)
    0x00006026   0x00006026   0x00000008   Code   RO         1732    i.HCI_LE_RemoteConnParamReqNegReplyCmd  CH57xBLE.LIB(host_output.o)
    0x0000602e   0x0000602e   0x00000010   Code   RO         1733    i.HCI_LE_RemoteConnParamReqReplyCmd  CH57xBLE.LIB(host_output.o)
    0x0000603e   0x0000603e   0x0000000c   Code   RO         2947    i.HCI_LE_RemoteConnectionParameterRequestCback  CH57xBLE.LIB(ctl_output.o)
    0x0000604a   0x0000604a   0x00000008   Code   RO         1735    i.HCI_LE_SetAddressResolvableEnableCmd  CH57xBLE.LIB(host_output.o)
    0x00006052   0x00006052   0x00000008   Code   RO         1737    i.HCI_LE_SetAdvEnableCmd  CH57xBLE.LIB(host_output.o)
    0x0000605a   0x0000605a   0x00000016   Code   RO         1738    i.HCI_LE_SetAdvParamCmd  CH57xBLE.LIB(host_output.o)
    0x00006070   0x00006070   0x00000008   Code   RO         1741    i.HCI_LE_SetRandomAddressCmd  CH57xBLE.LIB(host_output.o)
    0x00006078   0x00006078   0x00000008   Code   RO         1742    i.HCI_LE_SetResolvableAddressTimeoutCmd  CH57xBLE.LIB(host_output.o)
    0x00006080   0x00006080   0x00000008   Code   RO         1743    i.HCI_LE_SetScanEnableCmd  CH57xBLE.LIB(host_output.o)
    0x00006088   0x00006088   0x00000010   Code   RO         1746    i.HCI_LE_StartEncyptCmd  CH57xBLE.LIB(host_output.o)
    0x00006098   0x00006098   0x00000008   Code   RO         1747    i.HCI_MB_DisconnectCmd  CH57xBLE.LIB(host_output.o)
    0x000060a0   0x000060a0   0x00000008   Code   RO         2948    i.HCI_NumberOfCompletedPacketsCback  CH57xBLE.LIB(ctl_output.o)
    0x000060a8   0x000060a8   0x0000000c   Code   RO         2949    i.HCI_ReadRemoteVersionInfoCback  CH57xBLE.LIB(ctl_output.o)
    0x000060b4   0x000060b4   0x0000000c   Code   RO         2950    i.HCI_RemoteConnectionParameterRequestCback  CH57xBLE.LIB(ctl_output.o)
    0x000060c0   0x000060c0   0x00000008   Code   RO         2951    i.HCI_RxDataCompleteCback  CH57xBLE.LIB(ctl_output.o)
    0x000060c8   0x000060c8   0x00000008   Code   RO         1755    i.HCI_SendDataPkt   CH57xBLE.LIB(host_output.o)
    0x000060d0   0x000060d0   0x0000003c   Code   RO         1759    i.HCI_ValidConnTimeParams  CH57xBLE.LIB(host_output.o)
    0x0000610c   0x0000610c   0x00000040   Code   RO         1665    i.HOST_CommandCompleteEvent  CH57xBLE.LIB(host_input.o)
    0x0000614c   0x0000614c   0x00000030   Code   RO         1666    i.HOST_CommandStatusEvent  CH57xBLE.LIB(host_input.o)
    0x0000617c   0x0000617c   0x00000028   Code   RO         1667    i.HOST_DataBufferOverflowEvent  CH57xBLE.LIB(host_input.o)
    0x000061a4   0x000061a4   0x00000030   Code   RO         1668    i.HOST_DisconnectionCompleteEvent  CH57xBLE.LIB(host_input.o)
    0x000061d4   0x000061d4   0x00000034   Code   RO         1669    i.HOST_EncryptionChangeEvent  CH57xBLE.LIB(host_input.o)
    0x00006208   0x00006208   0x0000002c   Code   RO         1670    i.HOST_EncryptionKeyRefreshCompleteEvent  CH57xBLE.LIB(host_input.o)
    0x00006234   0x00006234   0x00000060   Code   RO         1672    i.HOST_LE_AdvPktReportEvent  CH57xBLE.LIB(host_input.o)
    0x00006294   0x00006294   0x00000080   Code   RO         1673    i.HOST_LE_ConnectionCompleteEvent  CH57xBLE.LIB(host_input.o)
    0x00006314   0x00006314   0x0000003c   Code   RO         1674    i.HOST_LE_ConnectionUpdateCompleteEvent  CH57xBLE.LIB(host_input.o)
    0x00006350   0x00006350   0x0000003c   Code   RO         1675    i.HOST_LE_DataLengthChangeEvent  CH57xBLE.LIB(host_input.o)
    0x0000638c   0x0000638c   0x0000006c   Code   RO         1676    i.HOST_LE_DirectAdvertisingReportEvent  CH57xBLE.LIB(host_input.o)
    0x000063f8   0x000063f8   0x000000b4   Code   RO         1677    i.HOST_LE_EnhancedConnectionCompleteEvent  CH57xBLE.LIB(host_input.o)
    0x000064ac   0x000064ac   0x0000003c   Code   RO         1679    i.HOST_LE_LongTermKeyRequestEvent  CH57xBLE.LIB(host_input.o)
    0x000064e8   0x000064e8   0x0000003c   Code   RO         1681    i.HOST_LE_ReadRemoteUsedFeaturesCompleteEvent  CH57xBLE.LIB(host_input.o)
    0x00006524   0x00006524   0x0000003c   Code   RO         1682    i.HOST_LE_RemoteConnectionParameterRequestEvent  CH57xBLE.LIB(host_input.o)
    0x00006560   0x00006560   0x00000030   Code   RO         1683    i.HOST_NumberOfCompletedPacketsEvent  CH57xBLE.LIB(host_input.o)
    0x00006590   0x00006590   0x00000038   Code   RO         1684    i.HOST_ReadRemoteVersionInfoEvent  CH57xBLE.LIB(host_input.o)
    0x000065c8   0x000065c8   0x00000124   Code   RO         1685    i.HOST_RecvDataPackets  CH57xBLE.LIB(host_input.o)
    0x000066ec   0x000066ec   0x0000002e   Code   RO         1686    i.HOST_RemoteConnectionParameterRequestEvent  CH57xBLE.LIB(host_input.o)
    0x0000671a   0x0000671a   0x00000002   PAD
    0x0000671c   0x0000671c   0x00000018   Code   RO         2325    i.L2CAP_CmdReject   CH57xBLE.LIB(l2cap_sdu.o)
    0x00006734   0x00006734   0x0000001c   Code   RO         2326    i.L2CAP_ConnParamUpdateReq  CH57xBLE.LIB(l2cap_sdu.o)
    0x00006750   0x00006750   0x00000018   Code   RO         2327    i.L2CAP_ConnParamUpdateRsp  CH57xBLE.LIB(l2cap_sdu.o)
    0x00006768   0x00006768   0x00000028   Code   RO         2329    i.L2CAP_DisconnectReq  CH57xBLE.LIB(l2cap_sdu.o)
    0x00006790   0x00006790   0x0000000c   Code   RO         2252    i.L2CAP_GetMTU      CH57xBLE.LIB(l2cap.o)
    0x0000679c   0x0000679c   0x00000018   Code   RO         2253    i.L2CAP_HostNumCompletedPkts  CH57xBLE.LIB(l2cap.o)
    0x000067b4   0x000067b4   0x000000b0   Code   RO         2254    i.L2CAP_Init        CH57xBLE.LIB(l2cap.o)
    0x00006864   0x00006864   0x0000003e   Code   RO         2255    i.L2CAP_ParseConnectReq  CH57xBLE.LIB(l2cap.o)
    0x000068a2   0x000068a2   0x00000020   Code   RO         2256    i.L2CAP_ParseFlowCtrlCredit  CH57xBLE.LIB(l2cap.o)
    0x000068c2   0x000068c2   0x00000034   Code   RO         2985    i.L2CAP_ParseParamUpdateReq  CH57xBLE.LIB(l2cap_input.o)
    0x000068f6   0x000068f6   0x00000002   PAD
    0x000068f8   0x000068f8   0x00000090   Code   RO         2258    i.L2CAP_ProcessEvent  CH57xBLE.LIB(l2cap.o)
    0x00006988   0x00006988   0x0000002c   Code   RO         2261    i.L2CAP_RegisterApp  CH57xBLE.LIB(l2cap.o)
    0x000069b4   0x000069b4   0x0000007c   Code   RO         3013    i.L2CAP_SendData    CH57xBLE.LIB(l2cap_output.o)
    0x00006a30   0x00006a30   0x00000010   Code   RO         2263    i.L2CAP_SetBufSize  CH57xBLE.LIB(l2cap.o)
    0x00006a40   0x00006a40   0x00000020   Code   RO         2266    i.L2CAP_bm_alloc    CH57xBLE.LIB(l2cap.o)
    0x00006a60   0x00006a60   0x0000003c   Code   RO          803    i.LLE_DevInit       CH57xBLE.LIB(lle.o)
    0x00006a9c   0x00006a9c   0x00000094   Code   RO         2806    i.LL_AddDeviceToResolvingList  CH57xBLE.LIB(ctl_input.o)
    0x00006b30   0x00006b30   0x00000078   Code   RO         2807    i.LL_AddWhiteListDevice  CH57xBLE.LIB(ctl_input.o)
    0x00006ba8   0x00006ba8   0x00000084   Code   RO         3054    i.LL_AddrGenerateResolvableAddress  CH57xBLE.LIB(ll_address.o)
    0x00006c2c   0x00006c2c   0x0000011c   Code   RO         3055    i.LL_AddrInit       CH57xBLE.LIB(ll_address.o)
    0x00006d48   0x00006d48   0x00000012   Code   RO         1364    i.LL_AdvertiseDirectTimeout  CH57xBLE.LIB(ll_advertise.o)
    0x00006d5a   0x00006d5a   0x00000002   PAD
    0x00006d5c   0x00006d5c   0x00000038   Code   RO         1367    i.LL_AdvertiseToStandby  CH57xBLE.LIB(ll_advertise.o)
    0x00006d94   0x00006d94   0x00000046   Code   RO         2682    i.LL_ChannelMapReq  CH57xBLE.LIB(ll_pdu.o)
    0x00006dda   0x00006dda   0x0000000a   Code   RO         2808    i.LL_ClearResolvingList  CH57xBLE.LIB(ctl_input.o)
    0x00006de4   0x00006de4   0x0000004c   Code   RO         2809    i.LL_ClearWhiteList  CH57xBLE.LIB(ctl_input.o)
    0x00006e30   0x00006e30   0x00000100   Code   RO         2810    i.LL_ConnUpdate     CH57xBLE.LIB(ctl_input.o)
    0x00006f30   0x00006f30   0x00000022   Code   RO         1411    i.LL_ConnectFlowcontrolRx  CH57xBLE.LIB(ll_connect.o)
    0x00006f52   0x00006f52   0x00000022   Code   RO         1412    i.LL_ConnectFlowcontrolTx  CH57xBLE.LIB(ll_connect.o)
    0x00006f74   0x00006f74   0x00000084   Code   RO         1413    i.LL_ConnectFreeTmosPrioritID  CH57xBLE.LIB(ll_connect.o)
    0x00006ff8   0x00006ff8   0x0000002e   Code   RO         1414    i.LL_ConnectRxPktnumIncrease  CH57xBLE.LIB(ll_connect.o)
    0x00007026   0x00007026   0x00000002   PAD
    0x00007028   0x00007028   0x00000094   Code   RO         1415    i.LL_ConnectShut    CH57xBLE.LIB(ll_connect.o)
    0x000070bc   0x000070bc   0x0000007c   Code   RO         1416    i.LL_ConnectToStandby  CH57xBLE.LIB(ll_connect.o)
    0x00007138   0x00007138   0x0000003c   Code   RO         1417    i.LL_ConnectTxPktnumIncrease  CH57xBLE.LIB(ll_connect.o)
    0x00007174   0x00007174   0x0000006c   Code   RO         2683    i.LL_ConnectionParamReq  CH57xBLE.LIB(ll_pdu.o)
    0x000071e0   0x000071e0   0x00000080   Code   RO         2685    i.LL_ConnectionUpdateReq  CH57xBLE.LIB(ll_pdu.o)
    0x00007260   0x00007260   0x00000060   Code   RO         2644    i.LL_CoreClose      CH57xBLE.LIB(ll_core.o)
    0x000072c0   0x000072c0   0x00000020   Code   RO         2645    i.LL_CoreDataListFree  CH57xBLE.LIB(ll_core.o)
    0x000072e0   0x000072e0   0x00000080   Code   RO         2646    i.LL_CoreDataListInit  CH57xBLE.LIB(ll_core.o)
    0x00007360   0x00007360   0x00000020   Code   RO         2647    i.LL_CoreGetCore    CH57xBLE.LIB(ll_core.o)
    0x00007380   0x00007380   0x00000038   Code   RO         2648    i.LL_CoreGetDataList  CH57xBLE.LIB(ll_core.o)
    0x000073b8   0x000073b8   0x00000014   Code   RO         2649    i.LL_CoreInit       CH57xBLE.LIB(ll_core.o)
    0x000073cc   0x000073cc   0x000000a0   Code   RO         2650    i.LL_CoreOpen       CH57xBLE.LIB(ll_core.o)
    0x0000746c   0x0000746c   0x00000020   Code   RO         2812    i.LL_CreateConnCancel  CH57xBLE.LIB(ctl_input.o)
    0x0000748c   0x0000748c   0x00000030   Code   RO         2813    i.LL_Disconnect     CH57xBLE.LIB(ctl_input.o)
    0x000074bc   0x000074bc   0x0000006e   Code   RO         2686    i.LL_EncReq         CH57xBLE.LIB(ll_pdu.o)
    0x0000752a   0x0000752a   0x000000c2   Code   RO         1314    i.LL_Encrypt        CH57xBLE.LIB(aes.o)
    0x000075ec   0x000075ec   0x00000038   Code   RO         2688    i.LL_FeatureReq     CH57xBLE.LIB(ll_pdu.o)
    0x00007624   0x00007624   0x00000034   Code   RO         2689    i.LL_FeatureRsp     CH57xBLE.LIB(ll_pdu.o)
    0x00007658   0x00007658   0x000000c0   Code   RO         1418    i.LL_GetNextConnectEventTime  CH57xBLE.LIB(ll_connect.o)
    0x00007718   0x00007718   0x0000003a   Code   RO         2750    i.LL_HopAtleastTwoChannels  CH57xBLE.LIB(ll_hop.o)
    0x00007752   0x00007752   0x000000b8   Code   RO         2751    i.LL_HopGetChannel  CH57xBLE.LIB(ll_hop.o)
    0x0000780a   0x0000780a   0x00000006   Code   RO         2752    i.LL_HopInit        CH57xBLE.LIB(ll_hop.o)
    0x00007810   0x00007810   0x000000cc   Code   RO         2631    i.LL_Init           CH57xBLE.LIB(ll.o)
    0x000078dc   0x000078dc   0x00000010   Code   RO         2662    i.LL_InitiateEnable  CH57xBLE.LIB(ll_initiate.o)
    0x000078ec   0x000078ec   0x00000044   Code   RO         2664    i.LL_InitiateToStandby  CH57xBLE.LIB(ll_initiate.o)
    0x00007930   0x00007930   0x0000001c   Code   RO         2814    i.LL_LE_ReadBufSize  CH57xBLE.LIB(ctl_input.o)
    0x0000794c   0x0000794c   0x0000007a   Code   RO         2690    i.LL_LengthReq      CH57xBLE.LIB(ll_pdu.o)
    0x000079c6   0x000079c6   0x00000068   Code   RO         2691    i.LL_LengthRsp      CH57xBLE.LIB(ll_pdu.o)
    0x00007a2e   0x00007a2e   0x00000030   Code   RO         2816    i.LL_LtkReqNegReply  CH57xBLE.LIB(ctl_input.o)
    0x00007a5e   0x00007a5e   0x00000080   Code   RO         2817    i.LL_LtkReqReply    CH57xBLE.LIB(ctl_input.o)
    0x00007ade   0x00007ade   0x0000001e   Code   RO         2818    i.LL_MD_Disconnect  CH57xBLE.LIB(ctl_input.o)
    0x00007afc   0x00007afc   0x000000f0   Code   RO         1501    i.LL_MasterCreateCore  CH57xBLE.LIB(ll_master.o)
    0x00007bec   0x00007bec   0x0000000c   Code   RO         1502    i.LL_MasterEnalbe   CH57xBLE.LIB(ll_master.o)
    0x00007bf8   0x00007bf8   0x000000c4   Code   RO         1503    i.LL_MasterSetFirstTimer  CH57xBLE.LIB(ll_master.o)
    0x00007cbc   0x00007cbc   0x00000028   Code   RO         2692    i.LL_PauseEncReq    CH57xBLE.LIB(ll_pdu.o)
    0x00007ce4   0x00007ce4   0x0000001c   Code   RO         2693    i.LL_PauseEncRsp    CH57xBLE.LIB(ll_pdu.o)
    0x00007d00   0x00007d00   0x00000026   Code   RO         2694    i.LL_PingReq        CH57xBLE.LIB(ll_pdu.o)
    0x00007d26   0x00007d26   0x00000018   Code   RO         2695    i.LL_PingRsp        CH57xBLE.LIB(ll_pdu.o)
    0x00007d3e   0x00007d3e   0x00000002   PAD
    0x00007d40   0x00007d40   0x00000108   Code   RO         2632    i.LL_ProcessEvent   CH57xBLE.LIB(ll.o)
    0x00007e48   0x00007e48   0x000004a6   Code   RO         2742    i.LL_ProcessTMOSReportMsg  CH57xBLE.LIB(ll_report.o)
    0x000082ee   0x000082ee   0x0000001c   Code   RO         2819    i.LL_Rand           CH57xBLE.LIB(ctl_input.o)
    0x0000830a   0x0000830a   0x00000034   Code   RO         2837    i.LL_ReceiverTest   CH57xBLE.LIB(ctl_input.o)
    0x0000833e   0x0000833e   0x00000024   Code   RO         2696    i.LL_RejectInd      CH57xBLE.LIB(ll_pdu.o)
    0x00008362   0x00008362   0x00000020   Code   RO         2697    i.LL_RejectIndExt   CH57xBLE.LIB(ll_pdu.o)
    0x00008382   0x00008382   0x00000030   Code   RO         2838    i.LL_RemoteConnParamReqNegReply  CH57xBLE.LIB(ctl_input.o)
    0x000083b2   0x000083b2   0x00000002   PAD
    0x000083b4   0x000083b4   0x00000104   Code   RO         2839    i.LL_RemoteConnParamReqReply  CH57xBLE.LIB(ctl_input.o)
    0x000084b8   0x000084b8   0x0000002c   Code   RO         2743    i.LL_ReportGenerateEvent  CH57xBLE.LIB(ll_report.o)
    0x000084e4   0x000084e4   0x000000f0   Code   RO         2774    i.LL_ResolvinglistAdd  CH57xBLE.LIB(ll_resolvinglist.o)
    0x000085d4   0x000085d4   0x00000040   Code   RO         2775    i.LL_ResolvinglistCheckLocalResolution  CH57xBLE.LIB(ll_resolvinglist.o)
    0x00008614   0x00008614   0x00000040   Code   RO         2776    i.LL_ResolvinglistCheckPeerResolution  CH57xBLE.LIB(ll_resolvinglist.o)
    0x00008654   0x00008654   0x00000030   Code   RO         2777    i.LL_ResolvinglistClearall  CH57xBLE.LIB(ll_resolvinglist.o)
    0x00008684   0x00008684   0x00000018   Code   RO         2778    i.LL_ResolvinglistInit  CH57xBLE.LIB(ll_resolvinglist.o)
    0x0000869c   0x0000869c   0x0000002c   Code   RO         2779    i.LL_ResolvinglistLocalRpaAddressGetIrk  CH57xBLE.LIB(ll_resolvinglist.o)
    0x000086c8   0x000086c8   0x00000038   Code   RO         2780    i.LL_ResolvinglistPeerIdentifyAddressGetIrk  CH57xBLE.LIB(ll_resolvinglist.o)
    0x00008700   0x00008700   0x0000002c   Code   RO         2781    i.LL_ResolvinglistPeerRpaAddressGetIrk  CH57xBLE.LIB(ll_resolvinglist.o)
    0x0000872c   0x0000872c   0x000000d4   Code   RO         2698    i.LL_RxConnParamReq  CH57xBLE.LIB(ll_pdu.o)
    0x00008800   0x00008800   0x000000b0   Code   RO         2699    i.LL_RxConnParamRsp  CH57xBLE.LIB(ll_pdu.o)
    0x000088b0   0x000088b0   0x00000040   Code   RO         2700    i.LL_RxLenUpdate    CH57xBLE.LIB(ll_pdu.o)
    0x000088f0   0x000088f0   0x00000020   Code   RO         2701    i.LL_RxVersionExchange  CH57xBLE.LIB(ll_pdu.o)
    0x00008910   0x00008910   0x0000002c   Code   RO         1388    i.LL_ScanEnable     CH57xBLE.LIB(ll_scan.o)
    0x0000893c   0x0000893c   0x0000004c   Code   RO         1390    i.LL_ScanToStandby  CH57xBLE.LIB(ll_scan.o)
    0x00008988   0x00008988   0x00000020   Code   RO         2702    i.LL_SendAck        CH57xBLE.LIB(ll_pdu.o)
    0x000089a8   0x000089a8   0x000000b0   Code   RO         2843    i.LL_SendDataPkt    CH57xBLE.LIB(ctl_input.o)
    0x00008a58   0x00008a58   0x000000a0   Code   RO         2703    i.LL_SendDmaBuf     CH57xBLE.LIB(ll_pdu.o)
    0x00008af8   0x00008af8   0x0000004c   Code   RO         2844    i.LL_SetAddressResolvableEnable  CH57xBLE.LIB(ctl_input.o)
    0x00008b44   0x00008b44   0x000000f0   Code   RO         2845    i.LL_SetAdvControl  CH57xBLE.LIB(ctl_input.o)
    0x00008c34   0x00008c34   0x000000ac   Code   RO         2847    i.LL_SetAdvParam    CH57xBLE.LIB(ctl_input.o)
    0x00008ce0   0x00008ce0   0x00000068   Code   RO         2849    i.LL_SetDataLength  CH57xBLE.LIB(ctl_input.o)
    0x00008d48   0x00008d48   0x0000007c   Code   RO         2851    i.LL_SetRandomAddress  CH57xBLE.LIB(ctl_input.o)
    0x00008dc4   0x00008dc4   0x0000002c   Code   RO         2852    i.LL_SetResolvableAddressTimeout  CH57xBLE.LIB(ctl_input.o)
    0x00008df0   0x00008df0   0x00000084   Code   RO         2853    i.LL_SetScanEnable  CH57xBLE.LIB(ctl_input.o)
    0x00008e74   0x00008e74   0x0000001c   Code   RO         2706    i.LL_StartEncRsp    CH57xBLE.LIB(ll_pdu.o)
    0x00008e90   0x00008e90   0x0000014e   Code   RO         2858    i.LL_StartEncrypt   CH57xBLE.LIB(ctl_input.o)
    0x00008fde   0x00008fde   0x0000002c   Code   RO         2707    i.LL_TerminateInd   CH57xBLE.LIB(ll_pdu.o)
    0x0000900a   0x0000900a   0x00000002   PAD
    0x0000900c   0x0000900c   0x000000e8   Code   RO         2860    i.LL_TransmitterTest  CH57xBLE.LIB(ctl_input.o)
    0x000090f4   0x000090f4   0x00000022   Code   RO         2708    i.LL_UnknowRsp      CH57xBLE.LIB(ll_pdu.o)
    0x00009116   0x00009116   0x00000002   PAD
    0x00009118   0x00009118   0x0000003c   Code   RO         2709    i.LL_VersionInd     CH57xBLE.LIB(ll_pdu.o)
    0x00009154   0x00009154   0x00000070   Code   RO         2760    i.LL_WhitelistAdd   CH57xBLE.LIB(ll_whitelist.o)
    0x000091c4   0x000091c4   0x00000024   Code   RO         2761    i.LL_WhitelistClearAll  CH57xBLE.LIB(ll_whitelist.o)
    0x000091e8   0x000091e8   0x00000010   Code   RO         2762    i.LL_WhitelistInit  CH57xBLE.LIB(ll_whitelist.o)
    0x000091f8   0x000091f8   0x00000030   Code   RO         2763    i.LL_WhitelistLookup  CH57xBLE.LIB(ll_whitelist.o)
    0x00009228   0x00009228   0x000000cc   Code   RO         1343    i.RFEND_DevInit     CH57xBLE.LIB(rfend.o)
    0x000092f4   0x000092f4   0x000000f4   Code   RO         1345    i.RFEND_RXAdc       CH57xBLE.LIB(rfend.o)
    0x000093e8   0x000093e8   0x00000070   Code   RO         1346    i.RFEND_RXFilter    CH57xBLE.LIB(rfend.o)
    0x00009458   0x00009458   0x00000b7e   Code   RO         1349    i.RFEND_TXCtune     CH57xBLE.LIB(rfend.o)
    0x00009fd6   0x00009fd6   0x00000002   PAD
    0x00009fd8   0x00009fd8   0x00000014   Code   RO         1350    i.RFEND_TXFtune     CH57xBLE.LIB(rfend.o)
    0x00009fec   0x00009fec   0x00000018   Code   RO          796    i.RTC_Get32KClock   CH57xBLE.LIB(tmos_hw.o)
    0x0000a004   0x0000a004   0x00000074   Code   RO          772    i.RTC_GetTickCount  CH57xBLE.LIB(tmos_hw.o)
    0x0000a078   0x0000a078   0x0000001a   Code   RO          773    i.ReadFlash         CH57xBLE.LIB(tmos_hw.o)
    0x0000a092   0x0000a092   0x00000042   Code   RO         2401    i.SM_CalcRandomAddr  CH57xBLE.LIB(sm.o)
    0x0000a0d4   0x0000a0d4   0x000000a2   Code   RO         2402    i.SM_GenerateAuthenSig  CH57xBLE.LIB(sm.o)
    0x0000a176   0x0000a176   0x00000002   PAD
    0x0000a178   0x0000a178   0x00000024   Code   RO         2403    i.SM_Init           CH57xBLE.LIB(sm.o)
    0x0000a19c   0x0000a19c   0x00000048   Code   RO         2406    i.SM_ParamInit      CH57xBLE.LIB(sm.o)
    0x0000a1e4   0x0000a1e4   0x00000084   Code   RO         2407    i.SM_PasskeyUpdate  CH57xBLE.LIB(sm.o)
    0x0000a268   0x0000a268   0x0000007c   Code   RO         2408    i.SM_ProcessEvent   CH57xBLE.LIB(sm.o)
    0x0000a2e4   0x0000a2e4   0x0000004c   Code   RO         2409    i.SM_ResolveRandomAddrs  CH57xBLE.LIB(sm.o)
    0x0000a330   0x0000a330   0x00000072   Code   RO         2411    i.SM_StartEncryption  CH57xBLE.LIB(sm.o)
    0x0000a3a2   0x0000a3a2   0x00000096   Code   RO         2412    i.SM_StartPairing   CH57xBLE.LIB(sm.o)
    0x0000a438   0x0000a438   0x000000f0   Code   RO         2413    i.SM_VerifyAuthenSig  CH57xBLE.LIB(sm.o)
    0x0000a528   0x0000a528   0x0000006c   Code   RO          689    i.TMOS_CbTimerProcessEvent  CH57xBLE.LIB(tmos.o)
    0x0000a594   0x0000a594   0x00000090   Code   RO          691    i.TMOS_Init         CH57xBLE.LIB(tmos.o)
    0x0000a624   0x0000a624   0x0000002c   Code   RO          692    i.TMOS_ProcessEventRegister  CH57xBLE.LIB(tmos.o)
    0x0000a650   0x0000a650   0x00000010   Code   RO          694    i.TMOS_ProcessRegister  CH57xBLE.LIB(tmos.o)
    0x0000a660   0x0000a660   0x0000022c   Code   RO          695    i.TMOS_SystemProcess  CH57xBLE.LIB(tmos.o)
    0x0000a88c   0x0000a88c   0x00000038   Code   RO          774    i.TMOS_TimerInit    CH57xBLE.LIB(tmos_hw.o)
    0x0000a8c4   0x0000a8c4   0x00000018   Code   RO          696    i.TMOS_TimerRegister  CH57xBLE.LIB(tmos.o)
    0x0000a8dc   0x0000a8dc   0x0000005c   Code   RO          775    i.WtireFlash        CH57xBLE.LIB(tmos_hw.o)
    0x0000a938   0x0000a938   0x00000030   Code   RO          798    i.__ARM_common_ll_muluu  CH57xBLE.LIB(tmos_hw.o)
    0x0000a968   0x0000a968   0x0000001a   Code   RO          174    i.__ARM_common_switch8  ch57x_clk.o
    0x0000a982   0x0000a982   0x0000000e   Code   RO         3100    i.__scatterload_copy  mc_p.l(handlers.o)
    0x0000a990   0x0000a990   0x00000002   Code   RO         3101    i.__scatterload_null  mc_p.l(handlers.o)
    0x0000a992   0x0000a992   0x0000000e   Code   RO         3102    i.__scatterload_zeroinit  mc_p.l(handlers.o)
    0x0000a9a0   0x0000a9a0   0x00000088   Code   RO         1823    i.attSendMsg        CH57xBLE.LIB(att.o)
    0x0000aa28   0x0000aa28   0x00000038   Code   RO         1824    i.attSendRspMsg     CH57xBLE.LIB(att.o)
    0x0000aa60   0x0000aa60   0x00000050   Code   RO          832    i.ble_ll_chkcrc     CH57xBLE.LIB(ip.o)
    0x0000aab0   0x0000aab0   0x0000001e   Code   RO          776    i.ble_ll_common_rand16  CH57xBLE.LIB(tmos_hw.o)
    0x0000aace   0x0000aace   0x0000001c   Code   RO          777    i.ble_ll_common_rand32  CH57xBLE.LIB(tmos_hw.o)
    0x0000aaea   0x0000aaea   0x0000001e   Code   RO          778    i.ble_ll_common_rand8  CH57xBLE.LIB(tmos_hw.o)
    0x0000ab08   0x0000ab08   0x000000f0   Code   RO          833    i.ble_ll_hw_api_rx  CH57xBLE.LIB(ip.o)
    0x0000abf8   0x0000abf8   0x0000006c   Code   RO          834    i.ble_ll_hw_api_rx_test  CH57xBLE.LIB(ip.o)
    0x0000ac64   0x0000ac64   0x00000060   Code   RO          835    i.ble_ll_hw_api_shut  CH57xBLE.LIB(ip.o)
    0x0000acc4   0x0000acc4   0x00000228   Code   RO          836    i.ble_ll_hw_api_tx  CH57xBLE.LIB(ip.o)
    0x0000aeec   0x0000aeec   0x00000084   Code   RO          837    i.ble_ll_hw_api_tx_set_len  CH57xBLE.LIB(ip.o)
    0x0000af70   0x0000af70   0x000001ac   Code   RO          838    i.ble_ll_hw_api_tx_test  CH57xBLE.LIB(ip.o)
    0x0000b11c   0x0000b11c   0x00000014   Code   RO          779    i.ble_ll_set_connect_event  CH57xBLE.LIB(tmos_hw.o)
    0x0000b130   0x0000b130   0x0000005c   Code   RO          780    i.ble_timeout_process  CH57xBLE.LIB(tmos_hw.o)
    0x0000b18c   0x0000b18c   0x0000001a   Code   RO          903    i.disconnectNext    CH57xBLE.LIB(gap.o)
    0x0000b1a6   0x0000b1a6   0x00000038   Code   RO          904    i.gapAddAddrAdj     CH57xBLE.LIB(gap.o)
    0x0000b1de   0x0000b1de   0x00000002   PAD
    0x0000b1e0   0x0000b1e0   0x0000001c   Code   RO         1159    i.gapBondFreeAuthEvt  CH57xBLE.LIB(gapbondmgr.o)
    0x0000b1fc   0x0000b1fc   0x0000013c   Code   RO         1160    i.gapBondMgrAddBond  CH57xBLE.LIB(gapbondmgr.o)
    0x0000b338   0x0000b338   0x0000018c   Code   RO         1161    i.gapBondMgrAuthenticate  CH57xBLE.LIB(gapbondmgr.o)
    0x0000b4c4   0x0000b4c4   0x0000004e   Code   RO         1162    i.gapBondMgrBondReq  CH57xBLE.LIB(gapbondmgr.o)
    0x0000b512   0x0000b512   0x00000002   PAD
    0x0000b514   0x0000b514   0x00000034   Code   RO         1163    i.gapBondMgrBondTotal  CH57xBLE.LIB(gapbondmgr.o)
    0x0000b548   0x0000b548   0x00000064   Code   RO         1164    i.gapBondMgrChangeState  CH57xBLE.LIB(gapbondmgr.o)
    0x0000b5ac   0x0000b5ac   0x00000024   Code   RO         1165    i.gapBondMgrEraseAllBondings  CH57xBLE.LIB(gapbondmgr.o)
    0x0000b5d0   0x0000b5d0   0x000000e8   Code   RO         1166    i.gapBondMgrEraseBonding  CH57xBLE.LIB(gapbondmgr.o)
    0x0000b6b8   0x0000b6b8   0x00000034   Code   RO         1167    i.gapBondMgrFindAddr  CH57xBLE.LIB(gapbondmgr.o)
    0x0000b6ec   0x0000b6ec   0x0000001c   Code   RO         1168    i.gapBondMgrFindCharCfgItem  CH57xBLE.LIB(gapbondmgr.o)
    0x0000b708   0x0000b708   0x00000040   Code   RO         1169    i.gapBondMgrGetPublicAddr  CH57xBLE.LIB(gapbondmgr.o)
    0x0000b748   0x0000b748   0x00000024   Code   RO         1170    i.gapBondMgrGetStateFlags  CH57xBLE.LIB(gapbondmgr.o)
    0x0000b76c   0x0000b76c   0x0000001c   Code   RO         1171    i.gapBondMgrInvertCharCfgItem  CH57xBLE.LIB(gapbondmgr.o)
    0x0000b788   0x0000b788   0x00000084   Code   RO         1172    i.gapBondMgrReadBonds  CH57xBLE.LIB(gapbondmgr.o)
    0x0000b80c   0x0000b80c   0x00000014   Code   RO         1173    i.gapBondMgrSendServiceChange  CH57xBLE.LIB(gapbondmgr.o)
    0x0000b820   0x0000b820   0x000000b4   Code   RO         1174    i.gapBondMgrUpdateCharCfg  CH57xBLE.LIB(gapbondmgr.o)
    0x0000b8d4   0x0000b8d4   0x00000064   Code   RO         1175    i.gapBondMgr_ProcessTMOSMsg  CH57xBLE.LIB(gapbondmgr.o)
    0x0000b938   0x0000b938   0x00000080   Code   RO         1176    i.gapBondMgr_SyncCharCfg  CH57xBLE.LIB(gapbondmgr.o)
    0x0000b9b8   0x0000b9b8   0x00000070   Code   RO         1177    i.gapBondMgr_SyncResolveList  CH57xBLE.LIB(gapbondmgr.o)
    0x0000ba28   0x0000ba28   0x00000038   Code   RO         1178    i.gapBondMgr_SyncWhiteList  CH57xBLE.LIB(gapbondmgr.o)
    0x0000ba60   0x0000ba60   0x00000038   Code   RO         1179    i.gapBondPairStateCB  CH57xBLE.LIB(gapbondmgr.o)
    0x0000ba98   0x0000ba98   0x00000064   Code   RO         1180    i.gapBondPasscodeCB  CH57xBLE.LIB(gapbondmgr.o)
    0x0000bafc   0x0000bafc   0x00000020   Code   RO         1181    i.gapBondSetupPrivFlag  CH57xBLE.LIB(gapbondmgr.o)
    0x0000bb1c   0x0000bb1c   0x00000038   Code   RO         1996    i.gapCancelLinkReq  CH57xBLE.LIB(gap_central.o)
    0x0000bb54   0x0000bb54   0x000000e8   Code   RO         1997    i.gapCentProcessConnEvt  CH57xBLE.LIB(gap_central.o)
    0x0000bc3c   0x0000bc3c   0x00000030   Code   RO         1998    i.gapCentProcessHCICmdEvt  CH57xBLE.LIB(gap_central.o)
    0x0000bc6c   0x0000bc6c   0x00000094   Code   RO         1235    i.gapCentralRole_ProcessGAPMsg  CH57xBLE.LIB(central.o)
    0x0000bd00   0x0000bd00   0x00000084   Code   RO         1236    i.gapCentralRole_ProcessTMOSMsg  CH57xBLE.LIB(central.o)
    0x0000bd84   0x0000bd84   0x00000026   Code   RO          905    i.gapDetermineAddrType  CH57xBLE.LIB(gap.o)
    0x0000bdaa   0x0000bdaa   0x00000046   Code   RO          906    i.gapFindADType     CH57xBLE.LIB(gap.o)
    0x0000bdf0   0x0000bdf0   0x00000018   Code   RO         2037    i.gapFreeAdvertState  CH57xBLE.LIB(gap_peripheral.o)
    0x0000be08   0x0000be08   0x00000034   Code   RO          907    i.gapFreeAuthLink   CH57xBLE.LIB(gap.o)
    0x0000be3c   0x0000be3c   0x00000018   Code   RO          908    i.gapFreeEstLink    CH57xBLE.LIB(gap.o)
    0x0000be54   0x0000be54   0x00000080   Code   RO         1999    i.gapFreeScanRecs   CH57xBLE.LIB(gap_central.o)
    0x0000bed4   0x0000bed4   0x00000020   Code   RO          909    i.gapGetDevAddress  CH57xBLE.LIB(gap.o)
    0x0000bef4   0x0000bef4   0x0000000c   Code   RO          910    i.gapGetDevAddressMode  CH57xBLE.LIB(gap.o)
    0x0000bf00   0x0000bf00   0x0000000c   Code   RO          911    i.gapGetIRK         CH57xBLE.LIB(gap.o)
    0x0000bf0c   0x0000bf0c   0x0000000c   Code   RO          912    i.gapGetSRK         CH57xBLE.LIB(gap.o)
    0x0000bf18   0x0000bf18   0x0000000c   Code   RO          913    i.gapGetSignCounter  CH57xBLE.LIB(gap.o)
    0x0000bf24   0x0000bf24   0x00000020   Code   RO          914    i.gapIncSignCounter  CH57xBLE.LIB(gap.o)
    0x0000bf44   0x0000bf44   0x0000002c   Code   RO          915    i.gapL2capConnParamUpdateReq  CH57xBLE.LIB(gap.o)
    0x0000bf70   0x0000bf70   0x0000010e   Code   RO          916    i.gapPairingCompleteCB  CH57xBLE.LIB(gap.o)
    0x0000c07e   0x0000c07e   0x00000066   Code   RO          917    i.gapPasskeyNeededCB  CH57xBLE.LIB(gap.o)
    0x0000c0e4   0x0000c0e4   0x00000090   Code   RO         2038    i.gapPeriProcessConnEvt  CH57xBLE.LIB(gap_peripheral.o)
    0x0000c174   0x0000c174   0x00000090   Code   RO         2039    i.gapPeriProcessHCICmdCompleteEvt  CH57xBLE.LIB(gap_peripheral.o)
    0x0000c204   0x0000c204   0x00000088   Code   RO         2040    i.gapProcessAdvertisingEvt  CH57xBLE.LIB(gap_peripheral.o)
    0x0000c28c   0x0000c28c   0x00000040   Code   RO          918    i.gapProcessConnEvt  CH57xBLE.LIB(gap.o)
    0x0000c2cc   0x0000c2cc   0x000000cc   Code   RO          919    i.gapProcessConnectionCompleteEvt  CH57xBLE.LIB(gap.o)
    0x0000c398   0x0000c398   0x00000074   Code   RO          920    i.gapProcessDisconnectCompleteEvt  CH57xBLE.LIB(gap.o)
    0x0000c40c   0x0000c40c   0x000000cc   Code   RO          921    i.gapProcessEnhancedConnectionCompleteEvt  CH57xBLE.LIB(gap.o)
    0x0000c4d8   0x0000c4d8   0x00000030   Code   RO          922    i.gapProcessNewAddr  CH57xBLE.LIB(gap.o)
    0x0000c508   0x0000c508   0x0000006c   Code   RO          923    i.gapProcessRandomAddrComplete  CH57xBLE.LIB(gap.o)
    0x0000c574   0x0000c574   0x00000060   Code   RO          924    i.gapProcessRemoteConnParamReqEvt  CH57xBLE.LIB(gap.o)
    0x0000c5d4   0x0000c5d4   0x000000a4   Code   RO         2000    i.gapProcessScanningDirectEvt  CH57xBLE.LIB(gap_central.o)
    0x0000c678   0x0000c678   0x0000028c   Code   RO         2001    i.gapProcessScanningEvt  CH57xBLE.LIB(gap_central.o)
    0x0000c904   0x0000c904   0x000001f4   Code   RO          925    i.gapProcessTMOSMsg  CH57xBLE.LIB(gap.o)
    0x0000caf8   0x0000caf8   0x00000046   Code   RO          930    i.gapSendBondCompleteEvent  CH57xBLE.LIB(gap.o)
    0x0000cb3e   0x0000cb3e   0x00000002   PAD
    0x0000cb40   0x0000cb40   0x000000d0   Code   RO         2002    i.gapSendDevDiscEvent  CH57xBLE.LIB(gap_central.o)
    0x0000cc10   0x0000cc10   0x00000044   Code   RO          931    i.gapSendDeviceInitDoneEvent  CH57xBLE.LIB(gap.o)
    0x0000cc54   0x0000cc54   0x0000005e   Code   RO          932    i.gapSendEstLinkEvent  CH57xBLE.LIB(gap.o)
    0x0000ccb2   0x0000ccb2   0x00000002   PAD
    0x0000ccb4   0x0000ccb4   0x0000004c   Code   RO          933    i.gapSendLinkUpdateEvent  CH57xBLE.LIB(gap.o)
    0x0000cd00   0x0000cd00   0x00000038   Code   RO         2041    i.gapSendMakeDiscEvent  CH57xBLE.LIB(gap_peripheral.o)
    0x0000cd38   0x0000cd38   0x0000005c   Code   RO          934    i.gapSendPairingReqEvent  CH57xBLE.LIB(gap.o)
    0x0000cd94   0x0000cd94   0x0000001c   Code   RO         2003    i.gapSendScanEnable  CH57xBLE.LIB(gap_central.o)
    0x0000cdb0   0x0000cdb0   0x0000003a   Code   RO          935    i.gapSendSlaveSecurityReqEvent  CH57xBLE.LIB(gap.o)
    0x0000cdea   0x0000cdea   0x00000002   PAD
    0x0000cdec   0x0000cdec   0x00000080   Code   RO         2042    i.gapSetAdvParams   CH57xBLE.LIB(gap_peripheral.o)
    0x0000ce6c   0x0000ce6c   0x00000048   Code   RO         2004    i.gapSetScanParamStatus  CH57xBLE.LIB(gap_central.o)
    0x0000ceb4   0x0000ceb4   0x0000004e   Code   RO          936    i.gapUpdateConnSignCounter  CH57xBLE.LIB(gap.o)
    0x0000cf02   0x0000cf02   0x00000014   Code   RO          937    i.gapValidADType    CH57xBLE.LIB(gap.o)
    0x0000cf16   0x0000cf16   0x00000002   PAD
    0x0000cf18   0x0000cf18   0x000000d4   Code   RO         2043    i.gapWriteAdvEnableStatus  CH57xBLE.LIB(gap_peripheral.o)
    0x0000cfec   0x0000cfec   0x00000024   Code   RO         2134    i.gattFindServerInfo  CH57xBLE.LIB(gattservapp.o)
    0x0000d010   0x0000d010   0x00000020   Code   RO         2135    i.gattFindService   CH57xBLE.LIB(gattservapp.o)
    0x0000d030   0x0000d030   0x00000068   Code   RO         1037    i.gattGetPayload    CH57xBLE.LIB(gatt.o)
    0x0000d098   0x0000d098   0x0000002c   Code   RO         2136    i.gattGetServerStatus  CH57xBLE.LIB(gattservapp.o)
    0x0000d0c4   0x0000d0c4   0x0000005a   Code   RO         1038    i.gattNotifyEvent   CH57xBLE.LIB(gatt.o)
    0x0000d11e   0x0000d11e   0x00000004   Code   RO         2137    i.gattProcessExchangeMTUReq  CH57xBLE.LIB(gattservapp.o)
    0x0000d122   0x0000d122   0x00000004   Code   RO         2138    i.gattProcessExecuteWriteReq  CH57xBLE.LIB(gattservapp.o)
    0x0000d126   0x0000d126   0x0000002c   Code   RO         2139    i.gattProcessFindByTypeValueReq  CH57xBLE.LIB(gattservapp.o)
    0x0000d152   0x0000d152   0x00000002   PAD
    0x0000d154   0x0000d154   0x00000124   Code   RO         2140    i.gattProcessFindInfoReq  CH57xBLE.LIB(gattservapp.o)
    0x0000d278   0x0000d278   0x00000026   Code   RO         2141    i.gattProcessPrepareWriteReq  CH57xBLE.LIB(gattservapp.o)
    0x0000d29e   0x0000d29e   0x00000002   PAD
    0x0000d2a0   0x0000d2a0   0x00000048   Code   RO         2142    i.gattProcessReadByGrpTypeReq  CH57xBLE.LIB(gattservapp.o)
    0x0000d2e8   0x0000d2e8   0x0000002c   Code   RO         2143    i.gattProcessReadByTypeReq  CH57xBLE.LIB(gattservapp.o)
    0x0000d314   0x0000d314   0x00000066   Code   RO         2144    i.gattProcessReadMultiReq  CH57xBLE.LIB(gattservapp.o)
    0x0000d37a   0x0000d37a   0x00000022   Code   RO         2145    i.gattProcessReadReq  CH57xBLE.LIB(gattservapp.o)
    0x0000d39c   0x0000d39c   0x00000026   Code   RO         2146    i.gattProcessWriteReq  CH57xBLE.LIB(gattservapp.o)
    0x0000d3c2   0x0000d3c2   0x00000002   PAD
    0x0000d3c4   0x0000d3c4   0x0000000c   Code   RO         1046    i.gattRegisterServer  CH57xBLE.LIB(gatt.o)
    0x0000d3d0   0x0000d3d0   0x00000010   Code   RO         2147    i.gattResetServerInfo  CH57xBLE.LIB(gattservapp.o)
    0x0000d3e0   0x0000d3e0   0x0000003c   Code   RO         1047    i.gattSendFlowCtrlEvt  CH57xBLE.LIB(gatt.o)
    0x0000d41c   0x0000d41c   0x0000003c   Code   RO         2148    i.gattServApp_ClearPrepareWriteQ  CH57xBLE.LIB(gattservapp.o)
    0x0000d458   0x0000d458   0x0000000e   Code   RO         2149    i.gattServApp_FindAuthorizeAttrCB  CH57xBLE.LIB(gattservapp.o)
    0x0000d466   0x0000d466   0x0000001a   Code   RO         2150    i.gattServApp_FindCharCfgItem  CH57xBLE.LIB(gattservapp.o)
    0x0000d480   0x0000d480   0x00000024   Code   RO         2151    i.gattServApp_FindPrepareWriteQ  CH57xBLE.LIB(gattservapp.o)
    0x0000d4a4   0x0000d4a4   0x00000020   Code   RO         2152    i.gattServApp_FindServiceCBs  CH57xBLE.LIB(gattservapp.o)
    0x0000d4c4   0x0000d4c4   0x0000005c   Code   RO         2153    i.gattServApp_HandleConnStatusCB  CH57xBLE.LIB(gattservapp.o)
    0x0000d520   0x0000d520   0x000000bc   Code   RO         2154    i.gattServApp_IsWriteLong  CH57xBLE.LIB(gattservapp.o)
    0x0000d5dc   0x0000d5dc   0x000000dc   Code   RO         2155    i.gattServApp_ProcessExecuteWriteReq  CH57xBLE.LIB(gattservapp.o)
    0x0000d6b8   0x0000d6b8   0x0000013c   Code   RO         2156    i.gattServApp_ProcessFindByTypeValueReq  CH57xBLE.LIB(gattservapp.o)
    0x0000d7f4   0x0000d7f4   0x00000254   Code   RO         2157    i.gattServApp_ProcessMsg  CH57xBLE.LIB(gattservapp.o)
    0x0000da48   0x0000da48   0x000000e0   Code   RO         2158    i.gattServApp_ProcessPrepareWriteReq  CH57xBLE.LIB(gattservapp.o)
    0x0000db28   0x0000db28   0x00000194   Code   RO         2159    i.gattServApp_ProcessReadByGrpTypeReq  CH57xBLE.LIB(gattservapp.o)
    0x0000dcbc   0x0000dcbc   0x00000140   Code   RO         2160    i.gattServApp_ProcessReadByTypeReq  CH57xBLE.LIB(gattservapp.o)
    0x0000ddfc   0x0000ddfc   0x00000110   Code   RO         2161    i.gattServApp_ProcessReadMultiReq  CH57xBLE.LIB(gattservapp.o)
    0x0000df0c   0x0000df0c   0x00000090   Code   RO         2162    i.gattServApp_ProcessWriteReq  CH57xBLE.LIB(gattservapp.o)
    0x0000df9c   0x0000df9c   0x00000030   Code   RO         2165    i.gattServApp_WriteAttrCB  CH57xBLE.LIB(gattservapp.o)
    0x0000dfcc   0x0000dfcc   0x00000080   Code   RO         2166    i.gattServerHandleConnStatusCB  CH57xBLE.LIB(gattservapp.o)
    0x0000e04c   0x0000e04c   0x0000002a   Code   RO         2167    i.gattServerHandleTimerCB  CH57xBLE.LIB(gattservapp.o)
    0x0000e076   0x0000e076   0x0000001c   Code   RO         2168    i.gattServerNotifyTxCB  CH57xBLE.LIB(gattservapp.o)
    0x0000e092   0x0000e092   0x00000002   PAD
    0x0000e094   0x0000e094   0x00000150   Code   RO         2169    i.gattServerProcessMsgCB  CH57xBLE.LIB(gattservapp.o)
    0x0000e1e4   0x0000e1e4   0x00000016   Code   RO         2170    i.gattServiceLastHandle  CH57xBLE.LIB(gattservapp.o)
    0x0000e1fa   0x0000e1fa   0x0000000e   Code   RO         1048    i.gattStartTimer    CH57xBLE.LIB(gatt.o)
    0x0000e208   0x0000e208   0x0000001a   Code   RO         1049    i.gattStopTimer     CH57xBLE.LIB(gatt.o)
    0x0000e222   0x0000e222   0x00000002   PAD
    0x0000e224   0x0000e224   0x0000009c   Code   RO         2414    i.generate_subkey   CH57xBLE.LIB(sm.o)
    0x0000e2c0   0x0000e2c0   0x000000d8   Code   RO         2077    i.ggs_ReadAttrCB    CH57xBLE.LIB(gapgattserver.o)
    0x0000e398   0x0000e398   0x0000006e   Code   RO         2078    i.ggs_SetAttrWPermit  CH57xBLE.LIB(gapgattserver.o)
    0x0000e406   0x0000e406   0x00000002   PAD
    0x0000e408   0x0000e408   0x00000110   Code   RO         2079    i.ggs_WriteAttrCB   CH57xBLE.LIB(gapgattserver.o)
    0x0000e518   0x0000e518   0x000000a8   Code   RO         2267    i.l2capAllocConnChannel  CH57xBLE.LIB(l2cap.o)
    0x0000e5c0   0x0000e5c0   0x00000040   Code   RO         2330    i.l2capBuildCmdReject  CH57xBLE.LIB(l2cap_sdu.o)
    0x0000e600   0x0000e600   0x00000036   Code   RO         2331    i.l2capBuildConnectRsp  CH57xBLE.LIB(l2cap_sdu.o)
    0x0000e636   0x0000e636   0x00000018   Code   RO         2332    i.l2capBuildDisconnectReq  CH57xBLE.LIB(l2cap_sdu.o)
    0x0000e64e   0x0000e64e   0x00000018   Code   RO         2333    i.l2capBuildDisconnectRsp  CH57xBLE.LIB(l2cap_sdu.o)
    0x0000e666   0x0000e666   0x0000002c   Code   RO         2334    i.l2capBuildParamUpdateReq  CH57xBLE.LIB(l2cap_sdu.o)
    0x0000e692   0x0000e692   0x0000000e   Code   RO         2335    i.l2capBuildParamUpdateRsp  CH57xBLE.LIB(l2cap_sdu.o)
    0x0000e6a0   0x0000e6a0   0x00000098   Code   RO         2269    i.l2capDisconnectAllChannels  CH57xBLE.LIB(l2cap.o)
    0x0000e738   0x0000e738   0x0000001e   Code   RO         2270    i.l2capDisconnectChannel  CH57xBLE.LIB(l2cap.o)
    0x0000e756   0x0000e756   0x00000002   PAD
    0x0000e758   0x0000e758   0x000000b4   Code   RO         3015    i.l2capEncapSendData  CH57xBLE.LIB(l2cap_output.o)
    0x0000e80c   0x0000e80c   0x0000002c   Code   RO         2271    i.l2capFindLocalCID  CH57xBLE.LIB(l2cap.o)
    0x0000e838   0x0000e838   0x00000030   Code   RO         2272    i.l2capFindLocalId  CH57xBLE.LIB(l2cap.o)
    0x0000e868   0x0000e868   0x00000030   Code   RO         2273    i.l2capFindPsm      CH57xBLE.LIB(l2cap.o)
    0x0000e898   0x0000e898   0x0000003c   Code   RO         2274    i.l2capFindRemoteCID  CH57xBLE.LIB(l2cap.o)
    0x0000e8d4   0x0000e8d4   0x00000034   Code   RO         2275    i.l2capFreeChannel  CH57xBLE.LIB(l2cap.o)
    0x0000e908   0x0000e908   0x00000030   Code   RO         2276    i.l2capFreePendingPkt  CH57xBLE.LIB(l2cap.o)
    0x0000e938   0x0000e938   0x00000074   Code   RO         3016    i.l2capFreeTxSDU    CH57xBLE.LIB(l2cap_output.o)
    0x0000e9ac   0x0000e9ac   0x00000058   Code   RO         2277    i.l2capGetCoChannelInfo  CH57xBLE.LIB(l2cap.o)
    0x0000ea04   0x0000ea04   0x0000002c   Code   RO         2278    i.l2capHandleConnStatusCB  CH57xBLE.LIB(l2cap.o)
    0x0000ea30   0x0000ea30   0x0000000a   Code   RO         2279    i.l2capHandleRxError  CH57xBLE.LIB(l2cap.o)
    0x0000ea3a   0x0000ea3a   0x0000001c   Code   RO         2280    i.l2capHandleTimerCB  CH57xBLE.LIB(l2cap.o)
    0x0000ea56   0x0000ea56   0x00000054   Code   RO         3017    i.l2capNotifyChannelEstEvt  CH57xBLE.LIB(l2cap_output.o)
    0x0000eaaa   0x0000eaaa   0x0000003a   Code   RO         3018    i.l2capNotifyChannelTermEvt  CH57xBLE.LIB(l2cap_output.o)
    0x0000eae4   0x0000eae4   0x00000080   Code   RO         3019    i.l2capNotifyCreditEvt  CH57xBLE.LIB(l2cap_output.o)
    0x0000eb64   0x0000eb64   0x00000046   Code   RO         3020    i.l2capNotifyData   CH57xBLE.LIB(l2cap_output.o)
    0x0000ebaa   0x0000ebaa   0x0000004e   Code   RO         3021    i.l2capNotifyEvent  CH57xBLE.LIB(l2cap_output.o)
    0x0000ebf8   0x0000ebf8   0x0000004e   Code   RO         3022    i.l2capNotifySignal  CH57xBLE.LIB(l2cap_output.o)
    0x0000ec46   0x0000ec46   0x00000002   PAD
    0x0000ec48   0x0000ec48   0x00000040   Code   RO         2281    i.l2capNumActiveChannnels  CH57xBLE.LIB(l2cap.o)
    0x0000ec88   0x0000ec88   0x00000040   Code   RO         2986    i.l2capParseCmdReject  CH57xBLE.LIB(l2cap_input.o)
    0x0000ecc8   0x0000ecc8   0x0000003e   Code   RO         2987    i.l2capParseConnectRsp  CH57xBLE.LIB(l2cap_input.o)
    0x0000ed06   0x0000ed06   0x00000020   Code   RO         2988    i.l2capParseDisconnectReq  CH57xBLE.LIB(l2cap_input.o)
    0x0000ed26   0x0000ed26   0x00000020   Code   RO         2989    i.l2capParseDisconnectRsp  CH57xBLE.LIB(l2cap_input.o)
    0x0000ed46   0x0000ed46   0x00000060   Code   RO         2990    i.l2capParsePacket  CH57xBLE.LIB(l2cap_input.o)
    0x0000eda6   0x0000eda6   0x00000016   Code   RO         2991    i.l2capParseParamUpdateRsp  CH57xBLE.LIB(l2cap_input.o)
    0x0000edbc   0x0000edbc   0x00000014   Code   RO         2992    i.l2capParseSignalHdr  CH57xBLE.LIB(l2cap_input.o)
    0x0000edd0   0x0000edd0   0x000000c0   Code   RO         2993    i.l2capProcessConnectReq  CH57xBLE.LIB(l2cap_input.o)
    0x0000ee90   0x0000ee90   0x00000134   Code   RO         2994    i.l2capProcessReq   CH57xBLE.LIB(l2cap_input.o)
    0x0000efc4   0x0000efc4   0x0000010e   Code   RO         2995    i.l2capProcessRsp   CH57xBLE.LIB(l2cap_input.o)
    0x0000f0d2   0x0000f0d2   0x00000002   PAD
    0x0000f0d4   0x0000f0d4   0x000000e4   Code   RO         2996    i.l2capProcessRxData  CH57xBLE.LIB(l2cap_input.o)
    0x0000f1b8   0x0000f1b8   0x00000120   Code   RO         3023    i.l2capReassembleSegment  CH57xBLE.LIB(l2cap_output.o)
    0x0000f2d8   0x0000f2d8   0x00000068   Code   RO         3024    i.l2capSendCmd      CH57xBLE.LIB(l2cap_output.o)
    0x0000f340   0x0000f340   0x00000088   Code   RO         2336    i.l2capSendConnectRsp  CH57xBLE.LIB(l2cap_sdu.o)
    0x0000f3c8   0x0000f3c8   0x00000050   Code   RO         3025    i.l2capSendFCPkt    CH57xBLE.LIB(l2cap_output.o)
    0x0000f418   0x0000f418   0x00000098   Code   RO         3026    i.l2capSendNextSegment  CH57xBLE.LIB(l2cap_output.o)
    0x0000f4b0   0x0000f4b0   0x00000040   Code   RO         3027    i.l2capSendPkt      CH57xBLE.LIB(l2cap_output.o)
    0x0000f4f0   0x0000f4f0   0x0000009c   Code   RO         3028    i.l2capSendReq      CH57xBLE.LIB(l2cap_output.o)
    0x0000f58c   0x0000f58c   0x000000c0   Code   RO         3029    i.l2capSendSegment  CH57xBLE.LIB(l2cap_output.o)
    0x0000f64c   0x0000f64c   0x0000002c   Code   RO         2282    i.l2capStartTimer   CH57xBLE.LIB(l2cap.o)
    0x0000f678   0x0000f678   0x00000010   Code   RO         2283    i.l2capStopTimer    CH57xBLE.LIB(l2cap.o)
    0x0000f688   0x0000f688   0x00000028   Code   RO         3030    i.l2capStoreFCPkt   CH57xBLE.LIB(l2cap_output.o)
    0x0000f6b0   0x0000f6b0   0x0000001c   Code   RO         2415    i.leftshift_onebit  CH57xBLE.LIB(sm.o)
    0x0000f6cc   0x0000f6cc   0x00000070   Code   RO         2353    i.linkDB_Add        CH57xBLE.LIB(linkdb.o)
    0x0000f73c   0x0000f73c   0x00000058   Code   RO         2354    i.linkDB_Authen     CH57xBLE.LIB(linkdb.o)
    0x0000f794   0x0000f794   0x00000030   Code   RO         2355    i.linkDB_Find       CH57xBLE.LIB(linkdb.o)
    0x0000f7c4   0x0000f7c4   0x0000003c   Code   RO         2356    i.linkDB_FindFirst  CH57xBLE.LIB(linkdb.o)
    0x0000f800   0x0000f800   0x00000038   Code   RO         2357    i.linkDB_GetHandleFromSMEvtID  CH57xBLE.LIB(linkdb.o)
    0x0000f838   0x0000f838   0x00000058   Code   RO         2358    i.linkDB_GetPairingParam  CH57xBLE.LIB(linkdb.o)
    0x0000f890   0x0000f890   0x0000004c   Code   RO         2359    i.linkDB_GetSMEvtID  CH57xBLE.LIB(linkdb.o)
    0x0000f8dc   0x0000f8dc   0x00000064   Code   RO         2360    i.linkDB_Init       CH57xBLE.LIB(linkdb.o)
    0x0000f940   0x0000f940   0x0000000e   Code   RO         2361    i.linkDB_MTU        CH57xBLE.LIB(linkdb.o)
    0x0000f94e   0x0000f94e   0x00000002   PAD
    0x0000f950   0x0000f950   0x00000048   Code   RO         2362    i.linkDB_NeedSendKey  CH57xBLE.LIB(linkdb.o)
    0x0000f998   0x0000f998   0x0000002c   Code   RO         2363    i.linkDB_NumActive  CH57xBLE.LIB(linkdb.o)
    0x0000f9c4   0x0000f9c4   0x0000000c   Code   RO         2364    i.linkDB_NumConns   CH57xBLE.LIB(linkdb.o)
    0x0000f9d0   0x0000f9d0   0x00000030   Code   RO         2365    i.linkDB_PerformFunc  CH57xBLE.LIB(linkdb.o)
    0x0000fa00   0x0000fa00   0x00000024   Code   RO         2367    i.linkDB_Register   CH57xBLE.LIB(linkdb.o)
    0x0000fa24   0x0000fa24   0x00000036   Code   RO         2368    i.linkDB_Remove     CH57xBLE.LIB(linkdb.o)
    0x0000fa5a   0x0000fa5a   0x0000000e   Code   RO         2369    i.linkDB_Role       CH57xBLE.LIB(linkdb.o)
    0x0000fa68   0x0000fa68   0x00000020   Code   RO         2370    i.linkDB_State      CH57xBLE.LIB(linkdb.o)
    0x0000fa88   0x0000fa88   0x0000001c   Code   RO         2372    i.linkDB_UpdateMTU  CH57xBLE.LIB(linkdb.o)
    0x0000faa4   0x0000faa4   0x00000054   Code   RO         2665    i.llInitiateCreateCore  CH57xBLE.LIB(ll_initiate.o)
    0x0000faf8   0x0000faf8   0x00000114   Code   RO         2666    i.llInitiateSet     CH57xBLE.LIB(ll_initiate.o)
    0x0000fc0c   0x0000fc0c   0x00000070   Code   RO         2667    i.llInitiateStart   CH57xBLE.LIB(ll_initiate.o)
    0x0000fc7c   0x0000fc7c   0x000000a8   Code   RO         2668    i.llInitiateTraverseaChannel  CH57xBLE.LIB(ll_initiate.o)
    0x0000fd24   0x0000fd24   0x00000058   Code   RO         1391    i.llScanCreateCore  CH57xBLE.LIB(ll_scan.o)
    0x0000fd7c   0x0000fd7c   0x000000dc   Code   RO         1392    i.llScanSet         CH57xBLE.LIB(ll_scan.o)
    0x0000fe58   0x0000fe58   0x0000006c   Code   RO         1393    i.llScanStart       CH57xBLE.LIB(ll_scan.o)
    0x0000fec4   0x0000fec4   0x0000006c   Code   RO         1394    i.llScanTraverseaChannel  CH57xBLE.LIB(ll_scan.o)
    0x0000ff30   0x0000ff30   0x00000290   Code   RO         1420    i.ll_connect_action_in_connintervaltimeout  CH57xBLE.LIB(ll_connect.o)
    0x000101c0   0x000101c0   0x0000001a   Code   RO         1421    i.ll_connect_auth_timeout  CH57xBLE.LIB(ll_connect.o)
    0x000101da   0x000101da   0x00000080   Code   RO         1422    i.ll_connect_calculate_effective_len  CH57xBLE.LIB(ll_connect.o)
    0x0001025a   0x0001025a   0x00000002   PAD
    0x0001025c   0x0001025c   0x000001ac   Code   RO         1423    i.ll_connect_change_connect_point  CH57xBLE.LIB(ll_connect.o)
    0x00010408   0x00010408   0x000000b0   Code   RO         1424    i.ll_connect_event_continue  CH57xBLE.LIB(ll_connect.o)
    0x000104b8   0x000104b8   0x0000000a   Code   RO         1425    i.ll_connect_flowcontrol_init  CH57xBLE.LIB(ll_connect.o)
    0x000104c2   0x000104c2   0x00000002   PAD
    0x000104c4   0x000104c4   0x0000001c   Code   RO         1426    i.ll_connect_get_master_number  CH57xBLE.LIB(ll_connect.o)
    0x000104e0   0x000104e0   0x0000001c   Code   RO         1427    i.ll_connect_get_slave_number  CH57xBLE.LIB(ll_connect.o)
    0x000104fc   0x000104fc   0x000000b8   Code   RO         1428    i.ll_connect_get_start_point  CH57xBLE.LIB(ll_connect.o)
    0x000105b4   0x000105b4   0x00000088   Code   RO         1429    i.ll_connect_get_update_point  CH57xBLE.LIB(ll_connect.o)
    0x0001063c   0x0001063c   0x00000084   Code   RO         1430    i.ll_connect_init_dataLen  CH57xBLE.LIB(ll_connect.o)
    0x000106c0   0x000106c0   0x0000002a   Code   RO         1431    i.ll_connect_init_pingOffset  CH57xBLE.LIB(ll_connect.o)
    0x000106ea   0x000106ea   0x00000026   Code   RO         1432    i.ll_connect_parse_datapdu_head  CH57xBLE.LIB(ll_connect.o)
    0x00010710   0x00010710   0x0000001e   Code   RO         1433    i.ll_connect_procedure_timeout  CH57xBLE.LIB(ll_connect.o)
    0x0001072e   0x0001072e   0x00000002   PAD
    0x00010730   0x00010730   0x000000b4   Code   RO         1434    i.ll_connect_recv_data  CH57xBLE.LIB(ll_connect.o)
    0x000107e4   0x000107e4   0x00000060   Code   RO         1435    i.ll_connect_send_data  CH57xBLE.LIB(ll_connect.o)
    0x00010844   0x00010844   0x00000040   Code   RO         1436    i.ll_connect_set_auth_timeout  CH57xBLE.LIB(ll_connect.o)
    0x00010884   0x00010884   0x0000002c   Code   RO         1437    i.ll_connect_set_connect_timeout  CH57xBLE.LIB(ll_connect.o)
    0x000108b0   0x000108b0   0x0000002c   Code   RO         1438    i.ll_connect_set_procedure_timeout  CH57xBLE.LIB(ll_connect.o)
    0x000108dc   0x000108dc   0x00000026   Code   RO         1439    i.ll_connect_supervision_timeout  CH57xBLE.LIB(ll_connect.o)
    0x00010902   0x00010902   0x00000002   PAD
    0x00010904   0x00010904   0x000000ac   Code   RO         1440    i.ll_connect_update_get_offset  CH57xBLE.LIB(ll_connect.o)
    0x000109b0   0x000109b0   0x00000028   Code   RO         2633    i.ll_get_prime_number  CH57xBLE.LIB(ll.o)
    0x000109d8   0x000109d8   0x00000064   Code   RO          839    i.ll_hw_api_rx_set_txlen  CH57xBLE.LIB(ip.o)
    0x00010a3c   0x00010a3c   0x00000018   Code   RO          840    i.ll_hw_api_set_channel  CH57xBLE.LIB(ip.o)
    0x00010a54   0x00010a54   0x00000020   Code   RO          841    i.ll_hw_api_set_pkt_dec  CH57xBLE.LIB(ip.o)
    0x00010a74   0x00010a74   0x00000020   Code   RO          842    i.ll_hw_api_set_pkt_enc  CH57xBLE.LIB(ip.o)
    0x00010a94   0x00010a94   0x00000074   Code   RO          781    i.ll_hw_temp_sample  CH57xBLE.LIB(tmos_hw.o)
    0x00010b08   0x00010b08   0x00000034   Code   RO         1441    i.ll_hw_timer_window_widening  CH57xBLE.LIB(ll_connect.o)
    0x00010b3c   0x00010b3c   0x00000590   Code   RO         2669    i.ll_initiate_process  CH57xBLE.LIB(ll_initiate.o)
    0x000110cc   0x000110cc   0x000003c6   Code   RO         1504    i.ll_master_action_tx_ready  CH57xBLE.LIB(ll_master.o)
    0x00011492   0x00011492   0x00000002   PAD
    0x00011494   0x00011494   0x000000a4   Code   RO         1442    i.ll_master_check_connect_point  CH57xBLE.LIB(ll_connect.o)
    0x00011538   0x00011538   0x0000076c   Code   RO         1505    i.ll_master_process  CH57xBLE.LIB(ll_master.o)
    0x00011ca4   0x00011ca4   0x0000021c   Code   RO         1506    i.ll_master_process_after_rx  CH57xBLE.LIB(ll_master.o)
    0x00011ec0   0x00011ec0   0x000001d8   Code   RO         1507    i.ll_master_process_event  CH57xBLE.LIB(ll_master.o)
    0x00012098   0x00012098   0x00000052   Code   RO         2783    i.ll_resolvinglist_checkRPA  CH57xBLE.LIB(ll_resolvinglist.o)
    0x000120ea   0x000120ea   0x00000002   PAD
    0x000120ec   0x000120ec   0x00000048   Code   RO         2784    i.ll_resolvinglist_renew_rpa  CH57xBLE.LIB(ll_resolvinglist.o)
    0x00012134   0x00012134   0x00000014   Code   RO         2785    i.ll_resolvinglist_renew_set  CH57xBLE.LIB(ll_resolvinglist.o)
    0x00012148   0x00012148   0x00000050   Code   RO         2786    i.ll_resolvinglist_timeout_renew_rpa  CH57xBLE.LIB(ll_resolvinglist.o)
    0x00012198   0x00012198   0x000006d0   Code   RO         1395    i.ll_scan_process   CH57xBLE.LIB(ll_scan.o)
    0x00012868   0x00012868   0x0000034c   Code   RO         1396    i.ll_scan_tx        CH57xBLE.LIB(ll_scan.o)
    0x00012bb4   0x00012bb4   0x00000026   Code   RO         2416    i.padding           CH57xBLE.LIB(sm.o)
    0x00012bda   0x00012bda   0x00000002   PAD
    0x00012bdc   0x00012bdc   0x00000024   Code   RO         2373    i.reportStatusChange  CH57xBLE.LIB(linkdb.o)
    0x00012c00   0x00012c00   0x000000d0   Code   RO          938    i.sendAuthEvent     CH57xBLE.LIB(gap.o)
    0x00012cd0   0x00012cd0   0x00000030   Code   RO          939    i.sendTerminateEvent  CH57xBLE.LIB(gap.o)
    0x00012d00   0x00012d00   0x0000004e   Code   RO         2417    i.setupInitiatorKeys  CH57xBLE.LIB(sm.o)
    0x00012d4e   0x00012d4e   0x0000001e   Code   RO         2419    i.smDetermineKeySize  CH57xBLE.LIB(sm.o)
    0x00012d6c   0x00012d6c   0x00000048   Code   RO         2420    i.smEndPairing      CH57xBLE.LIB(sm.o)
    0x00012db4   0x00012db4   0x0000004e   Code   RO         2421    i.smFreePairingParams  CH57xBLE.LIB(sm.o)
    0x00012e02   0x00012e02   0x00000002   PAD
    0x00012e04   0x00012e04   0x00000024   Code   RO         2422    i.smGenerateConfirm  CH57xBLE.LIB(sm.o)
    0x00012e28   0x00012e28   0x00000034   Code   RO         2423    i.smGeneratePairingReqRsp  CH57xBLE.LIB(sm.o)
    0x00012e5c   0x00012e5c   0x00000028   Code   RO          940    i.smGenerateRandBuf  CH57xBLE.LIB(gap.o)
    0x00012e84   0x00012e84   0x00000024   Code   RO         2424    i.smGenerateRandMsg  CH57xBLE.LIB(sm.o)
    0x00012ea8   0x00012ea8   0x00000160   Code   RO         2425    i.smInitiatorSendNextKeyInfo  CH57xBLE.LIB(sm.o)
    0x00013008   0x00013008   0x00000020   Code   RO         2426    i.smLinkCheck       CH57xBLE.LIB(sm.o)
    0x00013028   0x00013028   0x00000040   Code   RO         2427    i.smNextPairingState  CH57xBLE.LIB(sm.o)
    0x00013068   0x00013068   0x00000014   Code   RO         2428    i.smPairingSendEncInfo  CH57xBLE.LIB(sm.o)
    0x0001307c   0x0001307c   0x00000028   Code   RO         2429    i.smPairingSendIdentityAddrInfo  CH57xBLE.LIB(sm.o)
    0x000130a4   0x000130a4   0x00000014   Code   RO         2430    i.smPairingSendIdentityInfo  CH57xBLE.LIB(sm.o)
    0x000130b8   0x000130b8   0x00000028   Code   RO         2431    i.smPairingSendMasterID  CH57xBLE.LIB(sm.o)
    0x000130e0   0x000130e0   0x00000014   Code   RO         2432    i.smPairingSendSingingInfo  CH57xBLE.LIB(sm.o)
    0x000130f4   0x000130f4   0x000000c8   Code   RO         2433    i.smProcessDataMsg  CH57xBLE.LIB(sm.o)
    0x000131bc   0x000131bc   0x000000bc   Code   RO         2434    i.smProcessEncryptChange  CH57xBLE.LIB(sm.o)
    0x00013278   0x00013278   0x0000004c   Code   RO         2435    i.smProcessPairingReq  CH57xBLE.LIB(sm.o)
    0x000132c4   0x000132c4   0x00000078   Code   RO         2436    i.smProcessRandComplete  CH57xBLE.LIB(sm.o)
    0x0001333c   0x0001333c   0x00000088   Code   RO         2437    i.smProcessTMOSMsg  CH57xBLE.LIB(sm.o)
    0x000133c4   0x000133c4   0x00000180   Code   RO         2440    i.smResponderProcessLTKReq  CH57xBLE.LIB(sm.o)
    0x00013544   0x00013544   0x000001b8   Code   RO         2441    i.smResponderSendNextKeyInfo  CH57xBLE.LIB(sm.o)
    0x000136fc   0x000136fc   0x00000164   Code   RO         2442    i.smSavePairInfo    CH57xBLE.LIB(sm.o)
    0x00013860   0x00013860   0x00000024   Code   RO         2443    i.smSendFailAndEnd  CH57xBLE.LIB(sm.o)
    0x00013884   0x00013884   0x0000004a   Code   RO         2444    i.smSendSMMsg       CH57xBLE.LIB(sm.o)
    0x000138ce   0x000138ce   0x00000038   Code   RO         2445    i.smSetPairingReqRsp  CH57xBLE.LIB(sm.o)
    0x00013906   0x00013906   0x00000002   PAD
    0x00013908   0x00013908   0x00000020   Code   RO         2446    i.smStartEncryption  CH57xBLE.LIB(sm.o)
    0x00013928   0x00013928   0x0000002c   Code   RO         2447    i.smStartRspTimer   CH57xBLE.LIB(sm.o)
    0x00013954   0x00013954   0x00000014   Code   RO         2448    i.smStopRspTimer    CH57xBLE.LIB(sm.o)
    0x00013968   0x00013968   0x00000018   Code   RO         2449    i.smTimedOut        CH57xBLE.LIB(sm.o)
    0x00013980   0x00013980   0x00000004   Code   RO         2450    i.smUint8ToAuthReq  CH57xBLE.LIB(sm.o)
    0x00013984   0x00013984   0x00000126   Code   RO         2451    i.sm_CMAC           CH57xBLE.LIB(sm.o)
    0x00013aaa   0x00013aaa   0x0000005a   Code   RO         2452    i.sm_ah             CH57xBLE.LIB(sm.o)
    0x00013b04   0x00013b04   0x00000082   Code   RO         2453    i.sm_c1             CH57xBLE.LIB(sm.o)
    0x00013b86   0x00013b86   0x000000e0   Code   RO         2454    i.sm_c1new          CH57xBLE.LIB(sm.o)
    0x00013c66   0x00013c66   0x00000062   Code   RO         2455    i.sm_s1             CH57xBLE.LIB(sm.o)
    0x00013cc8   0x00013cc8   0x00000016   Code   RO         2456    i.sm_xor            CH57xBLE.LIB(sm.o)
    0x00013cde   0x00013cde   0x00000020   Code   RO         2457    i.smpBuildEncInfo   CH57xBLE.LIB(sm.o)
    0x00013cfe   0x00013cfe   0x00000024   Code   RO         2458    i.smpBuildIdentityAddrInfo  CH57xBLE.LIB(sm.o)
    0x00013d22   0x00013d22   0x00000020   Code   RO         2459    i.smpBuildIdentityInfo  CH57xBLE.LIB(sm.o)
    0x00013d42   0x00013d42   0x0000002a   Code   RO         2460    i.smpBuildMasterID  CH57xBLE.LIB(sm.o)
    0x00013d6c   0x00013d6c   0x00000020   Code   RO         2461    i.smpBuildPairingConfirm  CH57xBLE.LIB(sm.o)
    0x00013d8c   0x00013d8c   0x00000018   Code   RO         2462    i.smpBuildPairingFailed  CH57xBLE.LIB(sm.o)
    0x00013da4   0x00013da4   0x00000020   Code   RO         2463    i.smpBuildPairingRandom  CH57xBLE.LIB(sm.o)
    0x00013dc4   0x00013dc4   0x0000000e   Code   RO         2464    i.smpBuildPairingReq  CH57xBLE.LIB(sm.o)
    0x00013dd2   0x00013dd2   0x00000092   Code   RO         2465    i.smpBuildPairingReqRsp  CH57xBLE.LIB(sm.o)
    0x00013e64   0x00013e64   0x0000000e   Code   RO         2466    i.smpBuildPairingRsp  CH57xBLE.LIB(sm.o)
    0x00013e72   0x00013e72   0x00000018   Code   RO         2467    i.smpBuildSecurityReq  CH57xBLE.LIB(sm.o)
    0x00013e8a   0x00013e8a   0x00000020   Code   RO         2468    i.smpBuildSigningInfo  CH57xBLE.LIB(sm.o)
    0x00013eaa   0x00013eaa   0x000001c8   Code   RO         2469    i.smpInitiatorProcessIncoming  CH57xBLE.LIB(sm.o)
    0x00014072   0x00014072   0x000000be   Code   RO         2470    i.smpInitiatorProcessPairingRsp  CH57xBLE.LIB(sm.o)
    0x00014130   0x00014130   0x0000001e   Code   RO         2471    i.smpParseEncInfo   CH57xBLE.LIB(sm.o)
    0x0001414e   0x0001414e   0x00000022   Code   RO         2472    i.smpParseIdentityAddrInfo  CH57xBLE.LIB(sm.o)
    0x00014170   0x00014170   0x0000001e   Code   RO         2473    i.smpParseIdentityInfo  CH57xBLE.LIB(sm.o)
    0x0001418e   0x0001418e   0x00000028   Code   RO         2474    i.smpParseMasterID  CH57xBLE.LIB(sm.o)
    0x000141b6   0x000141b6   0x0000001e   Code   RO         2475    i.smpParsePairingConfirm  CH57xBLE.LIB(sm.o)
    0x000141d4   0x000141d4   0x00000020   Code   RO         2476    i.smpParsePairingFailed  CH57xBLE.LIB(sm.o)
    0x000141f4   0x000141f4   0x0000001e   Code   RO         2477    i.smpParsePairingRandom  CH57xBLE.LIB(sm.o)
    0x00014212   0x00014212   0x00000002   PAD
    0x00014214   0x00014214   0x000000fc   Code   RO         2478    i.smpParsePairingReq  CH57xBLE.LIB(sm.o)
    0x00014310   0x00014310   0x00000014   Code   RO         2479    i.smpParseSecurityReq  CH57xBLE.LIB(sm.o)
    0x00014324   0x00014324   0x0000001e   Code   RO         2480    i.smpParseSigningInfo  CH57xBLE.LIB(sm.o)
    0x00014342   0x00014342   0x000001ce   Code   RO         2481    i.smpResponderProcessIncoming  CH57xBLE.LIB(sm.o)
    0x00014510   0x00014510   0x0000009e   Code   RO         2482    i.smpResponderProcessPairingReq  CH57xBLE.LIB(sm.o)
    0x000145ae   0x000145ae   0x00000002   PAD
    0x000145b0   0x000145b0   0x00000020   Code   RO          697    i.tmosFindTask      CH57xBLE.LIB(tmos.o)
    0x000145d0   0x000145d0   0x00000034   Code   RO         1277    i.tmos_bm_adjust_header  CH57xBLE.LIB(memory.o)
    0x00014604   0x00014604   0x00000024   Code   RO          698    i.tmos_clear_event  CH57xBLE.LIB(tmos.o)
    0x00014628   0x00014628   0x00000012   Code   RO          700    i.tmos_get_task_timer  CH57xBLE.LIB(tmos.o)
    0x0001463a   0x0001463a   0x0000001e   Code   RO          701    i.tmos_isbufset     CH57xBLE.LIB(tmos.o)
    0x00014658   0x00014658   0x0000001c   Code   RO          702    i.tmos_memcmp       CH57xBLE.LIB(tmos.o)
    0x00014674   0x00014674   0x00000018   Code   RO          703    i.tmos_memcpy       CH57xBLE.LIB(tmos.o)
    0x0001468c   0x0001468c   0x0000001e   Code   RO          704    i.tmos_memdup       CH57xBLE.LIB(tmos.o)
    0x000146aa   0x000146aa   0x00000002   PAD
    0x000146ac   0x000146ac   0x000000a8   Code   RO         1278    i.tmos_memory_allocate  CH57xBLE.LIB(memory.o)
    0x00014754   0x00014754   0x000000ac   Code   RO         1279    i.tmos_memory_free  CH57xBLE.LIB(memory.o)
    0x00014800   0x00014800   0x00000060   Code   RO         1281    i.tmos_memory_init  CH57xBLE.LIB(memory.o)
    0x00014860   0x00014860   0x00000010   Code   RO          705    i.tmos_memset       CH57xBLE.LIB(tmos.o)
    0x00014870   0x00014870   0x00000028   Code   RO          750    i.tmos_msg_allocate  CH57xBLE.LIB(message.o)
    0x00014898   0x00014898   0x00000020   Code   RO          751    i.tmos_msg_deallocate  CH57xBLE.LIB(message.o)
    0x000148b8   0x000148b8   0x00000024   Code   RO          752    i.tmos_msg_enqueue  CH57xBLE.LIB(message.o)
    0x000148dc   0x000148dc   0x0000000c   Code   RO          753    i.tmos_msg_init     CH57xBLE.LIB(message.o)
    0x000148e8   0x000148e8   0x00000070   Code   RO          756    i.tmos_msg_receive  CH57xBLE.LIB(message.o)
    0x00014958   0x00014958   0x00000058   Code   RO          757    i.tmos_msg_send     CH57xBLE.LIB(message.o)
    0x000149b0   0x000149b0   0x00000038   Code   RO          706    i.tmos_rand         CH57xBLE.LIB(tmos.o)
    0x000149e8   0x000149e8   0x00000012   Code   RO          707    i.tmos_revmemcpy    CH57xBLE.LIB(tmos.o)
    0x000149fa   0x000149fa   0x00000002   PAD
    0x000149fc   0x000149fc   0x00000024   Code   RO          708    i.tmos_set_event    CH57xBLE.LIB(tmos.o)
    0x00014a20   0x00014a20   0x00000044   Code   RO         1292    i.tmos_snv_clear    CH57xBLE.LIB(tmos_snv.o)
    0x00014a64   0x00014a64   0x00000004   Code   RO         1293    i.tmos_snv_compact  CH57xBLE.LIB(tmos_snv.o)
    0x00014a68   0x00014a68   0x00000034   Code   RO         1294    i.tmos_snv_init     CH57xBLE.LIB(tmos_snv.o)
    0x00014a9c   0x00014a9c   0x00000040   Code   RO         1295    i.tmos_snv_notify   CH57xBLE.LIB(tmos_snv.o)
    0x00014adc   0x00014adc   0x00000088   Code   RO         1296    i.tmos_snv_read     CH57xBLE.LIB(tmos_snv.o)
    0x00014b64   0x00014b64   0x000000ac   Code   RO         1297    i.tmos_snv_write    CH57xBLE.LIB(tmos_snv.o)
    0x00014c10   0x00014c10   0x0000006c   Code   RO          709    i.tmos_start_callback_task  CH57xBLE.LIB(tmos.o)
    0x00014c7c   0x00014c7c   0x00000022   Code   RO          710    i.tmos_start_reload_task  CH57xBLE.LIB(tmos.o)
    0x00014c9e   0x00014c9e   0x00000002   PAD
    0x00014ca0   0x00014ca0   0x00000074   Code   RO          711    i.tmos_start_task   CH57xBLE.LIB(tmos.o)
    0x00014d14   0x00014d14   0x00000048   Code   RO          712    i.tmos_stop_callback_task  CH57xBLE.LIB(tmos.o)
    0x00014d5c   0x00014d5c   0x00000026   Code   RO          713    i.tmos_stop_task    CH57xBLE.LIB(tmos.o)
    0x00014d82   0x00014d82   0x00000012   Code   RO          714    i.tmos_strlen       CH57xBLE.LIB(tmos.o)
    0x00014d94   0x00014d94   0x00000064   Code   RO          715    i.tmos_update_callback_timer  CH57xBLE.LIB(tmos.o)
    0x00014df8   0x00014df8   0x00000016   Code   RO         2483    i.xor_128           CH57xBLE.LIB(sm.o)
    0x00014e0e   0x00014e0e   0x0000006a   Data   RO          377    .constdata          usbd_desc.o
    0x00014e78   0x00014e78   0x00000006   Data   RO          543    .constdata          dap.o
    0x00014e7e   0x00014e7e   0x00000014   Data   RO          845    .constdata          CH57xBLE.LIB(ip.o)
    0x00014e92   0x00014e92   0x00000010   Data   RO         1825    .constdata          CH57xBLE.LIB(att.o)
    0x00014ea2   0x00014ea2   0x00000002   PAD
    0x00014ea4   0x00014ea4   0x00000008   Data   RO         2081    .constdata          CH57xBLE.LIB(gapgattserver.o)
    0x00014eac   0x00014eac   0x00000060   Data   RO         2172    .constdata          CH57xBLE.LIB(gattservapp.o)
    0x00014f0c   0x00014f0c   0x00000029   Data   RO         2484    .constdata          CH57xBLE.LIB(sm.o)
    0x00014f35   0x00014f35   0x0000002a   Data   RO         2574    .constdata          CH57xBLE.LIB(gatt_uuid.o)
    0x00014f5f   0x00014f5f   0x00000002   Data   RO         2575    .constdata          CH57xBLE.LIB(gatt_uuid.o)
    0x00014f61   0x00014f61   0x00000017   Data   RO         2635    .constdata          CH57xBLE.LIB(ll.o)
    0x00014f78   0x00014f78   0x00000030   Data   RO         3098    Region$$Table       anon$$obj.o


    Execution Region RW_IRAM1 (Exec base: 0x20004000, Load base: 0x00014fa8, Size: 0x00002d60, Max: 0x00004000, ABSOLUTE, COMPRESSED[0x00000138])

    Exec Addr    Load Addr    Size         Type   Attr      Idx    E Section Name        Object

    0x20004000   0x00014fa8   0x00000214   Code   RO          281    .text               ch57x_int.o
    0x20004214   0x000151bc   0x0000000c   Ven    RO         3108    Veneer$$Code        anon$$obj.o
    0x20004220   COMPRESSED   0x00000004   Data   RW            5    .data               main.o
    0x20004224   COMPRESSED   0x00000010   Data   RW          302    .data               ch57x_usbdev.o
    0x20004234   COMPRESSED   0x00000004   Data   RW          337    .data               device.o
    0x20004238   COMPRESSED   0x00000092   Data   RW          378    .data               usbd_desc.o
    0x200042ca   COMPRESSED   0x00000012   Data   RW          416    .data               usbd_user_hid_0.o
    0x200042dc   COMPRESSED   0x00000001   Data   RW          447    .data               mcu.o
    0x200042dd   COMPRESSED   0x00000003   PAD
    0x200042e0   COMPRESSED   0x00000004   Data   RW          492    .data               rtc.o
    0x200042e4   COMPRESSED   0x00000001   Data   RW          544    .data               dap.o
    0x200042e5   COMPRESSED   0x00000003   PAD
    0x200042e8   COMPRESSED   0x00000018   Data   RW          717    .data               CH57xBLE.LIB(tmos.o)
    0x20004300   COMPRESSED   0x00000004   Data   RW          758    .data               CH57xBLE.LIB(message.o)
    0x20004304   COMPRESSED   0x00000004   Data   RW          782    .data               CH57xBLE.LIB(tmos_hw.o)
    0x20004308   COMPRESSED   0x00000004   Data   RW          804    .data               CH57xBLE.LIB(lle.o)
    0x2000430c   COMPRESSED   0x00000008   Data   RW          846    .data               CH57xBLE.LIB(ip.o)
    0x20004314   COMPRESSED   0x0000002a   Data   RW          942    .data               CH57xBLE.LIB(gap.o)
    0x2000433e   COMPRESSED   0x00000002   PAD
    0x20004340   COMPRESSED   0x0000000c   Data   RW         1052    .data               CH57xBLE.LIB(gatt.o)
    0x2000434c   COMPRESSED   0x00000050   Data   RW         1183    .data               CH57xBLE.LIB(gapbondmgr.o)
    0x2000439c   COMPRESSED   0x00000008   Data   RW         1237    .data               CH57xBLE.LIB(central.o)
    0x200043a4   COMPRESSED   0x00000043   Data   RW         1262    .data               CH57xBLE.LIB(role.o)
    0x200043e7   COMPRESSED   0x00000001   PAD
    0x200043e8   COMPRESSED   0x0000000c   Data   RW         1282    .data               CH57xBLE.LIB(memory.o)
    0x200043f4   COMPRESSED   0x00000004   Data   RW         1315    .data               CH57xBLE.LIB(aes.o)
    0x200043f8   COMPRESSED   0x00000004   Data   RW         1329    .data               CH57xBLE.LIB(bb.o)
    0x200043fc   COMPRESSED   0x00000004   Data   RW         1337    .data               CH57xBLE.LIB(dma.o)
    0x20004400   COMPRESSED   0x00000004   Data   RW         1351    .data               CH57xBLE.LIB(rfend.o)
    0x20004404   COMPRESSED   0x00000004   Data   RW         1444    .data               CH57xBLE.LIB(ll_connect.o)
    0x20004408   COMPRESSED   0x00000010   Data   RW         1687    .data               CH57xBLE.LIB(host_input.o)
    0x20004418   COMPRESSED   0x00000008   Data   RW         1826    .data               CH57xBLE.LIB(att.o)
    0x20004420   COMPRESSED   0x00000014   Data   RW         2006    .data               CH57xBLE.LIB(gap_central.o)
    0x20004434   COMPRESSED   0x00000014   Data   RW         2045    .data               CH57xBLE.LIB(gap_peripheral.o)
    0x20004448   COMPRESSED   0x000000b0   Data   RW         2082    .data               CH57xBLE.LIB(gapgattserver.o)
    0x200044f8   COMPRESSED   0x00000070   Data   RW         2173    .data               CH57xBLE.LIB(gattservapp.o)
    0x20004568   COMPRESSED   0x00000018   Data   RW         2286    .data               CH57xBLE.LIB(l2cap.o)
    0x20004580   COMPRESSED   0x00000008   Data   RW         2375    .data               CH57xBLE.LIB(linkdb.o)
    0x20004588   COMPRESSED   0x00000024   Data   RW         2485    .data               CH57xBLE.LIB(sm.o)
    0x200045ac   COMPRESSED   0x00000004   Data   RW         2636    .data               CH57xBLE.LIB(ll.o)
    0x200045b0        -       0x00002000   Zero   RW            4    .bss                main.o
    0x200065b0        -       0x00000280   Zero   RW          376    .bss                usbd_desc.o
    0x20006830        -       0x00000200   Zero   RW          415    .bss                usbd_user_hid_0.o
    0x20006a30        -       0x0000001c   Zero   RW          542    .bss                dap.o
    0x20006a4c        -       0x00000070   Zero   RW          716    .bss                CH57xBLE.LIB(tmos.o)
    0x20006abc        -       0x00000058   Zero   RW          844    .bss                CH57xBLE.LIB(ip.o)
    0x20006b14        -       0x00000054   Zero   RW          941    .bss                CH57xBLE.LIB(gap.o)
    0x20006b68        -       0x00000020   Zero   RW         1182    .bss                CH57xBLE.LIB(gapbondmgr.o)
    0x20006b88        -       0x0000003f   Zero   RW         1261    .bss                CH57xBLE.LIB(role.o)
    0x20006bc7   COMPRESSED   0x00000001   PAD
    0x20006bc8        -       0x0000000c   Zero   RW         2005    .bss                CH57xBLE.LIB(gap_central.o)
    0x20006bd4        -       0x0000000c   Zero   RW         2044    .bss                CH57xBLE.LIB(gap_peripheral.o)
    0x20006be0        -       0x00000016   Zero   RW         2080    .bss                CH57xBLE.LIB(gapgattserver.o)
    0x20006bf6   COMPRESSED   0x00000002   PAD
    0x20006bf8        -       0x00000036   Zero   RW         2171    .bss                CH57xBLE.LIB(gattservapp.o)
    0x20006c2e        -       0x00000010   Zero   RW         2284    .bss                CH57xBLE.LIB(l2cap.o)
    0x20006c3e   COMPRESSED   0x00000002   PAD
    0x20006c40        -       0x00000030   Zero   RW         2285    .bss                CH57xBLE.LIB(l2cap.o)
    0x20006c70        -       0x00000030   Zero   RW         2374    .bss                CH57xBLE.LIB(linkdb.o)
    0x20006ca0        -       0x000000c0   Zero   RW         2634    .bss                CH57xBLE.LIB(ll.o)


==============================================================================

Image component sizes


      Code (inc. data)   RO Data    RW Data    ZI Data      Debug   Object Name

      1702         60          0          0          0      48836   ch57x_clk.o
       336         22          0          0          0       1811   ch57x_gpio.o
       532         16          0          0          0       1835   ch57x_int.o
       408         12          0          0          0       2026   ch57x_pwr.o
       244         12          0          0          0       2493   ch57x_sys.o
       156         12          0         16          0       1555   ch57x_usbdev.o
      2680        122          6          1         28      18224   dap.o
        16          6          0          0          0        947   dap_vendor.o
       116         10          0          4          0       2196   device.o
        84          4          0          4       8192      43469   main.o
       408         64          0          1          0      40070   mcu.o
       116         12          0          4          0       1079   rtc.o
        28         10        144          0          0        612   startup_armcm0.o
      3368         34          0          0          0      22698   sw_dp.o
      1124         86        106        146        640      10512   usbd_desc.o
       520         24          0         18        512       3805   usbd_user_hid_0.o

    ----------------------------------------------------------------------
     11850        510        304        200       9372     202168   Object Totals
        12          4         48          0          0          0   (incl. Generated)
         0          0          0          6          0          0   (incl. Padding)

    ----------------------------------------------------------------------

      Code (inc. data)   RO Data    RW Data    ZI Data      Debug   Library Member Name

       838         30          0          4          0        360   aes.o
       728        110          0          0          0       1604   api_c.o
       566         42         16          8          0        776   att.o
      1010         52          0          0          0       2088   att_server.o
        28         14          0          4          0         60   bb.o
       476         80          0          8          0        284   central.o
      3082        138          0          0          0       1952   ctl_input.o
       236          0          0          0          0       1404   ctl_output.o
        48         10          0          4          0         60   dma.o
      4178        250          0         42         84       3504   gap.o
      1656         86          0         20         12        728   gap_central.o
       992        142          0         20         12        652   gap_peripheral.o
      5290        296          0         80         32       2720   gapbondmgr.o
      1042         88          8        176         22        376   gapgattserver.o
      1044         72          0         12          0       1012   gatt.o
         0          0         44          0          0          0   gatt_uuid.o
      6468        294         96        112         54       4196   gattservapp.o
      1550        116          0         16          0       1452   host_input.o
       284          6          0          0          0       1664   host_output.o
      2364        276         20          8         88       1052   ip.o
      1486        124          0         24         64       1732   l2cap.o
      1378         26          0          0          0        820   l2cap_input.o
      1992         96          0          0          0       1304   l2cap_output.o
       476         36          0          0          0        724   l2cap_sdu.o
      1018        108          0          8         48       1348   linkdb.o
       508         46         23          4        192        216   ll.o
       416         16          0          0          0        156   ll_address.o
        74         10          0          0          0        136   ll_advertise.o
      3666        206          0          4          0       2144   ll_connect.o
       524         52          0          0          0        492   ll_core.o
       248          0          0          0          0        204   ll_hop.o
      2148        196          0          0          0        508   ll_initiate.o
      4326        126          0          0          0        524   ll_master.o
      1790         34          0          0          0       1584   ll_pdu.o
      1234         18          0          0          0        156   ll_report.o
       838         58          0          0          0        876   ll_resolvinglist.o
      3232        198          0          0          0        576   ll_scan.o
       212         18          0          0          0        280   ll_whitelist.o
       436         40          0          4          0        136   lle.o
       488         56          0         12          0        308   memory.o
       320         18          0          4          0        400   message.o
      3522         30          0          4          0        360   rfend.o
       408         72          0         67         63        276   role.o
      7688        254         41         36          0       5504   sm.o
      1950        126          0         24        112       1700   tmos.o
       754        106          0          4          0        912   tmos_hw.o
       496         40          0          0          0        428   tmos_snv.o
        86          0          0          0          0          0   __dczerorl2.o
         0          0          0          0          0          0   entry.o
         0          0          0          0          0          0   entry10a.o
         0          0          0          0          0          0   entry11a.o
         8          4          0          0          0          0   entry2.o
         4          0          0          0          0          0   entry5.o
         0          0          0          0          0          0   entry7b.o
         0          0          0          0          0          0   entry8b.o
         8          4          0          0          0          0   entry9a.o
        30          0          0          0          0          0   handlers.o
        40          0          0          0          0         72   idiv.o
        36          8          0          0          0         68   init.o
       122          0          0          0          0         84   llmul.o
        32          0          0          0          0         68   llshl.o
        36          0          0          0          0         60   memcpya.o
        44          0          0          0          0         72   uidiv.o
        20          0          0          0          0         60   uread4.o

    ----------------------------------------------------------------------
     74068       4228        250        712        788      50232   Library Totals
        94          0          2          3          5          0   (incl. Padding)

    ----------------------------------------------------------------------

      Code (inc. data)   RO Data    RW Data    ZI Data      Debug   Library Name

     73508       4212        248        709        783      49748   CH57xBLE.LIB
       466         16          0          0          0        484   mc_p.l

    ----------------------------------------------------------------------
     74068       4228        250        712        788      50232   Library Totals

    ----------------------------------------------------------------------

==============================================================================


      Code (inc. data)   RO Data    RW Data    ZI Data      Debug   

     85918       4738        554        912      10160     220196   Grand Totals
     85918       4738        554        312      10160     220196   ELF Image Totals (compressed)
     85918       4738        554        312          0          0   ROM Totals

==============================================================================

    Total RO  Size (Code + RO Data)                86472 (  84.45kB)
    Total RW  Size (RW Data + ZI Data)             11072 (  10.81kB)
    Total ROM Size (Code + RO Data + RW Data)      86784 (  84.75kB)

==============================================================================

